2018-08-27 14:27:31,548 extension        L0189 DEBUG| found extension EntryPoint.parse('journal = avocado.plugins.journal:JournalResult')
2018-08-27 14:27:31,549 extension        L0189 DEBUG| found extension EntryPoint.parse('tap = avocado.plugins.tap:TAPResult')
2018-08-27 14:27:31,549 extension        L0189 DEBUG| found extension EntryPoint.parse('human = avocado.plugins.human:Human')
2018-08-27 14:27:31,550 extension        L0189 DEBUG| found extension EntryPoint.parse('vt-joblock = avocado_vt.plugins.vt_joblock:VTJobLock')
2018-08-27 14:27:31,560 extension        L0189 DEBUG| found extension EntryPoint.parse('teststmpdir = avocado.plugins.teststmpdir:TestsTmpDir')
2018-08-27 14:27:31,561 extension        L0189 DEBUG| found extension EntryPoint.parse('jobscripts = avocado.plugins.jobscripts:JobScripts')
2018-08-27 14:27:31,562 extension        L0189 DEBUG| found extension EntryPoint.parse('human = avocado.plugins.human:HumanJob')
2018-08-27 14:27:31,605 extension        L0189 DEBUG| found extension EntryPoint.parse('yaml_to_mux = avocado_varianter_yaml_to_mux:YamlToMux')
2018-08-27 14:27:31,611 sysinfo          L0392 DEBUG| File /etc/avocado/sysinfo/commands does not exist.
2018-08-27 14:27:31,611 sysinfo          L0403 DEBUG| File /etc/avocado/sysinfo/files does not exist.
2018-08-27 14:27:31,611 sysinfo          L0430 DEBUG| File /etc/avocado/sysinfo/profilers does not exist.
2018-08-27 14:27:31,620 job              L0327 INFO | Command line: /usr/local/bin/avocado run ./avocado-misc-tests/generic/sysbench.py -m avocadosysbench.upstream.recurrent.yaml
2018-08-27 14:27:31,621 job              L0328 INFO | 
2018-08-27 14:27:31,621 job              L0362 INFO | Avocado version: 58.0
2018-08-27 14:27:31,621 job              L0363 INFO | 
2018-08-27 14:27:31,621 job              L0367 INFO | Config files read (in order):
2018-08-27 14:27:31,621 job              L0369 INFO | /usr/local/lib/python2.7/dist-packages/avocado_framework-58.0-py2.7.egg/avocado/etc/avocado/avocado.conf
2018-08-27 14:27:31,621 job              L0369 INFO | /usr/local/lib/python2.7/dist-packages/avocado_framework-58.0-py2.7.egg/avocado/etc/avocado/conf.d/result_upload.conf
2018-08-27 14:27:31,621 job              L0369 INFO | /usr/local/lib/python2.7/dist-packages/avocado_framework-58.0-py2.7.egg/avocado/etc/avocado/conf.d/gdb.conf
2018-08-27 14:27:31,622 job              L0369 INFO | /usr/local/lib/python2.7/dist-packages/avocado_framework-58.0-py2.7.egg/avocado/etc/avocado/conf.d/jobscripts.conf
2018-08-27 14:27:31,622 job              L0369 INFO | /usr/local/lib/python2.7/dist-packages/avocado_framework-58.0-py2.7.egg/avocado/etc/avocado/conf.d/resultsdb.conf
2018-08-27 14:27:31,622 job              L0369 INFO | /home/jenkins/.config/avocado/avocado.conf
2018-08-27 14:27:31,622 job              L0374 INFO | 
2018-08-27 14:27:31,622 job              L0376 INFO | Avocado config:
2018-08-27 14:27:31,624 job              L0385 INFO | Section.Key                              Value
2018-08-27 14:27:31,624 job              L0385 INFO | datadir.paths.base_dir                   /var/lib/avocado
2018-08-27 14:27:31,624 job              L0385 INFO | datadir.paths.test_dir                   /usr/share/avocado/tests
2018-08-27 14:27:31,624 job              L0385 INFO | datadir.paths.data_dir                   /var/lib/avocado/data
2018-08-27 14:27:31,624 job              L0385 INFO | datadir.paths.logs_dir                   ~/avocado/job-results
2018-08-27 14:27:31,624 job              L0385 INFO | sysinfo.collect.enabled                  True
2018-08-27 14:27:31,624 job              L0385 INFO | sysinfo.collect.commands_timeout         -1
2018-08-27 14:27:31,624 job              L0385 INFO | sysinfo.collect.installed_packages       False
2018-08-27 14:27:31,624 job              L0385 INFO | sysinfo.collect.profiler                 False
2018-08-27 14:27:31,625 job              L0385 INFO | sysinfo.collect.locale                   C
2018-08-27 14:27:31,625 job              L0385 INFO | sysinfo.collect.per_test                 False
2018-08-27 14:27:31,625 job              L0385 INFO | sysinfo.collectibles.commands            /etc/avocado/sysinfo/commands
2018-08-27 14:27:31,625 job              L0385 INFO | sysinfo.collectibles.files               /etc/avocado/sysinfo/files
2018-08-27 14:27:31,625 job              L0385 INFO | sysinfo.collectibles.profilers           /etc/avocado/sysinfo/profilers
2018-08-27 14:27:31,625 job              L0385 INFO | runner.output.colored                    True
2018-08-27 14:27:31,625 job              L0385 INFO | runner.output.utf8                       
2018-08-27 14:27:31,625 job              L0385 INFO | remoter.behavior.reject_unknown_hosts    False
2018-08-27 14:27:31,625 job              L0385 INFO | remoter.behavior.disable_known_hosts     False
2018-08-27 14:27:31,626 job              L0385 INFO | job.output.loglevel                      debug
2018-08-27 14:27:31,626 job              L0385 INFO | restclient.connection.hostname           localhost
2018-08-27 14:27:31,626 job              L0385 INFO | restclient.connection.port               9405
2018-08-27 14:27:31,626 job              L0385 INFO | restclient.connection.username           
2018-08-27 14:27:31,626 job              L0385 INFO | restclient.connection.password           
2018-08-27 14:27:31,626 job              L0385 INFO | plugins.disable                          []
2018-08-27 14:27:31,626 job              L0385 INFO | plugins.skip_broken_plugin_notification  []
2018-08-27 14:27:31,626 job              L0385 INFO | plugins.loaders                          ['file', '@DEFAULT']
2018-08-27 14:27:31,626 job              L0385 INFO | gdb.paths.gdb                            /usr/bin/gdb
2018-08-27 14:27:31,626 job              L0385 INFO | gdb.paths.gdbserver                      /usr/bin/gdbserver
2018-08-27 14:27:31,627 job              L0385 INFO | plugins.jobscripts.pre                   /etc/avocado/scripts/job/pre.d/
2018-08-27 14:27:31,627 job              L0385 INFO | plugins.jobscripts.post                  /etc/avocado/scripts/job/post.d/
2018-08-27 14:27:31,627 job              L0385 INFO | plugins.jobscripts.warn_non_existing_dir False
2018-08-27 14:27:31,627 job              L0385 INFO | plugins.jobscripts.warn_non_zero_status  True
2018-08-27 14:27:31,627 job              L0386 INFO | 
2018-08-27 14:27:31,627 job              L0389 INFO | Avocado Data Directories:
2018-08-27 14:27:31,627 job              L0390 INFO | 
2018-08-27 14:27:31,628 job              L0391 INFO | base     /var/lib/avocado
2018-08-27 14:27:31,648 job              L0392 INFO | tests    /usr/share/avocado/tests
2018-08-27 14:27:31,649 job              L0393 INFO | data     /var/lib/avocado/data
2018-08-27 14:27:31,649 job              L0394 INFO | logs     /home/jenkins/avocado/job-results/job-2018-08-27T14.27-e5bf1c7
2018-08-27 14:27:31,649 job              L0395 INFO | 
2018-08-27 14:27:31,650 job              L0401 INFO | Multiplex tree representation:
2018-08-27 14:27:31,650 job              L0401 INFO |  \-- run
2018-08-27 14:27:31,650 job              L0401 INFO |       |-- max-time
2018-08-27 14:27:31,650 job              L0401 INFO |       |-- max-request
2018-08-27 14:27:31,650 job              L0401 INFO |       |-- tests
2018-08-27 14:27:31,650 job              L0401 INFO |       |-- types
2018-08-27 14:27:31,650 job              L0401 INFO |       |-- cpu
2018-08-27 14:27:31,651 job              L0401 INFO |       |-- threads
2018-08-27 14:27:31,651 job              L0401 INFO |       |-- additional_params
2018-08-27 14:27:31,651 job              L0401 INFO |       |-- min
2018-08-27 14:27:31,651 job              L0401 INFO |       \-- max
2018-08-27 14:27:31,651 job              L0401 INFO | 
2018-08-27 14:27:31,651 job              L0401 INFO | Multiplex variants (1):
2018-08-27 14:27:31,651 job              L0401 INFO | Variant additional_params-cpu-max-max-request-max-time-min-tests-threads-types-cbf1:    /run/max-time, /run/max-request, /run/tests, /run/types, /run/cpu, /run/threads, /run/additional_params, /run/min, /run/max
2018-08-27 14:27:31,651 job              L0405 INFO | Temporary dir: /var/tmp/avocado_KypTRL
2018-08-27 14:27:31,651 job              L0406 INFO | 
2018-08-27 14:27:31,651 job              L0319 INFO | Job ID: e5bf1c790f8d8028819812f1d02404330bcde0b5
2018-08-27 14:27:31,652 job              L0322 INFO | 
2018-08-27 14:27:31,893 sysinfo          L0392 DEBUG| File /etc/avocado/sysinfo/commands does not exist.
2018-08-27 14:27:31,894 sysinfo          L0403 DEBUG| File /etc/avocado/sysinfo/files does not exist.
2018-08-27 14:27:31,894 sysinfo          L0430 DEBUG| File /etc/avocado/sysinfo/profilers does not exist.
2018-08-27 14:27:31,906 parameters       L0146 DEBUG| PARAMS (key=timeout, path=*, default=None) => None
2018-08-27 14:27:31,906 test             L0382 INFO | START 1-./avocado-misc-tests/generic/sysbench.py:Sysbench.test;additional_params-cpu-max-max-request-max-time-min-tests-threads-types-cbf1
2018-08-27 14:27:31,907 test             L0403 DEBUG| Test metadata:
2018-08-27 14:27:31,907 test             L0404 DEBUG|   filename: /home/jenkins/avocado-misc-tests/generic/sysbench.py
2018-08-27 14:27:32,213 test             L0286 DEBUG| DATA (filename=output.expected) => NOT FOUND (data sources: variant, test, file)
2018-08-27 14:27:32,215 process          L0523 INFO | Running 'which sysbench'
2018-08-27 14:27:32,236 process          L0605 INFO | Command 'which sysbench' finished with 0 after 0.0163879394531s
2018-08-27 14:27:32,235 process          L0367 DEBUG| [stdout] /usr/bin/sysbench
2018-08-27 14:27:32,271 parameters       L0146 DEBUG| PARAMS (key=max-time, path=*, default=None) => None
2018-08-27 14:27:32,272 parameters       L0146 DEBUG| PARAMS (key=max-request, path=*, default=None) => None
2018-08-27 14:27:32,272 parameters       L0146 DEBUG| PARAMS (key=num-threads, path=*, default=2) => 120
2018-08-27 14:27:32,272 parameters       L0146 DEBUG| PARAMS (key=type, path=*, default=cpu) => 'threads'
2018-08-27 14:27:32,272 parameters       L0146 DEBUG| PARAMS (key=cpu-max-prime, path=*, default=100) => 50000
2018-08-27 14:27:32,273 parameters       L0146 DEBUG| PARAMS (key=threads-locks, path=*, default=None) => 1
2018-08-27 14:27:32,273 process          L0523 INFO | Running 'dmesg -c '
2018-08-27 14:27:32,310 process          L0367 DEBUG| [stdout] [    0.000000] Linux version 4.19.0-rc1-jenkins (jenkins@diesel8a87host) (gcc version 7.2.0 (Ubuntu 7.2.0-8ubuntu3.2)) #1 SMP Sun Aug 26 17:47:48 CDT 2018
2018-08-27 14:27:32,310 process          L0605 INFO | Command 'dmesg -c ' finished with 0 after 0.0174548625946s
2018-08-27 14:27:32,311 process          L0367 DEBUG| [stdout] [    0.000000] Command line: BOOT_IMAGE=/boot/vmlinuz-4.19.0-rc1-jenkins root=UUID=1da552ed-0b2b-4411-9a84-7db0d8c62e95 ro console=tty0 console=ttyS0,115200n8 earlyprintk=serial,keep net.ifnames=0 biosdevname=0 quiet splash vt.handoff=7
2018-08-27 14:27:32,311 process          L0367 DEBUG| [stdout] [    0.000000] KERNEL supported cpus:
2018-08-27 14:27:32,311 process          L0367 DEBUG| [stdout] [    0.000000]   Intel GenuineIntel
2018-08-27 14:27:32,311 process          L0367 DEBUG| [stdout] [    0.000000]   AMD AuthenticAMD
2018-08-27 14:27:32,311 process          L0367 DEBUG| [stdout] [    0.000000]   Centaur CentaurHauls
2018-08-27 14:27:32,312 process          L0367 DEBUG| [stdout] [    0.000000] x86/fpu: Supporting XSAVE feature 0x001: 'x87 floating point registers'
2018-08-27 14:27:32,312 process          L0367 DEBUG| [stdout] [    0.000000] x86/fpu: Supporting XSAVE feature 0x002: 'SSE registers'
2018-08-27 14:27:32,312 process          L0367 DEBUG| [stdout] [    0.000000] x86/fpu: Supporting XSAVE feature 0x004: 'AVX registers'
2018-08-27 14:27:32,312 process          L0367 DEBUG| [stdout] [    0.000000] x86/fpu: xstate_offset[2]:  576, xstate_sizes[2]:  256
2018-08-27 14:27:32,313 process          L0367 DEBUG| [stdout] [    0.000000] x86/fpu: Enabled xstate features 0x7, context size is 832 bytes, using 'compacted' format.
2018-08-27 14:27:32,313 process          L0367 DEBUG| [stdout] [    0.000000] BIOS-provided physical RAM map:
2018-08-27 14:27:32,313 process          L0367 DEBUG| [stdout] [    0.000000] BIOS-e820: [mem 0x0000000000000000-0x000000000009ffff] usable
2018-08-27 14:27:32,313 process          L0367 DEBUG| [stdout] [    0.000000] BIOS-e820: [mem 0x00000000000a0000-0x00000000000fffff] reserved
2018-08-27 14:27:32,313 process          L0367 DEBUG| [stdout] [    0.000000] BIOS-e820: [mem 0x0000000000100000-0x0000000078429fff] usable
2018-08-27 14:27:32,314 process          L0367 DEBUG| [stdout] [    0.000000] BIOS-e820: [mem 0x000000007842a000-0x0000000079b23fff] reserved
2018-08-27 14:27:32,314 process          L0367 DEBUG| [stdout] [    0.000000] BIOS-e820: [mem 0x0000000079b24000-0x0000000079bedfff] usable
2018-08-27 14:27:32,314 process          L0367 DEBUG| [stdout] [    0.000000] BIOS-e820: [mem 0x0000000079bee000-0x0000000079fe5fff] ACPI NVS
2018-08-27 14:27:32,314 process          L0367 DEBUG| [stdout] [    0.000000] BIOS-e820: [mem 0x0000000079fe6000-0x000000007a614fff] reserved
2018-08-27 14:27:32,314 process          L0367 DEBUG| [stdout] [    0.000000] BIOS-e820: [mem 0x000000007a615000-0x000000007a6cdfff] type 20
2018-08-27 14:27:32,315 process          L0367 DEBUG| [stdout] [    0.000000] BIOS-e820: [mem 0x000000007a6ce000-0x000000007bffffff] usable
2018-08-27 14:27:32,315 process          L0367 DEBUG| [stdout] [    0.000000] BIOS-e820: [mem 0x000000007c000000-0x000000007fffffff] reserved
2018-08-27 14:27:32,315 process          L0367 DEBUG| [stdout] [    0.000000] BIOS-e820: [mem 0x000000008ca00000-0x000000008ca00fff] reserved
2018-08-27 14:27:32,315 process          L0367 DEBUG| [stdout] [    0.000000] BIOS-e820: [mem 0x000000008cb00000-0x000000008cb7ffff] reserved
2018-08-27 14:27:32,315 process          L0367 DEBUG| [stdout] [    0.000000] BIOS-e820: [mem 0x0000000099a00000-0x0000000099a00fff] reserved
2018-08-27 14:27:32,316 process          L0367 DEBUG| [stdout] [    0.000000] BIOS-e820: [mem 0x0000000099b00000-0x0000000099b7ffff] reserved
2018-08-27 14:27:32,316 process          L0367 DEBUG| [stdout] [    0.000000] BIOS-e820: [mem 0x00000000a6a00000-0x00000000a6a00fff] reserved
2018-08-27 14:27:32,316 process          L0367 DEBUG| [stdout] [    0.000000] BIOS-e820: [mem 0x00000000a6b00000-0x00000000a6b7ffff] reserved
2018-08-27 14:27:32,316 process          L0367 DEBUG| [stdout] [    0.000000] BIOS-e820: [mem 0x00000000b3a00000-0x00000000b3a00fff] reserved
2018-08-27 14:27:32,317 process          L0367 DEBUG| [stdout] [    0.000000] BIOS-e820: [mem 0x00000000b3b00000-0x00000000b3b7ffff] reserved
2018-08-27 14:27:32,317 process          L0367 DEBUG| [stdout] [    0.000000] BIOS-e820: [mem 0x00000000c0a00000-0x00000000c0a00fff] reserved
2018-08-27 14:27:32,317 process          L0367 DEBUG| [stdout] [    0.000000] BIOS-e820: [mem 0x00000000c0b00000-0x00000000c0b7ffff] reserved
2018-08-27 14:27:32,317 process          L0367 DEBUG| [stdout] [    0.000000] BIOS-e820: [mem 0x00000000cda00000-0x00000000cda00fff] reserved
2018-08-27 14:27:32,317 process          L0367 DEBUG| [stdout] [    0.000000] BIOS-e820: [mem 0x00000000cdb00000-0x00000000cdb7ffff] reserved
2018-08-27 14:27:32,318 process          L0367 DEBUG| [stdout] [    0.000000] BIOS-e820: [mem 0x00000000dfa00000-0x00000000dfa00fff] reserved
2018-08-27 14:27:32,318 process          L0367 DEBUG| [stdout] [    0.000000] BIOS-e820: [mem 0x00000000dfb00000-0x00000000dfb7ffff] reserved
2018-08-27 14:27:32,318 process          L0367 DEBUG| [stdout] [    0.000000] BIOS-e820: [mem 0x00000000fd900000-0x00000000fd900fff] reserved
2018-08-27 14:27:32,318 process          L0367 DEBUG| [stdout] [    0.000000] BIOS-e820: [mem 0x00000000fda00000-0x00000000fda7ffff] reserved
2018-08-27 14:27:32,318 process          L0367 DEBUG| [stdout] [    0.000000] BIOS-e820: [mem 0x00000000fea00000-0x00000000feafffff] reserved
2018-08-27 14:27:32,318 process          L0367 DEBUG| [stdout] [    0.000000] BIOS-e820: [mem 0x00000000fec00000-0x00000000fec00fff] reserved
2018-08-27 14:27:32,319 process          L0367 DEBUG| [stdout] [    0.000000] BIOS-e820: [mem 0x00000000fec10000-0x00000000fec10fff] reserved
2018-08-27 14:27:32,319 process          L0367 DEBUG| [stdout] [    0.000000] BIOS-e820: [mem 0x00000000fed00000-0x00000000fed00fff] reserved
2018-08-27 14:27:32,319 process          L0367 DEBUG| [stdout] [    0.000000] BIOS-e820: [mem 0x00000000fed80000-0x00000000fed8ffff] reserved
2018-08-27 14:27:32,319 process          L0367 DEBUG| [stdout] [    0.000000] BIOS-e820: [mem 0x00000000fedc0000-0x00000000fedc0fff] reserved
2018-08-27 14:27:32,319 process          L0367 DEBUG| [stdout] [    0.000000] BIOS-e820: [mem 0x00000000fedc2000-0x00000000fedc5fff] reserved
2018-08-27 14:27:32,319 process          L0367 DEBUG| [stdout] [    0.000000] BIOS-e820: [mem 0x00000000fedc7000-0x00000000fedc7fff] reserved
2018-08-27 14:27:32,319 process          L0367 DEBUG| [stdout] [    0.000000] BIOS-e820: [mem 0x00000000fedc9000-0x00000000fedcafff] reserved
2018-08-27 14:27:32,320 process          L0367 DEBUG| [stdout] [    0.000000] BIOS-e820: [mem 0x00000000fee00000-0x00000000feefffff] reserved
2018-08-27 14:27:32,320 process          L0367 DEBUG| [stdout] [    0.000000] BIOS-e820: [mem 0x00000000ff000000-0x00000000ffffffff] reserved
2018-08-27 14:27:32,320 process          L0367 DEBUG| [stdout] [    0.000000] BIOS-e820: [mem 0x0000000100000000-0x000000107effffff] usable
2018-08-27 14:27:32,320 process          L0367 DEBUG| [stdout] [    0.000000] BIOS-e820: [mem 0x000000107f000000-0x000000107fffffff] reserved
2018-08-27 14:27:32,320 process          L0367 DEBUG| [stdout] [    0.000000] BIOS-e820: [mem 0x000000fd00000000-0x000000ffffffffff] reserved
2018-08-27 14:27:32,320 process          L0367 DEBUG| [stdout] [    0.000000] console [earlyser0] enabled
2018-08-27 14:27:32,321 process          L0367 DEBUG| [stdout] [    0.000000] NX (Execute Disable) protection: active
2018-08-27 14:27:32,321 process          L0367 DEBUG| [stdout] [    0.000000] efi: EFI v2.50 by American Megatrends
2018-08-27 14:27:32,321 process          L0367 DEBUG| [stdout] [    0.000000] efi:  ACPI 2.0=0x79bee000  ACPI=0x79bee000  SMBIOS=0x7a5a5000  SMBIOS 3.0=0x7a5a4000  PROP=0x7aa0a798  MPS=0xfca90  ESRT=0x750dae98 
2018-08-27 14:27:32,321 process          L0367 DEBUG| [stdout] [    0.000000] SMBIOS 3.1.1 present.
2018-08-27 14:27:32,321 process          L0367 DEBUG| [stdout] [    0.000000] DMI: AMD Corporation Diesel/Diesel, BIOS WDL7B29N 11/27/2017
2018-08-27 14:27:32,321 process          L0367 DEBUG| [stdout] [    0.000000] tsc: Fast TSC calibration using PIT
2018-08-27 14:27:32,322 process          L0367 DEBUG| [stdout] [    0.000000] tsc: Detected 1896.345 MHz processor
2018-08-27 14:27:32,322 process          L0367 DEBUG| [stdout] [    0.000019] e820: update [mem 0x00000000-0x00000fff] usable ==> reserved
2018-08-27 14:27:32,322 process          L0367 DEBUG| [stdout] [    0.000020] e820: remove [mem 0x000a0000-0x000fffff] usable
2018-08-27 14:27:32,322 process          L0367 DEBUG| [stdout] [    0.000033] last_pfn = 0x107f000 max_arch_pfn = 0x400000000
2018-08-27 14:27:32,322 process          L0367 DEBUG| [stdout] [    0.000039] MTRR default type: uncachable
2018-08-27 14:27:32,322 process          L0367 DEBUG| [stdout] [    0.000040] MTRR fixed ranges enabled:
2018-08-27 14:27:32,323 process          L0367 DEBUG| [stdout] [    0.000042]   00000-9FFFF write-back
2018-08-27 14:27:32,323 process          L0367 DEBUG| [stdout] [    0.000043]   A0000-BFFFF write-through
2018-08-27 14:27:32,323 process          L0367 DEBUG| [stdout] [    0.000044]   C0000-FFFFF write-protect
2018-08-27 14:27:32,323 process          L0367 DEBUG| [stdout] [    0.000044] MTRR variable ranges enabled:
2018-08-27 14:27:32,323 process          L0367 DEBUG| [stdout] [    0.000046]   0 base 000000000000 mask FFFF80000000 write-back
2018-08-27 14:27:32,323 process          L0367 DEBUG| [stdout] [    0.000047]   1 base 00007C000000 mask FFFFFC000000 uncachable
2018-08-27 14:27:32,323 process          L0367 DEBUG| [stdout] [    0.000047]   2 disabled
2018-08-27 14:27:32,324 process          L0367 DEBUG| [stdout] [    0.000048]   3 disabled
2018-08-27 14:27:32,324 process          L0367 DEBUG| [stdout] [    0.000048]   4 disabled
2018-08-27 14:27:32,324 process          L0367 DEBUG| [stdout] [    0.000049]   5 disabled
2018-08-27 14:27:32,324 process          L0367 DEBUG| [stdout] [    0.000049]   6 disabled
2018-08-27 14:27:32,324 process          L0367 DEBUG| [stdout] [    0.000050]   7 disabled
2018-08-27 14:27:32,324 process          L0367 DEBUG| [stdout] [    0.000051] TOM2: 0000001080000000 aka 67584M
2018-08-27 14:27:32,325 process          L0367 DEBUG| [stdout] [    0.000339] x86/PAT: Configuration [0-7]: WB  WC  UC- UC  WB  WP  UC- WT  
2018-08-27 14:27:32,325 process          L0367 DEBUG| [stdout] [    0.000501] total RAM covered: 1984M
2018-08-27 14:27:32,325 process          L0367 DEBUG| [stdout] [    0.001139] Found optimal setting for mtrr clean up
2018-08-27 14:27:32,325 process          L0367 DEBUG| [stdout] [    0.001142]  gran_size: 64K 	chunk_size: 128M 	num_reg: 2  	lose cover RAM: 0G
2018-08-27 14:27:32,325 process          L0367 DEBUG| [stdout] [    0.001350] e820: update [mem 0x7c000000-0xffffffff] usable ==> reserved
2018-08-27 14:27:32,325 process          L0367 DEBUG| [stdout] [    0.001548] last_pfn = 0x7c000 max_arch_pfn = 0x400000000
2018-08-27 14:27:32,326 process          L0367 DEBUG| [stdout] [    0.005927] found SMP MP-table at [mem 0x000fd9d0-0x000fd9df] mapped at [(____ptrval____)]
2018-08-27 14:27:32,326 process          L0367 DEBUG| [stdout] [    0.005954] esrt: Reserving ESRT space from 0x00000000750dae98 to 0x00000000750daed0.
2018-08-27 14:27:32,326 process          L0367 DEBUG| [stdout] [    0.005969] Scanning 1 areas for low memory corruption
2018-08-27 14:27:32,326 process          L0367 DEBUG| [stdout] [    0.005971] Base memory trampoline at [(____ptrval____)] 96000 size 24576
2018-08-27 14:27:32,326 process          L0367 DEBUG| [stdout] [    0.005975] Using GB pages for direct mapping
2018-08-27 14:27:32,326 process          L0367 DEBUG| [stdout] [    0.005978] BRK [0xea476e000, 0xea476efff] PGTABLE
2018-08-27 14:27:32,327 process          L0367 DEBUG| [stdout] [    0.005980] BRK [0xea476f000, 0xea476ffff] PGTABLE
2018-08-27 14:27:32,327 process          L0367 DEBUG| [stdout] [    0.005981] BRK [0xea4770000, 0xea4770fff] PGTABLE
2018-08-27 14:27:32,327 process          L0367 DEBUG| [stdout] [    0.006029] BRK [0xea4771000, 0xea4771fff] PGTABLE
2018-08-27 14:27:32,327 process          L0367 DEBUG| [stdout] [    0.006031] BRK [0xea4772000, 0xea4772fff] PGTABLE
2018-08-27 14:27:32,327 process          L0367 DEBUG| [stdout] [    0.006175] BRK [0xea4773000, 0xea4773fff] PGTABLE
2018-08-27 14:27:32,327 process          L0367 DEBUG| [stdout] [    0.006216] BRK [0xea4774000, 0xea4774fff] PGTABLE
2018-08-27 14:27:32,327 process          L0367 DEBUG| [stdout] [    0.006302] BRK [0xea4775000, 0xea4775fff] PGTABLE
2018-08-27 14:27:32,328 process          L0367 DEBUG| [stdout] [    0.006340] BRK [0xea4776000, 0xea4776fff] PGTABLE
2018-08-27 14:27:32,328 process          L0367 DEBUG| [stdout] [    0.006436] Secure boot could not be determined
2018-08-27 14:27:32,328 process          L0367 DEBUG| [stdout] [    0.006437] RAMDISK: [mem 0x31d9b000-0x34ec4fff]
2018-08-27 14:27:32,328 process          L0367 DEBUG| [stdout] [    0.006446] ACPI: Early table checksum verification disabled
2018-08-27 14:27:32,328 process          L0367 DEBUG| [stdout] [    0.006452] ACPI: RSDP 0x0000000079BEE000 000024 (v02 AMD   )
2018-08-27 14:27:32,328 process          L0367 DEBUG| [stdout] [    0.006455] ACPI: XSDT 0x0000000079BEE0A8 0000D4 (v01 AMD    DIESEL   03242016 AMI  00010013)
2018-08-27 14:27:32,329 process          L0367 DEBUG| [stdout] [    0.006463] ACPI: FACP 0x0000000079BFAA40 000114 (v06 AMD    DIESEL   03242016 AMI  00010013)
2018-08-27 14:27:32,329 process          L0367 DEBUG| [stdout] [    0.006469] ACPI: DSDT 0x0000000079BEE218 00C821 (v02 AMD    DIESEL   03242016 INTL 20120913)
2018-08-27 14:27:32,329 process          L0367 DEBUG| [stdout] [    0.006472] ACPI: FACS 0x0000000079FBFD80 000040
2018-08-27 14:27:32,329 process          L0367 DEBUG| [stdout] [    0.006475] ACPI: APIC 0x0000000079BFAB58 0004B2 (v04 AMD    DIESEL   03242016 AMI  00010013)
2018-08-27 14:27:32,329 process          L0367 DEBUG| [stdout] [    0.006478] ACPI: FPDT 0x0000000079BFB010 000044 (v01 AMD    DIESEL   03242016 AMI  00010013)
2018-08-27 14:27:32,329 process          L0367 DEBUG| [stdout] [    0.006481] ACPI: SPMI 0x0000000079BFB058 000041 (v05 AMD    DIESEL   00000000 AMI. 00000000)
2018-08-27 14:27:32,330 process          L0367 DEBUG| [stdout] [    0.006483] ACPI: SSDT 0x0000000079BFB0A0 0000D2 (v02 AMD    AMD ALIB 00000002 MSFT 04000000)
2018-08-27 14:27:32,330 process          L0367 DEBUG| [stdout] [    0.006486] ACPI: FIDT 0x0000000079BFB178 00009C (v01 AMD    DIESEL   03242016 AMI  00010013)
2018-08-27 14:27:32,330 process          L0367 DEBUG| [stdout] [    0.006489] ACPI: SSDT 0x0000000079BFB218 000EAC (v02 AMD    CPUSSDT  03242016 AMI  03242016)
2018-08-27 14:27:32,330 process          L0367 DEBUG| [stdout] [    0.006491] ACPI: MCFG 0x0000000079BFC0C8 00003C (v01 AMD    DIESEL   03242016 MSFT 00010013)
2018-08-27 14:27:32,330 process          L0367 DEBUG| [stdout] [    0.006494] ACPI: SSDT 0x0000000079BFC108 0117A4 (v01 AMD    AMD CPU  00000001 AMD  00000001)
2018-08-27 14:27:32,330 process          L0367 DEBUG| [stdout] [    0.006496] ACPI: SRAT 0x0000000079C0D8B0 000920 (v03 AMD    DIESEL   00000001 AMD  00000001)
2018-08-27 14:27:32,330 process          L0367 DEBUG| [stdout] [    0.006499] ACPI: MSCT 0x0000000079C0E1D0 00004E (v01 AMD    AMD MSCT 00000000 AMD  00000001)
2018-08-27 14:27:32,330 process          L0367 DEBUG| [stdout] [    0.006502] ACPI: SLIT 0x0000000079C0E220 00006C (v01 AMD    DIESEL   00000001 AMD  00000001)
2018-08-27 14:27:32,330 process          L0367 DEBUG| [stdout] [    0.006504] ACPI: CRAT 0x0000000079C0E290 007660 (v01 AMD    DIESEL   00000001 AMD  00000001)
2018-08-27 14:27:32,330 process          L0367 DEBUG| [stdout] [    0.006507] ACPI: CDIT 0x0000000079C158F0 000068 (v01 AMD    DIESEL   00000001 AMD  00000001)
2018-08-27 14:27:32,330 process          L0367 DEBUG| [stdout] [    0.006509] ACPI: BERT 0x0000000079C15958 000030 (v01 AMD    DIESEL   00000001 AMD  00000001)
2018-08-27 14:27:32,330 process          L0367 DEBUG| [stdout] [    0.006512] ACPI: EINJ 0x0000000079C15988 000150 (v01 AMD    DIESEL   00000001 AMD  00000001)
2018-08-27 14:27:32,330 process          L0367 DEBUG| [stdout] [    0.006515] ACPI: HEST 0x0000000079C15AD8 000608 (v01 AMD    DIESEL   00000001 AMD  00000001)
2018-08-27 14:27:32,331 process          L0367 DEBUG| [stdout] [    0.006517] ACPI: HPET 0x0000000079C160E0 000038 (v01 AMD    DIESEL   03242016 AMI  00000005)
2018-08-27 14:27:32,331 process          L0367 DEBUG| [stdout] [    0.006520] ACPI: UEFI 0x0000000079C16118 000042 (v01 AMD    DIESEL   03242016 AMI  00010013)
2018-08-27 14:27:32,331 process          L0367 DEBUG| [stdout] [    0.006522] ACPI: BGRT 0x0000000079C16160 000038 (v01 AMD    DIESEL   03242016 AMI  00010013)
2018-08-27 14:27:32,331 process          L0367 DEBUG| [stdout] [    0.006525] ACPI: IVRS 0x0000000079C16198 000370 (v02 AMD    DIESEL   00000001 AMD  00000000)
2018-08-27 14:27:32,331 process          L0367 DEBUG| [stdout] [    0.006527] ACPI: SSDT 0x0000000079C16508 001630 (v01 AMD    CPMCMN   00000001 INTL 20120913)
2018-08-27 14:27:32,331 process          L0367 DEBUG| [stdout] [    0.006537] ACPI: Local APIC address 0xfee00000
2018-08-27 14:27:32,331 process          L0367 DEBUG| [stdout] [    0.006540] system APIC only can use physical flat
2018-08-27 14:27:32,331 process          L0367 DEBUG| [stdout] [    0.006541] Setting APIC routing to physical flat.
2018-08-27 14:27:32,331 process          L0367 DEBUG| [stdout] [    0.006592] SRAT: PXM 0 -> APIC 0x00 -> Node 0
2018-08-27 14:27:32,331 process          L0367 DEBUG| [stdout] [    0.006593] SRAT: PXM 0 -> APIC 0x01 -> Node 0
2018-08-27 14:27:32,331 process          L0367 DEBUG| [stdout] [    0.006593] SRAT: PXM 0 -> APIC 0x02 -> Node 0
2018-08-27 14:27:32,331 process          L0367 DEBUG| [stdout] [    0.006594] SRAT: PXM 0 -> APIC 0x03 -> Node 0
2018-08-27 14:27:32,332 process          L0367 DEBUG| [stdout] [    0.006594] SRAT: PXM 0 -> APIC 0x04 -> Node 0
2018-08-27 14:27:32,332 process          L0367 DEBUG| [stdout] [    0.006595] SRAT: PXM 0 -> APIC 0x05 -> Node 0
2018-08-27 14:27:32,332 process          L0367 DEBUG| [stdout] [    0.006595] SRAT: PXM 0 -> APIC 0x06 -> Node 0
2018-08-27 14:27:32,332 process          L0367 DEBUG| [stdout] [    0.006596] SRAT: PXM 0 -> APIC 0x07 -> Node 0
2018-08-27 14:27:32,332 process          L0367 DEBUG| [stdout] [    0.006596] SRAT: PXM 0 -> APIC 0x08 -> Node 0
2018-08-27 14:27:32,332 process          L0367 DEBUG| [stdout] [    0.006597] SRAT: PXM 0 -> APIC 0x09 -> Node 0
2018-08-27 14:27:32,332 process          L0367 DEBUG| [stdout] [    0.006597] SRAT: PXM 0 -> APIC 0x0a -> Node 0
2018-08-27 14:27:32,332 process          L0367 DEBUG| [stdout] [    0.006598] SRAT: PXM 0 -> APIC 0x0b -> Node 0
2018-08-27 14:27:32,332 process          L0367 DEBUG| [stdout] [    0.006598] SRAT: PXM 0 -> APIC 0x0c -> Node 0
2018-08-27 14:27:32,332 process          L0367 DEBUG| [stdout] [    0.006598] SRAT: PXM 0 -> APIC 0x0d -> Node 0
2018-08-27 14:27:32,332 process          L0367 DEBUG| [stdout] [    0.006599] SRAT: PXM 0 -> APIC 0x0e -> Node 0
2018-08-27 14:27:32,332 process          L0367 DEBUG| [stdout] [    0.006599] SRAT: PXM 0 -> APIC 0x0f -> Node 0
2018-08-27 14:27:32,333 process          L0367 DEBUG| [stdout] [    0.006600] SRAT: PXM 1 -> APIC 0x10 -> Node 1
2018-08-27 14:27:32,333 process          L0367 DEBUG| [stdout] [    0.006601] SRAT: PXM 1 -> APIC 0x11 -> Node 1
2018-08-27 14:27:32,333 process          L0367 DEBUG| [stdout] [    0.006601] SRAT: PXM 1 -> APIC 0x12 -> Node 1
2018-08-27 14:27:32,333 process          L0367 DEBUG| [stdout] [    0.006601] SRAT: PXM 1 -> APIC 0x13 -> Node 1
2018-08-27 14:27:32,333 process          L0367 DEBUG| [stdout] [    0.006602] SRAT: PXM 1 -> APIC 0x14 -> Node 1
2018-08-27 14:27:32,333 process          L0367 DEBUG| [stdout] [    0.006602] SRAT: PXM 1 -> APIC 0x15 -> Node 1
2018-08-27 14:27:32,333 process          L0367 DEBUG| [stdout] [    0.006603] SRAT: PXM 1 -> APIC 0x16 -> Node 1
2018-08-27 14:27:32,333 process          L0367 DEBUG| [stdout] [    0.006603] SRAT: PXM 1 -> APIC 0x17 -> Node 1
2018-08-27 14:27:32,333 process          L0367 DEBUG| [stdout] [    0.006604] SRAT: PXM 1 -> APIC 0x18 -> Node 1
2018-08-27 14:27:32,333 process          L0367 DEBUG| [stdout] [    0.006604] SRAT: PXM 1 -> APIC 0x19 -> Node 1
2018-08-27 14:27:32,334 process          L0367 DEBUG| [stdout] [    0.006605] SRAT: PXM 1 -> APIC 0x1a -> Node 1
2018-08-27 14:27:32,334 process          L0367 DEBUG| [stdout] [    0.006605] SRAT: PXM 1 -> APIC 0x1b -> Node 1
2018-08-27 14:27:32,334 process          L0367 DEBUG| [stdout] [    0.006606] SRAT: PXM 1 -> APIC 0x1c -> Node 1
2018-08-27 14:27:32,334 process          L0367 DEBUG| [stdout] [    0.006606] SRAT: PXM 1 -> APIC 0x1d -> Node 1
2018-08-27 14:27:32,334 process          L0367 DEBUG| [stdout] [    0.006606] SRAT: PXM 1 -> APIC 0x1e -> Node 1
2018-08-27 14:27:32,334 process          L0367 DEBUG| [stdout] [    0.006607] SRAT: PXM 1 -> APIC 0x1f -> Node 1
2018-08-27 14:27:32,334 process          L0367 DEBUG| [stdout] [    0.006607] SRAT: PXM 2 -> APIC 0x20 -> Node 2
2018-08-27 14:27:32,334 process          L0367 DEBUG| [stdout] [    0.006608] SRAT: PXM 2 -> APIC 0x21 -> Node 2
2018-08-27 14:27:32,334 process          L0367 DEBUG| [stdout] [    0.006608] SRAT: PXM 2 -> APIC 0x22 -> Node 2
2018-08-27 14:27:32,334 process          L0367 DEBUG| [stdout] [    0.006609] SRAT: PXM 2 -> APIC 0x23 -> Node 2
2018-08-27 14:27:32,334 process          L0367 DEBUG| [stdout] [    0.006609] SRAT: PXM 2 -> APIC 0x24 -> Node 2
2018-08-27 14:27:32,334 process          L0367 DEBUG| [stdout] [    0.006610] SRAT: PXM 2 -> APIC 0x25 -> Node 2
2018-08-27 14:27:32,335 process          L0367 DEBUG| [stdout] [    0.006610] SRAT: PXM 2 -> APIC 0x26 -> Node 2
2018-08-27 14:27:32,335 process          L0367 DEBUG| [stdout] [    0.006611] SRAT: PXM 2 -> APIC 0x27 -> Node 2
2018-08-27 14:27:32,335 process          L0367 DEBUG| [stdout] [    0.006611] SRAT: PXM 2 -> APIC 0x28 -> Node 2
2018-08-27 14:27:32,335 process          L0367 DEBUG| [stdout] [    0.006611] SRAT: PXM 2 -> APIC 0x29 -> Node 2
2018-08-27 14:27:32,335 process          L0367 DEBUG| [stdout] [    0.006612] SRAT: PXM 2 -> APIC 0x2a -> Node 2
2018-08-27 14:27:32,335 process          L0367 DEBUG| [stdout] [    0.006612] SRAT: PXM 2 -> APIC 0x2b -> Node 2
2018-08-27 14:27:32,335 process          L0367 DEBUG| [stdout] [    0.006613] SRAT: PXM 2 -> APIC 0x2c -> Node 2
2018-08-27 14:27:32,335 process          L0367 DEBUG| [stdout] [    0.006613] SRAT: PXM 2 -> APIC 0x2d -> Node 2
2018-08-27 14:27:32,335 process          L0367 DEBUG| [stdout] [    0.006614] SRAT: PXM 2 -> APIC 0x2e -> Node 2
2018-08-27 14:27:32,335 process          L0367 DEBUG| [stdout] [    0.006614] SRAT: PXM 2 -> APIC 0x2f -> Node 2
2018-08-27 14:27:32,335 process          L0367 DEBUG| [stdout] [    0.006615] SRAT: PXM 3 -> APIC 0x30 -> Node 3
2018-08-27 14:27:32,335 process          L0367 DEBUG| [stdout] [    0.006615] SRAT: PXM 3 -> APIC 0x31 -> Node 3
2018-08-27 14:27:32,335 process          L0367 DEBUG| [stdout] [    0.006616] SRAT: PXM 3 -> APIC 0x32 -> Node 3
2018-08-27 14:27:32,336 process          L0367 DEBUG| [stdout] [    0.006616] SRAT: PXM 3 -> APIC 0x33 -> Node 3
2018-08-27 14:27:32,336 process          L0367 DEBUG| [stdout] [    0.006616] SRAT: PXM 3 -> APIC 0x34 -> Node 3
2018-08-27 14:27:32,336 process          L0367 DEBUG| [stdout] [    0.006617] SRAT: PXM 3 -> APIC 0x35 -> Node 3
2018-08-27 14:27:32,336 process          L0367 DEBUG| [stdout] [    0.006617] SRAT: PXM 3 -> APIC 0x36 -> Node 3
2018-08-27 14:27:32,336 process          L0367 DEBUG| [stdout] [    0.006618] SRAT: PXM 3 -> APIC 0x37 -> Node 3
2018-08-27 14:27:32,336 process          L0367 DEBUG| [stdout] [    0.006618] SRAT: PXM 3 -> APIC 0x38 -> Node 3
2018-08-27 14:27:32,336 process          L0367 DEBUG| [stdout] [    0.006619] SRAT: PXM 3 -> APIC 0x39 -> Node 3
2018-08-27 14:27:32,336 process          L0367 DEBUG| [stdout] [    0.006619] SRAT: PXM 3 -> APIC 0x3a -> Node 3
2018-08-27 14:27:32,336 process          L0367 DEBUG| [stdout] [    0.006620] SRAT: PXM 3 -> APIC 0x3b -> Node 3
2018-08-27 14:27:32,336 process          L0367 DEBUG| [stdout] [    0.006620] SRAT: PXM 3 -> APIC 0x3c -> Node 3
2018-08-27 14:27:32,336 process          L0367 DEBUG| [stdout] [    0.006620] SRAT: PXM 3 -> APIC 0x3d -> Node 3
2018-08-27 14:27:32,337 process          L0367 DEBUG| [stdout] [    0.006621] SRAT: PXM 3 -> APIC 0x3e -> Node 3
2018-08-27 14:27:32,337 process          L0367 DEBUG| [stdout] [    0.006621] SRAT: PXM 3 -> APIC 0x3f -> Node 3
2018-08-27 14:27:32,337 process          L0367 DEBUG| [stdout] [    0.006622] SRAT: PXM 4 -> APIC 0x40 -> Node 4
2018-08-27 14:27:32,337 process          L0367 DEBUG| [stdout] [    0.006622] SRAT: PXM 4 -> APIC 0x41 -> Node 4
2018-08-27 14:27:32,337 process          L0367 DEBUG| [stdout] [    0.006623] SRAT: PXM 4 -> APIC 0x42 -> Node 4
2018-08-27 14:27:32,337 process          L0367 DEBUG| [stdout] [    0.006623] SRAT: PXM 4 -> APIC 0x43 -> Node 4
2018-08-27 14:27:32,337 process          L0367 DEBUG| [stdout] [    0.006624] SRAT: PXM 4 -> APIC 0x44 -> Node 4
2018-08-27 14:27:32,337 process          L0367 DEBUG| [stdout] [    0.006624] SRAT: PXM 4 -> APIC 0x45 -> Node 4
2018-08-27 14:27:32,337 process          L0367 DEBUG| [stdout] [    0.006625] SRAT: PXM 4 -> APIC 0x46 -> Node 4
2018-08-27 14:27:32,337 process          L0367 DEBUG| [stdout] [    0.006625] SRAT: PXM 4 -> APIC 0x47 -> Node 4
2018-08-27 14:27:32,337 process          L0367 DEBUG| [stdout] [    0.006626] SRAT: PXM 4 -> APIC 0x48 -> Node 4
2018-08-27 14:27:32,338 process          L0367 DEBUG| [stdout] [    0.006626] SRAT: PXM 4 -> APIC 0x49 -> Node 4
2018-08-27 14:27:32,338 process          L0367 DEBUG| [stdout] [    0.006626] SRAT: PXM 4 -> APIC 0x4a -> Node 4
2018-08-27 14:27:32,338 process          L0367 DEBUG| [stdout] [    0.006627] SRAT: PXM 4 -> APIC 0x4b -> Node 4
2018-08-27 14:27:32,338 process          L0367 DEBUG| [stdout] [    0.006627] SRAT: PXM 4 -> APIC 0x4c -> Node 4
2018-08-27 14:27:32,338 process          L0367 DEBUG| [stdout] [    0.006628] SRAT: PXM 4 -> APIC 0x4d -> Node 4
2018-08-27 14:27:32,338 process          L0367 DEBUG| [stdout] [    0.006628] SRAT: PXM 4 -> APIC 0x4e -> Node 4
2018-08-27 14:27:32,338 process          L0367 DEBUG| [stdout] [    0.006629] SRAT: PXM 4 -> APIC 0x4f -> Node 4
2018-08-27 14:27:32,338 process          L0367 DEBUG| [stdout] [    0.006629] SRAT: PXM 5 -> APIC 0x50 -> Node 5
2018-08-27 14:27:32,338 process          L0367 DEBUG| [stdout] [    0.006630] SRAT: PXM 5 -> APIC 0x51 -> Node 5
2018-08-27 14:27:32,338 process          L0367 DEBUG| [stdout] [    0.006630] SRAT: PXM 5 -> APIC 0x52 -> Node 5
2018-08-27 14:27:32,338 process          L0367 DEBUG| [stdout] [    0.006631] SRAT: PXM 5 -> APIC 0x53 -> Node 5
2018-08-27 14:27:32,338 process          L0367 DEBUG| [stdout] [    0.006631] SRAT: PXM 5 -> APIC 0x54 -> Node 5
2018-08-27 14:27:32,338 process          L0367 DEBUG| [stdout] [    0.006631] SRAT: PXM 5 -> APIC 0x55 -> Node 5
2018-08-27 14:27:32,339 process          L0367 DEBUG| [stdout] [    0.006632] SRAT: PXM 5 -> APIC 0x56 -> Node 5
2018-08-27 14:27:32,339 process          L0367 DEBUG| [stdout] [    0.006632] SRAT: PXM 5 -> APIC 0x57 -> Node 5
2018-08-27 14:27:32,339 process          L0367 DEBUG| [stdout] [    0.006633] SRAT: PXM 5 -> APIC 0x58 -> Node 5
2018-08-27 14:27:32,339 process          L0367 DEBUG| [stdout] [    0.006633] SRAT: PXM 5 -> APIC 0x59 -> Node 5
2018-08-27 14:27:32,339 process          L0367 DEBUG| [stdout] [    0.006634] SRAT: PXM 5 -> APIC 0x5a -> Node 5
2018-08-27 14:27:32,339 process          L0367 DEBUG| [stdout] [    0.006634] SRAT: PXM 5 -> APIC 0x5b -> Node 5
2018-08-27 14:27:32,339 process          L0367 DEBUG| [stdout] [    0.006635] SRAT: PXM 5 -> APIC 0x5c -> Node 5
2018-08-27 14:27:32,339 process          L0367 DEBUG| [stdout] [    0.006635] SRAT: PXM 5 -> APIC 0x5d -> Node 5
2018-08-27 14:27:32,339 process          L0367 DEBUG| [stdout] [    0.006635] SRAT: PXM 5 -> APIC 0x5e -> Node 5
2018-08-27 14:27:32,339 process          L0367 DEBUG| [stdout] [    0.006636] SRAT: PXM 5 -> APIC 0x5f -> Node 5
2018-08-27 14:27:32,339 process          L0367 DEBUG| [stdout] [    0.006636] SRAT: PXM 6 -> APIC 0x60 -> Node 6
2018-08-27 14:27:32,339 process          L0367 DEBUG| [stdout] [    0.006637] SRAT: PXM 6 -> APIC 0x61 -> Node 6
2018-08-27 14:27:32,340 process          L0367 DEBUG| [stdout] [    0.006637] SRAT: PXM 6 -> APIC 0x62 -> Node 6
2018-08-27 14:27:32,340 process          L0367 DEBUG| [stdout] [    0.006638] SRAT: PXM 6 -> APIC 0x63 -> Node 6
2018-08-27 14:27:32,340 process          L0367 DEBUG| [stdout] [    0.006638] SRAT: PXM 6 -> APIC 0x64 -> Node 6
2018-08-27 14:27:32,340 process          L0367 DEBUG| [stdout] [    0.006639] SRAT: PXM 6 -> APIC 0x65 -> Node 6
2018-08-27 14:27:32,340 process          L0367 DEBUG| [stdout] [    0.006639] SRAT: PXM 6 -> APIC 0x66 -> Node 6
2018-08-27 14:27:32,340 process          L0367 DEBUG| [stdout] [    0.006640] SRAT: PXM 6 -> APIC 0x67 -> Node 6
2018-08-27 14:27:32,340 process          L0367 DEBUG| [stdout] [    0.006640] SRAT: PXM 6 -> APIC 0x68 -> Node 6
2018-08-27 14:27:32,340 process          L0367 DEBUG| [stdout] [    0.006640] SRAT: PXM 6 -> APIC 0x69 -> Node 6
2018-08-27 14:27:32,340 process          L0367 DEBUG| [stdout] [    0.006641] SRAT: PXM 6 -> APIC 0x6a -> Node 6
2018-08-27 14:27:32,340 process          L0367 DEBUG| [stdout] [    0.006641] SRAT: PXM 6 -> APIC 0x6b -> Node 6
2018-08-27 14:27:32,340 process          L0367 DEBUG| [stdout] [    0.006642] SRAT: PXM 6 -> APIC 0x6c -> Node 6
2018-08-27 14:27:32,340 process          L0367 DEBUG| [stdout] [    0.006642] SRAT: PXM 6 -> APIC 0x6d -> Node 6
2018-08-27 14:27:32,341 process          L0367 DEBUG| [stdout] [    0.006643] SRAT: PXM 6 -> APIC 0x6e -> Node 6
2018-08-27 14:27:32,341 process          L0367 DEBUG| [stdout] [    0.006643] SRAT: PXM 6 -> APIC 0x6f -> Node 6
2018-08-27 14:27:32,341 process          L0367 DEBUG| [stdout] [    0.006644] SRAT: PXM 7 -> APIC 0x70 -> Node 7
2018-08-27 14:27:32,341 process          L0367 DEBUG| [stdout] [    0.006644] SRAT: PXM 7 -> APIC 0x71 -> Node 7
2018-08-27 14:27:32,341 process          L0367 DEBUG| [stdout] [    0.006645] SRAT: PXM 7 -> APIC 0x72 -> Node 7
2018-08-27 14:27:32,341 process          L0367 DEBUG| [stdout] [    0.006645] SRAT: PXM 7 -> APIC 0x73 -> Node 7
2018-08-27 14:27:32,341 process          L0367 DEBUG| [stdout] [    0.006645] SRAT: PXM 7 -> APIC 0x74 -> Node 7
2018-08-27 14:27:32,341 process          L0367 DEBUG| [stdout] [    0.006646] SRAT: PXM 7 -> APIC 0x75 -> Node 7
2018-08-27 14:27:32,341 process          L0367 DEBUG| [stdout] [    0.006646] SRAT: PXM 7 -> APIC 0x76 -> Node 7
2018-08-27 14:27:32,341 process          L0367 DEBUG| [stdout] [    0.006647] SRAT: PXM 7 -> APIC 0x77 -> Node 7
2018-08-27 14:27:32,342 process          L0367 DEBUG| [stdout] [    0.006647] SRAT: PXM 7 -> APIC 0x78 -> Node 7
2018-08-27 14:27:32,342 process          L0367 DEBUG| [stdout] [    0.006648] SRAT: PXM 7 -> APIC 0x79 -> Node 7
2018-08-27 14:27:32,342 process          L0367 DEBUG| [stdout] [    0.006648] SRAT: PXM 7 -> APIC 0x7a -> Node 7
2018-08-27 14:27:32,342 process          L0367 DEBUG| [stdout] [    0.006649] SRAT: PXM 7 -> APIC 0x7b -> Node 7
2018-08-27 14:27:32,342 process          L0367 DEBUG| [stdout] [    0.006649] SRAT: PXM 7 -> APIC 0x7c -> Node 7
2018-08-27 14:27:32,342 process          L0367 DEBUG| [stdout] [    0.006649] SRAT: PXM 7 -> APIC 0x7d -> Node 7
2018-08-27 14:27:32,342 process          L0367 DEBUG| [stdout] [    0.006650] SRAT: PXM 7 -> APIC 0x7e -> Node 7
2018-08-27 14:27:32,342 process          L0367 DEBUG| [stdout] [    0.006650] SRAT: PXM 7 -> APIC 0x7f -> Node 7
2018-08-27 14:27:32,342 process          L0367 DEBUG| [stdout] [    0.006653] ACPI: SRAT: Node 0 PXM 0 [mem 0x00000000-0x0009ffff]
2018-08-27 14:27:32,342 process          L0367 DEBUG| [stdout] [    0.006654] ACPI: SRAT: Node 0 PXM 0 [mem 0x00100000-0x7fffffff]
2018-08-27 14:27:32,342 process          L0367 DEBUG| [stdout] [    0.006655] ACPI: SRAT: Node 0 PXM 0 [mem 0x100000000-0x47fffffff]
2018-08-27 14:27:32,342 process          L0367 DEBUG| [stdout] [    0.006656] ACPI: SRAT: Node 3 PXM 3 [mem 0x480000000-0x87fffffff]
2018-08-27 14:27:32,343 process          L0367 DEBUG| [stdout] [    0.006657] ACPI: SRAT: Node 5 PXM 5 [mem 0x880000000-0xc7fffffff]
2018-08-27 14:27:32,343 process          L0367 DEBUG| [stdout] [    0.006658] ACPI: SRAT: Node 6 PXM 6 [mem 0xc80000000-0x107fffffff]
2018-08-27 14:27:32,343 process          L0367 DEBUG| [stdout] [    0.006662] NUMA: Initialized distance table, cnt=8
2018-08-27 14:27:32,343 process          L0367 DEBUG| [stdout] [    0.006665] NUMA: Node 0 [mem 0x00000000-0x0009ffff] + [mem 0x00100000-0x7fffffff] -> [mem 0x00000000-0x7fffffff]
2018-08-27 14:27:32,343 process          L0367 DEBUG| [stdout] [    0.006666] NUMA: Node 0 [mem 0x00000000-0x7fffffff] + [mem 0x100000000-0x47fffffff] -> [mem 0x00000000-0x47fffffff]
2018-08-27 14:27:32,343 process          L0367 DEBUG| [stdout] [    0.006675] NODE_DATA(0) allocated [mem 0x47ffd5000-0x47fffffff]
2018-08-27 14:27:32,343 process          L0367 DEBUG| [stdout] [    0.006685] NODE_DATA(3) allocated [mem 0x87ffd5000-0x87fffffff]
2018-08-27 14:27:32,343 process          L0367 DEBUG| [stdout] [    0.006699] NODE_DATA(5) allocated [mem 0xc7ffd5000-0xc7fffffff]
2018-08-27 14:27:32,343 process          L0367 DEBUG| [stdout] [    0.006725] NODE_DATA(6) allocated [mem 0x107efd4000-0x107effefff]
2018-08-27 14:27:32,343 process          L0367 DEBUG| [stdout] [    0.006920] Zone ranges:
2018-08-27 14:27:32,343 process          L0367 DEBUG| [stdout] [    0.006921]   DMA      [mem 0x0000000000001000-0x0000000000ffffff]
2018-08-27 14:27:32,343 process          L0367 DEBUG| [stdout] [    0.006922]   DMA32    [mem 0x0000000001000000-0x00000000ffffffff]
2018-08-27 14:27:32,343 process          L0367 DEBUG| [stdout] [    0.006923]   Normal   [mem 0x0000000100000000-0x000000107effffff]
2018-08-27 14:27:32,344 process          L0367 DEBUG| [stdout] [    0.006924]   Device   empty
2018-08-27 14:27:32,344 process          L0367 DEBUG| [stdout] [    0.006925] Movable zone start for each node
2018-08-27 14:27:32,344 process          L0367 DEBUG| [stdout] [    0.006928] Early memory node ranges
2018-08-27 14:27:32,344 process          L0367 DEBUG| [stdout] [    0.006929]   node   0: [mem 0x0000000000001000-0x000000000009ffff]
2018-08-27 14:27:32,344 process          L0367 DEBUG| [stdout] [    0.006929]   node   0: [mem 0x0000000000100000-0x0000000078429fff]
2018-08-27 14:27:32,344 process          L0367 DEBUG| [stdout] [    0.006930]   node   0: [mem 0x0000000079b24000-0x0000000079bedfff]
2018-08-27 14:27:32,344 process          L0367 DEBUG| [stdout] [    0.006930]   node   0: [mem 0x000000007a6ce000-0x000000007bffffff]
2018-08-27 14:27:32,344 process          L0367 DEBUG| [stdout] [    0.006931]   node   0: [mem 0x0000000100000000-0x000000047fffffff]
2018-08-27 14:27:32,344 process          L0367 DEBUG| [stdout] [    0.006931]   node   3: [mem 0x0000000480000000-0x000000087fffffff]
2018-08-27 14:27:32,344 process          L0367 DEBUG| [stdout] [    0.006932]   node   5: [mem 0x0000000880000000-0x0000000c7fffffff]
2018-08-27 14:27:32,344 process          L0367 DEBUG| [stdout] [    0.006932]   node   6: [mem 0x0000000c80000000-0x000000107effffff]
2018-08-27 14:27:32,345 process          L0367 DEBUG| [stdout] [    0.009168] Reserved but unavailable: 29243 pages
2018-08-27 14:27:32,345 process          L0367 DEBUG| [stdout] [    0.009170] Initmem setup node 0 [mem 0x0000000000001000-0x000000047fffffff]
2018-08-27 14:27:32,345 process          L0367 DEBUG| [stdout] [    0.009171] On node 0 totalpages: 4169157
2018-08-27 14:27:32,345 process          L0367 DEBUG| [stdout] [    0.009172]   DMA zone: 64 pages used for memmap
2018-08-27 14:27:32,345 process          L0367 DEBUG| [stdout] [    0.009173]   DMA zone: 26 pages reserved
2018-08-27 14:27:32,345 process          L0367 DEBUG| [stdout] [    0.009174]   DMA zone: 3999 pages, LIFO batch:0
2018-08-27 14:27:32,345 process          L0367 DEBUG| [stdout] [    0.009250]   DMA32 zone: 7737 pages used for memmap
2018-08-27 14:27:32,345 process          L0367 DEBUG| [stdout] [    0.009251]   DMA32 zone: 495142 pages, LIFO batch:63
2018-08-27 14:27:32,345 process          L0367 DEBUG| [stdout] [    0.020886]   Normal zone: 57344 pages used for memmap
2018-08-27 14:27:32,345 process          L0367 DEBUG| [stdout] [    0.020888]   Normal zone: 3670016 pages, LIFO batch:63
2018-08-27 14:27:32,346 process          L0367 DEBUG| [stdout] [    0.088199] Initmem setup node 3 [mem 0x0000000480000000-0x000000087fffffff]
2018-08-27 14:27:32,346 process          L0367 DEBUG| [stdout] [    0.088203] On node 3 totalpages: 4194304
2018-08-27 14:27:32,346 process          L0367 DEBUG| [stdout] [    0.088205]   Normal zone: 65536 pages used for memmap
2018-08-27 14:27:32,346 process          L0367 DEBUG| [stdout] [    0.088205]   Normal zone: 4194304 pages, LIFO batch:63
2018-08-27 14:27:32,346 process          L0367 DEBUG| [stdout] [    0.166433] Initmem setup node 5 [mem 0x0000000880000000-0x0000000c7fffffff]
2018-08-27 14:27:32,346 process          L0367 DEBUG| [stdout] [    0.166437] On node 5 totalpages: 4194304
2018-08-27 14:27:32,346 process          L0367 DEBUG| [stdout] [    0.166439]   Normal zone: 65536 pages used for memmap
2018-08-27 14:27:32,346 process          L0367 DEBUG| [stdout] [    0.166440]   Normal zone: 4194304 pages, LIFO batch:63
2018-08-27 14:27:32,346 process          L0367 DEBUG| [stdout] [    0.247787] Initmem setup node 6 [mem 0x0000000c80000000-0x000000107effffff]
2018-08-27 14:27:32,346 process          L0367 DEBUG| [stdout] [    0.247791] On node 6 totalpages: 4190208
2018-08-27 14:27:32,346 process          L0367 DEBUG| [stdout] [    0.247793]   Normal zone: 65472 pages used for memmap
2018-08-27 14:27:32,346 process          L0367 DEBUG| [stdout] [    0.247794]   Normal zone: 4190208 pages, LIFO batch:63
2018-08-27 14:27:32,346 process          L0367 DEBUG| [stdout] [    0.328393] ACPI: PM-Timer IO Port: 0x808
2018-08-27 14:27:32,347 process          L0367 DEBUG| [stdout] [    0.328397] ACPI: Local APIC address 0xfee00000
2018-08-27 14:27:32,347 process          L0367 DEBUG| [stdout] [    0.328400] system APIC only can use physical flat
2018-08-27 14:27:32,347 process          L0367 DEBUG| [stdout] [    0.328421] ACPI: LAPIC_NMI (acpi_id[0xff] high edge lint[0x1])
2018-08-27 14:27:32,347 process          L0367 DEBUG| [stdout] [    0.328451] IOAPIC[0]: apic_id 128, version 33, address 0xfec00000, GSI 0-23
2018-08-27 14:27:32,347 process          L0367 DEBUG| [stdout] [    0.328456] IOAPIC[1]: apic_id 129, version 33, address 0xfd900000, GSI 24-55
2018-08-27 14:27:32,347 process          L0367 DEBUG| [stdout] [    0.328466] IOAPIC[2]: apic_id 130, version 33, address 0xdfa00000, GSI 56-87
2018-08-27 14:27:32,347 process          L0367 DEBUG| [stdout] [    0.328475] IOAPIC[3]: apic_id 131, version 33, address 0xcda00000, GSI 88-119
2018-08-27 14:27:32,347 process          L0367 DEBUG| [stdout] [    0.328484] IOAPIC[4]: apic_id 132, version 33, address 0xc0a00000, GSI 120-151
2018-08-27 14:27:32,347 process          L0367 DEBUG| [stdout] [    0.328496] IOAPIC[5]: apic_id 133, version 33, address 0xb3a00000, GSI 152-183
2018-08-27 14:27:32,347 process          L0367 DEBUG| [stdout] [    0.328507] IOAPIC[6]: apic_id 134, version 33, address 0xa6a00000, GSI 184-215
2018-08-27 14:27:32,347 process          L0367 DEBUG| [stdout] [    0.328512] IOAPIC[7]: apic_id 135, version 33, address 0x99a00000, GSI 216-247
2018-08-27 14:27:32,347 process          L0367 DEBUG| [stdout] [    0.328524] IOAPIC[8]: apic_id 136, version 33, address 0x8ca00000, GSI 248-279
2018-08-27 14:27:32,348 process          L0367 DEBUG| [stdout] [    0.328527] ACPI: INT_SRC_OVR (bus 0 bus_irq 0 global_irq 2 dfl dfl)
2018-08-27 14:27:32,348 process          L0367 DEBUG| [stdout] [    0.328529] ACPI: INT_SRC_OVR (bus 0 bus_irq 9 global_irq 9 low level)
2018-08-27 14:27:32,348 process          L0367 DEBUG| [stdout] [    0.328530] ACPI: IRQ0 used by override.
2018-08-27 14:27:32,348 process          L0367 DEBUG| [stdout] [    0.328531] ACPI: IRQ9 used by override.
2018-08-27 14:27:32,348 process          L0367 DEBUG| [stdout] [    0.328534] Using ACPI (MADT) for SMP configuration information
2018-08-27 14:27:32,348 process          L0367 DEBUG| [stdout] [    0.328536] ACPI: HPET id: 0x10228201 base: 0xfed00000
2018-08-27 14:27:32,348 process          L0367 DEBUG| [stdout] [    0.328550] smpboot: Allowing 128 CPUs, 0 hotplug CPUs
2018-08-27 14:27:32,348 process          L0367 DEBUG| [stdout] [    0.328555] NODE_DATA(1) allocated [mem 0x107efa2000-0x107efccfff]
2018-08-27 14:27:32,348 process          L0367 DEBUG| [stdout] [    0.328556]     NODE_DATA(1) on node 6
2018-08-27 14:27:32,348 process          L0367 DEBUG| [stdout] [    0.328587] Initmem setup node 1 [mem 0x0000000000000000-0x0000000000000000]
2018-08-27 14:27:32,348 process          L0367 DEBUG| [stdout] [    0.328588] On node 1 totalpages: 0
2018-08-27 14:27:32,348 process          L0367 DEBUG| [stdout] [    0.328590] NODE_DATA(2) allocated [mem 0x107ef77000-0x107efa1fff]
2018-08-27 14:27:32,348 process          L0367 DEBUG| [stdout] [    0.328590]     NODE_DATA(2) on node 6
2018-08-27 14:27:32,349 process          L0367 DEBUG| [stdout] [    0.328620] Initmem setup node 2 [mem 0x0000000000000000-0x0000000000000000]
2018-08-27 14:27:32,349 process          L0367 DEBUG| [stdout] [    0.328620] On node 2 totalpages: 0
2018-08-27 14:27:32,349 process          L0367 DEBUG| [stdout] [    0.328621] NODE_DATA(4) allocated [mem 0x107ef4c000-0x107ef76fff]
2018-08-27 14:27:32,349 process          L0367 DEBUG| [stdout] [    0.328622]     NODE_DATA(4) on node 6
2018-08-27 14:27:32,349 process          L0367 DEBUG| [stdout] [    0.328652] Initmem setup node 4 [mem 0x0000000000000000-0x0000000000000000]
2018-08-27 14:27:32,349 process          L0367 DEBUG| [stdout] [    0.328652] On node 4 totalpages: 0
2018-08-27 14:27:32,349 process          L0367 DEBUG| [stdout] [    0.328654] NODE_DATA(7) allocated [mem 0x107ef21000-0x107ef4bfff]
2018-08-27 14:27:32,349 process          L0367 DEBUG| [stdout] [    0.328654]     NODE_DATA(7) on node 6
2018-08-27 14:27:32,349 process          L0367 DEBUG| [stdout] [    0.328683] Initmem setup node 7 [mem 0x0000000000000000-0x0000000000000000]
2018-08-27 14:27:32,349 process          L0367 DEBUG| [stdout] [    0.328684] On node 7 totalpages: 0
2018-08-27 14:27:32,349 process          L0367 DEBUG| [stdout] [    0.328735] PM: Registered nosave memory: [mem 0x00000000-0x00000fff]
2018-08-27 14:27:32,349 process          L0367 DEBUG| [stdout] [    0.328737] PM: Registered nosave memory: [mem 0x000a0000-0x000fffff]
2018-08-27 14:27:32,349 process          L0367 DEBUG| [stdout] [    0.328739] PM: Registered nosave memory: [mem 0x7842a000-0x79b23fff]
2018-08-27 14:27:32,350 process          L0367 DEBUG| [stdout] [    0.328740] PM: Registered nosave memory: [mem 0x79bee000-0x79fe5fff]
2018-08-27 14:27:32,350 process          L0367 DEBUG| [stdout] [    0.328741] PM: Registered nosave memory: [mem 0x79fe6000-0x7a614fff]
2018-08-27 14:27:32,350 process          L0367 DEBUG| [stdout] [    0.328741] PM: Registered nosave memory: [mem 0x7a615000-0x7a6cdfff]
2018-08-27 14:27:32,350 process          L0367 DEBUG| [stdout] [    0.328743] PM: Registered nosave memory: [mem 0x7c000000-0x7fffffff]
2018-08-27 14:27:32,350 process          L0367 DEBUG| [stdout] [    0.328744] PM: Registered nosave memory: [mem 0x80000000-0x8c9fffff]
2018-08-27 14:27:32,350 process          L0367 DEBUG| [stdout] [    0.328744] PM: Registered nosave memory: [mem 0x8ca00000-0x8ca00fff]
2018-08-27 14:27:32,350 process          L0367 DEBUG| [stdout] [    0.328744] PM: Registered nosave memory: [mem 0x8ca01000-0x8cafffff]
2018-08-27 14:27:32,350 process          L0367 DEBUG| [stdout] [    0.328745] PM: Registered nosave memory: [mem 0x8cb00000-0x8cb7ffff]
2018-08-27 14:27:32,350 process          L0367 DEBUG| [stdout] [    0.328745] PM: Registered nosave memory: [mem 0x8cb80000-0x999fffff]
2018-08-27 14:27:32,350 process          L0367 DEBUG| [stdout] [    0.328746] PM: Registered nosave memory: [mem 0x99a00000-0x99a00fff]
2018-08-27 14:27:32,350 process          L0367 DEBUG| [stdout] [    0.328746] PM: Registered nosave memory: [mem 0x99a01000-0x99afffff]
2018-08-27 14:27:32,350 process          L0367 DEBUG| [stdout] [    0.328747] PM: Registered nosave memory: [mem 0x99b00000-0x99b7ffff]
2018-08-27 14:27:32,351 process          L0367 DEBUG| [stdout] [    0.328747] PM: Registered nosave memory: [mem 0x99b80000-0xa69fffff]
2018-08-27 14:27:32,351 process          L0367 DEBUG| [stdout] [    0.328748] PM: Registered nosave memory: [mem 0xa6a00000-0xa6a00fff]
2018-08-27 14:27:32,351 process          L0367 DEBUG| [stdout] [    0.328748] PM: Registered nosave memory: [mem 0xa6a01000-0xa6afffff]
2018-08-27 14:27:32,351 process          L0367 DEBUG| [stdout] [    0.328749] PM: Registered nosave memory: [mem 0xa6b00000-0xa6b7ffff]
2018-08-27 14:27:32,351 process          L0367 DEBUG| [stdout] [    0.328749] PM: Registered nosave memory: [mem 0xa6b80000-0xb39fffff]
2018-08-27 14:27:32,351 process          L0367 DEBUG| [stdout] [    0.328750] PM: Registered nosave memory: [mem 0xb3a00000-0xb3a00fff]
2018-08-27 14:27:32,351 process          L0367 DEBUG| [stdout] [    0.328750] PM: Registered nosave memory: [mem 0xb3a01000-0xb3afffff]
2018-08-27 14:27:32,351 process          L0367 DEBUG| [stdout] [    0.328751] PM: Registered nosave memory: [mem 0xb3b00000-0xb3b7ffff]
2018-08-27 14:27:32,351 process          L0367 DEBUG| [stdout] [    0.328751] PM: Registered nosave memory: [mem 0xb3b80000-0xc09fffff]
2018-08-27 14:27:32,351 process          L0367 DEBUG| [stdout] [    0.328751] PM: Registered nosave memory: [mem 0xc0a00000-0xc0a00fff]
2018-08-27 14:27:32,351 process          L0367 DEBUG| [stdout] [    0.328752] PM: Registered nosave memory: [mem 0xc0a01000-0xc0afffff]
2018-08-27 14:27:32,351 process          L0367 DEBUG| [stdout] [    0.328752] PM: Registered nosave memory: [mem 0xc0b00000-0xc0b7ffff]
2018-08-27 14:27:32,351 process          L0367 DEBUG| [stdout] [    0.328753] PM: Registered nosave memory: [mem 0xc0b80000-0xcd9fffff]
2018-08-27 14:27:32,352 process          L0367 DEBUG| [stdout] [    0.328753] PM: Registered nosave memory: [mem 0xcda00000-0xcda00fff]
2018-08-27 14:27:32,352 process          L0367 DEBUG| [stdout] [    0.328754] PM: Registered nosave memory: [mem 0xcda01000-0xcdafffff]
2018-08-27 14:27:32,352 process          L0367 DEBUG| [stdout] [    0.328754] PM: Registered nosave memory: [mem 0xcdb00000-0xcdb7ffff]
2018-08-27 14:27:32,352 process          L0367 DEBUG| [stdout] [    0.328755] PM: Registered nosave memory: [mem 0xcdb80000-0xdf9fffff]
2018-08-27 14:27:32,352 process          L0367 DEBUG| [stdout] [    0.328755] PM: Registered nosave memory: [mem 0xdfa00000-0xdfa00fff]
2018-08-27 14:27:32,352 process          L0367 DEBUG| [stdout] [    0.328756] PM: Registered nosave memory: [mem 0xdfa01000-0xdfafffff]
2018-08-27 14:27:32,352 process          L0367 DEBUG| [stdout] [    0.328756] PM: Registered nosave memory: [mem 0xdfb00000-0xdfb7ffff]
2018-08-27 14:27:32,352 process          L0367 DEBUG| [stdout] [    0.328757] PM: Registered nosave memory: [mem 0xdfb80000-0xfd8fffff]
2018-08-27 14:27:32,352 process          L0367 DEBUG| [stdout] [    0.328757] PM: Registered nosave memory: [mem 0xfd900000-0xfd900fff]
2018-08-27 14:27:32,352 process          L0367 DEBUG| [stdout] [    0.328758] PM: Registered nosave memory: [mem 0xfd901000-0xfd9fffff]
2018-08-27 14:27:32,352 process          L0367 DEBUG| [stdout] [    0.328758] PM: Registered nosave memory: [mem 0xfda00000-0xfda7ffff]
2018-08-27 14:27:32,352 process          L0367 DEBUG| [stdout] [    0.328758] PM: Registered nosave memory: [mem 0xfda80000-0xfe9fffff]
2018-08-27 14:27:32,353 process          L0367 DEBUG| [stdout] [    0.328759] PM: Registered nosave memory: [mem 0xfea00000-0xfeafffff]
2018-08-27 14:27:32,353 process          L0367 DEBUG| [stdout] [    0.328759] PM: Registered nosave memory: [mem 0xfeb00000-0xfebfffff]
2018-08-27 14:27:32,353 process          L0367 DEBUG| [stdout] [    0.328760] PM: Registered nosave memory: [mem 0xfec00000-0xfec00fff]
2018-08-27 14:27:32,353 process          L0367 DEBUG| [stdout] [    0.328760] PM: Registered nosave memory: [mem 0xfec01000-0xfec0ffff]
2018-08-27 14:27:32,353 process          L0367 DEBUG| [stdout] [    0.328761] PM: Registered nosave memory: [mem 0xfec10000-0xfec10fff]
2018-08-27 14:27:32,353 process          L0367 DEBUG| [stdout] [    0.328761] PM: Registered nosave memory: [mem 0xfec11000-0xfecfffff]
2018-08-27 14:27:32,353 process          L0367 DEBUG| [stdout] [    0.328762] PM: Registered nosave memory: [mem 0xfed00000-0xfed00fff]
2018-08-27 14:27:32,353 process          L0367 DEBUG| [stdout] [    0.328762] PM: Registered nosave memory: [mem 0xfed01000-0xfed7ffff]
2018-08-27 14:27:32,353 process          L0367 DEBUG| [stdout] [    0.328763] PM: Registered nosave memory: [mem 0xfed80000-0xfed8ffff]
2018-08-27 14:27:32,353 process          L0367 DEBUG| [stdout] [    0.328763] PM: Registered nosave memory: [mem 0xfed90000-0xfedbffff]
2018-08-27 14:27:32,354 process          L0367 DEBUG| [stdout] [    0.328764] PM: Registered nosave memory: [mem 0xfedc0000-0xfedc0fff]
2018-08-27 14:27:32,354 process          L0367 DEBUG| [stdout] [    0.328764] PM: Registered nosave memory: [mem 0xfedc1000-0xfedc1fff]
2018-08-27 14:27:32,354 process          L0367 DEBUG| [stdout] [    0.328765] PM: Registered nosave memory: [mem 0xfedc2000-0xfedc5fff]
2018-08-27 14:27:32,354 process          L0367 DEBUG| [stdout] [    0.328765] PM: Registered nosave memory: [mem 0xfedc6000-0xfedc6fff]
2018-08-27 14:27:32,354 process          L0367 DEBUG| [stdout] [    0.328765] PM: Registered nosave memory: [mem 0xfedc7000-0xfedc7fff]
2018-08-27 14:27:32,354 process          L0367 DEBUG| [stdout] [    0.328766] PM: Registered nosave memory: [mem 0xfedc8000-0xfedc8fff]
2018-08-27 14:27:32,354 process          L0367 DEBUG| [stdout] [    0.328766] PM: Registered nosave memory: [mem 0xfedc9000-0xfedcafff]
2018-08-27 14:27:32,354 process          L0367 DEBUG| [stdout] [    0.328767] PM: Registered nosave memory: [mem 0xfedcb000-0xfedfffff]
2018-08-27 14:27:32,354 process          L0367 DEBUG| [stdout] [    0.328767] PM: Registered nosave memory: [mem 0xfee00000-0xfeefffff]
2018-08-27 14:27:32,354 process          L0367 DEBUG| [stdout] [    0.328768] PM: Registered nosave memory: [mem 0xfef00000-0xfeffffff]
2018-08-27 14:27:32,354 process          L0367 DEBUG| [stdout] [    0.328768] PM: Registered nosave memory: [mem 0xff000000-0xffffffff]
2018-08-27 14:27:32,354 process          L0367 DEBUG| [stdout] [    0.328771] [mem 0xdfb80000-0xfd8fffff] available for PCI devices
2018-08-27 14:27:32,354 process          L0367 DEBUG| [stdout] [    0.328772] Booting paravirtualized kernel on bare hardware
2018-08-27 14:27:32,355 process          L0367 DEBUG| [stdout] [    0.328777] clocksource: refined-jiffies: mask: 0xffffffff max_cycles: 0xffffffff, max_idle_ns: 7645519600211568 ns
2018-08-27 14:27:32,355 process          L0367 DEBUG| [stdout] [    0.328794] random: get_random_bytes called from start_kernel+0x99/0x545 with crng_init=0
2018-08-27 14:27:32,355 process          L0367 DEBUG| [stdout] [    0.328803] setup_percpu: NR_CPUS:8192 nr_cpumask_bits:128 nr_cpu_ids:128 nr_node_ids:8
2018-08-27 14:27:32,355 process          L0367 DEBUG| [stdout] [    0.336964] percpu: Embedded 47 pages/cpu @(____ptrval____) s155648 r8192 d28672 u262144
2018-08-27 14:27:32,355 process          L0367 DEBUG| [stdout] [    0.336979] pcpu-alloc: s155648 r8192 d28672 u262144 alloc=1*2097152
2018-08-27 14:27:32,355 process          L0367 DEBUG| [stdout] [    0.336981] pcpu-alloc: [0] 000 001 002 003 004 005 006 007 
2018-08-27 14:27:32,355 process          L0367 DEBUG| [stdout] [    0.336985] pcpu-alloc: [0] 064 065 066 067 068 069 070 071 
2018-08-27 14:27:32,355 process          L0367 DEBUG| [stdout] [    0.336988] pcpu-alloc: [1] 008 009 010 011 012 013 014 015 
2018-08-27 14:27:32,355 process          L0367 DEBUG| [stdout] [    0.336991] pcpu-alloc: [1] 072 073 074 075 076 077 078 079 
2018-08-27 14:27:32,355 process          L0367 DEBUG| [stdout] [    0.336994] pcpu-alloc: [2] 016 017 018 019 020 021 022 023 
2018-08-27 14:27:32,355 process          L0367 DEBUG| [stdout] [    0.336997] pcpu-alloc: [2] 080 081 082 083 084 085 086 087 
2018-08-27 14:27:32,355 process          L0367 DEBUG| [stdout] [    0.337001] pcpu-alloc: [3] 024 025 026 027 028 029 030 031 
2018-08-27 14:27:32,355 process          L0367 DEBUG| [stdout] [    0.337004] pcpu-alloc: [3] 088 089 090 091 092 093 094 095 
2018-08-27 14:27:32,356 process          L0367 DEBUG| [stdout] [    0.337007] pcpu-alloc: [4] 032 033 034 035 036 037 038 039 
2018-08-27 14:27:32,356 process          L0367 DEBUG| [stdout] [    0.337010] pcpu-alloc: [4] 096 097 098 099 100 101 102 103 
2018-08-27 14:27:32,356 process          L0367 DEBUG| [stdout] [    0.337013] pcpu-alloc: [5] 040 041 042 043 044 045 046 047 
2018-08-27 14:27:32,356 process          L0367 DEBUG| [stdout] [    0.337016] pcpu-alloc: [5] 104 105 106 107 108 109 110 111 
2018-08-27 14:27:32,356 process          L0367 DEBUG| [stdout] [    0.337019] pcpu-alloc: [6] 048 049 050 051 052 053 054 055 
2018-08-27 14:27:32,356 process          L0367 DEBUG| [stdout] [    0.337023] pcpu-alloc: [6] 112 113 114 115 116 117 118 119 
2018-08-27 14:27:32,356 process          L0367 DEBUG| [stdout] [    0.337026] pcpu-alloc: [7] 056 057 058 059 060 061 062 063 
2018-08-27 14:27:32,356 process          L0367 DEBUG| [stdout] [    0.337029] pcpu-alloc: [7] 120 121 122 123 124 125 126 127 
2018-08-27 14:27:32,356 process          L0367 DEBUG| [stdout] [    0.337129] Built 8 zonelists, mobility grouping on.  Total pages: 16486258
2018-08-27 14:27:32,356 process          L0367 DEBUG| [stdout] [    0.337130] Policy zone: Normal
2018-08-27 14:27:32,356 process          L0367 DEBUG| [stdout] [    0.337133] Kernel command line: BOOT_IMAGE=/boot/vmlinuz-4.19.0-rc1-jenkins root=UUID=1da552ed-0b2b-4411-9a84-7db0d8c62e95 ro console=tty0 console=ttyS0,115200n8 earlyprintk=serial,keep net.ifnames=0 biosdevname=0 quiet splash vt.handoff=7
2018-08-27 14:27:32,356 process          L0367 DEBUG| [stdout] [    0.337257] log_buf_len individual max cpu contribution: 4096 bytes
2018-08-27 14:27:32,357 process          L0367 DEBUG| [stdout] [    0.337258] log_buf_len total cpu_extra contributions: 520192 bytes
2018-08-27 14:27:32,357 process          L0367 DEBUG| [stdout] [    0.337258] log_buf_len min size: 262144 bytes
2018-08-27 14:27:32,357 process          L0367 DEBUG| [stdout] [    0.337485] log_buf_len: 1048576 bytes
2018-08-27 14:27:32,357 process          L0367 DEBUG| [stdout] [    0.337486] early log buf free: 233372(89%)
2018-08-27 14:27:32,357 process          L0367 DEBUG| [stdout] [    0.346048] Calgary: detecting Calgary via BIOS EBDA area
2018-08-27 14:27:32,357 process          L0367 DEBUG| [stdout] [    0.346051] Calgary: Unable to locate Rio Grande table in EBDA - bailing!
2018-08-27 14:27:32,357 process          L0367 DEBUG| [stdout] [    1.320844] Memory: 65651748K/66991892K available (14348K kernel code, 2689K rwdata, 4276K rodata, 2440K init, 2352K bss, 1340144K reserved, 0K cma-reserved)
2018-08-27 14:27:32,357 process          L0367 DEBUG| [stdout] [    1.321410] SLUB: HWalign=64, Order=0-3, MinObjects=0, CPUs=128, Nodes=8
2018-08-27 14:27:32,357 process          L0367 DEBUG| [stdout] [    1.321428] ftrace: allocating 41034 entries in 161 pages
2018-08-27 14:27:32,357 process          L0367 DEBUG| [stdout] [    1.341302] rcu: Hierarchical RCU implementation.
2018-08-27 14:27:32,357 process          L0367 DEBUG| [stdout] [    1.341303] rcu: 	RCU restricting CPUs from NR_CPUS=8192 to nr_cpu_ids=128.
2018-08-27 14:27:32,357 process          L0367 DEBUG| [stdout] [    1.341304] 	Tasks RCU enabled.
2018-08-27 14:27:32,357 process          L0367 DEBUG| [stdout] [    1.341305] rcu: Adjusting geometry for rcu_fanout_leaf=16, nr_cpu_ids=128
2018-08-27 14:27:32,358 process          L0367 DEBUG| [stdout] [    1.344164] NR_IRQS: 524544, nr_irqs: 5800, preallocated irqs: 16
2018-08-27 14:27:32,358 process          L0367 DEBUG| [stdout] [    1.344826] Console: colour dummy device 80x25
2018-08-27 14:27:32,358 process          L0367 DEBUG| [stdout] [    1.344897] console [tty0] enabled
2018-08-27 14:27:32,358 process          L0367 DEBUG| [stdout] [    1.367768] console [ttyS0] enabled
2018-08-27 14:27:32,358 process          L0367 DEBUG| [stdout] [    1.368063] mempolicy: Enabling automatic NUMA balancing. Configure with numa_balancing= or the kernel.numa_balancing sysctl
2018-08-27 14:27:32,358 process          L0367 DEBUG| [stdout] [    1.368077] ACPI: Core revision 20180810
2018-08-27 14:27:32,358 process          L0367 DEBUG| [stdout] [    1.368451] clocksource: hpet: mask: 0xffffffff max_cycles: 0xffffffff, max_idle_ns: 133484873504 ns
2018-08-27 14:27:32,358 process          L0367 DEBUG| [stdout] [    1.368485] hpet clockevent registered
2018-08-27 14:27:32,358 process          L0367 DEBUG| [stdout] [    1.368491] APIC: Switch to symmetric I/O mode setup
2018-08-27 14:27:32,358 process          L0367 DEBUG| [stdout] [    3.169648] ..TIMER: vector=0x30 apic1=0 pin1=2 apic2=-1 pin2=-1
2018-08-27 14:27:32,358 process          L0367 DEBUG| [stdout] [    3.188563] clocksource: tsc-early: mask: 0xffffffffffffffff max_cycles: 0x36ab5ea7dec, max_idle_ns: 881590509154 ns
2018-08-27 14:27:32,358 process          L0367 DEBUG| [stdout] [    3.188572] Calibrating delay loop (skipped), value calculated using timer frequency.. 3792.69 BogoMIPS (lpj=7585380)
2018-08-27 14:27:32,359 process          L0367 DEBUG| [stdout] [    3.188574] pid_max: default: 131072 minimum: 1024
2018-08-27 14:27:32,359 process          L0367 DEBUG| [stdout] [    3.190267] Security Framework initialized
2018-08-27 14:27:32,359 process          L0367 DEBUG| [stdout] [    3.190268] Yama: becoming mindful.
2018-08-27 14:27:32,359 process          L0367 DEBUG| [stdout] [    3.190508] AppArmor: AppArmor initialized
2018-08-27 14:27:32,359 process          L0367 DEBUG| [stdout] [    3.200650] Dentry cache hash table entries: 8388608 (order: 14, 67108864 bytes)
2018-08-27 14:27:32,359 process          L0367 DEBUG| [stdout] [    3.205630] Inode-cache hash table entries: 4194304 (order: 13, 33554432 bytes)
2018-08-27 14:27:32,359 process          L0367 DEBUG| [stdout] [    3.205846] Mount-cache hash table entries: 131072 (order: 8, 1048576 bytes)
2018-08-27 14:27:32,359 process          L0367 DEBUG| [stdout] [    3.205999] Mountpoint-cache hash table entries: 131072 (order: 8, 1048576 bytes)
2018-08-27 14:27:32,359 process          L0367 DEBUG| [stdout] [    3.206701] mce: CPU supports 23 MCE banks
2018-08-27 14:27:32,359 process          L0367 DEBUG| [stdout] [    3.206748] LVT offset 2 assigned for vector 0xf4
2018-08-27 14:27:32,359 process          L0367 DEBUG| [stdout] [    3.206757] Last level iTLB entries: 4KB 1024, 2MB 1024, 4MB 512
2018-08-27 14:27:32,359 process          L0367 DEBUG| [stdout] [    3.206758] Last level dTLB entries: 4KB 1536, 2MB 1536, 4MB 768, 1GB 0
2018-08-27 14:27:32,359 process          L0367 DEBUG| [stdout] [    3.206761] Spectre V2 : Mitigation: Full AMD retpoline
2018-08-27 14:27:32,360 process          L0367 DEBUG| [stdout] [    3.206762] Spectre V2 : Spectre v2 / SpectreRSB mitigation: Filling RSB on context switch
2018-08-27 14:27:32,360 process          L0367 DEBUG| [stdout] [    3.206762] Spectre V2 : Spectre v2 mitigation: Enabling Indirect Branch Prediction Barrier
2018-08-27 14:27:32,360 process          L0367 DEBUG| [stdout] [    3.206764] Speculative Store Bypass: Mitigation: Speculative Store Bypass disabled via prctl and seccomp
2018-08-27 14:27:32,360 process          L0367 DEBUG| [stdout] [    3.215750] Freeing SMP alternatives memory: 36K
2018-08-27 14:27:32,360 process          L0367 DEBUG| [stdout] [    3.228564] smpboot: CPU0: AMD Eng Sample: 1S1901A4VIHF5_30/19_N (family: 0x17, model: 0x1, stepping: 0x2)
2018-08-27 14:27:32,360 process          L0367 DEBUG| [stdout] [    3.228564] Performance Events: Fam17h core perfctr, AMD PMU driver.
2018-08-27 14:27:32,360 process          L0367 DEBUG| [stdout] [    3.228564] ... version:                0
2018-08-27 14:27:32,360 process          L0367 DEBUG| [stdout] [    3.228564] ... bit width:              48
2018-08-27 14:27:32,360 process          L0367 DEBUG| [stdout] [    3.228564] ... generic registers:      6
2018-08-27 14:27:32,360 process          L0367 DEBUG| [stdout] [    3.228564] ... value mask:             0000ffffffffffff
2018-08-27 14:27:32,360 process          L0367 DEBUG| [stdout] [    3.228564] ... max period:             00007fffffffffff
2018-08-27 14:27:32,360 process          L0367 DEBUG| [stdout] [    3.228564] ... fixed-purpose events:   0
2018-08-27 14:27:32,360 process          L0367 DEBUG| [stdout] [    3.228564] ... event mask:             000000000000003f
2018-08-27 14:27:32,361 process          L0367 DEBUG| [stdout] [    3.228564] rcu: Hierarchical SRCU implementation.
2018-08-27 14:27:32,361 process          L0367 DEBUG| [stdout] [    3.228564] MCE: In-kernel MCE decoding enabled.
2018-08-27 14:27:32,361 process          L0367 DEBUG| [stdout] [    3.228564] NMI watchdog: Enabled. Permanently consumes one hw-PMU counter.
2018-08-27 14:27:32,361 process          L0367 DEBUG| [stdout] [    3.228564] smp: Bringing up secondary CPUs ...
2018-08-27 14:27:32,361 process          L0367 DEBUG| [stdout] [    3.228564] x86: Booting SMP configuration:
2018-08-27 14:27:32,361 process          L0367 DEBUG| [stdout] [    3.228564] .... node  #0, CPUs:          #1   #2   #3   #4   #5   #6   #7
2018-08-27 14:27:32,361 process          L0367 DEBUG| [stdout] [    3.244795] .... node  #1, CPUs:     #8   #9  #10  #11  #12  #13  #14  #15
2018-08-27 14:27:32,361 process          L0367 DEBUG| [stdout] [    3.267143] .... node  #2, CPUs:    #16  #17  #18  #19  #20  #21  #22  #23
2018-08-27 14:27:32,361 process          L0367 DEBUG| [stdout] [    3.288688] .... node  #3, CPUs:    #24  #25  #26  #27  #28  #29  #30  #31
2018-08-27 14:27:32,361 process          L0367 DEBUG| [stdout] [    3.311107] .... node  #4, CPUs:    #32  #33  #34  #35  #36  #37  #38  #39
2018-08-27 14:27:32,361 process          L0367 DEBUG| [stdout] [    3.395150] .... node  #5, CPUs:    #40  #41  #42  #43  #44  #45  #46  #47
2018-08-27 14:27:32,361 process          L0367 DEBUG| [stdout] [    3.416704] .... node  #6, CPUs:    #48  #49  #50  #51  #52  #53  #54  #55
2018-08-27 14:27:32,362 process          L0367 DEBUG| [stdout] [    3.436799] .... node  #7, CPUs:    #56  #57  #58  #59  #60  #61  #62  #63
2018-08-27 14:27:32,362 process          L0367 DEBUG| [stdout] [    3.460576] .... node  #0, CPUs:    #64  #65  #66  #67  #68  #69  #70  #71
2018-08-27 14:27:32,362 process          L0367 DEBUG| [stdout] [    3.480787] .... node  #1, CPUs:    #72  #73  #74  #75  #76  #77  #78  #79
2018-08-27 14:27:32,362 process          L0367 DEBUG| [stdout] [    3.500778] .... node  #2, CPUs:    #80  #81  #82  #83  #84  #85  #86  #87
2018-08-27 14:27:32,362 process          L0367 DEBUG| [stdout] [    3.522923] .... node  #3, CPUs:    #88  #89  #90  #91  #92  #93  #94  #95
2018-08-27 14:27:32,362 process          L0367 DEBUG| [stdout] [    3.542828] .... node  #4, CPUs:    #96  #97  #98  #99 #100 #101 #102 #103
2018-08-27 14:27:32,362 process          L0367 DEBUG| [stdout] [    3.564684] .... node  #5, CPUs:   #104 #105 #106 #107 #108 #109 #110 #111
2018-08-27 14:27:32,362 process          L0367 DEBUG| [stdout] [    3.584693] .... node  #6, CPUs:   #112 #113 #114 #115 #116 #117 #118 #119
2018-08-27 14:27:32,362 process          L0367 DEBUG| [stdout] [    3.604594] .... node  #7, CPUs:   #120 #121 #122 #123 #124 #125 #126 #127
2018-08-27 14:27:32,362 process          L0367 DEBUG| [stdout] [    3.624770] smp: Brought up 8 nodes, 128 CPUs
2018-08-27 14:27:32,362 process          L0367 DEBUG| [stdout] [    3.624770] smpboot: Max logical packages: 2
2018-08-27 14:27:32,362 process          L0367 DEBUG| [stdout] [    3.624770] smpboot: Total of 128 processors activated (485215.36 BogoMIPS)
2018-08-27 14:27:32,362 process          L0367 DEBUG| [stdout] [    3.646156] devtmpfs: initialized
2018-08-27 14:27:32,363 process          L0367 DEBUG| [stdout] [    3.646156] x86/mm: Memory block size: 128MB
2018-08-27 14:27:32,363 process          L0367 DEBUG| [stdout] [    3.651097] PM: Registering ACPI NVS region [mem 0x79bee000-0x79fe5fff] (4161536 bytes)
2018-08-27 14:27:32,363 process          L0367 DEBUG| [stdout] [    3.651097] clocksource: jiffies: mask: 0xffffffff max_cycles: 0xffffffff, max_idle_ns: 7645041785100000 ns
2018-08-27 14:27:32,363 process          L0367 DEBUG| [stdout] [    3.651097] futex hash table entries: 32768 (order: 9, 2097152 bytes)
2018-08-27 14:27:32,363 process          L0367 DEBUG| [stdout] [    3.653483] pinctrl core: initialized pinctrl subsystem
2018-08-27 14:27:32,363 process          L0367 DEBUG| [stdout] [    3.653658] RTC time: 19:26:28, date: 08/27/18
2018-08-27 14:27:32,363 process          L0367 DEBUG| [stdout] [    3.655705] NET: Registered protocol family 16
2018-08-27 14:27:32,363 process          L0367 DEBUG| [stdout] [    3.655864] audit: initializing netlink subsys (disabled)
2018-08-27 14:27:32,363 process          L0367 DEBUG| [stdout] [    3.655872] audit: type=2000 audit(1535397986.492:1): state=initialized audit_enabled=0 res=1
2018-08-27 14:27:32,363 process          L0367 DEBUG| [stdout] [    3.655872] cpuidle: using governor ladder
2018-08-27 14:27:32,363 process          L0367 DEBUG| [stdout] [    3.655872] cpuidle: using governor menu
2018-08-27 14:27:32,363 process          L0367 DEBUG| [stdout] [    3.660636] ACPI: bus type PCI registered
2018-08-27 14:27:32,363 process          L0367 DEBUG| [stdout] [    3.660638] acpiphp: ACPI Hot Plug PCI Controller Driver version: 0.5
2018-08-27 14:27:32,364 process          L0367 DEBUG| [stdout] [    3.660818] PCI: MMCONFIG for domain 0000 [bus 00-7f] at [mem 0xe0000000-0xe7ffffff] (base 0xe0000000)
2018-08-27 14:27:32,364 process          L0367 DEBUG| [stdout] [    3.660823] PCI: not using MMCONFIG
2018-08-27 14:27:32,364 process          L0367 DEBUG| [stdout] [    3.660824] PCI: Using configuration type 1 for base access
2018-08-27 14:27:32,364 process          L0367 DEBUG| [stdout] [    3.660824] PCI: Using configuration type 1 for extended access
2018-08-27 14:27:32,364 process          L0367 DEBUG| [stdout] [    3.671068] HugeTLB registered 1.00 GiB page size, pre-allocated 0 pages
2018-08-27 14:27:32,364 process          L0367 DEBUG| [stdout] [    3.671068] HugeTLB registered 2.00 MiB page size, pre-allocated 0 pages
2018-08-27 14:27:32,364 process          L0367 DEBUG| [stdout] [    3.673284] ACPI: Added _OSI(Module Device)
2018-08-27 14:27:32,364 process          L0367 DEBUG| [stdout] [    3.673284] ACPI: Added _OSI(Processor Device)
2018-08-27 14:27:32,364 process          L0367 DEBUG| [stdout] [    3.673284] ACPI: Added _OSI(3.0 _SCP Extensions)
2018-08-27 14:27:32,364 process          L0367 DEBUG| [stdout] [    3.673284] ACPI: Added _OSI(Processor Aggregator Device)
2018-08-27 14:27:32,364 process          L0367 DEBUG| [stdout] [    3.673284] ACPI: Added _OSI(Linux-Dell-Video)
2018-08-27 14:27:32,364 process          L0367 DEBUG| [stdout] [    3.673284] ACPI: Added _OSI(Linux-Lenovo-NV-HDMI-Audio)
2018-08-27 14:27:32,365 process          L0367 DEBUG| [stdout] [    3.699004] ACPI: 5 ACPI AML tables successfully acquired and loaded
2018-08-27 14:27:32,365 process          L0367 DEBUG| [stdout] [    3.708135] ACPI: Interpreter enabled
2018-08-27 14:27:32,365 process          L0367 DEBUG| [stdout] [    3.708149] ACPI: (supports S0 S5)
2018-08-27 14:27:32,365 process          L0367 DEBUG| [stdout] [    3.708151] ACPI: Using IOAPIC for interrupt routing
2018-08-27 14:27:32,365 process          L0367 DEBUG| [stdout] [    3.712797] PCI: MMCONFIG for domain 0000 [bus 00-7f] at [mem 0xe0000000-0xe7ffffff] (base 0xe0000000)
2018-08-27 14:27:32,365 process          L0367 DEBUG| [stdout] [    3.712847] PCI: MMCONFIG at [mem 0xe0000000-0xe7ffffff] reserved in ACPI motherboard resources
2018-08-27 14:27:32,365 process          L0367 DEBUG| [stdout] [    3.712879] HEST: Table parsing has been initialized.
2018-08-27 14:27:32,365 process          L0367 DEBUG| [stdout] [    3.712882] PCI: Using host bridge windows from ACPI; if necessary, use "pci=nocrs" and report a bug
2018-08-27 14:27:32,365 process          L0367 DEBUG| [stdout] [    3.713428] ACPI: Enabled 2 GPEs in block 00 to 1F
2018-08-27 14:27:32,365 process          L0367 DEBUG| [stdout] [    3.714656] ACPI: Power Resource [P0SA] (off)
2018-08-27 14:27:32,365 process          L0367 DEBUG| [stdout] [    3.714683] ACPI: Power Resource [P3SA] (off)
2018-08-27 14:27:32,365 process          L0367 DEBUG| [stdout] [    3.721437] ACPI: Power Resource [P0SA] (off)
2018-08-27 14:27:32,365 process          L0367 DEBUG| [stdout] [    3.721462] ACPI: Power Resource [P3SA] (off)
2018-08-27 14:27:32,366 process          L0367 DEBUG| [stdout] [    3.723338] ACPI: Power Resource [P0SA] (off)
2018-08-27 14:27:32,366 process          L0367 DEBUG| [stdout] [    3.723370] ACPI: Power Resource [P3SA] (off)
2018-08-27 14:27:32,366 process          L0367 DEBUG| [stdout] [    3.724876] ACPI: Power Resource [P0SA] (off)
2018-08-27 14:27:32,366 process          L0367 DEBUG| [stdout] [    3.724900] ACPI: Power Resource [P3SA] (off)
2018-08-27 14:27:32,366 process          L0367 DEBUG| [stdout] [    3.726140] ACPI: Power Resource [P0SA] (off)
2018-08-27 14:27:32,366 process          L0367 DEBUG| [stdout] [    3.726171] ACPI: Power Resource [P3SA] (off)
2018-08-27 14:27:32,366 process          L0367 DEBUG| [stdout] [    3.727542] ACPI: Power Resource [P0SA] (off)
2018-08-27 14:27:32,366 process          L0367 DEBUG| [stdout] [    3.727573] ACPI: Power Resource [P3SA] (off)
2018-08-27 14:27:32,366 process          L0367 DEBUG| [stdout] [    3.728986] ACPI: Power Resource [P0SA] (off)
2018-08-27 14:27:32,366 process          L0367 DEBUG| [stdout] [    3.729012] ACPI: Power Resource [P3SA] (off)
2018-08-27 14:27:32,366 process          L0367 DEBUG| [stdout] [    3.730325] ACPI: Power Resource [P0SA] (off)
2018-08-27 14:27:32,366 process          L0367 DEBUG| [stdout] [    3.730356] ACPI: Power Resource [P3SA] (off)
2018-08-27 14:27:32,366 process          L0367 DEBUG| [stdout] [    3.737102] ACPI: PCI Root Bridge [PCI0] (domain 0000 [bus 00-0f])
2018-08-27 14:27:32,367 process          L0367 DEBUG| [stdout] [    3.737108] acpi PNP0A08:00: _OSC: OS supports [ExtendedConfig ASPM ClockPM Segments MSI]
2018-08-27 14:27:32,367 process          L0367 DEBUG| [stdout] [    3.737315] acpi PNP0A08:00: _OSC: platform does not support [LTR]
2018-08-27 14:27:32,367 process          L0367 DEBUG| [stdout] [    3.737511] acpi PNP0A08:00: _OSC: OS now controls [PCIeHotplug PME AER PCIeCapability]
2018-08-27 14:27:32,367 process          L0367 DEBUG| [stdout] [    3.737653] acpi PNP0A08:00: host bridge window expanded to [io  0x0400-0x1fff]; [io  0x0400-0x1fff window] ignored
2018-08-27 14:27:32,367 process          L0367 DEBUG| [stdout] [    3.737770] PCI host bridge to bus 0000:00
2018-08-27 14:27:32,367 process          L0367 DEBUG| [stdout] [    3.737771] pci_bus 0000:00: root bus resource [io  0x0400-0x1fff]
2018-08-27 14:27:32,367 process          L0367 DEBUG| [stdout] [    3.737773] pci_bus 0000:00: root bus resource [io  0x0000-0x02e7 window]
2018-08-27 14:27:32,367 process          L0367 DEBUG| [stdout] [    3.737774] pci_bus 0000:00: root bus resource [mem 0x000c0000-0x000dffff window]
2018-08-27 14:27:32,367 process          L0367 DEBUG| [stdout] [    3.737775] pci_bus 0000:00: root bus resource [mem 0xe8000000-0xea5fffff window]
2018-08-27 14:27:32,367 process          L0367 DEBUG| [stdout] [    3.737777] pci_bus 0000:00: root bus resource [mem 0x1080000000-0x2e6fffffff window]
2018-08-27 14:27:32,367 process          L0367 DEBUG| [stdout] [    3.737778] pci_bus 0000:00: root bus resource [bus 00-0f]
2018-08-27 14:27:32,367 process          L0367 DEBUG| [stdout] [    3.737787] pci 0000:00:00.0: [1022:1450] type 00 class 0x060000
2018-08-27 14:27:32,367 process          L0367 DEBUG| [stdout] [    3.737874] pci 0000:00:00.2: [1022:1451] type 00 class 0x080600
2018-08-27 14:27:32,368 process          L0367 DEBUG| [stdout] [    3.737966] pci 0000:00:01.0: [1022:1452] type 00 class 0x060000
2018-08-27 14:27:32,368 process          L0367 DEBUG| [stdout] [    3.738036] pci 0000:00:01.1: [1022:1453] type 01 class 0x060400
2018-08-27 14:27:32,368 process          L0367 DEBUG| [stdout] [    3.738827] pci 0000:00:01.1: PME# supported from D0 D3hot D3cold
2018-08-27 14:27:32,368 process          L0367 DEBUG| [stdout] [    3.738951] pci 0000:00:02.0: [1022:1452] type 00 class 0x060000
2018-08-27 14:27:32,368 process          L0367 DEBUG| [stdout] [    3.739030] pci 0000:00:03.0: [1022:1452] type 00 class 0x060000
2018-08-27 14:27:32,368 process          L0367 DEBUG| [stdout] [    3.739108] pci 0000:00:04.0: [1022:1452] type 00 class 0x060000
2018-08-27 14:27:32,368 process          L0367 DEBUG| [stdout] [    3.739194] pci 0000:00:07.0: [1022:1452] type 00 class 0x060000
2018-08-27 14:27:32,368 process          L0367 DEBUG| [stdout] [    3.739260] pci 0000:00:07.1: [1022:1454] type 01 class 0x060400
2018-08-27 14:27:32,368 process          L0367 DEBUG| [stdout] [    3.739352] pci 0000:00:07.1: enabling Extended Tags
2018-08-27 14:27:32,368 process          L0367 DEBUG| [stdout] [    3.739430] pci 0000:00:07.1: PME# supported from D0 D3hot D3cold
2018-08-27 14:27:32,368 process          L0367 DEBUG| [stdout] [    3.739537] pci 0000:00:08.0: [1022:1452] type 00 class 0x060000
2018-08-27 14:27:32,368 process          L0367 DEBUG| [stdout] [    3.739615] pci 0000:00:08.1: [1022:1454] type 01 class 0x060400
2018-08-27 14:27:32,369 process          L0367 DEBUG| [stdout] [    3.740569] pci 0000:00:08.1: enabling Extended Tags
2018-08-27 14:27:32,369 process          L0367 DEBUG| [stdout] [    3.741424] pci 0000:00:08.1: PME# supported from D0 D3hot D3cold
2018-08-27 14:27:32,369 process          L0367 DEBUG| [stdout] [    3.741559] pci 0000:00:14.0: [1022:790b] type 00 class 0x0c0500
2018-08-27 14:27:32,369 process          L0367 DEBUG| [stdout] [    3.741779] pci 0000:00:14.3: [1022:790e] type 00 class 0x060100
2018-08-27 14:27:32,369 process          L0367 DEBUG| [stdout] [    3.742005] pci 0000:00:18.0: [1022:1460] type 00 class 0x060000
2018-08-27 14:27:32,369 process          L0367 DEBUG| [stdout] [    3.742065] pci 0000:00:18.1: [1022:1461] type 00 class 0x060000
2018-08-27 14:27:32,369 process          L0367 DEBUG| [stdout] [    3.742123] pci 0000:00:18.2: [1022:1462] type 00 class 0x060000
2018-08-27 14:27:32,369 process          L0367 DEBUG| [stdout] [    3.742188] pci 0000:00:18.3: [1022:1463] type 00 class 0x060000
2018-08-27 14:27:32,369 process          L0367 DEBUG| [stdout] [    3.742249] pci 0000:00:18.4: [1022:1464] type 00 class 0x060000
2018-08-27 14:27:32,369 process          L0367 DEBUG| [stdout] [    3.742308] pci 0000:00:18.5: [1022:1465] type 00 class 0x060000
2018-08-27 14:27:32,369 process          L0367 DEBUG| [stdout] [    3.742368] pci 0000:00:18.6: [1022:1466] type 00 class 0x060000
2018-08-27 14:27:32,369 process          L0367 DEBUG| [stdout] [    3.742426] pci 0000:00:18.7: [1022:1467] type 00 class 0x060000
2018-08-27 14:27:32,369 process          L0367 DEBUG| [stdout] [    3.742491] pci 0000:00:19.0: [1022:1460] type 00 class 0x060000
2018-08-27 14:27:32,370 process          L0367 DEBUG| [stdout] [    3.742555] pci 0000:00:19.1: [1022:1461] type 00 class 0x060000
2018-08-27 14:27:32,370 process          L0367 DEBUG| [stdout] [    3.742607] pci 0000:00:19.2: [1022:1462] type 00 class 0x060000
2018-08-27 14:27:32,370 process          L0367 DEBUG| [stdout] [    3.742675] pci 0000:00:19.3: [1022:1463] type 00 class 0x060000
2018-08-27 14:27:32,370 process          L0367 DEBUG| [stdout] [    3.742727] pci 0000:00:19.4: [1022:1464] type 00 class 0x060000
2018-08-27 14:27:32,370 process          L0367 DEBUG| [stdout] [    3.742781] pci 0000:00:19.5: [1022:1465] type 00 class 0x060000
2018-08-27 14:27:32,370 process          L0367 DEBUG| [stdout] [    3.742837] pci 0000:00:19.6: [1022:1466] type 00 class 0x060000
2018-08-27 14:27:32,370 process          L0367 DEBUG| [stdout] [    3.742891] pci 0000:00:19.7: [1022:1467] type 00 class 0x060000
2018-08-27 14:27:32,370 process          L0367 DEBUG| [stdout] [    3.742945] pci 0000:00:1a.0: [1022:1460] type 00 class 0x060000
2018-08-27 14:27:32,370 process          L0367 DEBUG| [stdout] [    3.742997] pci 0000:00:1a.1: [1022:1461] type 00 class 0x060000
2018-08-27 14:27:32,370 process          L0367 DEBUG| [stdout] [    3.743055] pci 0000:00:1a.2: [1022:1462] type 00 class 0x060000
2018-08-27 14:27:32,370 process          L0367 DEBUG| [stdout] [    3.743111] pci 0000:00:1a.3: [1022:1463] type 00 class 0x060000
2018-08-27 14:27:32,370 process          L0367 DEBUG| [stdout] [    3.743162] pci 0000:00:1a.4: [1022:1464] type 00 class 0x060000
2018-08-27 14:27:32,370 process          L0367 DEBUG| [stdout] [    3.743222] pci 0000:00:1a.5: [1022:1465] type 00 class 0x060000
2018-08-27 14:27:32,371 process          L0367 DEBUG| [stdout] [    3.743283] pci 0000:00:1a.6: [1022:1466] type 00 class 0x060000
2018-08-27 14:27:32,371 process          L0367 DEBUG| [stdout] [    3.743350] pci 0000:00:1a.7: [1022:1467] type 00 class 0x060000
2018-08-27 14:27:32,371 process          L0367 DEBUG| [stdout] [    3.743414] pci 0000:00:1b.0: [1022:1460] type 00 class 0x060000
2018-08-27 14:27:32,371 process          L0367 DEBUG| [stdout] [    3.743475] pci 0000:00:1b.1: [1022:1461] type 00 class 0x060000
2018-08-27 14:27:32,371 process          L0367 DEBUG| [stdout] [    3.743541] pci 0000:00:1b.2: [1022:1462] type 00 class 0x060000
2018-08-27 14:27:32,371 process          L0367 DEBUG| [stdout] [    3.743605] pci 0000:00:1b.3: [1022:1463] type 00 class 0x060000
2018-08-27 14:27:32,371 process          L0367 DEBUG| [stdout] [    3.743670] pci 0000:00:1b.4: [1022:1464] type 00 class 0x060000
2018-08-27 14:27:32,371 process          L0367 DEBUG| [stdout] [    3.743733] pci 0000:00:1b.5: [1022:1465] type 00 class 0x060000
2018-08-27 14:27:32,371 process          L0367 DEBUG| [stdout] [    3.743794] pci 0000:00:1b.6: [1022:1466] type 00 class 0x060000
2018-08-27 14:27:32,371 process          L0367 DEBUG| [stdout] [    3.743860] pci 0000:00:1b.7: [1022:1467] type 00 class 0x060000
2018-08-27 14:27:32,371 process          L0367 DEBUG| [stdout] [    3.743923] pci 0000:00:1c.0: [1022:1460] type 00 class 0x060000
2018-08-27 14:27:32,371 process          L0367 DEBUG| [stdout] [    3.743993] pci 0000:00:1c.1: [1022:1461] type 00 class 0x060000
2018-08-27 14:27:32,371 process          L0367 DEBUG| [stdout] [    3.744064] pci 0000:00:1c.2: [1022:1462] type 00 class 0x060000
2018-08-27 14:27:32,372 process          L0367 DEBUG| [stdout] [    3.744134] pci 0000:00:1c.3: [1022:1463] type 00 class 0x060000
2018-08-27 14:27:32,372 process          L0367 DEBUG| [stdout] [    3.744207] pci 0000:00:1c.4: [1022:1464] type 00 class 0x060000
2018-08-27 14:27:32,372 process          L0367 DEBUG| [stdout] [    3.744275] pci 0000:00:1c.5: [1022:1465] type 00 class 0x060000
2018-08-27 14:27:32,372 process          L0367 DEBUG| [stdout] [    3.744345] pci 0000:00:1c.6: [1022:1466] type 00 class 0x060000
2018-08-27 14:27:32,372 process          L0367 DEBUG| [stdout] [    3.744414] pci 0000:00:1c.7: [1022:1467] type 00 class 0x060000
2018-08-27 14:27:32,372 process          L0367 DEBUG| [stdout] [    3.744472] pci 0000:00:1d.0: [1022:1460] type 00 class 0x060000
2018-08-27 14:27:32,372 process          L0367 DEBUG| [stdout] [    3.744581] pci 0000:00:1d.1: [1022:1461] type 00 class 0x060000
2018-08-27 14:27:32,372 process          L0367 DEBUG| [stdout] [    3.744640] pci 0000:00:1d.2: [1022:1462] type 00 class 0x060000
2018-08-27 14:27:32,372 process          L0367 DEBUG| [stdout] [    3.744705] pci 0000:00:1d.3: [1022:1463] type 00 class 0x060000
2018-08-27 14:27:32,372 process          L0367 DEBUG| [stdout] [    3.744768] pci 0000:00:1d.4: [1022:1464] type 00 class 0x060000
2018-08-27 14:27:32,372 process          L0367 DEBUG| [stdout] [    3.744827] pci 0000:00:1d.5: [1022:1465] type 00 class 0x060000
2018-08-27 14:27:32,372 process          L0367 DEBUG| [stdout] [    3.744888] pci 0000:00:1d.6: [1022:1466] type 00 class 0x060000
2018-08-27 14:27:32,373 process          L0367 DEBUG| [stdout] [    3.744946] pci 0000:00:1d.7: [1022:1467] type 00 class 0x060000
2018-08-27 14:27:32,373 process          L0367 DEBUG| [stdout] [    3.745012] pci 0000:00:1e.0: [1022:1460] type 00 class 0x060000
2018-08-27 14:27:32,373 process          L0367 DEBUG| [stdout] [    3.745070] pci 0000:00:1e.1: [1022:1461] type 00 class 0x060000
2018-08-27 14:27:32,373 process          L0367 DEBUG| [stdout] [    3.745127] pci 0000:00:1e.2: [1022:1462] type 00 class 0x060000
2018-08-27 14:27:32,373 process          L0367 DEBUG| [stdout] [    3.745188] pci 0000:00:1e.3: [1022:1463] type 00 class 0x060000
2018-08-27 14:27:32,373 process          L0367 DEBUG| [stdout] [    3.745244] pci 0000:00:1e.4: [1022:1464] type 00 class 0x060000
2018-08-27 14:27:32,373 process          L0367 DEBUG| [stdout] [    3.745304] pci 0000:00:1e.5: [1022:1465] type 00 class 0x060000
2018-08-27 14:27:32,373 process          L0367 DEBUG| [stdout] [    3.745362] pci 0000:00:1e.6: [1022:1466] type 00 class 0x060000
2018-08-27 14:27:32,373 process          L0367 DEBUG| [stdout] [    3.745419] pci 0000:00:1e.7: [1022:1467] type 00 class 0x060000
2018-08-27 14:27:32,373 process          L0367 DEBUG| [stdout] [    3.745477] pci 0000:00:1f.0: [1022:1460] type 00 class 0x060000
2018-08-27 14:27:32,373 process          L0367 DEBUG| [stdout] [    3.745536] pci 0000:00:1f.1: [1022:1461] type 00 class 0x060000
2018-08-27 14:27:32,373 process          L0367 DEBUG| [stdout] [    3.745596] pci 0000:00:1f.2: [1022:1462] type 00 class 0x060000
2018-08-27 14:27:32,373 process          L0367 DEBUG| [stdout] [    3.745659] pci 0000:00:1f.3: [1022:1463] type 00 class 0x060000
2018-08-27 14:27:32,374 process          L0367 DEBUG| [stdout] [    3.745719] pci 0000:00:1f.4: [1022:1464] type 00 class 0x060000
2018-08-27 14:27:32,374 process          L0367 DEBUG| [stdout] [    3.745780] pci 0000:00:1f.5: [1022:1465] type 00 class 0x060000
2018-08-27 14:27:32,374 process          L0367 DEBUG| [stdout] [    3.745838] pci 0000:00:1f.6: [1022:1466] type 00 class 0x060000
2018-08-27 14:27:32,374 process          L0367 DEBUG| [stdout] [    3.745901] pci 0000:00:1f.7: [1022:1467] type 00 class 0x060000
2018-08-27 14:27:32,374 process          L0367 DEBUG| [stdout] [    3.747024] pci 0000:01:00.0: [11ab:4370] type 00 class 0x020000
2018-08-27 14:27:32,374 process          L0367 DEBUG| [stdout] [    3.747337] pci 0000:01:00.0: reg 0x10: [mem 0xea520000-0xea523fff 64bit]
2018-08-27 14:27:32,374 process          L0367 DEBUG| [stdout] [    3.747432] pci 0000:01:00.0: reg 0x18: [io  0x1000-0x10ff]
2018-08-27 14:27:32,374 process          L0367 DEBUG| [stdout] [    3.747823] pci 0000:01:00.0: reg 0x30: [mem 0xea500000-0xea51ffff pref]
2018-08-27 14:27:32,374 process          L0367 DEBUG| [stdout] [    3.748621] pci 0000:01:00.0: supports D1 D2
2018-08-27 14:27:32,374 process          L0367 DEBUG| [stdout] [    3.748622] pci 0000:01:00.0: PME# supported from D0 D1 D2 D3hot D3cold
2018-08-27 14:27:32,374 process          L0367 DEBUG| [stdout] [    3.749072] pci 0000:01:00.0: 2.000 Gb/s available PCIe bandwidth, limited by 2.5 GT/s x1 link at 0000:00:01.1 (capable of 7.876 Gb/s with 8 GT/s x1 link)
2018-08-27 14:27:32,374 process          L0367 DEBUG| [stdout] [    3.749641] pci 0000:00:01.1: PCI bridge to [bus 01]
2018-08-27 14:27:32,374 process          L0367 DEBUG| [stdout] [    3.749645] pci 0000:00:01.1:   bridge window [io  0x1000-0x1fff]
2018-08-27 14:27:32,375 process          L0367 DEBUG| [stdout] [    3.749648] pci 0000:00:01.1:   bridge window [mem 0xea500000-0xea5fffff]
2018-08-27 14:27:32,375 process          L0367 DEBUG| [stdout] [    3.750740] pci 0000:02:00.0: [1022:145a] type 00 class 0x130000
2018-08-27 14:27:32,375 process          L0367 DEBUG| [stdout] [    3.750768] pci 0000:02:00.0: enabling Extended Tags
2018-08-27 14:27:32,375 process          L0367 DEBUG| [stdout] [    3.750846] pci 0000:02:00.2: [1022:1456] type 00 class 0x108000
2018-08-27 14:27:32,375 process          L0367 DEBUG| [stdout] [    3.750861] pci 0000:02:00.2: reg 0x18: [mem 0xea100000-0xea1fffff]
2018-08-27 14:27:32,375 process          L0367 DEBUG| [stdout] [    3.750870] pci 0000:02:00.2: reg 0x24: [mem 0xea200000-0xea201fff]
2018-08-27 14:27:32,375 process          L0367 DEBUG| [stdout] [    3.750876] pci 0000:02:00.2: enabling Extended Tags
2018-08-27 14:27:32,375 process          L0367 DEBUG| [stdout] [    3.750958] pci 0000:02:00.3: [1022:145f] type 00 class 0x0c0330
2018-08-27 14:27:32,375 process          L0367 DEBUG| [stdout] [    3.750971] pci 0000:02:00.3: reg 0x10: [mem 0xea000000-0xea0fffff 64bit]
2018-08-27 14:27:32,375 process          L0367 DEBUG| [stdout] [    3.750993] pci 0000:02:00.3: enabling Extended Tags
2018-08-27 14:27:32,375 process          L0367 DEBUG| [stdout] [    3.751023] pci 0000:02:00.3: PME# supported from D0 D3hot D3cold
2018-08-27 14:27:32,375 process          L0367 DEBUG| [stdout] [    3.751088] pci 0000:00:07.1: PCI bridge to [bus 02]
2018-08-27 14:27:32,375 process          L0367 DEBUG| [stdout] [    3.751092] pci 0000:00:07.1:   bridge window [mem 0xea000000-0xea2fffff]
2018-08-27 14:27:32,376 process          L0367 DEBUG| [stdout] [    3.751387] pci 0000:03:00.0: [1022:1455] type 00 class 0x130000
2018-08-27 14:27:32,376 process          L0367 DEBUG| [stdout] [    3.751420] pci 0000:03:00.0: enabling Extended Tags
2018-08-27 14:27:32,376 process          L0367 DEBUG| [stdout] [    3.751511] pci 0000:03:00.1: [1022:1468] type 00 class 0x108000
2018-08-27 14:27:32,376 process          L0367 DEBUG| [stdout] [    3.751529] pci 0000:03:00.1: reg 0x18: [mem 0xea300000-0xea3fffff]
2018-08-27 14:27:32,376 process          L0367 DEBUG| [stdout] [    3.751539] pci 0000:03:00.1: reg 0x24: [mem 0xea400000-0xea401fff]
2018-08-27 14:27:32,376 process          L0367 DEBUG| [stdout] [    3.751546] pci 0000:03:00.1: enabling Extended Tags
2018-08-27 14:27:32,376 process          L0367 DEBUG| [stdout] [    3.751656] pci 0000:00:08.1: PCI bridge to [bus 03]
2018-08-27 14:27:32,376 process          L0367 DEBUG| [stdout] [    3.751660] pci 0000:00:08.1:   bridge window [mem 0xea300000-0xea4fffff]
2018-08-27 14:27:32,376 process          L0367 DEBUG| [stdout] [    3.751678] pci_bus 0000:00: on NUMA node 0
2018-08-27 14:27:32,376 process          L0367 DEBUG| [stdout] [    3.752747] ACPI: PCI Root Bridge [S0D1] (domain 0000 [bus 10-1f])
2018-08-27 14:27:32,376 process          L0367 DEBUG| [stdout] [    3.752751] acpi PNP0A08:01: _OSC: OS supports [ExtendedConfig ASPM ClockPM Segments MSI]
2018-08-27 14:27:32,376 process          L0367 DEBUG| [stdout] [    3.752954] acpi PNP0A08:01: _OSC: platform does not support [LTR]
2018-08-27 14:27:32,377 process          L0367 DEBUG| [stdout] [    3.753150] acpi PNP0A08:01: _OSC: OS now controls [PCIeHotplug PME AER PCIeCapability]
2018-08-27 14:27:32,377 process          L0367 DEBUG| [stdout] [    3.753447] PCI host bridge to bus 0000:10
2018-08-27 14:27:32,377 process          L0367 DEBUG| [stdout] [    3.753448] pci_bus 0000:10: root bus resource [io  0x03b0-0x03df window]
2018-08-27 14:27:32,377 process          L0367 DEBUG| [stdout] [    3.753450] pci_bus 0000:10: root bus resource [io  0x2000-0x3fff window]
2018-08-27 14:27:32,377 process          L0367 DEBUG| [stdout] [    3.753451] pci_bus 0000:10: root bus resource [mem 0x000a0000-0x000bffff window]
2018-08-27 14:27:32,377 process          L0367 DEBUG| [stdout] [    3.753452] pci_bus 0000:10: root bus resource [mem 0xce000000-0xd59fffff window]
2018-08-27 14:27:32,377 process          L0367 DEBUG| [stdout] [    3.753453] pci_bus 0000:10: root bus resource [mem 0x2e70000000-0x4c5fffffff window]
2018-08-27 14:27:32,377 process          L0367 DEBUG| [stdout] [    3.753454] pci_bus 0000:10: root bus resource [bus 10-1f]
2018-08-27 14:27:32,377 process          L0367 DEBUG| [stdout] [    3.753459] pci 0000:10:00.0: [1022:1450] type 00 class 0x060000
