2018-08-22 12:14:20,105 extension        L0189 DEBUG| found extension EntryPoint.parse('journal = avocado.plugins.journal:JournalResult')
2018-08-22 12:14:20,105 extension        L0189 DEBUG| found extension EntryPoint.parse('tap = avocado.plugins.tap:TAPResult')
2018-08-22 12:14:20,106 extension        L0189 DEBUG| found extension EntryPoint.parse('human = avocado.plugins.human:Human')
2018-08-22 12:14:20,106 extension        L0189 DEBUG| found extension EntryPoint.parse('vt-joblock = avocado_vt.plugins.vt_joblock:VTJobLock')
2018-08-22 12:14:20,108 extension        L0189 DEBUG| found extension EntryPoint.parse('teststmpdir = avocado.plugins.teststmpdir:TestsTmpDir')
2018-08-22 12:14:20,108 extension        L0189 DEBUG| found extension EntryPoint.parse('jobscripts = avocado.plugins.jobscripts:JobScripts')
2018-08-22 12:14:20,109 extension        L0189 DEBUG| found extension EntryPoint.parse('human = avocado.plugins.human:HumanJob')
2018-08-22 12:14:20,115 extension        L0189 DEBUG| found extension EntryPoint.parse('yaml_to_mux = avocado_varianter_yaml_to_mux:YamlToMux')
2018-08-22 12:14:20,120 sysinfo          L0392 DEBUG| File /etc/avocado/sysinfo/commands does not exist.
2018-08-22 12:14:20,120 sysinfo          L0403 DEBUG| File /etc/avocado/sysinfo/files does not exist.
2018-08-22 12:14:20,120 sysinfo          L0430 DEBUG| File /etc/avocado/sysinfo/profilers does not exist.
2018-08-22 12:14:20,343 job              L0327 INFO | Command line: /usr/local/bin/avocado run ./avocado-misc-tests/generic/sysbench.py -m avocadosysbench.starship.yaml
2018-08-22 12:14:20,344 job              L0328 INFO | 
2018-08-22 12:14:20,344 job              L0362 INFO | Avocado version: 58.0
2018-08-22 12:14:20,344 job              L0363 INFO | 
2018-08-22 12:14:20,344 job              L0367 INFO | Config files read (in order):
2018-08-22 12:14:20,344 job              L0369 INFO | /usr/local/lib/python2.7/dist-packages/avocado_framework-58.0-py2.7.egg/avocado/etc/avocado/avocado.conf
2018-08-22 12:14:20,344 job              L0369 INFO | /usr/local/lib/python2.7/dist-packages/avocado_framework-58.0-py2.7.egg/avocado/etc/avocado/conf.d/jobscripts.conf
2018-08-22 12:14:20,344 job              L0369 INFO | /usr/local/lib/python2.7/dist-packages/avocado_framework-58.0-py2.7.egg/avocado/etc/avocado/conf.d/gdb.conf
2018-08-22 12:14:20,344 job              L0369 INFO | /usr/local/lib/python2.7/dist-packages/avocado_framework-58.0-py2.7.egg/avocado/etc/avocado/conf.d/result_upload.conf
2018-08-22 12:14:20,344 job              L0369 INFO | /usr/local/lib/python2.7/dist-packages/avocado_framework-58.0-py2.7.egg/avocado/etc/avocado/conf.d/resultsdb.conf
2018-08-22 12:14:20,344 job              L0369 INFO | /home/jenkins/.config/avocado/avocado.conf
2018-08-22 12:14:20,345 job              L0374 INFO | 
2018-08-22 12:14:20,345 job              L0376 INFO | Avocado config:
2018-08-22 12:14:20,346 job              L0385 INFO | Section.Key                              Value
2018-08-22 12:14:20,346 job              L0385 INFO | datadir.paths.base_dir                   /var/lib/avocado
2018-08-22 12:14:20,346 job              L0385 INFO | datadir.paths.test_dir                   /usr/share/avocado/tests
2018-08-22 12:14:20,346 job              L0385 INFO | datadir.paths.data_dir                   /var/lib/avocado/data
2018-08-22 12:14:20,346 job              L0385 INFO | datadir.paths.logs_dir                   ~/avocado/job-results
2018-08-22 12:14:20,346 job              L0385 INFO | sysinfo.collect.enabled                  True
2018-08-22 12:14:20,346 job              L0385 INFO | sysinfo.collect.commands_timeout         -1
2018-08-22 12:14:20,346 job              L0385 INFO | sysinfo.collect.installed_packages       False
2018-08-22 12:14:20,347 job              L0385 INFO | sysinfo.collect.profiler                 False
2018-08-22 12:14:20,347 job              L0385 INFO | sysinfo.collect.locale                   C
2018-08-22 12:14:20,347 job              L0385 INFO | sysinfo.collect.per_test                 False
2018-08-22 12:14:20,347 job              L0385 INFO | sysinfo.collectibles.commands            /etc/avocado/sysinfo/commands
2018-08-22 12:14:20,347 job              L0385 INFO | sysinfo.collectibles.files               /etc/avocado/sysinfo/files
2018-08-22 12:14:20,347 job              L0385 INFO | sysinfo.collectibles.profilers           /etc/avocado/sysinfo/profilers
2018-08-22 12:14:20,347 job              L0385 INFO | runner.output.colored                    True
2018-08-22 12:14:20,347 job              L0385 INFO | runner.output.utf8                       
2018-08-22 12:14:20,347 job              L0385 INFO | remoter.behavior.reject_unknown_hosts    False
2018-08-22 12:14:20,347 job              L0385 INFO | remoter.behavior.disable_known_hosts     False
2018-08-22 12:14:20,347 job              L0385 INFO | job.output.loglevel                      debug
2018-08-22 12:14:20,347 job              L0385 INFO | restclient.connection.hostname           localhost
2018-08-22 12:14:20,347 job              L0385 INFO | restclient.connection.port               9405
2018-08-22 12:14:20,347 job              L0385 INFO | restclient.connection.username           
2018-08-22 12:14:20,348 job              L0385 INFO | restclient.connection.password           
2018-08-22 12:14:20,348 job              L0385 INFO | plugins.disable                          []
2018-08-22 12:14:20,348 job              L0385 INFO | plugins.skip_broken_plugin_notification  []
2018-08-22 12:14:20,348 job              L0385 INFO | plugins.loaders                          ['file', '@DEFAULT']
2018-08-22 12:14:20,348 job              L0385 INFO | plugins.jobscripts.pre                   /etc/avocado/scripts/job/pre.d/
2018-08-22 12:14:20,348 job              L0385 INFO | plugins.jobscripts.post                  /etc/avocado/scripts/job/post.d/
2018-08-22 12:14:20,348 job              L0385 INFO | plugins.jobscripts.warn_non_existing_dir False
2018-08-22 12:14:20,348 job              L0385 INFO | plugins.jobscripts.warn_non_zero_status  True
2018-08-22 12:14:20,348 job              L0385 INFO | gdb.paths.gdb                            /usr/bin/gdb
2018-08-22 12:14:20,348 job              L0385 INFO | gdb.paths.gdbserver                      /usr/bin/gdbserver
2018-08-22 12:14:20,348 job              L0386 INFO | 
2018-08-22 12:14:20,348 job              L0389 INFO | Avocado Data Directories:
2018-08-22 12:14:20,348 job              L0390 INFO | 
2018-08-22 12:14:20,349 job              L0391 INFO | base     /var/lib/avocado
2018-08-22 12:14:20,349 job              L0392 INFO | tests    /usr/share/avocado/tests
2018-08-22 12:14:20,349 job              L0393 INFO | data     /var/lib/avocado/data
2018-08-22 12:14:20,350 job              L0394 INFO | logs     /home/jenkins/avocado/job-results/job-2018-08-22T12.14-4f99921
2018-08-22 12:14:20,350 job              L0395 INFO | 
2018-08-22 12:14:20,350 job              L0401 INFO | Multiplex tree representation:
2018-08-22 12:14:20,351 job              L0401 INFO |  \-- run
2018-08-22 12:14:20,351 job              L0401 INFO |       |-- max-time
2018-08-22 12:14:20,351 job              L0401 INFO |       |-- max-request
2018-08-22 12:14:20,351 job              L0401 INFO |       |-- tests
2018-08-22 12:14:20,351 job              L0401 INFO |       |-- types
2018-08-22 12:14:20,351 job              L0401 INFO |       |-- cpu
2018-08-22 12:14:20,351 job              L0401 INFO |       |-- threads
2018-08-22 12:14:20,351 job              L0401 INFO |       |-- additional_params
2018-08-22 12:14:20,351 job              L0401 INFO |       |-- min
2018-08-22 12:14:20,351 job              L0401 INFO |       \-- max
2018-08-22 12:14:20,351 job              L0401 INFO | 
2018-08-22 12:14:20,351 job              L0401 INFO | Multiplex variants (1):
2018-08-22 12:14:20,351 job              L0401 INFO | Variant additional_params-cpu-max-max-request-max-time-min-tests-threads-types-cbf1:    /run/max-time, /run/max-request, /run/tests, /run/types, /run/cpu, /run/threads, /run/additional_params, /run/min, /run/max
2018-08-22 12:14:20,351 job              L0405 INFO | Temporary dir: /var/tmp/avocado_vLeSJ5
2018-08-22 12:14:20,351 job              L0406 INFO | 
2018-08-22 12:14:20,352 job              L0319 INFO | Job ID: 4f999216b3b4b366e009f943c90c3830e512f19b
2018-08-22 12:14:20,352 job              L0322 INFO | 
2018-08-22 12:14:20,404 sysinfo          L0392 DEBUG| File /etc/avocado/sysinfo/commands does not exist.
2018-08-22 12:14:20,404 sysinfo          L0403 DEBUG| File /etc/avocado/sysinfo/files does not exist.
2018-08-22 12:14:20,404 sysinfo          L0430 DEBUG| File /etc/avocado/sysinfo/profilers does not exist.
2018-08-22 12:14:20,423 parameters       L0146 DEBUG| PARAMS (key=timeout, path=*, default=None) => None
2018-08-22 12:14:20,423 test             L0382 INFO | START 1-./avocado-misc-tests/generic/sysbench.py:Sysbench.test;additional_params-cpu-max-max-request-max-time-min-tests-threads-types-cbf1
2018-08-22 12:14:20,424 test             L0403 DEBUG| Test metadata:
2018-08-22 12:14:20,424 test             L0404 DEBUG|   filename: /home/jenkins/avocado-misc-tests/generic/sysbench.py
2018-08-22 12:14:20,449 test             L0286 DEBUG| DATA (filename=output.expected) => NOT FOUND (data sources: variant, test, file)
2018-08-22 12:14:20,450 process          L0523 INFO | Running 'which sysbench'
2018-08-22 12:14:20,456 process          L0367 DEBUG| [stdout] /usr/bin/sysbench
2018-08-22 12:14:20,457 process          L0605 INFO | Command 'which sysbench' finished with 0 after 0.00229501724243s
2018-08-22 12:14:20,459 parameters       L0146 DEBUG| PARAMS (key=max-time, path=*, default=None) => None
2018-08-22 12:14:20,459 parameters       L0146 DEBUG| PARAMS (key=max-request, path=*, default=None) => None
2018-08-22 12:14:20,459 parameters       L0146 DEBUG| PARAMS (key=num-threads, path=*, default=2) => 120
2018-08-22 12:14:20,460 parameters       L0146 DEBUG| PARAMS (key=type, path=*, default=cpu) => 'threads'
2018-08-22 12:14:20,460 parameters       L0146 DEBUG| PARAMS (key=cpu-max-prime, path=*, default=100) => 50000
2018-08-22 12:14:20,460 parameters       L0146 DEBUG| PARAMS (key=threads-locks, path=*, default=None) => 1
2018-08-22 12:14:20,460 process          L0523 INFO | Running 'dmesg -c '
2018-08-22 12:14:20,472 process          L0367 DEBUG| [stdout] [    0.000000] Linux version 4.17.0-amdsos-build6+ (jenkins@sos-jenkins-s0) (gcc version 7.3.0 (Ubuntu 7.3.0-16ubuntu3)) #1 SMP Fri Jul 13 16:12:06 UTC 2018
2018-08-22 12:14:20,473 process          L0367 DEBUG| [stdout] [    0.000000] Command line: BOOT_IMAGE=/boot/vmlinuz-4.17.0-amdsos-build6+ root=UUID=bd2cc212-47bd-4b3e-9e47-f7fd1301eb48 ro console=tty0 console=ttyS0,115200n8 earlyprintk=serial,keep net.ifnames=0 biosdevname=0 quiet splash vt.handoff=1
2018-08-22 12:14:20,473 process          L0367 DEBUG| [stdout] [    0.000000] KERNEL supported cpus:
2018-08-22 12:14:20,473 process          L0367 DEBUG| [stdout] [    0.000000]   Intel GenuineIntel
2018-08-22 12:14:20,473 process          L0367 DEBUG| [stdout] [    0.000000]   AMD AuthenticAMD
2018-08-22 12:14:20,473 process          L0367 DEBUG| [stdout] [    0.000000]   Centaur CentaurHauls
2018-08-22 12:14:20,474 process          L0367 DEBUG| [stdout] [    0.000000] x86/fpu: Supporting XSAVE feature 0x001: 'x87 floating point registers'
2018-08-22 12:14:20,474 process          L0367 DEBUG| [stdout] [    0.000000] x86/fpu: Supporting XSAVE feature 0x002: 'SSE registers'
2018-08-22 12:14:20,474 process          L0367 DEBUG| [stdout] [    0.000000] x86/fpu: Supporting XSAVE feature 0x004: 'AVX registers'
2018-08-22 12:14:20,474 process          L0367 DEBUG| [stdout] [    0.000000] x86/fpu: xstate_offset[2]:  576, xstate_sizes[2]:  256
2018-08-22 12:14:20,474 process          L0367 DEBUG| [stdout] [    0.000000] x86/fpu: Enabled xstate features 0x7, context size is 832 bytes, using 'compacted' format.
2018-08-22 12:14:20,475 process          L0367 DEBUG| [stdout] [    0.000000] e820: BIOS-provided physical RAM map:
2018-08-22 12:14:20,475 process          L0367 DEBUG| [stdout] [    0.000000] BIOS-e820: [mem 0x0000000000000000-0x000000000009ffff] usable
2018-08-22 12:14:20,475 process          L0367 DEBUG| [stdout] [    0.000000] BIOS-e820: [mem 0x00000000000a0000-0x00000000000fffff] reserved
2018-08-22 12:14:20,475 process          L0367 DEBUG| [stdout] [    0.000000] BIOS-e820: [mem 0x0000000000100000-0x0000000003ffffff] usable
2018-08-22 12:14:20,475 process          L0367 DEBUG| [stdout] [    0.000000] BIOS-e820: [mem 0x0000000004000000-0x0000000004008fff] ACPI NVS
2018-08-22 12:14:20,475 process          L0367 DEBUG| [stdout] [    0.000000] BIOS-e820: [mem 0x0000000004009000-0x0000000074a32fff] usable
2018-08-22 12:14:20,476 process          L0367 DEBUG| [stdout] [    0.000000] BIOS-e820: [mem 0x0000000074a33000-0x0000000075f01fff] reserved
2018-08-22 12:14:20,476 process          L0367 DEBUG| [stdout] [    0.000000] BIOS-e820: [mem 0x0000000075f02000-0x0000000075fc6fff] usable
2018-08-22 12:14:20,476 process          L0367 DEBUG| [stdout] [    0.000000] BIOS-e820: [mem 0x0000000075fc7000-0x0000000076329fff] ACPI NVS
2018-08-22 12:14:20,476 process          L0367 DEBUG| [stdout] [    0.000000] BIOS-e820: [mem 0x000000007632a000-0x0000000076b9efff] reserved
2018-08-22 12:14:20,476 process          L0367 DEBUG| [stdout] [    0.000000] BIOS-e820: [mem 0x0000000076b9f000-0x0000000076cfefff] type 20
2018-08-22 12:14:20,476 process          L0367 DEBUG| [stdout] [    0.000000] BIOS-e820: [mem 0x0000000076cff000-0x0000000076cfffff] usable
2018-08-22 12:14:20,477 process          L0367 DEBUG| [stdout] [    0.000000] BIOS-e820: [mem 0x0000000076d00000-0x0000000076ffffff] reserved
2018-08-22 12:14:20,477 process          L0367 DEBUG| [stdout] [    0.000000] BIOS-e820: [mem 0x0000000077000000-0x000000007bffffff] usable
2018-08-22 12:14:20,477 process          L0367 DEBUG| [stdout] [    0.000000] BIOS-e820: [mem 0x000000007c000000-0x000000007fffffff] reserved
2018-08-22 12:14:20,477 process          L0367 DEBUG| [stdout] [    0.000000] BIOS-e820: [mem 0x000000008a800000-0x000000008a880fff] reserved
2018-08-22 12:14:20,477 process          L0367 DEBUG| [stdout] [    0.000000] BIOS-e820: [mem 0x00000000f2b00000-0x00000000f2b80fff] reserved
2018-08-22 12:14:20,477 process          L0367 DEBUG| [stdout] [    0.000000] BIOS-e820: [mem 0x00000000f3b00000-0x00000000f3b80fff] reserved
2018-08-22 12:14:20,478 process          L0367 DEBUG| [stdout] [    0.000000] BIOS-e820: [mem 0x00000000f9b00000-0x00000000f9b80fff] reserved
2018-08-22 12:14:20,478 process          L0367 DEBUG| [stdout] [    0.000000] BIOS-e820: [mem 0x00000000fea00000-0x00000000feafffff] reserved
2018-08-22 12:14:20,478 process          L0367 DEBUG| [stdout] [    0.000000] BIOS-e820: [mem 0x00000000fec00000-0x00000000fec00fff] reserved
2018-08-22 12:14:20,478 process          L0367 DEBUG| [stdout] [    0.000000] BIOS-e820: [mem 0x00000000fec10000-0x00000000fec10fff] reserved
2018-08-22 12:14:20,478 process          L0367 DEBUG| [stdout] [    0.000000] BIOS-e820: [mem 0x00000000fed00000-0x00000000fed00fff] reserved
2018-08-22 12:14:20,478 process          L0367 DEBUG| [stdout] [    0.000000] BIOS-e820: [mem 0x00000000fed40000-0x00000000fed44fff] reserved
2018-08-22 12:14:20,479 process          L0367 DEBUG| [stdout] [    0.000000] BIOS-e820: [mem 0x00000000fed80000-0x00000000fed8ffff] reserved
2018-08-22 12:14:20,479 process          L0367 DEBUG| [stdout] [    0.000000] BIOS-e820: [mem 0x00000000fedc0000-0x00000000fedc0fff] reserved
2018-08-22 12:14:20,479 process          L0367 DEBUG| [stdout] [    0.000000] BIOS-e820: [mem 0x00000000fedc2000-0x00000000fedc5fff] reserved
2018-08-22 12:14:20,479 process          L0367 DEBUG| [stdout] [    0.000000] BIOS-e820: [mem 0x00000000fedc7000-0x00000000fedc7fff] reserved
2018-08-22 12:14:20,479 process          L0367 DEBUG| [stdout] [    0.000000] BIOS-e820: [mem 0x00000000fedc9000-0x00000000fedcafff] reserved
2018-08-22 12:14:20,479 process          L0367 DEBUG| [stdout] [    0.000000] BIOS-e820: [mem 0x00000000fee00000-0x00000000feefffff] reserved
2018-08-22 12:14:20,480 process          L0367 DEBUG| [stdout] [    0.000000] BIOS-e820: [mem 0x00000000ff000000-0x00000000ffffffff] reserved
2018-08-22 12:14:20,480 process          L0367 DEBUG| [stdout] [    0.000000] BIOS-e820: [mem 0x0000000100000000-0x000000087fefffff] usable
2018-08-22 12:14:20,480 process          L0367 DEBUG| [stdout] [    0.000000] BIOS-e820: [mem 0x000000087ff00000-0x000000087fffffff] reserved
2018-08-22 12:14:20,480 process          L0605 INFO | Command 'dmesg -c ' finished with 0 after 0.0118889808655s
2018-08-22 12:14:20,481 process          L0367 DEBUG| [stdout] [    0.000000] BIOS-e820: [mem 0x0000000880000000-0x000000107f2fffff] usable
2018-08-22 12:14:20,481 process          L0367 DEBUG| [stdout] [    0.000000] BIOS-e820: [mem 0x000000107f300000-0x000000107fffffff] reserved
2018-08-22 12:14:20,481 process          L0367 DEBUG| [stdout] [    0.000000] console [earlyser0] enabled
2018-08-22 12:14:20,481 process          L0367 DEBUG| [stdout] [    0.000000] NX (Execute Disable) protection: active
2018-08-22 12:14:20,481 process          L0367 DEBUG| [stdout] [    0.000000] efi: EFI v2.60 by American Megatrends
2018-08-22 12:14:20,482 process          L0367 DEBUG| [stdout] [    0.000000] efi:  ACPI 2.0=0x75fc7000  ACPI=0x75fc7000  SMBIOS=0x76a06000  SMBIOS 3.0=0x76a05000  MPS=0xfcb40  ESRT=0x70d69718  MEMATTR=0x70779018 
2018-08-22 12:14:20,482 process          L0367 DEBUG| [stdout] [    0.000000] SMBIOS 3.1.1 present.
2018-08-22 12:14:20,482 process          L0367 DEBUG| [stdout] [    0.000000] DMI: To be filled by O.E.M. To be filled by O.E.M./To be filled by O.E.M., BIOS TEX0052A 07/27/2018
2018-08-22 12:14:20,482 process          L0367 DEBUG| [stdout] [    0.000000] e820: update [mem 0x00000000-0x00000fff] usable ==> reserved
2018-08-22 12:14:20,482 process          L0367 DEBUG| [stdout] [    0.000000] e820: remove [mem 0x000a0000-0x000fffff] usable
2018-08-22 12:14:20,482 process          L0367 DEBUG| [stdout] [    0.000000] e820: last_pfn = 0x107f300 max_arch_pfn = 0x400000000
2018-08-22 12:14:20,483 process          L0367 DEBUG| [stdout] [    0.000000] MTRR default type: uncachable
2018-08-22 12:14:20,483 process          L0367 DEBUG| [stdout] [    0.000000] MTRR fixed ranges enabled:
2018-08-22 12:14:20,483 process          L0367 DEBUG| [stdout] [    0.000000]   00000-9FFFF write-back
2018-08-22 12:14:20,483 process          L0367 DEBUG| [stdout] [    0.000000]   A0000-BFFFF write-through
2018-08-22 12:14:20,483 process          L0367 DEBUG| [stdout] [    0.000000]   C0000-FFFFF write-protect
2018-08-22 12:14:20,483 process          L0367 DEBUG| [stdout] [    0.000000] MTRR variable ranges enabled:
2018-08-22 12:14:20,484 process          L0367 DEBUG| [stdout] [    0.000000]   0 base 000000000000 mask FFFF80000000 write-back
2018-08-22 12:14:20,484 process          L0367 DEBUG| [stdout] [    0.000000]   1 base 00007C000000 mask FFFFFC000000 uncachable
2018-08-22 12:14:20,484 process          L0367 DEBUG| [stdout] [    0.000000]   2 disabled
2018-08-22 12:14:20,484 process          L0367 DEBUG| [stdout] [    0.000000]   3 disabled
2018-08-22 12:14:20,484 process          L0367 DEBUG| [stdout] [    0.000000]   4 disabled
2018-08-22 12:14:20,484 process          L0367 DEBUG| [stdout] [    0.000000]   5 disabled
2018-08-22 12:14:20,485 process          L0367 DEBUG| [stdout] [    0.000000]   6 disabled
2018-08-22 12:14:20,485 process          L0367 DEBUG| [stdout] [    0.000000]   7 disabled
2018-08-22 12:14:20,485 process          L0367 DEBUG| [stdout] [    0.000000] TOM2: 0000001080000000 aka 67584M
2018-08-22 12:14:20,485 process          L0367 DEBUG| [stdout] [    0.000000] x86/PAT: Configuration [0-7]: WB  WC  UC- UC  WB  WP  UC- WT  
2018-08-22 12:14:20,485 process          L0367 DEBUG| [stdout] [    0.000000] total RAM covered: 1984M
2018-08-22 12:14:20,485 process          L0367 DEBUG| [stdout] [    0.000000] Found optimal setting for mtrr clean up
2018-08-22 12:14:20,486 process          L0367 DEBUG| [stdout] [    0.000000]  gran_size: 64K 	chunk_size: 128M 	num_reg: 2  	lose cover RAM: 0G
2018-08-22 12:14:20,486 process          L0367 DEBUG| [stdout] [    0.000000] e820: update [mem 0x7c000000-0xffffffff] usable ==> reserved
2018-08-22 12:14:20,486 process          L0367 DEBUG| [stdout] [    0.000000] e820: last_pfn = 0x7c000 max_arch_pfn = 0x400000000
2018-08-22 12:14:20,486 process          L0367 DEBUG| [stdout] [    0.000000] found SMP MP-table at [mem 0x000fd380-0x000fd38f] mapped at [        (ptrval)]
2018-08-22 12:14:20,486 process          L0367 DEBUG| [stdout] [    0.000000] esrt: Reserving ESRT space from 0x0000000070d69718 to 0x0000000070d69750.
2018-08-22 12:14:20,486 process          L0367 DEBUG| [stdout] [    0.000000] Scanning 1 areas for low memory corruption
2018-08-22 12:14:20,487 process          L0367 DEBUG| [stdout] [    0.000000] Base memory trampoline at [        (ptrval)] 94000 size 24576
2018-08-22 12:14:20,487 process          L0367 DEBUG| [stdout] [    0.000000] Using GB pages for direct mapping
2018-08-22 12:14:20,487 process          L0367 DEBUG| [stdout] [    0.000000] BRK [0x105154c000, 0x105154cfff] PGTABLE
2018-08-22 12:14:20,487 process          L0367 DEBUG| [stdout] [    0.000000] BRK [0x105154d000, 0x105154dfff] PGTABLE
2018-08-22 12:14:20,487 process          L0367 DEBUG| [stdout] [    0.000000] BRK [0x105154e000, 0x105154efff] PGTABLE
2018-08-22 12:14:20,487 process          L0367 DEBUG| [stdout] [    0.000000] BRK [0x105154f000, 0x105154ffff] PGTABLE
2018-08-22 12:14:20,488 process          L0367 DEBUG| [stdout] [    0.000000] BRK [0x1051550000, 0x1051550fff] PGTABLE
2018-08-22 12:14:20,488 process          L0367 DEBUG| [stdout] [    0.000000] BRK [0x1051551000, 0x1051551fff] PGTABLE
2018-08-22 12:14:20,488 process          L0367 DEBUG| [stdout] [    0.000000] BRK [0x1051552000, 0x1051552fff] PGTABLE
2018-08-22 12:14:20,488 process          L0367 DEBUG| [stdout] [    0.000000] BRK [0x1051553000, 0x1051553fff] PGTABLE
2018-08-22 12:14:20,488 process          L0367 DEBUG| [stdout] [    0.000000] BRK [0x1051554000, 0x1051554fff] PGTABLE
2018-08-22 12:14:20,488 process          L0367 DEBUG| [stdout] [    0.000000] BRK [0x1051555000, 0x1051555fff] PGTABLE
2018-08-22 12:14:20,489 process          L0367 DEBUG| [stdout] [    0.000000] BRK [0x1051556000, 0x1051556fff] PGTABLE
2018-08-22 12:14:20,489 process          L0367 DEBUG| [stdout] [    0.000000] BRK [0x1051557000, 0x1051557fff] PGTABLE
2018-08-22 12:14:20,489 process          L0367 DEBUG| [stdout] [    0.000000] Secure boot could not be determined
2018-08-22 12:14:20,489 process          L0367 DEBUG| [stdout] [    0.000000] RAMDISK: [mem 0x3157b000-0x34ab4fff]
2018-08-22 12:14:20,489 process          L0367 DEBUG| [stdout] [    0.000000] ACPI: Early table checksum verification disabled
2018-08-22 12:14:20,489 process          L0367 DEBUG| [stdout] [    0.000000] ACPI: RSDP 0x0000000075FC7000 000024 (v02 AMD   )
2018-08-22 12:14:20,490 process          L0367 DEBUG| [stdout] [    0.000000] ACPI: XSDT 0x0000000075FC70A8 0000CC (v01 AMD    EthanolX 03242016 AMI  00010013)
2018-08-22 12:14:20,490 process          L0367 DEBUG| [stdout] [    0.000000] ACPI: FACP 0x0000000075FD5E10 000114 (v06 AMD    EthanolX 03242016 AMI  00010013)
2018-08-22 12:14:20,490 process          L0367 DEBUG| [stdout] [    0.000000] ACPI: DSDT 0x0000000075FC7208 00EC03 (v02 AMD    EthanolX 03242016 INTL 20120913)
2018-08-22 12:14:20,490 process          L0367 DEBUG| [stdout] [    0.000000] ACPI: FACS 0x000000007630FD80 000040
2018-08-22 12:14:20,490 process          L0367 DEBUG| [stdout] [    0.000000] ACPI: APIC 0x0000000075FD5F28 000882 (v04 AMD    EthanolX 03242016 AMI  00010013)
2018-08-22 12:14:20,490 process          L0367 DEBUG| [stdout] [    0.000000] ACPI: FPDT 0x0000000075FD67B0 000044 (v01 AMD    EthanolX 03242016 AMI  00010013)
2018-08-22 12:14:20,491 process          L0367 DEBUG| [stdout] [    0.000000] ACPI: FIDT 0x0000000075FD67F8 00009C (v01 AMD    EthanolX 03242016 AMI  00010013)
2018-08-22 12:14:20,491 process          L0367 DEBUG| [stdout] [    0.000000] ACPI: SSDT 0x0000000075FD6898 00092A (v02 AMD    AMD ALIB 00000002 MSFT 04000000)
2018-08-22 12:14:20,491 process          L0367 DEBUG| [stdout] [    0.000000] ACPI: SPMI 0x0000000075FD71C8 000041 (v05 AMD    EthanolX 00000000 AMI. 00000000)
2018-08-22 12:14:20,491 process          L0367 DEBUG| [stdout] [    0.000000] ACPI: SSDT 0x0000000075FD7210 00036C (v02 AMD    CPUSSDT  03242016 AMI  03242016)
2018-08-22 12:14:20,491 process          L0367 DEBUG| [stdout] [    0.000000] ACPI: MCFG 0x0000000075FD7580 00003C (v01 AMD    EthanolX 03242016 MSFT 00010013)
2018-08-22 12:14:20,492 process          L0367 DEBUG| [stdout] [    0.000000] ACPI: BERT 0x0000000075FD75C0 000030 (v01 AMD    AMD BERT 00000001 AMD  00000001)
2018-08-22 12:14:20,492 process          L0367 DEBUG| [stdout] [    0.000000] ACPI: EINJ 0x0000000075FD75F0 000150 (v01 AMD    AMD EINJ 00000001 AMD  00000001)
2018-08-22 12:14:20,492 process          L0367 DEBUG| [stdout] [    0.000000] ACPI: HEST 0x0000000075FD7740 000DFC (v01 AMD    AMD HEST 00000001 AMD  00000001)
2018-08-22 12:14:20,492 process          L0367 DEBUG| [stdout] [    0.000000] ACPI: SSDT 0x0000000075FD8540 000106 (v01 AMD    CPMRAS   00000001 INTL 20120913)
2018-08-22 12:14:20,492 process          L0367 DEBUG| [stdout] [    0.000000] ACPI: HPET 0x0000000075FD8648 000038 (v01 AMD    EthanolX 03242016 AMI  00000005)
2018-08-22 12:14:20,492 process          L0367 DEBUG| [stdout] [    0.000000] ACPI: UEFI 0x0000000075FD8680 000048 (v01 AMD    EthanolX 00000002      01000013)
2018-08-22 12:14:20,493 process          L0367 DEBUG| [stdout] [    0.000000] ACPI: BGRT 0x0000000075FD86C8 000038 (v01 AMD    EthanolX 03242016 AMI  00010013)
2018-08-22 12:14:20,493 process          L0367 DEBUG| [stdout] [    0.000000] ACPI: IVRS 0x0000000075FD8700 0001F0 (v02 AMD    AMD IVRS 00000001 AMD  00000000)
2018-08-22 12:14:20,493 process          L0367 DEBUG| [stdout] [    0.000000] ACPI: SSDT 0x0000000075FD88F0 008BE4 (v01 AMD    AMD CPU  00000001 AMD  00000001)
2018-08-22 12:14:20,493 process          L0367 DEBUG| [stdout] [    0.000000] ACPI: CRAT 0x0000000075FE14D8 002DD0 (v01 AMD    AMD CRAT 00000001 AMD  00000001)
2018-08-22 12:14:20,493 process          L0367 DEBUG| [stdout] [    0.000000] ACPI: CDIT 0x0000000075FE42A8 000029 (v01 AMD    AMD CDIT 00000001 AMD  00000001)
2018-08-22 12:14:20,493 process          L0367 DEBUG| [stdout] [    0.000000] ACPI: SSDT 0x0000000075FE42D8 001630 (v01 AMD    CPMCMN   00000001 INTL 20120913)
2018-08-22 12:14:20,494 process          L0367 DEBUG| [stdout] [    0.000000] ACPI: WSMT 0x0000000075FE5908 000028 (v01 AMD    EthanolX 03242016 AMI  00010013)
2018-08-22 12:14:20,494 process          L0367 DEBUG| [stdout] [    0.000000] ACPI: Local APIC address 0xfee00000
2018-08-22 12:14:20,494 process          L0367 DEBUG| [stdout] [    0.000000] No NUMA configuration found
2018-08-22 12:14:20,494 process          L0367 DEBUG| [stdout] [    0.000000] Faking a node at [mem 0x0000000000000000-0x000000107f2fffff]
2018-08-22 12:14:20,494 process          L0367 DEBUG| [stdout] [    0.000000] NODE_DATA(0) allocated [mem 0x107f2d5000-0x107f2fffff]
2018-08-22 12:14:20,494 process          L0367 DEBUG| [stdout] [    0.000000] tsc: Fast TSC calibration using PIT
2018-08-22 12:14:20,495 process          L0367 DEBUG| [stdout] [    0.000000] Zone ranges:
2018-08-22 12:14:20,495 process          L0367 DEBUG| [stdout] [    0.000000]   DMA      [mem 0x0000000000001000-0x0000000000ffffff]
2018-08-22 12:14:20,495 process          L0367 DEBUG| [stdout] [    0.000000]   DMA32    [mem 0x0000000001000000-0x00000000ffffffff]
2018-08-22 12:14:20,495 process          L0367 DEBUG| [stdout] [    0.000000]   Normal   [mem 0x0000000100000000-0x000000107f2fffff]
2018-08-22 12:14:20,495 process          L0367 DEBUG| [stdout] [    0.000000]   Device   empty
2018-08-22 12:14:20,495 process          L0367 DEBUG| [stdout] [    0.000000] Movable zone start for each node
2018-08-22 12:14:20,496 process          L0367 DEBUG| [stdout] [    0.000000] Early memory node ranges
2018-08-22 12:14:20,496 process          L0367 DEBUG| [stdout] [    0.000000]   node   0: [mem 0x0000000000001000-0x000000000009ffff]
2018-08-22 12:14:20,496 process          L0367 DEBUG| [stdout] [    0.000000]   node   0: [mem 0x0000000000100000-0x0000000003ffffff]
2018-08-22 12:14:20,496 process          L0367 DEBUG| [stdout] [    0.000000]   node   0: [mem 0x0000000004009000-0x0000000074a32fff]
2018-08-22 12:14:20,496 process          L0367 DEBUG| [stdout] [    0.000000]   node   0: [mem 0x0000000075f02000-0x0000000075fc6fff]
2018-08-22 12:14:20,496 process          L0367 DEBUG| [stdout] [    0.000000]   node   0: [mem 0x0000000076cff000-0x0000000076cfffff]
2018-08-22 12:14:20,497 process          L0367 DEBUG| [stdout] [    0.000000]   node   0: [mem 0x0000000077000000-0x000000007bffffff]
2018-08-22 12:14:20,497 process          L0367 DEBUG| [stdout] [    0.000000]   node   0: [mem 0x0000000100000000-0x000000087fefffff]
2018-08-22 12:14:20,497 process          L0367 DEBUG| [stdout] [    0.000000]   node   0: [mem 0x0000000880000000-0x000000107f2fffff]
2018-08-22 12:14:20,497 process          L0367 DEBUG| [stdout] [    0.000000] Initmem setup node 0 [mem 0x0000000000001000-0x000000107f2fffff]
2018-08-22 12:14:20,497 process          L0367 DEBUG| [stdout] [    0.000000] On node 0 totalpages: 16747663
2018-08-22 12:14:20,497 process          L0367 DEBUG| [stdout] [    0.000000]   DMA zone: 64 pages used for memmap
2018-08-22 12:14:20,498 process          L0367 DEBUG| [stdout] [    0.000000]   DMA zone: 29 pages reserved
2018-08-22 12:14:20,498 process          L0367 DEBUG| [stdout] [    0.000000]   DMA zone: 3999 pages, LIFO batch:0
2018-08-22 12:14:20,498 process          L0367 DEBUG| [stdout] [    0.000000]   DMA32 zone: 7724 pages used for memmap
2018-08-22 12:14:20,498 process          L0367 DEBUG| [stdout] [    0.000000]   DMA32 zone: 494320 pages, LIFO batch:31
2018-08-22 12:14:20,498 process          L0367 DEBUG| [stdout] [    0.000000]   Normal zone: 253900 pages used for memmap
2018-08-22 12:14:20,498 process          L0367 DEBUG| [stdout] [    0.000000]   Normal zone: 16249344 pages, LIFO batch:31
2018-08-22 12:14:20,499 process          L0367 DEBUG| [stdout] [    0.000000] Reserved but unavailable: 97 pages
2018-08-22 12:14:20,499 process          L0367 DEBUG| [stdout] [    0.000000] ACPI: PM-Timer IO Port: 0x808
2018-08-22 12:14:20,499 process          L0367 DEBUG| [stdout] [    0.000000] ACPI: Local APIC address 0xfee00000
2018-08-22 12:14:20,499 process          L0367 DEBUG| [stdout] [    0.000000] ACPI: LAPIC_NMI (acpi_id[0xff] high edge lint[0x1])
2018-08-22 12:14:20,499 process          L0367 DEBUG| [stdout] [    0.000000] IOAPIC[0]: apic_id 240, version 33, address 0xfec00000, GSI 0-23
2018-08-22 12:14:20,499 process          L0367 DEBUG| [stdout] [    0.000000] IOAPIC[1]: apic_id 241, version 33, address 0x8a880000, GSI 24-55
2018-08-22 12:14:20,500 process          L0367 DEBUG| [stdout] [    0.000000] IOAPIC[2]: apic_id 242, version 33, address 0xf3b80000, GSI 56-87
2018-08-22 12:14:20,500 process          L0367 DEBUG| [stdout] [    0.000000] IOAPIC[3]: apic_id 243, version 33, address 0xf2b80000, GSI 88-119
2018-08-22 12:14:20,500 process          L0367 DEBUG| [stdout] [    0.000000] IOAPIC[4]: apic_id 244, version 33, address 0xf9b80000, GSI 120-151
2018-08-22 12:14:20,500 process          L0367 DEBUG| [stdout] [    0.000000] ACPI: INT_SRC_OVR (bus 0 bus_irq 0 global_irq 2 dfl dfl)
2018-08-22 12:14:20,500 process          L0367 DEBUG| [stdout] [    0.000000] ACPI: INT_SRC_OVR (bus 0 bus_irq 9 global_irq 9 low level)
2018-08-22 12:14:20,500 process          L0367 DEBUG| [stdout] [    0.000000] ACPI: IRQ0 used by override.
2018-08-22 12:14:20,501 process          L0367 DEBUG| [stdout] [    0.000000] ACPI: IRQ9 used by override.
2018-08-22 12:14:20,501 process          L0367 DEBUG| [stdout] [    0.000000] Using ACPI (MADT) for SMP configuration information
2018-08-22 12:14:20,501 process          L0367 DEBUG| [stdout] [    0.000000] ACPI: HPET id: 0x10228201 base: 0xfed00000
2018-08-22 12:14:20,501 process          L0367 DEBUG| [stdout] [    0.000000] smpboot: Allowing 256 CPUs, 192 hotplug CPUs
2018-08-22 12:14:20,501 process          L0367 DEBUG| [stdout] [    0.000000] PM: Registered nosave memory: [mem 0x00000000-0x00000fff]
2018-08-22 12:14:20,501 process          L0367 DEBUG| [stdout] [    0.000000] PM: Registered nosave memory: [mem 0x000a0000-0x000fffff]
2018-08-22 12:14:20,502 process          L0367 DEBUG| [stdout] [    0.000000] PM: Registered nosave memory: [mem 0x04000000-0x04008fff]
2018-08-22 12:14:20,502 process          L0367 DEBUG| [stdout] [    0.000000] PM: Registered nosave memory: [mem 0x74a33000-0x75f01fff]
2018-08-22 12:14:20,502 process          L0367 DEBUG| [stdout] [    0.000000] PM: Registered nosave memory: [mem 0x75fc7000-0x76329fff]
2018-08-22 12:14:20,502 process          L0367 DEBUG| [stdout] [    0.000000] PM: Registered nosave memory: [mem 0x7632a000-0x76b9efff]
2018-08-22 12:14:20,502 process          L0367 DEBUG| [stdout] [    0.000000] PM: Registered nosave memory: [mem 0x76b9f000-0x76cfefff]
2018-08-22 12:14:20,503 process          L0367 DEBUG| [stdout] [    0.000000] PM: Registered nosave memory: [mem 0x76d00000-0x76ffffff]
2018-08-22 12:14:20,503 process          L0367 DEBUG| [stdout] [    0.000000] PM: Registered nosave memory: [mem 0x7c000000-0x7fffffff]
2018-08-22 12:14:20,503 process          L0367 DEBUG| [stdout] [    0.000000] PM: Registered nosave memory: [mem 0x80000000-0x8a7fffff]
2018-08-22 12:14:20,503 process          L0367 DEBUG| [stdout] [    0.000000] PM: Registered nosave memory: [mem 0x8a800000-0x8a880fff]
2018-08-22 12:14:20,503 process          L0367 DEBUG| [stdout] [    0.000000] PM: Registered nosave memory: [mem 0x8a881000-0xf2afffff]
2018-08-22 12:14:20,503 process          L0367 DEBUG| [stdout] [    0.000000] PM: Registered nosave memory: [mem 0xf2b00000-0xf2b80fff]
2018-08-22 12:14:20,504 process          L0367 DEBUG| [stdout] [    0.000000] PM: Registered nosave memory: [mem 0xf2b81000-0xf3afffff]
2018-08-22 12:14:20,504 process          L0367 DEBUG| [stdout] [    0.000000] PM: Registered nosave memory: [mem 0xf3b00000-0xf3b80fff]
2018-08-22 12:14:20,504 process          L0367 DEBUG| [stdout] [    0.000000] PM: Registered nosave memory: [mem 0xf3b81000-0xf9afffff]
2018-08-22 12:14:20,504 process          L0367 DEBUG| [stdout] [    0.000000] PM: Registered nosave memory: [mem 0xf9b00000-0xf9b80fff]
2018-08-22 12:14:20,504 process          L0367 DEBUG| [stdout] [    0.000000] PM: Registered nosave memory: [mem 0xf9b81000-0xfe9fffff]
2018-08-22 12:14:20,504 process          L0367 DEBUG| [stdout] [    0.000000] PM: Registered nosave memory: [mem 0xfea00000-0xfeafffff]
2018-08-22 12:14:20,505 process          L0367 DEBUG| [stdout] [    0.000000] PM: Registered nosave memory: [mem 0xfeb00000-0xfebfffff]
2018-08-22 12:14:20,505 process          L0367 DEBUG| [stdout] [    0.000000] PM: Registered nosave memory: [mem 0xfec00000-0xfec00fff]
2018-08-22 12:14:20,505 process          L0367 DEBUG| [stdout] [    0.000000] PM: Registered nosave memory: [mem 0xfec01000-0xfec0ffff]
2018-08-22 12:14:20,505 process          L0367 DEBUG| [stdout] [    0.000000] PM: Registered nosave memory: [mem 0xfec10000-0xfec10fff]
2018-08-22 12:14:20,505 process          L0367 DEBUG| [stdout] [    0.000000] PM: Registered nosave memory: [mem 0xfec11000-0xfecfffff]
2018-08-22 12:14:20,505 process          L0367 DEBUG| [stdout] [    0.000000] PM: Registered nosave memory: [mem 0xfed00000-0xfed00fff]
2018-08-22 12:14:20,505 process          L0367 DEBUG| [stdout] [    0.000000] PM: Registered nosave memory: [mem 0xfed01000-0xfed3ffff]
2018-08-22 12:14:20,506 process          L0367 DEBUG| [stdout] [    0.000000] PM: Registered nosave memory: [mem 0xfed40000-0xfed44fff]
2018-08-22 12:14:20,506 process          L0367 DEBUG| [stdout] [    0.000000] PM: Registered nosave memory: [mem 0xfed45000-0xfed7ffff]
2018-08-22 12:14:20,506 process          L0367 DEBUG| [stdout] [    0.000000] PM: Registered nosave memory: [mem 0xfed80000-0xfed8ffff]
2018-08-22 12:14:20,506 process          L0367 DEBUG| [stdout] [    0.000000] PM: Registered nosave memory: [mem 0xfed90000-0xfedbffff]
2018-08-22 12:14:20,506 process          L0367 DEBUG| [stdout] [    0.000000] PM: Registered nosave memory: [mem 0xfedc0000-0xfedc0fff]
2018-08-22 12:14:20,507 process          L0367 DEBUG| [stdout] [    0.000000] PM: Registered nosave memory: [mem 0xfedc1000-0xfedc1fff]
2018-08-22 12:14:20,507 process          L0367 DEBUG| [stdout] [    0.000000] PM: Registered nosave memory: [mem 0xfedc2000-0xfedc5fff]
2018-08-22 12:14:20,507 process          L0367 DEBUG| [stdout] [    0.000000] PM: Registered nosave memory: [mem 0xfedc6000-0xfedc6fff]
2018-08-22 12:14:20,507 process          L0367 DEBUG| [stdout] [    0.000000] PM: Registered nosave memory: [mem 0xfedc7000-0xfedc7fff]
2018-08-22 12:14:20,507 process          L0367 DEBUG| [stdout] [    0.000000] PM: Registered nosave memory: [mem 0xfedc8000-0xfedc8fff]
2018-08-22 12:14:20,507 process          L0367 DEBUG| [stdout] [    0.000000] PM: Registered nosave memory: [mem 0xfedc9000-0xfedcafff]
2018-08-22 12:14:20,508 process          L0367 DEBUG| [stdout] [    0.000000] PM: Registered nosave memory: [mem 0xfedcb000-0xfedfffff]
2018-08-22 12:14:20,508 process          L0367 DEBUG| [stdout] [    0.000000] PM: Registered nosave memory: [mem 0xfee00000-0xfeefffff]
2018-08-22 12:14:20,508 process          L0367 DEBUG| [stdout] [    0.000000] PM: Registered nosave memory: [mem 0xfef00000-0xfeffffff]
2018-08-22 12:14:20,508 process          L0367 DEBUG| [stdout] [    0.000000] PM: Registered nosave memory: [mem 0xff000000-0xffffffff]
2018-08-22 12:14:20,508 process          L0367 DEBUG| [stdout] [    0.000000] PM: Registered nosave memory: [mem 0x87ff00000-0x87fffffff]
2018-08-22 12:14:20,508 process          L0367 DEBUG| [stdout] [    0.000000] e820: [mem 0x8a881000-0xf2afffff] available for PCI devices
2018-08-22 12:14:20,509 process          L0367 DEBUG| [stdout] [    0.000000] Booting paravirtualized kernel on bare hardware
2018-08-22 12:14:20,509 process          L0367 DEBUG| [stdout] [    0.000000] clocksource: refined-jiffies: mask: 0xffffffff max_cycles: 0xffffffff, max_idle_ns: 7645519600211568 ns
2018-08-22 12:14:20,509 process          L0367 DEBUG| [stdout] [    0.000000] random: get_random_bytes called from start_kernel+0x99/0x55a with crng_init=0
2018-08-22 12:14:20,509 process          L0367 DEBUG| [stdout] [    0.000000] setup_percpu: NR_CPUS:8192 nr_cpumask_bits:256 nr_cpu_ids:256 nr_node_ids:1
2018-08-22 12:14:20,509 process          L0367 DEBUG| [stdout] [    0.000000] percpu: Embedded 46 pages/cpu @        (ptrval) s151552 r8192 d28672 u262144
2018-08-22 12:14:20,509 process          L0367 DEBUG| [stdout] [    0.000000] pcpu-alloc: s151552 r8192 d28672 u262144 alloc=1*2097152
2018-08-22 12:14:20,510 process          L0367 DEBUG| [stdout] [    0.000000] pcpu-alloc: [0] 000 001 002 003 004 005 006 007 
2018-08-22 12:14:20,510 process          L0367 DEBUG| [stdout] [    0.000000] pcpu-alloc: [0] 008 009 010 011 012 013 014 015 
2018-08-22 12:14:20,510 process          L0367 DEBUG| [stdout] [    0.000000] pcpu-alloc: [0] 016 017 018 019 020 021 022 023 
2018-08-22 12:14:20,510 process          L0367 DEBUG| [stdout] [    0.000000] pcpu-alloc: [0] 024 025 026 027 028 029 030 031 
2018-08-22 12:14:20,510 process          L0367 DEBUG| [stdout] [    0.000000] pcpu-alloc: [0] 032 033 034 035 036 037 038 039 
2018-08-22 12:14:20,510 process          L0367 DEBUG| [stdout] [    0.000000] pcpu-alloc: [0] 040 041 042 043 044 045 046 047 
2018-08-22 12:14:20,511 process          L0367 DEBUG| [stdout] [    0.000000] pcpu-alloc: [0] 048 049 050 051 052 053 054 055 
2018-08-22 12:14:20,511 process          L0367 DEBUG| [stdout] [    0.000000] pcpu-alloc: [0] 056 057 058 059 060 061 062 063 
2018-08-22 12:14:20,511 process          L0367 DEBUG| [stdout] [    0.000000] pcpu-alloc: [0] 064 065 066 067 068 069 070 071 
2018-08-22 12:14:20,511 process          L0367 DEBUG| [stdout] [    0.000000] pcpu-alloc: [0] 072 073 074 075 076 077 078 079 
2018-08-22 12:14:20,511 process          L0367 DEBUG| [stdout] [    0.000000] pcpu-alloc: [0] 080 081 082 083 084 085 086 087 
2018-08-22 12:14:20,511 process          L0367 DEBUG| [stdout] [    0.000000] pcpu-alloc: [0] 088 089 090 091 092 093 094 095 
2018-08-22 12:14:20,512 process          L0367 DEBUG| [stdout] [    0.000000] pcpu-alloc: [0] 096 097 098 099 100 101 102 103 
2018-08-22 12:14:20,512 process          L0367 DEBUG| [stdout] [    0.000000] pcpu-alloc: [0] 104 105 106 107 108 109 110 111 
2018-08-22 12:14:20,512 process          L0367 DEBUG| [stdout] [    0.000000] pcpu-alloc: [0] 112 113 114 115 116 117 118 119 
2018-08-22 12:14:20,512 process          L0367 DEBUG| [stdout] [    0.000000] pcpu-alloc: [0] 120 121 122 123 124 125 126 127 
2018-08-22 12:14:20,512 process          L0367 DEBUG| [stdout] [    0.000000] pcpu-alloc: [0] 128 129 130 131 132 133 134 135 
2018-08-22 12:14:20,512 process          L0367 DEBUG| [stdout] [    0.000000] pcpu-alloc: [0] 136 137 138 139 140 141 142 143 
2018-08-22 12:14:20,513 process          L0367 DEBUG| [stdout] [    0.000000] pcpu-alloc: [0] 144 145 146 147 148 149 150 151 
2018-08-22 12:14:20,513 process          L0367 DEBUG| [stdout] [    0.000000] pcpu-alloc: [0] 152 153 154 155 156 157 158 159 
2018-08-22 12:14:20,513 process          L0367 DEBUG| [stdout] [    0.000000] pcpu-alloc: [0] 160 161 162 163 164 165 166 167 
2018-08-22 12:14:20,513 process          L0367 DEBUG| [stdout] [    0.000000] pcpu-alloc: [0] 168 169 170 171 172 173 174 175 
2018-08-22 12:14:20,513 process          L0367 DEBUG| [stdout] [    0.000000] pcpu-alloc: [0] 176 177 178 179 180 181 182 183 
2018-08-22 12:14:20,513 process          L0367 DEBUG| [stdout] [    0.000000] pcpu-alloc: [0] 184 185 186 187 188 189 190 191 
2018-08-22 12:14:20,514 process          L0367 DEBUG| [stdout] [    0.000000] pcpu-alloc: [0] 192 193 194 195 196 197 198 199 
2018-08-22 12:14:20,514 process          L0367 DEBUG| [stdout] [    0.000000] pcpu-alloc: [0] 200 201 202 203 204 205 206 207 
2018-08-22 12:14:20,514 process          L0367 DEBUG| [stdout] [    0.000000] pcpu-alloc: [0] 208 209 210 211 212 213 214 215 
2018-08-22 12:14:20,514 process          L0367 DEBUG| [stdout] [    0.000000] pcpu-alloc: [0] 216 217 218 219 220 221 222 223 
2018-08-22 12:14:20,514 process          L0367 DEBUG| [stdout] [    0.000000] pcpu-alloc: [0] 224 225 226 227 228 229 230 231 
2018-08-22 12:14:20,514 process          L0367 DEBUG| [stdout] [    0.000000] pcpu-alloc: [0] 232 233 234 235 236 237 238 239 
2018-08-22 12:14:20,515 process          L0367 DEBUG| [stdout] [    0.000000] pcpu-alloc: [0] 240 241 242 243 244 245 246 247 
2018-08-22 12:14:20,515 process          L0367 DEBUG| [stdout] [    0.000000] pcpu-alloc: [0] 248 249 250 251 252 253 254 255 
2018-08-22 12:14:20,515 process          L0367 DEBUG| [stdout] [    0.000000] Built 1 zonelists, mobility grouping on.  Total pages: 16485946
2018-08-22 12:14:20,515 process          L0367 DEBUG| [stdout] [    0.000000] Policy zone: Normal
2018-08-22 12:14:20,515 process          L0367 DEBUG| [stdout] [    0.000000] Kernel command line: BOOT_IMAGE=/boot/vmlinuz-4.17.0-amdsos-build6+ root=UUID=bd2cc212-47bd-4b3e-9e47-f7fd1301eb48 ro console=tty0 console=ttyS0,115200n8 earlyprintk=serial,keep net.ifnames=0 biosdevname=0 quiet splash vt.handoff=1
2018-08-22 12:14:20,515 process          L0367 DEBUG| [stdout] [    0.000000] log_buf_len individual max cpu contribution: 4096 bytes
2018-08-22 12:14:20,516 process          L0367 DEBUG| [stdout] [    0.000000] log_buf_len total cpu_extra contributions: 1044480 bytes
2018-08-22 12:14:20,516 process          L0367 DEBUG| [stdout] [    0.000000] log_buf_len min size: 262144 bytes
2018-08-22 12:14:20,516 process          L0367 DEBUG| [stdout] [    0.000000] log_buf_len: 2097152 bytes
2018-08-22 12:14:20,516 process          L0367 DEBUG| [stdout] [    0.000000] early log buf free: 243836(93%)
2018-08-22 12:14:20,516 process          L0367 DEBUG| [stdout] [    0.000000] Calgary: detecting Calgary via BIOS EBDA area
2018-08-22 12:14:20,516 process          L0367 DEBUG| [stdout] [    0.000000] Calgary: Unable to locate Rio Grande table in EBDA - bailing!
2018-08-22 12:14:20,517 process          L0367 DEBUG| [stdout] [    0.000000] Memory: 65642536K/66990652K available (12300K kernel code, 2524K rwdata, 4384K rodata, 2436K init, 2384K bss, 1348116K reserved, 0K cma-reserved)
2018-08-22 12:14:20,517 process          L0367 DEBUG| [stdout] [    0.000000] SLUB: HWalign=64, Order=0-3, MinObjects=0, CPUs=256, Nodes=1
2018-08-22 12:14:20,517 process          L0367 DEBUG| [stdout] [    0.000000] ftrace: allocating 40454 entries in 159 pages
2018-08-22 12:14:20,517 process          L0367 DEBUG| [stdout] [    0.000000] Hierarchical RCU implementation.
2018-08-22 12:14:20,517 process          L0367 DEBUG| [stdout] [    0.000000] 	RCU restricting CPUs from NR_CPUS=8192 to nr_cpu_ids=256.
2018-08-22 12:14:20,517 process          L0367 DEBUG| [stdout] [    0.000000] 	Tasks RCU enabled.
2018-08-22 12:14:20,518 process          L0367 DEBUG| [stdout] [    0.000000] RCU: Adjusting geometry for rcu_fanout_leaf=16, nr_cpu_ids=256
2018-08-22 12:14:20,518 process          L0367 DEBUG| [stdout] [    0.000000] NR_IRQS: 524544, nr_irqs: 4648, preallocated irqs: 16
2018-08-22 12:14:20,518 process          L0367 DEBUG| [stdout] [    0.000000] Console: colour dummy device 80x25
2018-08-22 12:14:20,518 process          L0367 DEBUG| [stdout] [    0.000000] console [tty0] enabled
2018-08-22 12:14:20,518 process          L0367 DEBUG| [stdout] [    0.000000] console [ttyS0] enabled
2018-08-22 12:14:20,518 process          L0367 DEBUG| [stdout] [    0.000000] ACPI: Core revision 20180313
2018-08-22 12:14:20,519 process          L0367 DEBUG| [stdout] [    0.000000] clocksource: hpet: mask: 0xffffffff max_cycles: 0xffffffff, max_idle_ns: 133484873504 ns
2018-08-22 12:14:20,519 process          L0367 DEBUG| [stdout] [    0.000000] hpet clockevent registered
2018-08-22 12:14:20,519 process          L0367 DEBUG| [stdout] [    0.000000] APIC: Switch to symmetric I/O mode setup
2018-08-22 12:14:20,519 process          L0367 DEBUG| [stdout] [    0.004000] Switched APIC routing to physical flat.
2018-08-22 12:14:20,519 process          L0367 DEBUG| [stdout] [    0.004000] ..TIMER: vector=0x30 apic1=0 pin1=2 apic2=-1 pin2=-1
2018-08-22 12:14:20,519 process          L0367 DEBUG| [stdout] [    0.024000] tsc: Fast TSC calibration using PIT
2018-08-22 12:14:20,520 process          L0367 DEBUG| [stdout] [    0.028000] tsc: Detected 1696.863 MHz processor
2018-08-22 12:14:20,520 process          L0367 DEBUG| [stdout] [    0.028000] clocksource: tsc-early: mask: 0xffffffffffffffff max_cycles: 0x187593ecd7a, max_idle_ns: 440795242741 ns
2018-08-22 12:14:20,520 process          L0367 DEBUG| [stdout] [    0.028000] Calibrating delay loop (skipped), value calculated using timer frequency.. 3393.72 BogoMIPS (lpj=6787452)
2018-08-22 12:14:20,520 process          L0367 DEBUG| [stdout] [    0.028000] pid_max: default: 262144 minimum: 2048
2018-08-22 12:14:20,520 process          L0367 DEBUG| [stdout] [    0.033202] Security Framework initialized
2018-08-22 12:14:20,520 process          L0367 DEBUG| [stdout] [    0.033204] Yama: becoming mindful.
2018-08-22 12:14:20,521 process          L0367 DEBUG| [stdout] [    0.033562] AppArmor: AppArmor initialized
2018-08-22 12:14:20,521 process          L0367 DEBUG| [stdout] [    0.044623] Dentry cache hash table entries: 8388608 (order: 14, 67108864 bytes)
2018-08-22 12:14:20,521 process          L0367 DEBUG| [stdout] [    0.050130] Inode-cache hash table entries: 4194304 (order: 13, 33554432 bytes)
2018-08-22 12:14:20,521 process          L0367 DEBUG| [stdout] [    0.050415] Mount-cache hash table entries: 131072 (order: 8, 1048576 bytes)
2018-08-22 12:14:20,521 process          L0367 DEBUG| [stdout] [    0.050592] Mountpoint-cache hash table entries: 131072 (order: 8, 1048576 bytes)
2018-08-22 12:14:20,521 process          L0367 DEBUG| [stdout] [    0.051658] CPU: Physical Processor ID: 0
2018-08-22 12:14:20,522 process          L0367 DEBUG| [stdout] [    0.051659] CPU: Processor Core ID: 0
2018-08-22 12:14:20,522 process          L0367 DEBUG| [stdout] [    0.051668] x86/cpu: Activated the Intel User Mode Instruction Prevention (UMIP) CPU feature
2018-08-22 12:14:20,522 process          L0367 DEBUG| [stdout] [    0.051669] CPU: Physical Processor ID: 0
2018-08-22 12:14:20,522 process          L0367 DEBUG| [stdout] [    0.051670] CPU: Processor Core ID: 0
2018-08-22 12:14:20,522 process          L0367 DEBUG| [stdout] [    0.051846] LVT offset 2 assigned for vector 0xf4
2018-08-22 12:14:20,523 process          L0367 DEBUG| [stdout] [    0.051879] Last level iTLB entries: 4KB 1024, 2MB 1024, 4MB 512
2018-08-22 12:14:20,523 process          L0367 DEBUG| [stdout] [    0.051880] Last level dTLB entries: 4KB 2048, 2MB 2048, 4MB 1024, 1GB 0
2018-08-22 12:14:20,523 process          L0367 DEBUG| [stdout] [    0.051884] Spectre V2 : Mitigation: Full AMD retpoline
2018-08-22 12:14:20,523 process          L0367 DEBUG| [stdout] [    0.051888] Speculative Store Bypass: Mitigation: Speculative Store Bypass disabled via prctl and seccomp
2018-08-22 12:14:20,523 process          L0367 DEBUG| [stdout] [    0.052141] Freeing SMP alternatives memory: 36K
2018-08-22 12:14:20,523 process          L0367 DEBUG| [stdout] [    0.060000] smpboot: CPU0: AMD Eng Sample: 1S1701E2VIVG2_20/17_N (family: 0x17, model: 0x30, stepping: 0x0)
2018-08-22 12:14:20,524 process          L0367 DEBUG| [stdout] [    0.060000] Performance Events: Fam17h core perfctr, AMD PMU driver.
2018-08-22 12:14:20,524 process          L0367 DEBUG| [stdout] [    0.060000] ... version:                0
2018-08-22 12:14:20,524 process          L0367 DEBUG| [stdout] [    0.060000] ... bit width:              48
2018-08-22 12:14:20,524 process          L0367 DEBUG| [stdout] [    0.060000] ... generic registers:      6
2018-08-22 12:14:20,524 process          L0367 DEBUG| [stdout] [    0.060000] ... value mask:             0000ffffffffffff
2018-08-22 12:14:20,524 process          L0367 DEBUG| [stdout] [    0.060000] ... max period:             00007fffffffffff
2018-08-22 12:14:20,525 process          L0367 DEBUG| [stdout] [    0.060000] ... fixed-purpose events:   0
2018-08-22 12:14:20,525 process          L0367 DEBUG| [stdout] [    0.060000] ... event mask:             000000000000003f
2018-08-22 12:14:20,525 process          L0367 DEBUG| [stdout] [    0.060000] Hierarchical SRCU implementation.
2018-08-22 12:14:20,525 process          L0367 DEBUG| [stdout] [    0.060000] MCE: In-kernel MCE decoding enabled.
2018-08-22 12:14:20,525 process          L0367 DEBUG| [stdout] [    0.060804] NMI watchdog: Enabled. Permanently consumes one hw-PMU counter.
2018-08-22 12:14:20,525 process          L0367 DEBUG| [stdout] [    0.060825] smp: Bringing up secondary CPUs ...
2018-08-22 12:14:20,526 process          L0367 DEBUG| [stdout] [    0.061017] x86: Booting SMP configuration:
2018-08-22 12:14:20,526 process          L0367 DEBUG| [stdout] [    0.061019] .... node  #0, CPUs:          #1
2018-08-22 12:14:20,526 process          L0367 DEBUG| [stdout] [    0.004000] x86/cpu: Activated the Intel User Mode Instruction Prevention (UMIP) CPU feature
2018-08-22 12:14:20,526 process          L0367 DEBUG| [stdout] [    0.064219]    #2
2018-08-22 12:14:20,526 process          L0367 DEBUG| [stdout] [    0.004000] x86/cpu: Activated the Intel User Mode Instruction Prevention (UMIP) CPU feature
2018-08-22 12:14:20,526 process          L0367 DEBUG| [stdout] [    0.068104]    #3
2018-08-22 12:14:20,527 process          L0367 DEBUG| [stdout] [    0.004000] x86/cpu: Activated the Intel User Mode Instruction Prevention (UMIP) CPU feature
2018-08-22 12:14:20,527 process          L0367 DEBUG| [stdout] [    0.070425]    #4
2018-08-22 12:14:20,527 process          L0367 DEBUG| [stdout] [    0.004000] x86/cpu: Activated the Intel User Mode Instruction Prevention (UMIP) CPU feature
2018-08-22 12:14:20,527 process          L0367 DEBUG| [stdout] [    0.072192]    #5
2018-08-22 12:14:20,527 process          L0367 DEBUG| [stdout] [    0.004000] x86/cpu: Activated the Intel User Mode Instruction Prevention (UMIP) CPU feature
2018-08-22 12:14:20,527 process          L0367 DEBUG| [stdout] [    0.076128]    #6
2018-08-22 12:14:20,528 process          L0367 DEBUG| [stdout] [    0.004000] x86/cpu: Activated the Intel User Mode Instruction Prevention (UMIP) CPU feature
2018-08-22 12:14:20,528 process          L0367 DEBUG| [stdout] [    0.078459]    #7
2018-08-22 12:14:20,528 process          L0367 DEBUG| [stdout] [    0.004000] x86/cpu: Activated the Intel User Mode Instruction Prevention (UMIP) CPU feature
2018-08-22 12:14:20,528 process          L0367 DEBUG| [stdout] [    0.080170]    #8
2018-08-22 12:14:20,528 process          L0367 DEBUG| [stdout] [    0.004000] x86/cpu: Activated the Intel User Mode Instruction Prevention (UMIP) CPU feature
2018-08-22 12:14:20,528 process          L0367 DEBUG| [stdout] [    0.084173]    #9
2018-08-22 12:14:20,529 process          L0367 DEBUG| [stdout] [    0.004000] x86/cpu: Activated the Intel User Mode Instruction Prevention (UMIP) CPU feature
2018-08-22 12:14:20,529 process          L0367 DEBUG| [stdout] [    0.086568]   #10
2018-08-22 12:14:20,529 process          L0367 DEBUG| [stdout] [    0.004000] x86/cpu: Activated the Intel User Mode Instruction Prevention (UMIP) CPU feature
2018-08-22 12:14:20,529 process          L0367 DEBUG| [stdout] [    0.088229]   #11
2018-08-22 12:14:20,529 process          L0367 DEBUG| [stdout] [    0.004000] x86/cpu: Activated the Intel User Mode Instruction Prevention (UMIP) CPU feature
2018-08-22 12:14:20,529 process          L0367 DEBUG| [stdout] [    0.092207]   #12
2018-08-22 12:14:20,530 process          L0367 DEBUG| [stdout] [    0.004000] x86/cpu: Activated the Intel User Mode Instruction Prevention (UMIP) CPU feature
2018-08-22 12:14:20,530 process          L0367 DEBUG| [stdout] [    0.094518]   #13
2018-08-22 12:14:20,530 process          L0367 DEBUG| [stdout] [    0.004000] x86/cpu: Activated the Intel User Mode Instruction Prevention (UMIP) CPU feature
2018-08-22 12:14:20,530 process          L0367 DEBUG| [stdout] [    0.096213]   #14
2018-08-22 12:14:20,530 process          L0367 DEBUG| [stdout] [    0.004000] x86/cpu: Activated the Intel User Mode Instruction Prevention (UMIP) CPU feature
2018-08-22 12:14:20,530 process          L0367 DEBUG| [stdout] [    0.100227]   #15
2018-08-22 12:14:20,531 process          L0367 DEBUG| [stdout] [    0.004000] x86/cpu: Activated the Intel User Mode Instruction Prevention (UMIP) CPU feature
2018-08-22 12:14:20,531 process          L0367 DEBUG| [stdout] [    0.102534]   #16
2018-08-22 12:14:20,531 process          L0367 DEBUG| [stdout] [    0.004000] x86/cpu: Activated the Intel User Mode Instruction Prevention (UMIP) CPU feature
2018-08-22 12:14:20,531 process          L0367 DEBUG| [stdout] [    0.102534] TSC synchronization [CPU#0 -> CPU#16]:
2018-08-22 12:14:20,531 process          L0367 DEBUG| [stdout] [    0.102534] Measured 1173 cycles TSC warp between CPUs, turning off TSC clock.
2018-08-22 12:14:20,531 process          L0367 DEBUG| [stdout] [    0.102534] tsc: Marking TSC unstable due to check_tsc_sync_source failed
2018-08-22 12:14:20,532 process          L0367 DEBUG| [stdout] [    0.104252]   #17
2018-08-22 12:14:20,532 process          L0367 DEBUG| [stdout] [    0.004000] x86/cpu: Activated the Intel User Mode Instruction Prevention (UMIP) CPU feature
2018-08-22 12:14:20,532 process          L0367 DEBUG| [stdout] [    0.104552]   #18
2018-08-22 12:14:20,532 process          L0367 DEBUG| [stdout] [    0.004000] x86/cpu: Activated the Intel User Mode Instruction Prevention (UMIP) CPU feature
2018-08-22 12:14:20,532 process          L0367 DEBUG| [stdout] [    0.104552]   #19
2018-08-22 12:14:20,532 process          L0367 DEBUG| [stdout] [    0.004000] x86/cpu: Activated the Intel User Mode Instruction Prevention (UMIP) CPU feature
2018-08-22 12:14:20,533 process          L0367 DEBUG| [stdout] [    0.108276]   #20
2018-08-22 12:14:20,533 process          L0367 DEBUG| [stdout] [    0.004000] x86/cpu: Activated the Intel User Mode Instruction Prevention (UMIP) CPU feature
2018-08-22 12:14:20,533 process          L0367 DEBUG| [stdout] [    0.108526]   #21
2018-08-22 12:14:20,533 process          L0367 DEBUG| [stdout] [    0.004000] x86/cpu: Activated the Intel User Mode Instruction Prevention (UMIP) CPU feature
2018-08-22 12:14:20,533 process          L0367 DEBUG| [stdout] [    0.108534]   #22
2018-08-22 12:14:20,533 process          L0367 DEBUG| [stdout] [    0.004000] x86/cpu: Activated the Intel User Mode Instruction Prevention (UMIP) CPU feature
2018-08-22 12:14:20,534 process          L0367 DEBUG| [stdout] [    0.108534]   #23
2018-08-22 12:14:20,534 process          L0367 DEBUG| [stdout] [    0.004000] x86/cpu: Activated the Intel User Mode Instruction Prevention (UMIP) CPU feature
2018-08-22 12:14:20,534 process          L0367 DEBUG| [stdout] [    0.108534]   #24
2018-08-22 12:14:20,534 process          L0367 DEBUG| [stdout] [    0.004000] x86/cpu: Activated the Intel User Mode Instruction Prevention (UMIP) CPU feature
2018-08-22 12:14:20,535 process          L0367 DEBUG| [stdout] [    0.112195]   #25
2018-08-22 12:14:20,535 process          L0367 DEBUG| [stdout] [    0.004000] x86/cpu: Activated the Intel User Mode Instruction Prevention (UMIP) CPU feature
2018-08-22 12:14:20,535 process          L0367 DEBUG| [stdout] [    0.112581]   #26
2018-08-22 12:14:20,535 process          L0367 DEBUG| [stdout] [    0.004000] x86/cpu: Activated the Intel User Mode Instruction Prevention (UMIP) CPU feature
2018-08-22 12:14:20,535 process          L0367 DEBUG| [stdout] [    0.112581]   #27
2018-08-22 12:14:20,536 process          L0367 DEBUG| [stdout] [    0.004000] x86/cpu: Activated the Intel User Mode Instruction Prevention (UMIP) CPU feature
2018-08-22 12:14:20,536 process          L0367 DEBUG| [stdout] [    0.112581]   #28
2018-08-22 12:14:20,536 process          L0367 DEBUG| [stdout] [    0.004000] x86/cpu: Activated the Intel User Mode Instruction Prevention (UMIP) CPU feature
2018-08-22 12:14:20,536 process          L0367 DEBUG| [stdout] [    0.112581]   #29
2018-08-22 12:14:20,536 process          L0367 DEBUG| [stdout] [    0.004000] x86/cpu: Activated the Intel User Mode Instruction Prevention (UMIP) CPU feature
2018-08-22 12:14:20,536 process          L0367 DEBUG| [stdout] [    0.116180]   #30
2018-08-22 12:14:20,537 process          L0367 DEBUG| [stdout] [    0.004000] x86/cpu: Activated the Intel User Mode Instruction Prevention (UMIP) CPU feature
2018-08-22 12:14:20,537 process          L0367 DEBUG| [stdout] [    0.116535]   #31
2018-08-22 12:14:20,537 process          L0367 DEBUG| [stdout] [    0.004000] x86/cpu: Activated the Intel User Mode Instruction Prevention (UMIP) CPU feature
2018-08-22 12:14:20,537 process          L0367 DEBUG| [stdout] [    0.116542]   #32
2018-08-22 12:14:20,537 process          L0367 DEBUG| [stdout] [    0.004000] x86/cpu: Activated the Intel User Mode Instruction Prevention (UMIP) CPU feature
2018-08-22 12:14:20,537 process          L0367 DEBUG| [stdout] [    0.116542]   #33
2018-08-22 12:14:20,538 process          L0367 DEBUG| [stdout] [    0.004000] x86/cpu: Activated the Intel User Mode Instruction Prevention (UMIP) CPU feature
2018-08-22 12:14:20,538 process          L0367 DEBUG| [stdout] [    0.116555]   #34
2018-08-22 12:14:20,538 process          L0367 DEBUG| [stdout] [    0.004000] x86/cpu: Activated the Intel User Mode Instruction Prevention (UMIP) CPU feature
2018-08-22 12:14:20,538 process          L0367 DEBUG| [stdout] [    0.116555]   #35
2018-08-22 12:14:20,538 process          L0367 DEBUG| [stdout] [    0.004000] x86/cpu: Activated the Intel User Mode Instruction Prevention (UMIP) CPU feature
2018-08-22 12:14:20,538 process          L0367 DEBUG| [stdout] [    0.120326]   #36
2018-08-22 12:14:20,539 process          L0367 DEBUG| [stdout] [    0.004000] x86/cpu: Activated the Intel User Mode Instruction Prevention (UMIP) CPU feature
2018-08-22 12:14:20,539 process          L0367 DEBUG| [stdout] [    0.120532]   #37
2018-08-22 12:14:20,539 process          L0367 DEBUG| [stdout] [    0.004000] x86/cpu: Activated the Intel User Mode Instruction Prevention (UMIP) CPU feature
2018-08-22 12:14:20,539 process          L0367 DEBUG| [stdout] [    0.120534]   #38
2018-08-22 12:14:20,539 process          L0367 DEBUG| [stdout] [    0.004000] x86/cpu: Activated the Intel User Mode Instruction Prevention (UMIP) CPU feature
2018-08-22 12:14:20,539 process          L0367 DEBUG| [stdout] [    0.120534]   #39
2018-08-22 12:14:20,540 process          L0367 DEBUG| [stdout] [    0.004000] x86/cpu: Activated the Intel User Mode Instruction Prevention (UMIP) CPU feature
2018-08-22 12:14:20,540 process          L0367 DEBUG| [stdout] [    0.120534]   #40
2018-08-22 12:14:20,540 process          L0367 DEBUG| [stdout] [    0.004000] x86/cpu: Activated the Intel User Mode Instruction Prevention (UMIP) CPU feature
2018-08-22 12:14:20,540 process          L0367 DEBUG| [stdout] [    0.124251]   #41
2018-08-22 12:14:20,540 process          L0367 DEBUG| [stdout] [    0.004000] x86/cpu: Activated the Intel User Mode Instruction Prevention (UMIP) CPU feature
2018-08-22 12:14:20,540 process          L0367 DEBUG| [stdout] [    0.124568]   #42
2018-08-22 12:14:20,541 process          L0367 DEBUG| [stdout] [    0.004000] x86/cpu: Activated the Intel User Mode Instruction Prevention (UMIP) CPU feature
2018-08-22 12:14:20,541 process          L0367 DEBUG| [stdout] [    0.124568]   #43
2018-08-22 12:14:20,541 process          L0367 DEBUG| [stdout] [    0.004000] x86/cpu: Activated the Intel User Mode Instruction Prevention (UMIP) CPU feature
2018-08-22 12:14:20,541 process          L0367 DEBUG| [stdout] [    0.124568]   #44
2018-08-22 12:14:20,541 process          L0367 DEBUG| [stdout] [    0.004000] x86/cpu: Activated the Intel User Mode Instruction Prevention (UMIP) CPU feature
2018-08-22 12:14:20,541 process          L0367 DEBUG| [stdout] [    0.124568]   #45
2018-08-22 12:14:20,542 process          L0367 DEBUG| [stdout] [    0.004000] x86/cpu: Activated the Intel User Mode Instruction Prevention (UMIP) CPU feature
2018-08-22 12:14:20,542 process          L0367 DEBUG| [stdout] [    0.128181]   #46
2018-08-22 12:14:20,542 process          L0367 DEBUG| [stdout] [    0.004000] x86/cpu: Activated the Intel User Mode Instruction Prevention (UMIP) CPU feature
2018-08-22 12:14:20,542 process          L0367 DEBUG| [stdout] [    0.128543]   #47
2018-08-22 12:14:20,542 process          L0367 DEBUG| [stdout] [    0.004000] x86/cpu: Activated the Intel User Mode Instruction Prevention (UMIP) CPU feature
2018-08-22 12:14:20,542 process          L0367 DEBUG| [stdout] [    0.128553]   #48
2018-08-22 12:14:20,543 process          L0367 DEBUG| [stdout] [    0.004000] x86/cpu: Activated the Intel User Mode Instruction Prevention (UMIP) CPU feature
2018-08-22 12:14:20,543 process          L0367 DEBUG| [stdout] [    0.128553]   #49
2018-08-22 12:14:20,543 process          L0367 DEBUG| [stdout] [    0.004000] x86/cpu: Activated the Intel User Mode Instruction Prevention (UMIP) CPU feature
2018-08-22 12:14:20,543 process          L0367 DEBUG| [stdout] [    0.128553]   #50
2018-08-22 12:14:20,543 process          L0367 DEBUG| [stdout] [    0.004000] x86/cpu: Activated the Intel User Mode Instruction Prevention (UMIP) CPU feature
2018-08-22 12:14:20,543 process          L0367 DEBUG| [stdout] [    0.132178]   #51
2018-08-22 12:14:20,544 process          L0367 DEBUG| [stdout] [    0.004000] x86/cpu: Activated the Intel User Mode Instruction Prevention (UMIP) CPU feature
2018-08-22 12:14:20,544 process          L0367 DEBUG| [stdout] [    0.132547]   #52
2018-08-22 12:14:20,544 process          L0367 DEBUG| [stdout] [    0.004000] x86/cpu: Activated the Intel User Mode Instruction Prevention (UMIP) CPU feature
2018-08-22 12:14:20,544 process          L0367 DEBUG| [stdout] [    0.132547]   #53
2018-08-22 12:14:20,544 process          L0367 DEBUG| [stdout] [    0.004000] x86/cpu: Activated the Intel User Mode Instruction Prevention (UMIP) CPU feature
2018-08-22 12:14:20,544 process          L0367 DEBUG| [stdout] [    0.132547]   #54
2018-08-22 12:14:20,545 process          L0367 DEBUG| [stdout] [    0.004000] x86/cpu: Activated the Intel User Mode Instruction Prevention (UMIP) CPU feature
2018-08-22 12:14:20,545 process          L0367 DEBUG| [stdout] [    0.132547]   #55
2018-08-22 12:14:20,545 process          L0367 DEBUG| [stdout] [    0.004000] x86/cpu: Activated the Intel User Mode Instruction Prevention (UMIP) CPU feature
2018-08-22 12:14:20,545 process          L0367 DEBUG| [stdout] [    0.136084]   #56
2018-08-22 12:14:20,545 process          L0367 DEBUG| [stdout] [    0.004000] x86/cpu: Activated the Intel User Mode Instruction Prevention (UMIP) CPU feature
2018-08-22 12:14:20,545 process          L0367 DEBUG| [stdout] [    0.136379]   #57
2018-08-22 12:14:20,546 process          L0367 DEBUG| [stdout] [    0.004000] x86/cpu: Activated the Intel User Mode Instruction Prevention (UMIP) CPU feature
2018-08-22 12:14:20,546 process          L0367 DEBUG| [stdout] [    0.136563]   #58
2018-08-22 12:14:20,546 process          L0367 DEBUG| [stdout] [    0.004000] x86/cpu: Activated the Intel User Mode Instruction Prevention (UMIP) CPU feature
2018-08-22 12:14:20,546 process          L0367 DEBUG| [stdout] [    0.136563]   #59
2018-08-22 12:14:20,546 process          L0367 DEBUG| [stdout] [    0.004000] x86/cpu: Activated the Intel User Mode Instruction Prevention (UMIP) CPU feature
2018-08-22 12:14:20,546 process          L0367 DEBUG| [stdout] [    0.136563]   #60
2018-08-22 12:14:20,547 process          L0367 DEBUG| [stdout] [    0.004000] x86/cpu: Activated the Intel User Mode Instruction Prevention (UMIP) CPU feature
2018-08-22 12:14:20,547 process          L0367 DEBUG| [stdout] [    0.136563]   #61
2018-08-22 12:14:20,547 process          L0367 DEBUG| [stdout] [    0.004000] x86/cpu: Activated the Intel User Mode Instruction Prevention (UMIP) CPU feature
2018-08-22 12:14:20,547 process          L0367 DEBUG| [stdout] [    0.140344]   #62
2018-08-22 12:14:20,547 process          L0367 DEBUG| [stdout] [    0.004000] x86/cpu: Activated the Intel User Mode Instruction Prevention (UMIP) CPU feature
2018-08-22 12:14:20,547 process          L0367 DEBUG| [stdout] [    0.140549]   #63
2018-08-22 12:14:20,548 process          L0367 DEBUG| [stdout] [    0.004000] x86/cpu: Activated the Intel User Mode Instruction Prevention (UMIP) CPU feature
2018-08-22 12:14:20,548 process          L0367 DEBUG| [stdout] [    0.140557] smp: Brought up 1 node, 64 CPUs
2018-08-22 12:14:20,548 process          L0367 DEBUG| [stdout] [    0.140557] smpboot: Max logical packages: 4
2018-08-22 12:14:20,548 process          L0367 DEBUG| [stdout] [    0.140557] smpboot: Total of 64 processors activated (217198.46 BogoMIPS)
2018-08-22 12:14:20,548 process          L0367 DEBUG| [stdout] [    0.149811] devtmpfs: initialized
2018-08-22 12:14:20,548 process          L0367 DEBUG| [stdout] [    0.149811] x86/mm: Memory block size: 128MB
2018-08-22 12:14:20,549 process          L0367 DEBUG| [stdout] [    0.158214] evm: security.selinux
2018-08-22 12:14:20,549 process          L0367 DEBUG| [stdout] [    0.158215] evm: security.SMACK64
2018-08-22 12:14:20,549 process          L0367 DEBUG| [stdout] [    0.158216] evm: security.SMACK64EXEC
2018-08-22 12:14:20,549 process          L0367 DEBUG| [stdout] [    0.158217] evm: security.SMACK64TRANSMUTE
2018-08-22 12:14:20,549 process          L0367 DEBUG| [stdout] [    0.158217] evm: security.SMACK64MMAP
2018-08-22 12:14:20,549 process          L0367 DEBUG| [stdout] [    0.158218] evm: security.apparmor
2018-08-22 12:14:20,550 process          L0367 DEBUG| [stdout] [    0.158219] evm: security.ima
2018-08-22 12:14:20,550 process          L0367 DEBUG| [stdout] [    0.158220] evm: security.capability
2018-08-22 12:14:20,550 process          L0367 DEBUG| [stdout] [    0.158397] PM: Registering ACPI NVS region [mem 0x04000000-0x04008fff] (36864 bytes)
2018-08-22 12:14:20,550 process          L0367 DEBUG| [stdout] [    0.158397] PM: Registering ACPI NVS region [mem 0x75fc7000-0x76329fff] (3551232 bytes)
2018-08-22 12:14:20,550 process          L0367 DEBUG| [stdout] [    0.158397] clocksource: jiffies: mask: 0xffffffff max_cycles: 0xffffffff, max_idle_ns: 7645041785100000 ns
2018-08-22 12:14:20,550 process          L0367 DEBUG| [stdout] [    0.158397] futex hash table entries: 65536 (order: 10, 4194304 bytes)
2018-08-22 12:14:20,551 process          L0367 DEBUG| [stdout] [    0.161852] pinctrl core: initialized pinctrl subsystem
2018-08-22 12:14:20,551 process          L0367 DEBUG| [stdout] [    0.162068] RTC time: 17:11:47, date: 08/22/18
2018-08-22 12:14:20,551 process          L0367 DEBUG| [stdout] [    0.162651] NET: Registered protocol family 16
2018-08-22 12:14:20,551 process          L0367 DEBUG| [stdout] [    0.162906] audit: initializing netlink subsys (disabled)
2018-08-22 12:14:20,551 process          L0367 DEBUG| [stdout] [    0.162916] audit: type=2000 audit(1534957906.160:1): state=initialized audit_enabled=0 res=1
2018-08-22 12:14:20,551 process          L0367 DEBUG| [stdout] [    0.162916] cpuidle: using governor ladder
2018-08-22 12:14:20,552 process          L0367 DEBUG| [stdout] [    0.162916] cpuidle: using governor menu
2018-08-22 12:14:20,552 process          L0367 DEBUG| [stdout] [    0.164142] ACPI: bus type PCI registered
2018-08-22 12:14:20,552 process          L0367 DEBUG| [stdout] [    0.164145] acpiphp: ACPI Hot Plug PCI Controller Driver version: 0.5
2018-08-22 12:14:20,552 process          L0367 DEBUG| [stdout] [    0.164543] PCI: MMCONFIG for domain 0000 [bus 00-ff] at [mem 0xe0000000-0xefffffff] (base 0xe0000000)
2018-08-22 12:14:20,552 process          L0367 DEBUG| [stdout] [    0.164549] PCI: not using MMCONFIG
2018-08-22 12:14:20,552 process          L0367 DEBUG| [stdout] [    0.164551] PCI: Using configuration type 1 for base access
2018-08-22 12:14:20,553 process          L0367 DEBUG| [stdout] [    0.164552] PCI: Using configuration type 1 for extended access
2018-08-22 12:14:20,553 process          L0367 DEBUG| [stdout] [    0.173042] HugeTLB registered 1.00 GiB page size, pre-allocated 0 pages
2018-08-22 12:14:20,553 process          L0367 DEBUG| [stdout] [    0.173042] HugeTLB registered 2.00 MiB page size, pre-allocated 0 pages
2018-08-22 12:14:20,553 process          L0367 DEBUG| [stdout] [    0.173048] ACPI: Added _OSI(Module Device)
2018-08-22 12:14:20,553 process          L0367 DEBUG| [stdout] [    0.173048] ACPI: Added _OSI(Processor Device)
2018-08-22 12:14:20,553 process          L0367 DEBUG| [stdout] [    0.173048] ACPI: Added _OSI(3.0 _SCP Extensions)
2018-08-22 12:14:20,554 process          L0367 DEBUG| [stdout] [    0.173048] ACPI: Added _OSI(Processor Aggregator Device)
2018-08-22 12:14:20,554 process          L0367 DEBUG| [stdout] [    0.173048] ACPI: Added _OSI(Linux-Dell-Video)
2018-08-22 12:14:20,554 process          L0367 DEBUG| [stdout] [    0.218124] ACPI: 6 ACPI AML tables successfully acquired and loaded
2018-08-22 12:14:20,554 process          L0367 DEBUG| [stdout] [    0.234303] ACPI: Interpreter enabled
2018-08-22 12:14:20,554 process          L0367 DEBUG| [stdout] [    0.234330] ACPI: (supports S0 S5)
2018-08-22 12:14:20,555 process          L0367 DEBUG| [stdout] [    0.234332] ACPI: Using IOAPIC for interrupt routing
2018-08-22 12:14:20,555 process          L0367 DEBUG| [stdout] [    0.234846] PCI: MMCONFIG for domain 0000 [bus 00-ff] at [mem 0xe0000000-0xefffffff] (base 0xe0000000)
2018-08-22 12:14:20,555 process          L0367 DEBUG| [stdout] [    0.235142] PCI: MMCONFIG at [mem 0xe0000000-0xefffffff] reserved in ACPI motherboard resources
2018-08-22 12:14:20,555 process          L0367 DEBUG| [stdout] [    0.235178] [Firmware Warn]: HEST: Unknown or unused hardware error source type: 11 for hardware error source: 5.
2018-08-22 12:14:20,555 process          L0367 DEBUG| [stdout] [    0.235183] PCI: Using host bridge windows from ACPI; if necessary, use "pci=nocrs" and report a bug
2018-08-22 12:14:20,555 process          L0367 DEBUG| [stdout] [    0.236627] ACPI: Enabled 3 GPEs in block 00 to 1F
2018-08-22 12:14:20,556 process          L0367 DEBUG| [stdout] [    0.241712] ACPI: Power Resource [P0SA] (off)
2018-08-22 12:14:20,556 process          L0367 DEBUG| [stdout] [    0.241766] ACPI: Power Resource [P3SA] (off)
2018-08-22 12:14:20,556 process          L0367 DEBUG| [stdout] [    0.242719] ACPI: Power Resource [P0SA] (off)
2018-08-22 12:14:20,556 process          L0367 DEBUG| [stdout] [    0.242771] ACPI: Power Resource [P3SA] (off)
2018-08-22 12:14:20,556 process          L0367 DEBUG| [stdout] [    0.245323] ACPI: Power Resource [P0SA] (off)
2018-08-22 12:14:20,556 process          L0367 DEBUG| [stdout] [    0.245374] ACPI: Power Resource [P3SA] (off)
2018-08-22 12:14:20,557 process          L0367 DEBUG| [stdout] [    0.246313] ACPI: Power Resource [P0SA] (off)
2018-08-22 12:14:20,557 process          L0367 DEBUG| [stdout] [    0.246363] ACPI: Power Resource [P3SA] (off)
2018-08-22 12:14:20,557 process          L0367 DEBUG| [stdout] [    0.248912] ACPI: Power Resource [P0SA] (off)
2018-08-22 12:14:20,557 process          L0367 DEBUG| [stdout] [    0.248963] ACPI: Power Resource [P3SA] (off)
2018-08-22 12:14:20,557 process          L0367 DEBUG| [stdout] [    0.249907] ACPI: Power Resource [P0SA] (off)
2018-08-22 12:14:20,557 process          L0367 DEBUG| [stdout] [    0.249960] ACPI: Power Resource [P3SA] (off)
2018-08-22 12:14:20,558 process          L0367 DEBUG| [stdout] [    0.252864] ACPI: Power Resource [P0SA] (off)
2018-08-22 12:14:20,558 process          L0367 DEBUG| [stdout] [    0.252914] ACPI: Power Resource [P3SA] (off)
2018-08-22 12:14:20,558 process          L0367 DEBUG| [stdout] [    0.253858] ACPI: Power Resource [P0SA] (off)
2018-08-22 12:14:20,558 process          L0367 DEBUG| [stdout] [    0.253909] ACPI: Power Resource [P3SA] (off)
2018-08-22 12:14:20,558 process          L0367 DEBUG| [stdout] [    0.260235] ACPI: Power Resource [P0SA] (off)
2018-08-22 12:14:20,558 process          L0367 DEBUG| [stdout] [    0.260287] ACPI: Power Resource [P3SA] (off)
2018-08-22 12:14:20,559 process          L0367 DEBUG| [stdout] [    0.261241] ACPI: Power Resource [P0SA] (off)
2018-08-22 12:14:20,559 process          L0367 DEBUG| [stdout] [    0.261297] ACPI: Power Resource [P3SA] (off)
2018-08-22 12:14:20,559 process          L0367 DEBUG| [stdout] [    0.263774] ACPI: Power Resource [P0SA] (off)
2018-08-22 12:14:20,559 process          L0367 DEBUG| [stdout] [    0.263827] ACPI: Power Resource [P3SA] (off)
2018-08-22 12:14:20,559 process          L0367 DEBUG| [stdout] [    0.264788] ACPI: Power Resource [P0SA] (off)
2018-08-22 12:14:20,559 process          L0367 DEBUG| [stdout] [    0.264838] ACPI: Power Resource [P3SA] (off)
2018-08-22 12:14:20,560 process          L0367 DEBUG| [stdout] [    0.267314] ACPI: Power Resource [P0SA] (off)
2018-08-22 12:14:20,560 process          L0367 DEBUG| [stdout] [    0.267365] ACPI: Power Resource [P3SA] (off)
2018-08-22 12:14:20,560 process          L0367 DEBUG| [stdout] [    0.268320] ACPI: Power Resource [P0SA] (off)
2018-08-22 12:14:20,560 process          L0367 DEBUG| [stdout] [    0.268374] ACPI: Power Resource [P3SA] (off)
2018-08-22 12:14:20,560 process          L0367 DEBUG| [stdout] [    0.270867] ACPI: Power Resource [P0SA] (off)
2018-08-22 12:14:20,560 process          L0367 DEBUG| [stdout] [    0.270918] ACPI: Power Resource [P3SA] (off)
2018-08-22 12:14:20,561 process          L0367 DEBUG| [stdout] [    0.271868] ACPI: Power Resource [P0SA] (off)
2018-08-22 12:14:20,561 process          L0367 DEBUG| [stdout] [    0.271918] ACPI: Power Resource [P3SA] (off)
2018-08-22 12:14:20,561 process          L0367 DEBUG| [stdout] [    0.277564] ACPI: PCI Root Bridge [S0D0] (domain 0000 [bus c0-ff])
2018-08-22 12:14:20,561 process          L0367 DEBUG| [stdout] [    0.277574] acpi PNP0A08:00: _OSC: OS supports [ExtendedConfig ASPM ClockPM Segments MSI]
2018-08-22 12:14:20,561 process          L0367 DEBUG| [stdout] [    0.278191] acpi PNP0A08:00: _OSC: OS now controls [PCIeHotplug PME AER PCIeCapability]
2018-08-22 12:14:20,561 process          L0367 DEBUG| [stdout] [    0.278860] PCI host bridge to bus 0000:c0
2018-08-22 12:14:20,562 process          L0367 DEBUG| [stdout] [    0.278864] pci_bus 0000:c0: root bus resource [io  0x03b0-0x03df window]
2018-08-22 12:14:20,562 process          L0367 DEBUG| [stdout] [    0.278867] pci_bus 0000:c0: root bus resource [io  0x7000-0xffff window]
2018-08-22 12:14:20,562 process          L0367 DEBUG| [stdout] [    0.278869] pci_bus 0000:c0: root bus resource [mem 0x000a0000-0x000bffff window]
2018-08-22 12:14:20,562 process          L0367 DEBUG| [stdout] [    0.278872] pci_bus 0000:c0: root bus resource [mem 0x80000000-0x8a5fffff window]
2018-08-22 12:14:20,562 process          L0367 DEBUG| [stdout] [    0.278875] pci_bus 0000:c0: root bus resource [mem 0x10020200000-0x180201fffff window]
2018-08-22 12:14:20,562 process          L0367 DEBUG| [stdout] [    0.278878] pci_bus 0000:c0: root bus resource [bus c0-ff]
2018-08-22 12:14:20,563 process          L0367 DEBUG| [stdout] [    0.278891] pci 0000:c0:00.0: [1022:1480] type 00 class 0x060000
2018-08-22 12:14:20,563 process          L0367 DEBUG| [stdout] [    0.279048] pci 0000:c0:00.2: [1022:1481] type 00 class 0x080600
2018-08-22 12:14:20,563 process          L0367 DEBUG| [stdout] [    0.279209] pci 0000:c0:01.0: [1022:1482] type 00 class 0x060000
2018-08-22 12:14:20,563 process          L0367 DEBUG| [stdout] [    0.279338] pci 0000:c0:02.0: [1022:1482] type 00 class 0x060000
2018-08-22 12:14:20,563 process          L0367 DEBUG| [stdout] [    0.279472] pci 0000:c0:03.0: [1022:1482] type 00 class 0x060000
2018-08-22 12:14:20,563 process          L0367 DEBUG| [stdout] [    0.279600] pci 0000:c0:04.0: [1022:1482] type 00 class 0x060000
2018-08-22 12:14:20,564 process          L0367 DEBUG| [stdout] [    0.279731] pci 0000:c0:05.0: [1022:1482] type 00 class 0x060000
2018-08-22 12:14:20,564 process          L0367 DEBUG| [stdout] [    0.279862] pci 0000:c0:05.2: [1022:1483] type 01 class 0x060400
2018-08-22 12:14:20,564 process          L0367 DEBUG| [stdout] [    0.279973] pci 0000:c0:05.2: PME# supported from D0 D3hot D3cold
2018-08-22 12:14:20,564 process          L0367 DEBUG| [stdout] [    0.280132] pci 0000:c0:07.0: [1022:1482] type 00 class 0x060000
2018-08-22 12:14:20,564 process          L0367 DEBUG| [stdout] [    0.280265] pci 0000:c0:07.1: [1022:1484] type 01 class 0x060400
2018-08-22 12:14:20,564 process          L0367 DEBUG| [stdout] [    0.280305] pci 0000:c0:07.1: enabling Extended Tags
2018-08-22 12:14:20,565 process          L0367 DEBUG| [stdout] [    0.280355] pci 0000:c0:07.1: PME# supported from D0 D3hot D3cold
2018-08-22 12:14:20,565 process          L0367 DEBUG| [stdout] [    0.280486] pci 0000:c0:08.0: [1022:1482] type 00 class 0x060000
2018-08-22 12:14:20,565 process          L0367 DEBUG| [stdout] [    0.280617] pci 0000:c0:08.1: [1022:1484] type 01 class 0x060400
2018-08-22 12:14:20,565 process          L0367 DEBUG| [stdout] [    0.280658] pci 0000:c0:08.1: enabling Extended Tags
2018-08-22 12:14:20,565 process          L0367 DEBUG| [stdout] [    0.280708] pci 0000:c0:08.1: PME# supported from D0 D3hot D3cold
2018-08-22 12:14:20,565 process          L0367 DEBUG| [stdout] [    0.280935] pci 0000:c1:00.0: [1a03:1150] type 01 class 0x060400
2018-08-22 12:14:20,566 process          L0367 DEBUG| [stdout] [    0.281011] pci 0000:c1:00.0: enabling Extended Tags
2018-08-22 12:14:20,566 process          L0367 DEBUG| [stdout] [    0.281094] pci 0000:c1:00.0: supports D1 D2
2018-08-22 12:14:20,566 process          L0367 DEBUG| [stdout] [    0.281096] pci 0000:c1:00.0: PME# supported from D0 D1 D2 D3hot D3cold
2018-08-22 12:14:20,566 process          L0367 DEBUG| [stdout] [    0.292027] pci 0000:c0:05.2: PCI bridge to [bus c1-c2]
2018-08-22 12:14:20,566 process          L0367 DEBUG| [stdout] [    0.292034] pci 0000:c0:05.2:   bridge window [io  0xf000-0xffff]
2018-08-22 12:14:20,566 process          L0367 DEBUG| [stdout] [    0.292039] pci 0000:c0:05.2:   bridge window [mem 0x84000000-0x880fffff]
2018-08-22 12:14:20,567 process          L0367 DEBUG| [stdout] [    0.292117] pci 0000:c2:00.0: [1a03:2000] type 00 class 0x030000
2018-08-22 12:14:20,567 process          L0367 DEBUG| [stdout] [    0.292155] pci 0000:c2:00.0: reg 0x10: [mem 0x84000000-0x87ffffff]
2018-08-22 12:14:20,567 process          L0367 DEBUG| [stdout] [    0.292171] pci 0000:c2:00.0: reg 0x14: [mem 0x88000000-0x8801ffff]
2018-08-22 12:14:20,567 process          L0367 DEBUG| [stdout] [    0.292187] pci 0000:c2:00.0: reg 0x18: [io  0xf000-0xf07f]
2018-08-22 12:14:20,567 process          L0367 DEBUG| [stdout] [    0.292258] pci 0000:c2:00.0: BAR 0: assigned to efifb
2018-08-22 12:14:20,567 process          L0367 DEBUG| [stdout] [    0.292312] pci 0000:c2:00.0: supports D1 D2
2018-08-22 12:14:20,568 process          L0367 DEBUG| [stdout] [    0.292314] pci 0000:c2:00.0: PME# supported from D0 D1 D2 D3hot D3cold
2018-08-22 12:14:20,568 process          L0367 DEBUG| [stdout] [    0.292438] pci 0000:c1:00.0: PCI bridge to [bus c2]
2018-08-22 12:14:20,568 process          L0367 DEBUG| [stdout] [    0.292447] pci 0000:c1:00.0:   bridge window [io  0xf000-0xffff]
2018-08-22 12:14:20,568 process          L0367 DEBUG| [stdout] [    0.292453] pci 0000:c1:00.0:   bridge window [mem 0x84000000-0x880fffff]
2018-08-22 12:14:20,568 process          L0367 DEBUG| [stdout] [    0.292558] pci 0000:c3:00.0: [1022:148a] type 00 class 0x130000
2018-08-22 12:14:20,568 process          L0367 DEBUG| [stdout] [    0.292611] pci 0000:c3:00.0: enabling Extended Tags
2018-08-22 12:14:20,569 process          L0367 DEBUG| [stdout] [    0.292746] pci 0000:c3:00.1: [1022:148b] type 00 class 0x068000
2018-08-22 12:14:20,569 process          L0367 DEBUG| [stdout] [    0.292764] pci 0000:c3:00.1: reg 0x10: [mem 0x88200000-0x883fffff]
2018-08-22 12:14:20,569 process          L0367 DEBUG| [stdout] [    0.292771] pci 0000:c3:00.1: reg 0x14: [mem 0x88600000-0x886fffff]
2018-08-22 12:14:20,569 process          L0367 DEBUG| [stdout] [    0.292782] pci 0000:c3:00.1: reg 0x18: [mem 0x88500000-0x885fffff 64bit]
2018-08-22 12:14:20,569 process          L0367 DEBUG| [stdout] [    0.292793] pci 0000:c3:00.1: reg 0x20: [mem 0x88400000-0x884fffff 64bit]
2018-08-22 12:14:20,569 process          L0367 DEBUG| [stdout] [    0.292805] pci 0000:c3:00.1: enabling Extended Tags
2018-08-22 12:14:20,570 process          L0367 DEBUG| [stdout] [    0.292859] pci 0000:c3:00.1: PME# supported from D3hot D3cold
2018-08-22 12:14:20,570 process          L0367 DEBUG| [stdout] [    0.292945] pci 0000:c3:00.2: [1022:1498] type 00 class 0x108000
2018-08-22 12:14:20,570 process          L0367 DEBUG| [stdout] [    0.292971] pci 0000:c3:00.2: reg 0x18: [mem 0x88700000-0x8877ffff]
2018-08-22 12:14:20,570 process          L0367 DEBUG| [stdout] [    0.292988] pci 0000:c3:00.2: reg 0x24: [mem 0x88780000-0x88781fff]
2018-08-22 12:14:20,570 process          L0367 DEBUG| [stdout] [    0.293000] pci 0000:c3:00.2: enabling Extended Tags
2018-08-22 12:14:20,570 process          L0367 DEBUG| [stdout] [    0.293160] pci 0000:c0:07.1: PCI bridge to [bus c3]
2018-08-22 12:14:20,571 process          L0367 DEBUG| [stdout] [    0.293168] pci 0000:c0:07.1:   bridge window [mem 0x88200000-0x887fffff]
2018-08-22 12:14:20,571 process          L0367 DEBUG| [stdout] [    0.293285] pci 0000:c4:00.0: [1022:1485] type 00 class 0x130000
2018-08-22 12:14:20,571 process          L0367 DEBUG| [stdout] [    0.293342] pci 0000:c4:00.0: enabling Extended Tags
2018-08-22 12:14:20,571 process          L0367 DEBUG| [stdout] [    0.293487] pci 0000:c4:00.2: [1022:1498] type 00 class 0x108000
2018-08-22 12:14:20,571 process          L0367 DEBUG| [stdout] [    0.293516] pci 0000:c4:00.2: reg 0x18: [mem 0x88800000-0x8887ffff]
2018-08-22 12:14:20,571 process          L0367 DEBUG| [stdout] [    0.293533] pci 0000:c4:00.2: reg 0x24: [mem 0x88880000-0x88881fff]
2018-08-22 12:14:20,572 process          L0367 DEBUG| [stdout] [    0.293546] pci 0000:c4:00.2: enabling Extended Tags
2018-08-22 12:14:20,572 process          L0367 DEBUG| [stdout] [    0.293717] pci 0000:c0:08.1: PCI bridge to [bus c4]
2018-08-22 12:14:20,572 process          L0367 DEBUG| [stdout] [    0.293725] pci 0000:c0:08.1:   bridge window [mem 0x88800000-0x888fffff]
2018-08-22 12:14:20,572 process          L0367 DEBUG| [stdout] [    0.294943] ACPI: PCI Root Bridge [S0D1] (domain 0000 [bus 80-bf])
2018-08-22 12:14:20,572 process          L0367 DEBUG| [stdout] [    0.294951] acpi PNP0A08:01: _OSC: OS supports [ExtendedConfig ASPM ClockPM Segments MSI]
2018-08-22 12:14:20,572 process          L0367 DEBUG| [stdout] [    0.295571] acpi PNP0A08:01: _OSC: OS now controls [PCIeHotplug PME AER PCIeCapability]
2018-08-22 12:14:20,573 process          L0367 DEBUG| [stdout] [    0.296102] PCI host bridge to bus 0000:80
2018-08-22 12:14:20,573 process          L0367 DEBUG| [stdout] [    0.296106] pci_bus 0000:80: root bus resource [io  0x5000-0x6fff window]
2018-08-22 12:14:20,573 process          L0367 DEBUG| [stdout] [    0.296108] pci_bus 0000:80: root bus resource [mem 0xf4a00000-0xf71fffff window]
2018-08-22 12:14:20,573 process          L0367 DEBUG| [stdout] [    0.296111] pci_bus 0000:80: root bus resource [mem 0x18050200000-0x200501fffff window]
2018-08-22 12:14:20,573 process          L0367 DEBUG| [stdout] [    0.296113] pci_bus 0000:80: root bus resource [bus 80-bf]
2018-08-22 12:14:20,573 process          L0367 DEBUG| [stdout] [    0.296123] pci 0000:80:00.0: [1022:1480] type 00 class 0x060000
2018-08-22 12:14:20,574 process          L0367 DEBUG| [stdout] [    0.296262] pci 0000:80:00.2: [1022:1481] type 00 class 0x080600
2018-08-22 12:14:20,574 process          L0367 DEBUG| [stdout] [    0.296416] pci 0000:80:01.0: [1022:1482] type 00 class 0x060000
2018-08-22 12:14:20,574 process          L0367 DEBUG| [stdout] [    0.296539] pci 0000:80:02.0: [1022:1482] type 00 class 0x060000
2018-08-22 12:14:20,574 process          L0367 DEBUG| [stdout] [    0.296662] pci 0000:80:03.0: [1022:1482] type 00 class 0x060000
2018-08-22 12:14:20,574 process          L0367 DEBUG| [stdout] [    0.296785] pci 0000:80:04.0: [1022:1482] type 00 class 0x060000
2018-08-22 12:14:20,575 process          L0367 DEBUG| [stdout] [    0.296909] pci 0000:80:05.0: [1022:1482] type 00 class 0x060000
2018-08-22 12:14:20,575 process          L0367 DEBUG| [stdout] [    0.297034] pci 0000:80:07.0: [1022:1482] type 00 class 0x060000
2018-08-22 12:14:20,575 process          L0367 DEBUG| [stdout] [    0.297154] pci 0000:80:07.1: [1022:1484] type 01 class 0x060400
2018-08-22 12:14:20,575 process          L0367 DEBUG| [stdout] [    0.297196] pci 0000:80:07.1: enabling Extended Tags
2018-08-22 12:14:20,575 process          L0367 DEBUG| [stdout] [    0.297247] pci 0000:80:07.1: PME# supported from D0 D3hot D3cold
2018-08-22 12:14:20,575 process          L0367 DEBUG| [stdout] [    0.297376] pci 0000:80:08.0: [1022:1482] type 00 class 0x060000
2018-08-22 12:14:20,575 process          L0367 DEBUG| [stdout] [    0.297502] pci 0000:80:08.1: [1022:1484] type 01 class 0x060400
2018-08-22 12:14:20,576 process          L0367 DEBUG| [stdout] [    0.297543] pci 0000:80:08.1: enabling Extended Tags
2018-08-22 12:14:20,576 process          L0367 DEBUG| [stdout] [    0.297595] pci 0000:80:08.1: PME# supported from D0 D3hot D3cold
2018-08-22 12:14:20,576 process          L0367 DEBUG| [stdout] [    0.297815] pci 0000:81:00.0: [1022:148a] type 00 class 0x130000
2018-08-22 12:14:20,576 process          L0367 DEBUG| [stdout] [    0.297869] pci 0000:81:00.0: enabling Extended Tags
2018-08-22 12:14:20,576 process          L0367 DEBUG| [stdout] [    0.298003] pci 0000:81:00.1: [1022:148b] type 00 class 0x068000
2018-08-22 12:14:20,576 process          L0367 DEBUG| [stdout] [    0.298022] pci 0000:81:00.1: reg 0x10: [mem 0xf6a00000-0xf6bfffff]
2018-08-22 12:14:20,577 process          L0367 DEBUG| [stdout] [    0.298029] pci 0000:81:00.1: reg 0x14: [mem 0xf6e00000-0xf6efffff]
2018-08-22 12:14:20,577 process          L0367 DEBUG| [stdout] [    0.298040] pci 0000:81:00.1: reg 0x18: [mem 0xf6d00000-0xf6dfffff 64bit]
2018-08-22 12:14:20,577 process          L0367 DEBUG| [stdout] [    0.298051] pci 0000:81:00.1: reg 0x20: [mem 0xf6c00000-0xf6cfffff 64bit]
2018-08-22 12:14:20,577 process          L0367 DEBUG| [stdout] [    0.298064] pci 0000:81:00.1: enabling Extended Tags
2018-08-22 12:14:20,577 process          L0367 DEBUG| [stdout] [    0.298119] pci 0000:81:00.1: PME# supported from D3hot D3cold
2018-08-22 12:14:20,577 process          L0367 DEBUG| [stdout] [    0.298204] pci 0000:81:00.2: [1022:1498] type 00 class 0x108000
2018-08-22 12:14:20,578 process          L0367 DEBUG| [stdout] [    0.298232] pci 0000:81:00.2: reg 0x18: [mem 0xf6f00000-0xf6f7ffff]
2018-08-22 12:14:20,578 process          L0367 DEBUG| [stdout] [    0.298248] pci 0000:81:00.2: reg 0x24: [mem 0xf6f80000-0xf6f81fff]
2018-08-22 12:14:20,578 process          L0367 DEBUG| [stdout] [    0.298261] pci 0000:81:00.2: enabling Extended Tags
2018-08-22 12:14:20,578 process          L0367 DEBUG| [stdout] [    0.298424] pci 0000:80:07.1: PCI bridge to [bus 81]
2018-08-22 12:14:20,578 process          L0367 DEBUG| [stdout] [    0.298431] pci 0000:80:07.1:   bridge window [mem 0xf6a00000-0xf6ffffff]
2018-08-22 12:14:20,579 process          L0367 DEBUG| [stdout] [    0.298545] pci 0000:82:00.0: [1022:1485] type 00 class 0x130000
2018-08-22 12:14:20,579 process          L0367 DEBUG| [stdout] [    0.298603] pci 0000:82:00.0: enabling Extended Tags
2018-08-22 12:14:20,579 process          L0367 DEBUG| [stdout] [    0.298751] pci 0000:82:00.2: [1022:1498] type 00 class 0x108000
2018-08-22 12:14:20,579 process          L0367 DEBUG| [stdout] [    0.298781] pci 0000:82:00.2: reg 0x18: [mem 0xf7000000-0xf707ffff]
2018-08-22 12:14:20,579 process          L0367 DEBUG| [stdout] [    0.298799] pci 0000:82:00.2: reg 0x24: [mem 0xf7080000-0xf7081fff]
2018-08-22 12:14:20,579 process          L0367 DEBUG| [stdout] [    0.298812] pci 0000:82:00.2: enabling Extended Tags
2018-08-22 12:14:20,580 process          L0367 DEBUG| [stdout] [    0.298984] pci 0000:80:08.1: PCI bridge to [bus 82]
2018-08-22 12:14:20,580 process          L0367 DEBUG| [stdout] [    0.298991] pci 0000:80:08.1:   bridge window [mem 0xf7000000-0xf70fffff]
2018-08-22 12:14:20,580 process          L0367 DEBUG| [stdout] [    0.300167] ACPI: PCI Root Bridge [S0D2] (domain 0000 [bus 40-7f])
2018-08-22 12:14:20,580 process          L0367 DEBUG| [stdout] [    0.300174] acpi PNP0A08:02: _OSC: OS supports [ExtendedConfig ASPM ClockPM Segments MSI]
2018-08-22 12:14:20,580 process          L0367 DEBUG| [stdout] [    0.300796] acpi PNP0A08:02: _OSC: OS now controls [PCIeHotplug PME AER PCIeCapability]
2018-08-22 12:14:20,580 process          L0367 DEBUG| [stdout] [    0.301332] PCI host bridge to bus 0000:40
2018-08-22 12:14:20,581 process          L0367 DEBUG| [stdout] [    0.301336] pci_bus 0000:40: root bus resource [io  0x4000-0x4fff window]
2018-08-22 12:14:20,581 process          L0367 DEBUG| [stdout] [    0.301338] pci_bus 0000:40: root bus resource [mem 0xf0000000-0xf29fffff window]
2018-08-22 12:14:20,581 process          L0367 DEBUG| [stdout] [    0.301341] pci_bus 0000:40: root bus resource [mem 0x20080200000-0x280801fffff window]
2018-08-22 12:14:20,581 process          L0367 DEBUG| [stdout] [    0.301343] pci_bus 0000:40: root bus resource [bus 40-7f]
2018-08-22 12:14:20,581 process          L0367 DEBUG| [stdout] [    0.301353] pci 0000:40:00.0: [1022:1480] type 00 class 0x060000
2018-08-22 12:14:20,581 process          L0367 DEBUG| [stdout] [    0.301490] pci 0000:40:00.2: [1022:1481] type 00 class 0x080600
2018-08-22 12:14:20,582 process          L0367 DEBUG| [stdout] [    0.301643] pci 0000:40:01.0: [1022:1482] type 00 class 0x060000
2018-08-22 12:14:20,582 process          L0367 DEBUG| [stdout] [    0.301764] pci 0000:40:02.0: [1022:1482] type 00 class 0x060000
2018-08-22 12:14:20,582 process          L0367 DEBUG| [stdout] [    0.301887] pci 0000:40:03.0: [1022:1482] type 00 class 0x060000
2018-08-22 12:14:20,582 process          L0367 DEBUG| [stdout] [    0.302009] pci 0000:40:04.0: [1022:1482] type 00 class 0x060000
2018-08-22 12:14:20,582 process          L0367 DEBUG| [stdout] [    0.302133] pci 0000:40:05.0: [1022:1482] type 00 class 0x060000
2018-08-22 12:14:20,582 process          L0367 DEBUG| [stdout] [    0.302256] pci 0000:40:07.0: [1022:1482] type 00 class 0x060000
2018-08-22 12:14:20,583 process          L0367 DEBUG| [stdout] [    0.302376] pci 0000:40:07.1: [1022:1484] type 01 class 0x060400
2018-08-22 12:14:20,583 process          L0367 DEBUG| [stdout] [    0.302417] pci 0000:40:07.1: enabling Extended Tags
2018-08-22 12:14:20,583 process          L0367 DEBUG| [stdout] [    0.302468] pci 0000:40:07.1: PME# supported from D0 D3hot D3cold
2018-08-22 12:14:20,583 process          L0367 DEBUG| [stdout] [    0.302592] pci 0000:40:08.0: [1022:1482] type 00 class 0x060000
2018-08-22 12:14:20,583 process          L0367 DEBUG| [stdout] [    0.302715] pci 0000:40:08.1: [1022:1484] type 01 class 0x060400
2018-08-22 12:14:20,583 process          L0367 DEBUG| [stdout] [    0.302756] pci 0000:40:08.1: enabling Extended Tags
2018-08-22 12:14:20,584 process          L0367 DEBUG| [stdout] [    0.302807] pci 0000:40:08.1: PME# supported from D0 D3hot D3cold
2018-08-22 12:14:20,584 process          L0367 DEBUG| [stdout] [    0.303025] pci 0000:41:00.0: [1022:148a] type 00 class 0x130000
2018-08-22 12:14:20,584 process          L0367 DEBUG| [stdout] [    0.303078] pci 0000:41:00.0: enabling Extended Tags
2018-08-22 12:14:20,584 process          L0367 DEBUG| [stdout] [    0.303224] pci 0000:41:00.1: [1022:148b] type 00 class 0x068000
2018-08-22 12:14:20,584 process          L0367 DEBUG| [stdout] [    0.303242] pci 0000:41:00.1: reg 0x10: [mem 0xf2000000-0xf21fffff]
2018-08-22 12:14:20,584 process          L0367 DEBUG| [stdout] [    0.303249] pci 0000:41:00.1: reg 0x14: [mem 0xf2400000-0xf24fffff]
2018-08-22 12:14:20,585 process          L0367 DEBUG| [stdout] [    0.303260] pci 0000:41:00.1: reg 0x18: [mem 0xf2300000-0xf23fffff 64bit]
2018-08-22 12:14:20,585 process          L0367 DEBUG| [stdout] [    0.303271] pci 0000:41:00.1: reg 0x20: [mem 0xf2200000-0xf22fffff 64bit]
2018-08-22 12:14:20,585 process          L0367 DEBUG| [stdout] [    0.303283] pci 0000:41:00.1: enabling Extended Tags
2018-08-22 12:14:20,585 process          L0367 DEBUG| [stdout] [    0.303338] pci 0000:41:00.1: PME# supported from D3hot D3cold
2018-08-22 12:14:20,585 process          L0367 DEBUG| [stdout] [    0.303422] pci 0000:41:00.2: [1022:1498] type 00 class 0x108000
2018-08-22 12:14:20,585 process          L0367 DEBUG| [stdout] [    0.303449] pci 0000:41:00.2: reg 0x18: [mem 0xf2500000-0xf257ffff]
2018-08-22 12:14:20,586 process          L0367 DEBUG| [stdout] [    0.303465] pci 0000:41:00.2: reg 0x24: [mem 0xf2580000-0xf2581fff]
2018-08-22 12:14:20,586 process          L0367 DEBUG| [stdout] [    0.303478] pci 0000:41:00.2: enabling Extended Tags
2018-08-22 12:14:20,586 process          L0367 DEBUG| [stdout] [    0.303639] pci 0000:40:07.1: PCI bridge to [bus 41]
2018-08-22 12:14:20,586 process          L0367 DEBUG| [stdout] [    0.303647] pci 0000:40:07.1:   bridge window [mem 0xf2000000-0xf25fffff]
2018-08-22 12:14:20,586 process          L0367 DEBUG| [stdout] [    0.303762] pci 0000:42:00.0: [1022:1485] type 00 class 0x130000
2018-08-22 12:14:20,586 process          L0367 DEBUG| [stdout] [    0.303819] pci 0000:42:00.0: enabling Extended Tags
2018-08-22 12:14:20,587 process          L0367 DEBUG| [stdout] [    0.303966] pci 0000:42:00.1: [1022:1486] type 00 class 0x108000
2018-08-22 12:14:20,587 process          L0367 DEBUG| [stdout] [    0.303995] pci 0000:42:00.1: reg 0x18: [mem 0xf2700000-0xf27fffff]
2018-08-22 12:14:20,587 process          L0367 DEBUG| [stdout] [    0.304019] pci 0000:42:00.1: reg 0x24: [mem 0xf288a000-0xf288bfff]
2018-08-22 12:14:20,587 process          L0367 DEBUG| [stdout] [    0.304032] pci 0000:42:00.1: enabling Extended Tags
2018-08-22 12:14:20,587 process          L0367 DEBUG| [stdout] [    0.304173] pci 0000:42:00.2: [1022:1498] type 00 class 0x108000
2018-08-22 12:14:20,587 process          L0367 DEBUG| [stdout] [    0.304202] pci 0000:42:00.2: reg 0x18: [mem 0xf2800000-0xf287ffff]
2018-08-22 12:14:20,588 process          L0367 DEBUG| [stdout] [    0.304220] pci 0000:42:00.2: reg 0x24: [mem 0xf2888000-0xf2889fff]
2018-08-22 12:14:20,588 process          L0367 DEBUG| [stdout] [    0.304233] pci 0000:42:00.2: enabling Extended Tags
2018-08-22 12:14:20,588 process          L0367 DEBUG| [stdout] [    0.304373] pci 0000:42:00.3: [1022:148c] type 00 class 0x0c0330
2018-08-22 12:14:20,588 process          L0367 DEBUG| [stdout] [    0.304399] pci 0000:42:00.3: reg 0x10: [mem 0xf2600000-0xf26fffff 64bit]
2018-08-22 12:14:20,588 process          L0367 DEBUG| [stdout] [    0.304442] pci 0000:42:00.3: enabling Extended Tags
2018-08-22 12:14:20,588 process          L0367 DEBUG| [stdout] [    0.304500] pci 0000:42:00.3: PME# supported from D0 D3hot D3cold
2018-08-22 12:14:20,589 process          L0367 DEBUG| [stdout] [    0.304593] pci 0000:42:00.4: [1022:1487] type 00 class 0x040300
2018-08-22 12:14:20,589 process          L0367 DEBUG| [stdout] [    0.304612] pci 0000:42:00.4: reg 0x10: [mem 0xf2880000-0xf2887fff]
2018-08-22 12:14:20,589 process          L0367 DEBUG| [stdout] [    0.304650] pci 0000:42:00.4: enabling Extended Tags
2018-08-22 12:14:20,589 process          L0367 DEBUG| [stdout] [    0.304703] pci 0000:42:00.4: PME# supported from D0 D3hot D3cold
2018-08-22 12:14:20,589 process          L0367 DEBUG| [stdout] [    0.304835] pci 0000:40:08.1: PCI bridge to [bus 42]
2018-08-22 12:14:20,589 process          L0367 DEBUG| [stdout] [    0.304843] pci 0000:40:08.1:   bridge window [mem 0xf2600000-0xf28fffff]
2018-08-22 12:14:20,590 process          L0367 DEBUG| [stdout] [    0.306173] ACPI: PCI Root Bridge [PCI0] (domain 0000 [bus 00-3f])
2018-08-22 12:14:20,590 process          L0367 DEBUG| [stdout] [    0.306181] acpi PNP0A08:03: _OSC: OS supports [ExtendedConfig ASPM ClockPM Segments MSI]
2018-08-22 12:14:20,590 process          L0367 DEBUG| [stdout] [    0.306807] acpi PNP0A08:03: _OSC: OS now controls [PCIeHotplug PME AER PCIeCapability]
2018-08-22 12:14:20,590 process          L0367 DEBUG| [stdout] [    0.307570] PCI host bridge to bus 0000:00
2018-08-22 12:14:20,590 process          L0367 DEBUG| [stdout] [    0.307574] pci_bus 0000:00: root bus resource [io  0x0000-0x02e7 window]
