2018-06-07 16:47:58: [H[J[1;1H[H[J[1;1H
2018-06-07 16:48:01: [    0.000000] random: get_random_bytes called from start_kernel+0x42/0x4e6 with crng_init=0
2018-06-07 16:48:01: [    0.000000] Linux version 4.13.9-300.fc27.x86_64 (mockbuild@bkernel01.phx2.fedoraproject.org) (gcc version 7.2.1 20170915 (Red Hat 7.2.1-2) (GCC)) #1 SMP Mon Oct 23 13:41:58 UTC 2017
2018-06-07 16:48:01: [    0.000000] Command line: BOOT_IMAGE=/boot/vmlinuz-4.13.9-300.fc27.x86_64 root=UUID=ba419b80-2653-4f9b-af33-4966d1045fe6 ro console=tty0 console=ttyS0,115200 console=ttyS0
2018-06-07 16:48:01: [    0.000000] x86/fpu: Supporting XSAVE feature 0x001: 'x87 floating point registers'
2018-06-07 16:48:01: [    0.000000] x86/fpu: Supporting XSAVE feature 0x002: 'SSE registers'
2018-06-07 16:48:01: [    0.000000] x86/fpu: Supporting XSAVE feature 0x004: 'AVX registers'
2018-06-07 16:48:01: [    0.000000] x86/fpu: xstate_offset[2]:  576, xstate_sizes[2]:  256
2018-06-07 16:48:01: [    0.000000] x86/fpu: Enabled xstate features 0x7, context size is 832 bytes, using 'standard' format.
2018-06-07 16:48:01: [    0.000000] e820: BIOS-provided physical RAM map:
2018-06-07 16:48:01: [    0.000000] BIOS-e820: [mem 0x0000000000000000-0x000000000009fbff] usable
2018-06-07 16:48:01: [    0.000000] BIOS-e820: [mem 0x000000000009fc00-0x000000000009ffff] reserved
2018-06-07 16:48:01: [    0.000000] BIOS-e820: [mem 0x00000000000f0000-0x00000000000fffff] reserved
2018-06-07 16:48:01: [    0.000000] BIOS-e820: [mem 0x0000000000100000-0x000000003ffd8fff] usable
2018-06-07 16:48:01: [    0.000000] BIOS-e820: [mem 0x000000003ffd9000-0x000000003fffffff] reserved
2018-06-07 16:48:01: [    0.000000] BIOS-e820: [mem 0x00000000feffc000-0x00000000feffffff] reserved
2018-06-07 16:48:01: [    0.000000] BIOS-e820: [mem 0x00000000fffc0000-0x00000000ffffffff] reserved
2018-06-07 16:48:01: [    0.000000] NX (Execute Disable) protection: active
2018-06-07 16:48:01: [    0.000000] random: fast init done
2018-06-07 16:48:01: [    0.000000] SMBIOS 2.8 present.
2018-06-07 16:48:01: [    0.000000] DMI: QEMU Standard PC (i440FX + PIIX, 1996), BIOS 1.10.2-1ubuntu1 04/01/2014
2018-06-07 16:48:01: [    0.000000] Hypervisor detected: KVM
2018-06-07 16:48:01: [    0.000000] tsc: Fast TSC calibration using PIT
2018-06-07 16:48:01: [    0.000000] e820: last_pfn = 0x3ffd9 max_arch_pfn = 0x400000000
2018-06-07 16:48:01: [    0.000000] x86/PAT: Configuration [0-7]: WB  WC  UC- UC  WB  WC  UC- WT
2018-06-07 16:48:01: [    0.000000] found SMP MP-table at [mem 0x000f6a60-0x000f6a6f] mapped at [ffff99b9c00f6a60]
2018-06-07 16:48:01: [    0.000000] Using GB pages for direct mapping
2018-06-07 16:48:01: [    0.000000] RAMDISK: [mem 0x36749000-0x3739cfff]
2018-06-07 16:48:01: [    0.000000] ACPI: Early table checksum verification disabled
2018-06-07 16:48:01: [    0.000000] ACPI: RSDP 0x00000000000F6840 000014 (v00 BOCHS )
2018-06-07 16:48:01: [    0.000000] ACPI: RSDT 0x000000003FFE1670 000030 (v01 BOCHS  BXPCRSDT 00000001 BXPC 00000001)
2018-06-07 16:48:01: [    0.000000] ACPI: FACP 0x000000003FFE14C4 000074 (v01 BOCHS  BXPCFACP 00000001 BXPC 00000001)
2018-06-07 16:48:01: [    0.000000] ACPI: DSDT 0x000000003FFE0040 001484 (v01 BOCHS  BXPCDSDT 00000001 BXPC 00000001)
2018-06-07 16:48:01: [    0.000000] ACPI: FACS 0x000000003FFE0000 000040
2018-06-07 16:48:01: [    0.000000] ACPI: APIC 0x000000003FFE15B8 000080 (v01 BOCHS  BXPCAPIC 00000001 BXPC 00000001)
2018-06-07 16:48:01: [    0.000000] ACPI: HPET 0x000000003FFE1638 000038 (v01 BOCHS  BXPCHPET 00000001 BXPC 00000001)
2018-06-07 16:48:01: [    0.000000] No NUMA configuration found
2018-06-07 16:48:01: [    0.000000] Faking a node at [mem 0x0000000000000000-0x000000003ffd8fff]
2018-06-07 16:48:01: [    0.000000] NODE_DATA(0) allocated [mem 0x3ffae000-0x3ffd8fff]
2018-06-07 16:48:01: [    0.000000] kvm-clock: Using msrs 4b564d01 and 4b564d00
2018-06-07 16:48:01: [    0.000000] kvm-clock: cpu 0, msr 0:3ff2e001, primary cpu clock
2018-06-07 16:48:01: [    0.000000] kvm-clock: using sched offset of 3093213144 cycles
2018-06-07 16:48:01: [    0.000000] clocksource: kvm-clock: mask: 0xffffffffffffffff max_cycles: 0x1cd42e4dffb, max_idle_ns: 881590591483 ns
2018-06-07 16:48:01: [    0.000000] Zone ranges:
2018-06-07 16:48:01: [    0.000000]   DMA      [mem 0x0000000000001000-0x0000000000ffffff]
2018-06-07 16:48:01: [    0.000000]   DMA32    [mem 0x0000000001000000-0x000000003ffd8fff]
2018-06-07 16:48:01: [    0.000000]   Normal   empty
2018-06-07 16:48:01: [    0.000000]   Device   empty
2018-06-07 16:48:01: [    0.000000] Movable zone start for each node
2018-06-07 16:48:01: [    0.000000] Early memory node ranges
2018-06-07 16:48:01: [    0.000000]   node   0: [mem 0x0000000000001000-0x000000000009efff]
2018-06-07 16:48:01: [    0.000000]   node   0: [mem 0x0000000000100000-0x000000003ffd8fff]
2018-06-07 16:48:01: [    0.000000] Initmem setup node 0 [mem 0x0000000000001000-0x000000003ffd8fff]
2018-06-07 16:48:01: [    0.000000] ACPI: PM-Timer IO Port: 0x608
2018-06-07 16:48:01: [    0.000000] ACPI: LAPIC_NMI (acpi_id[0xff] dfl dfl lint[0x1])
2018-06-07 16:48:01: [    0.000000] IOAPIC[0]: apic_id 0, version 17, address 0xfec00000, GSI 0-23
2018-06-07 16:48:01: [    0.000000] ACPI: INT_SRC_OVR (bus 0 bus_irq 0 global_irq 2 dfl dfl)
2018-06-07 16:48:01: [    0.000000] ACPI: INT_SRC_OVR (bus 0 bus_irq 5 global_irq 5 high level)
2018-06-07 16:48:01: [    0.000000] ACPI: INT_SRC_OVR (bus 0 bus_irq 9 global_irq 9 high level)
2018-06-07 16:48:01: [    0.000000] ACPI: INT_SRC_OVR (bus 0 bus_irq 10 global_irq 10 high level)
2018-06-07 16:48:01: [    0.000000] ACPI: INT_SRC_OVR (bus 0 bus_irq 11 global_irq 11 high level)
2018-06-07 16:48:01: [    0.000000] Using ACPI (MADT) for SMP configuration information
2018-06-07 16:48:01: [    0.000000] ACPI: HPET id: 0x8086a201 base: 0xfed00000
2018-06-07 16:48:01: [    0.000000] smpboot: Allowing 2 CPUs, 0 hotplug CPUs
2018-06-07 16:48:01: [    0.000000] PM: Registered nosave memory: [mem 0x00000000-0x00000fff]
2018-06-07 16:48:01: [    0.000000] PM: Registered nosave memory: [mem 0x0009f000-0x0009ffff]
2018-06-07 16:48:01: [    0.000000] PM: Registered nosave memory: [mem 0x000a0000-0x000effff]
2018-06-07 16:48:01: [    0.000000] PM: Registered nosave memory: [mem 0x000f0000-0x000fffff]
2018-06-07 16:48:01: [    0.000000] e820: [mem 0x40000000-0xfeffbfff] available for PCI devices
2018-06-07 16:48:01: [    0.000000] Booting paravirtualized kernel on KVM
2018-06-07 16:48:01: [    0.000000] clocksource: refined-jiffies: mask: 0xffffffff max_cycles: 0xffffffff, max_idle_ns: 1910969940391419 ns
2018-06-07 16:48:01: [    0.000000] setup_percpu: NR_CPUS:8192 nr_cpumask_bits:2 nr_cpu_ids:2 nr_node_ids:1
2018-06-07 16:48:01: [    0.000000] percpu: Embedded 37 pages/cpu @ffff99b9ffc00000 s112600 r8192 d30760 u1048576
2018-06-07 16:48:01: [    0.000000] KVM setup async PF for cpu 0
2018-06-07 16:48:01: [    0.000000] kvm-stealtime: cpu 0, msr 3fc0d940
2018-06-07 16:48:01: [    0.000000] Built 1 zonelists in Node order, mobility grouping on.  Total pages: 257890
2018-06-07 16:48:01: [    0.000000] Policy zone: DMA32
2018-06-07 16:48:01: [    0.000000] Kernel command line: BOOT_IMAGE=/boot/vmlinuz-4.13.9-300.fc27.x86_64 root=UUID=ba419b80-2653-4f9b-af33-4966d1045fe6 ro console=tty0 console=ttyS0,115200 console=ttyS0
2018-06-07 16:48:01: [    0.000000] PID hash table entries: 4096 (order: 3, 32768 bytes)
2018-06-07 16:48:01: [    0.000000] Memory: 996772K/1048028K available (8836K kernel code, 2404K rwdata, 3760K rodata, 2224K init, 1976K bss, 51256K reserved, 0K cma-reserved)
2018-06-07 16:48:02: [    0.000000] SLUB: HWalign=64, Order=0-3, MinObjects=0, CPUs=2, Nodes=1
2018-06-07 16:48:02: [    0.000000] ftrace: allocating 34945 entries in 137 pages
2018-06-07 16:48:02: [    0.001000] Hierarchical RCU implementation.
2018-06-07 16:48:02: [    0.001000] 	RCU restricting CPUs from NR_CPUS=8192 to nr_cpu_ids=2.
2018-06-07 16:48:02: [    0.001000] 	Tasks RCU enabled.
2018-06-07 16:48:02: [    0.001000] RCU: Adjusting geometry for rcu_fanout_leaf=16, nr_cpu_ids=2
2018-06-07 16:48:02: [    0.001000] NR_IRQS: 524544, nr_irqs: 440, preallocated irqs: 16
2018-06-07 16:48:02: [    0.001000] 	Offload RCU callbacks from CPUs: .
2018-06-07 16:48:02: [    0.001000] Console: colour VGA+ 80x25
2018-06-07 16:48:02: [    0.001000] console [tty0] enabled
2018-06-07 16:48:02: [    0.001000] console [ttyS0] enabled
2018-06-07 16:48:02: [    0.001000] clocksource: hpet: mask: 0xffffffff max_cycles: 0xffffffff, max_idle_ns: 19112604467 ns
2018-06-07 16:48:02: [    0.001010] tsc: Detected 1996.250 MHz processor
2018-06-07 16:48:02: [    0.002011] tsc: Marking TSC unstable due to TSCs unsynchronized
2018-06-07 16:48:02: [    0.003006] Calibrating delay loop (skipped) preset value.. 3992.50 BogoMIPS (lpj=1996250)
2018-06-07 16:48:02: [    0.004008] pid_max: default: 32768 minimum: 301
2018-06-07 16:48:02: [    0.005026] ACPI: Core revision 20170531
2018-06-07 16:48:02: [    0.006654] ACPI: 1 ACPI AML tables successfully acquired and loaded
2018-06-07 16:48:02: [    0.007036] Security Framework initialized
2018-06-07 16:48:02: [    0.008007] Yama: becoming mindful.
2018-06-07 16:48:02: [    0.009011] SELinux:  Initializing.
2018-06-07 16:48:02: [    0.011026] Dentry cache hash table entries: 131072 (order: 8, 1048576 bytes)
2018-06-07 16:48:02: [    0.012100] Inode-cache hash table entries: 65536 (order: 7, 524288 bytes)
2018-06-07 16:48:02: [    0.013026] Mount-cache hash table entries: 2048 (order: 2, 16384 bytes)
2018-06-07 16:48:02: [    0.014012] Mountpoint-cache hash table entries: 2048 (order: 2, 16384 bytes)
2018-06-07 16:48:02: [    0.015212] mce: CPU supports 10 MCE banks
2018-06-07 16:48:02: [    0.016092] Last level iTLB entries: 4KB 512, 2MB 1024, 4MB 512
2018-06-07 16:48:02: [    0.017006] Last level dTLB entries: 4KB 512, 2MB 255, 4MB 127, 1GB 0
2018-06-07 16:48:02: [    0.018164] Freeing SMP alternatives memory: 32K
2018-06-07 16:48:02: [    0.020190] smpboot: Max logical packages: 2
2018-06-07 16:48:02: [    0.022179] x2apic enabled
2018-06-07 16:48:02: [    0.023008] Switched APIC routing to physical x2apic.
2018-06-07 16:48:02: [    0.026368] ..TIMER: vector=0x30 apic1=0 pin1=2 apic2=-1 pin2=-1
2018-06-07 16:48:02: [    0.027000] APIC calibration not consistent with PM-Timer: 111ms instead of 100ms
2018-06-07 16:48:02: [    0.027000] APIC delta adjusted to PM-Timer: 6261612 (6999861)
2018-06-07 16:48:02: [    0.027090] smpboot: CPU0: AMD Opteron 62xx class CPU (family: 0x15, model: 0x1, stepping: 0x2)
2018-06-07 16:48:02: [    0.028053] Performance Events: AMD PMU driver.
2018-06-07 16:48:02: [    0.029008] ... version:                0
2018-06-07 16:48:02: [    0.030004] ... bit width:              48
2018-06-07 16:48:02: [    0.031004] ... generic registers:      4
2018-06-07 16:48:02: [    0.033003] ... value mask:             0000ffffffffffff
2018-06-07 16:48:02: [    0.034004] ... max period:             00007fffffffffff
2018-06-07 16:48:02: [    0.035004] ... fixed-purpose events:   0
2018-06-07 16:48:02: [    0.036004] ... event mask:             000000000000000f
2018-06-07 16:48:02: [    0.037103] Hierarchical SRCU implementation.
2018-06-07 16:48:02: [    0.039170] smp: Bringing up secondary CPUs ...
2018-06-07 16:48:02: [    0.041122] x86: Booting SMP configuration:
2018-06-07 16:48:02: [    0.042005] .... node  #0, CPUs:      #1
2018-06-07 16:48:02: [    0.001000] kvm-clock: cpu 1, msr 0:3ff2e041, secondary cpu clock
2018-06-07 16:48:02: [    0.046734] KVM setup async PF for cpu 1
2018-06-07 16:48:02: [    0.047000] kvm-stealtime: cpu 1, msr 3fd0d940
2018-06-07 16:48:02: [    0.052010] smp: Brought up 1 node, 2 CPUs
2018-06-07 16:48:02: [    0.053010] smpboot: Total of 2 processors activated (7985.00 BogoMIPS)
2018-06-07 16:48:02: [    0.055093] devtmpfs: initialized
2018-06-07 16:48:02: [    0.056066] x86/mm: Memory block size: 128MB
2018-06-07 16:48:02: [    0.057566] clocksource: jiffies: mask: 0xffffffff max_cycles: 0xffffffff, max_idle_ns: 1911260446275000 ns
2018-06-07 16:48:02: [    0.058016] futex hash table entries: 512 (order: 3, 32768 bytes)
2018-06-07 16:48:02: [    0.059060] pinctrl core: initialized pinctrl subsystem
2018-06-07 16:48:02: [    0.061004] RTC time: 16:48:01, date: 06/07/18
2018-06-07 16:48:02: [    0.062166] NET: Registered protocol family 16
2018-06-07 16:48:02: [    0.064146] cpuidle: using governor menu
2018-06-07 16:48:02: [    0.065006] PCCT header not found.
2018-06-07 16:48:02: [    0.074185] ACPI: bus type PCI registered
2018-06-07 16:48:02: [    0.075006] acpiphp: ACPI Hot Plug PCI Controller Driver version: 0.5
2018-06-07 16:48:02: [    0.076275] PCI: Using configuration type 1 for base access
2018-06-07 16:48:02: [    0.077004] PCI: Using configuration type 1 for extended access
2018-06-07 16:48:02: [    0.079464] HugeTLB registered 1.00 GiB page size, pre-allocated 0 pages
2018-06-07 16:48:02: [    0.080006] HugeTLB registered 2.00 MiB page size, pre-allocated 0 pages
2018-06-07 16:48:02: [    0.081075] ACPI: Added _OSI(Module Device)
2018-06-07 16:48:02: [    0.082006] ACPI: Added _OSI(Processor Device)
2018-06-07 16:48:02: [    0.083004] ACPI: Added _OSI(3.0 _SCP Extensions)
2018-06-07 16:48:02: [    0.084005] ACPI: Added _OSI(Processor Aggregator Device)
2018-06-07 16:48:02: [    0.087306] ACPI: Interpreter enabled
2018-06-07 16:48:02: [    0.088026] ACPI: (supports S0 S3 S4 S5)
2018-06-07 16:48:02: [    0.089005] ACPI: Using IOAPIC for interrupt routing
2018-06-07 16:48:02: [    0.090024] PCI: Using host bridge windows from ACPI; if necessary, use "pci=nocrs" and report a bug
2018-06-07 16:48:02: [    0.095264] ACPI: PCI Root Bridge [PCI0] (domain 0000 [bus 00-ff])
2018-06-07 16:48:02: [    0.096011] acpi PNP0A03:00: _OSC: OS supports [ExtendedConfig ASPM ClockPM Segments MSI]
2018-06-07 16:48:02: [    0.097013] acpi PNP0A03:00: _OSC failed (AE_NOT_FOUND); disabling ASPM
2018-06-07 16:48:02: [    0.099213] acpiphp: Slot [3] registered
2018-06-07 16:48:02: [    0.100027] acpiphp: Slot [4] registered
2018-06-07 16:48:02: [    0.101065] acpiphp: Slot [5] registered
2018-06-07 16:48:02: [    0.102057] acpiphp: Slot [6] registered
2018-06-07 16:48:02: [    0.104023] acpiphp: Slot [7] registered
2018-06-07 16:48:02: [    0.105053] acpiphp: Slot [8] registered
2018-06-07 16:48:02: [    0.106046] acpiphp: Slot [9] registered
2018-06-07 16:48:02: [    0.107060] acpiphp: Slot [10] registered
2018-06-07 16:48:02: [    0.108060] acpiphp: Slot [11] registered
2018-06-07 16:48:02: [    0.109052] acpiphp: Slot [12] registered
2018-06-07 16:48:02: [    0.110051] acpiphp: Slot [13] registered
2018-06-07 16:48:02: [    0.111058] acpiphp: Slot [14] registered
2018-06-07 16:48:02: [    0.112049] acpiphp: Slot [15] registered
2018-06-07 16:48:02: [    0.114011] acpiphp: Slot [16] registered
2018-06-07 16:48:02: [    0.115047] acpiphp: Slot [17] registered
2018-06-07 16:48:02: [    0.116058] acpiphp: Slot [18] registered
2018-06-07 16:48:02: [    0.118018] acpiphp: Slot [19] registered
2018-06-07 16:48:02: [    0.119057] acpiphp: Slot [20] registered
2018-06-07 16:48:02: [    0.120055] acpiphp: Slot [21] registered
2018-06-07 16:48:02: [    0.121052] acpiphp: Slot [22] registered
2018-06-07 16:48:02: [    0.122080] acpiphp: Slot [23] registered
2018-06-07 16:48:02: [    0.123057] acpiphp: Slot [24] registered
2018-06-07 16:48:02: [    0.124053] acpiphp: Slot [25] registered
2018-06-07 16:48:02: [    0.125066] acpiphp: Slot [26] registered
2018-06-07 16:48:02: [    0.126049] acpiphp: Slot [27] registered
2018-06-07 16:48:02: [    0.127047] acpiphp: Slot [28] registered
2018-06-07 16:48:02: [    0.128069] acpiphp: Slot [30] registered
2018-06-07 16:48:02: [    0.129041] acpiphp: Slot [31] registered
2018-06-07 16:48:02: [    0.130050] PCI host bridge to bus 0000:00
2018-06-07 16:48:02: [    0.131006] pci_bus 0000:00: root bus resource [io  0x0000-0x0cf7 window]
2018-06-07 16:48:02: [    0.132003] pci_bus 0000:00: root bus resource [io  0x0d00-0xffff window]
2018-06-07 16:48:03: [    0.133006] pci_bus 0000:00: root bus resource [mem 0x000a0000-0x000bffff window]
2018-06-07 16:48:03: [    0.134005] pci_bus 0000:00: root bus resource [mem 0x40000000-0xfebfffff window]
2018-06-07 16:48:03: [    0.135005] pci_bus 0000:00: root bus resource [mem 0x100000000-0x17fffffff window]
2018-06-07 16:48:03: [    0.136005] pci_bus 0000:00: root bus resource [bus 00-ff]
2018-06-07 16:48:03: [    0.152058] pci 0000:00:01.1: legacy IDE quirk: reg 0x10: [io  0x01f0-0x01f7]
2018-06-07 16:48:03: [    0.153003] pci 0000:00:01.1: legacy IDE quirk: reg 0x14: [io  0x03f6]
2018-06-07 16:48:03: [    0.154006] pci 0000:00:01.1: legacy IDE quirk: reg 0x18: [io  0x0170-0x0177]
2018-06-07 16:48:03: [    0.155005] pci 0000:00:01.1: legacy IDE quirk: reg 0x1c: [io  0x0376]
2018-06-07 16:48:03: [    0.158385] pci 0000:00:01.3: quirk: [io  0x0600-0x063f] claimed by PIIX4 ACPI
2018-06-07 16:48:03: [    0.159028] pci 0000:00:01.3: quirk: [io  0x0700-0x070f] claimed by PIIX4 SMB
2018-06-07 16:48:03: [    0.230662] ACPI: PCI Interrupt Link [LNKA] (IRQs 5 *10 11)
2018-06-07 16:48:03: [    0.231252] ACPI: PCI Interrupt Link [LNKB] (IRQs 5 *10 11)
2018-06-07 16:48:03: [    0.232120] ACPI: PCI Interrupt Link [LNKC] (IRQs 5 10 *11)
2018-06-07 16:48:03: [    0.234017] ACPI: PCI Interrupt Link [LNKD] (IRQs 5 10 *11)
2018-06-07 16:48:03: [    0.235171] ACPI: PCI Interrupt Link [LNKS] (IRQs *9)
2018-06-07 16:48:03: [    0.236997] ACPI: Enabled 2 GPEs in block 00 to 0F
2018-06-07 16:48:03: [    0.237143] pci 0000:00:02.0: vgaarb: setting as boot VGA device
2018-06-07 16:48:03: [    0.238000] pci 0000:00:02.0: vgaarb: VGA device added: decodes=io+mem,owns=io+mem,locks=none
2018-06-07 16:48:03: [    0.238007] pci 0000:00:02.0: vgaarb: bridge control possible
2018-06-07 16:48:03: [    0.239003] vgaarb: loaded
2018-06-07 16:48:03: [    0.240103] SCSI subsystem initialized
2018-06-07 16:48:03: [    0.241070] ACPI: bus type USB registered
2018-06-07 16:48:03: [    0.242028] usbcore: registered new interface driver usbfs
2018-06-07 16:48:03: [    0.243016] usbcore: registered new interface driver hub
2018-06-07 16:48:03: [    0.244019] usbcore: registered new device driver usb
2018-06-07 16:48:03: [    0.246065] EDAC MC: Ver: 3.0.0
2018-06-07 16:48:03: [    0.248366] PCI: Using ACPI for IRQ routing
2018-06-07 16:48:03: [    0.250895] NetLabel: Initializing
2018-06-07 16:48:03: [    0.251004] NetLabel:  domain hash size = 128
2018-06-07 16:48:03: [    0.252003] NetLabel:  protocols = UNLABELED CIPSOv4 CALIPSO
2018-06-07 16:48:03: [    0.253027] NetLabel:  unlabeled traffic allowed by default
2018-06-07 16:48:03: [    0.255183] hpet0: at MMIO 0xfed00000, IRQs 2, 8, 0
2018-06-07 16:48:03: [    0.256005] hpet0: 3 comparators, 64-bit 100.000000 MHz counter
2018-06-07 16:48:03: [    0.259049] clocksource: Switched to clocksource kvm-clock
2018-06-07 16:48:03: [    0.274902] VFS: Disk quotas dquot_6.6.0
2018-06-07 16:48:03: [    0.287380] VFS: Dquot-cache hash table entries: 512 (order 0, 4096 bytes)
2018-06-07 16:48:03: [    0.291127] pnp: PnP ACPI init
2018-06-07 16:48:03: [    0.294327] pnp: PnP ACPI: found 5 devices
2018-06-07 16:48:03: [    0.313927] clocksource: acpi_pm: mask: 0xffffff max_cycles: 0xffffff, max_idle_ns: 2085701024 ns
2018-06-07 16:48:03: [    0.332152] NET: Registered protocol family 2
2018-06-07 16:48:03: [    0.335228] TCP established hash table entries: 8192 (order: 4, 65536 bytes)
2018-06-07 16:48:03: [    0.346482] TCP bind hash table entries: 8192 (order: 5, 131072 bytes)
2018-06-07 16:48:03: [    0.350069] TCP: Hash tables configured (established 8192 bind 8192)
2018-06-07 16:48:03: [    0.358903] UDP hash table entries: 512 (order: 2, 16384 bytes)
2018-06-07 16:48:03: [    0.364484] UDP-Lite hash table entries: 512 (order: 2, 16384 bytes)
2018-06-07 16:48:03: [    0.368150] NET: Registered protocol family 1
2018-06-07 16:48:03: [    0.379251] pci 0000:00:00.0: Limiting direct PCI/PCI transfers
2018-06-07 16:48:03: [    0.382756] pci 0000:00:01.0: PIIX3: Enabling Passive Release
2018-06-07 16:48:03: [    0.386130] pci 0000:00:01.0: Activating ISA DMA hang workarounds
2018-06-07 16:48:03: [    0.397112] pci 0000:00:02.0: Video device with shadowed ROM at [mem 0x000c0000-0x000dffff]
2018-06-07 16:48:03: [    0.418842] ACPI: PCI Interrupt Link [LNKA] enabled at IRQ 10
2018-06-07 16:48:03: [    0.475655] ACPI: PCI Interrupt Link [LNKB] enabled at IRQ 11
2018-06-07 16:48:03: [    0.517673] ACPI: PCI Interrupt Link [LNKC] enabled at IRQ 11
2018-06-07 16:48:03: [    0.557751] ACPI: PCI Interrupt Link [LNKD] enabled at IRQ 10
2018-06-07 16:48:03: [    0.578281] Unpacking initramfs...
2018-06-07 16:48:03: [    0.767036] Freeing initrd memory: 12624K
2018-06-07 16:48:03: [    0.784259] clocksource: tsc: mask: 0xffffffffffffffff max_cycles: 0x398caf77d7a, max_idle_ns: 881590459467 ns
2018-06-07 16:48:03: [    0.790967] audit: initializing netlink subsys (disabled)
2018-06-07 16:48:03: [    0.797847] audit: type=2000 audit(1528390082.054:1): state=initialized audit_enabled=0 res=1
2018-06-07 16:48:03: [    0.798075] Initialise system trusted keyrings
2018-06-07 16:48:03: [    0.798085] Key type blacklist registered
2018-06-07 16:48:03: [    0.805029] workingset: timestamp_bits=36 max_order=18 bucket_order=0
2018-06-07 16:48:03: [    0.805861] zbud: loaded
2018-06-07 16:48:04: [    0.957405] NET: Registered protocol family 38
2018-06-07 16:48:04: [    0.968025] Key type asymmetric registered
2018-06-07 16:48:04: [    0.970839] Asymmetric key parser 'x509' registered
2018-06-07 16:48:04: [    0.978557] Block layer SCSI generic (bsg) driver version 0.4 loaded (major 248)
2018-06-07 16:48:04: [    0.986710] io scheduler noop registered
2018-06-07 16:48:04: [    0.989543] io scheduler deadline registered
2018-06-07 16:48:04: [    0.999431] io scheduler cfq registered (default)
2018-06-07 16:48:04: [    1.002505] io scheduler mq-deadline registered
2018-06-07 16:48:04: [    1.005533] atomic64_test: passed for x86-64 platform with CX8 and with SSE
2018-06-07 16:48:04: [    1.017378] input: Power Button as /devices/LNXSYSTM:00/LNXPWRBN:00/input/input0
2018-06-07 16:48:04: [    1.022560] ACPI: Power Button [PWRF]
2018-06-07 16:48:04: [    1.034510] GHES: HEST is not enabled!
2018-06-07 16:48:04: [    1.037451] Serial: 8250/16550 driver, 32 ports, IRQ sharing enabled
2018-06-07 16:48:04: [    1.076045] 00:04: ttyS0 at I/O 0x3f8 (irq = 4, base_baud = 115200) is a 16550A
2018-06-07 16:48:04: [    1.087398] Non-volatile memory driver v1.3
2018-06-07 16:48:04: [    1.094039] Linux agpgart interface v0.103
2018-06-07 16:48:04: [    1.103255] scsi host0: ata_piix
2018-06-07 16:48:04: [    1.105973] scsi host1: ata_piix
2018-06-07 16:48:04: [    1.116007] ata1: PATA max MWDMA2 cmd 0x1f0 ctl 0x3f6 bmdma 0xc0c0 irq 14
2018-06-07 16:48:04: [    1.119509] ata2: PATA max MWDMA2 cmd 0x170 ctl 0x376 bmdma 0xc0c8 irq 15
2018-06-07 16:48:04: [    1.123043] libphy: Fixed MDIO Bus: probed
2018-06-07 16:48:04: [    1.134054] ehci_hcd: USB 2.0 'Enhanced' Host Controller (EHCI) Driver
2018-06-07 16:48:04: [    1.137665] ehci-pci: EHCI PCI platform driver
2018-06-07 16:48:04: [    1.165271] ehci-pci 0000:00:1d.7: EHCI Host Controller
2018-06-07 16:48:04: [    1.176642] ehci-pci 0000:00:1d.7: new USB bus registered, assigned bus number 1
2018-06-07 16:48:04: [    1.182398] ehci-pci 0000:00:1d.7: irq 10, io mem 0xfeb93000
2018-06-07 16:48:04: [    1.200064] ehci-pci 0000:00:1d.7: USB 2.0 started, EHCI 1.00
2018-06-07 16:48:04: [    1.203605] usb usb1: New USB device found, idVendor=1d6b, idProduct=0002
2018-06-07 16:48:04: [    1.207272] usb usb1: New USB device strings: Mfr=3, Product=2, SerialNumber=1
2018-06-07 16:48:04: [    1.219372] usb usb1: Product: EHCI Host Controller
2018-06-07 16:48:04: [    1.222681] usb usb1: Manufacturer: Linux 4.13.9-300.fc27.x86_64 ehci_hcd
2018-06-07 16:48:04: [    1.233819] usb usb1: SerialNumber: 0000:00:1d.7
2018-06-07 16:48:04: [    1.238117] hub 1-0:1.0: USB hub found
2018-06-07 16:48:04: [    1.240950] hub 1-0:1.0: 6 ports detected
2018-06-07 16:48:04: [    1.251544] ohci_hcd: USB 1.1 'Open' Host Controller (OHCI) Driver
2018-06-07 16:48:04: [    1.255082] ohci-pci: OHCI PCI platform driver
2018-06-07 16:48:04: [    1.258098] uhci_hcd: USB Universal Host Controller Interface driver
2018-06-07 16:48:04: [    1.291084] uhci_hcd 0000:00:1d.0: UHCI Host Controller
2018-06-07 16:48:04: [    1.295792] uhci_hcd 0000:00:1d.0: new USB bus registered, assigned bus number 2
2018-06-07 16:48:04: [    1.301910] uhci_hcd 0000:00:1d.0: detected 2 ports
2018-06-07 16:48:04: [    1.305319] uhci_hcd 0000:00:1d.0: irq 10, io base 0x0000c060
2018-06-07 16:48:04: [    1.309173] usb usb2: New USB device found, idVendor=1d6b, idProduct=0001
2018-06-07 16:48:04: [    1.320768] usb usb2: New USB device strings: Mfr=3, Product=2, SerialNumber=1
2018-06-07 16:48:04: [    1.328600] usb usb2: Product: UHCI Host Controller
2018-06-07 16:48:04: [    1.332332] usb usb2: Manufacturer: Linux 4.13.9-300.fc27.x86_64 uhci_hcd
2018-06-07 16:48:04: [    1.339937] usb usb2: SerialNumber: 0000:00:1d.0
2018-06-07 16:48:04: [    1.344742] hub 2-0:1.0: USB hub found
2018-06-07 16:48:04: [    1.358514] hub 2-0:1.0: 2 ports detected
2018-06-07 16:48:04: [    1.382430] uhci_hcd 0000:00:1d.2: UHCI Host Controller
2018-06-07 16:48:04: [    1.389664] uhci_hcd 0000:00:1d.2: new USB bus registered, assigned bus number 3
2018-06-07 16:48:04: [    1.395243] uhci_hcd 0000:00:1d.2: detected 2 ports
2018-06-07 16:48:04: [    1.399005] uhci_hcd 0000:00:1d.2: irq 11, io base 0x0000c080
2018-06-07 16:48:04: [    1.404066] usb usb3: New USB device found, idVendor=1d6b, idProduct=0001
2018-06-07 16:48:04: [    1.409476] usb usb3: New USB device strings: Mfr=3, Product=2, SerialNumber=1
2018-06-07 16:48:04: [    1.417201] usb usb3: Product: UHCI Host Controller
2018-06-07 16:48:04: [    1.421593] usb usb3: Manufacturer: Linux 4.13.9-300.fc27.x86_64 uhci_hcd
2018-06-07 16:48:04: [    1.426498] usb usb3: SerialNumber: 0000:00:1d.2
2018-06-07 16:48:04: [    1.430902] hub 3-0:1.0: USB hub found
2018-06-07 16:48:04: [    1.435235] hub 3-0:1.0: 2 ports detected
2018-06-07 16:48:04: [    1.458429] uhci_hcd 0000:00:1d.4: UHCI Host Controller
2018-06-07 16:48:04: [    1.462367] uhci_hcd 0000:00:1d.4: new USB bus registered, assigned bus number 4
2018-06-07 16:48:04: [    1.468724] uhci_hcd 0000:00:1d.4: detected 2 ports
2018-06-07 16:48:04: [    1.472497] uhci_hcd 0000:00:1d.4: irq 11, io base 0x0000c0a0
2018-06-07 16:48:04: [    1.477240] usb usb4: New USB device found, idVendor=1d6b, idProduct=0001
2018-06-07 16:48:04: [    1.481939] usb usb4: New USB device strings: Mfr=3, Product=2, SerialNumber=1
2018-06-07 16:48:04: [    1.487247] usb usb4: Product: UHCI Host Controller
2018-06-07 16:48:04: [    1.490600] usb usb4: Manufacturer: Linux 4.13.9-300.fc27.x86_64 uhci_hcd
2018-06-07 16:48:04: [    1.494696] usb usb4: SerialNumber: 0000:00:1d.4
2018-06-07 16:48:04: [    1.498091] hub 4-0:1.0: USB hub found
2018-06-07 16:48:04: [    1.501049] hub 4-0:1.0: 2 ports detected
2018-06-07 16:48:04: [    1.504337] usbcore: registered new interface driver usbserial
2018-06-07 16:48:04: [    1.508341] usbcore: registered new interface driver usbserial_generic
2018-06-07 16:48:04: [    1.512715] usbserial: USB Serial support registered for generic
2018-06-07 16:48:04: [    1.516909] i8042: PNP: PS/2 Controller [PNP0303:KBD,PNP0f13:MOU] at 0x60,0x64 irq 1,12
2018-06-07 16:48:04: [    1.525735] serio: i8042 KBD port at 0x60,0x64 irq 1
2018-06-07 16:48:04: [    1.529838] serio: i8042 AUX port at 0x60,0x64 irq 12
2018-06-07 16:48:04: [    1.533291] mousedev: PS/2 mouse device common for all mice
2018-06-07 16:48:04: [    1.537601] rtc_cmos 00:00: RTC can wake from S4
2018-06-07 16:48:04: [    1.541991] rtc_cmos 00:00: rtc core: registered rtc_cmos as rtc0
2018-06-07 16:48:04: [    1.546952] input: AT Translated Set 2 keyboard as /devices/platform/i8042/serio0/input/input1
2018-06-07 16:48:04: [    1.550325] rtc_cmos 00:00: alarms up to one day, y3k, 114 bytes nvram, hpet irqs
2018-06-07 16:48:04: [    1.550432] device-mapper: uevent: version 1.0.3
2018-06-07 16:48:04: [    1.550535] device-mapper: ioctl: 4.37.0-ioctl (2017-09-20) initialised: dm-devel@redhat.com
2018-06-07 16:48:04: [    1.550688] hidraw: raw HID events driver (C) Jiri Kosina
2018-06-07 16:48:04: [    1.550737] usbcore: registered new interface driver usbhid
2018-06-07 16:48:04: [    1.550737] usbhid: USB HID core driver
2018-06-07 16:48:04: [    1.550836] drop_monitor: Initializing network drop monitor service
2018-06-07 16:48:04: [    1.550943] ip_tables: (C) 2000-2006 Netfilter Core Team
2018-06-07 16:48:04: [    1.608287] Initializing XFRM netlink socket
2018-06-07 16:48:04: [    1.608376] NET: Registered protocol family 10
2018-06-07 16:48:04: [    1.609026] usb 1-1: new high-speed USB device number 2 using ehci-pci
2018-06-07 16:48:04: [    1.609911] Segment Routing with IPv6
2018-06-07 16:48:04: [    1.609924] mip6: Mobile IPv6
2018-06-07 16:48:04: [    1.609926] NET: Registered protocol family 17
2018-06-07 16:48:04: [    1.664562] RAS: Correctable Errors collector initialized.
2018-06-07 16:48:04: [    1.670603] AVX version of gcm_enc/dec engaged.
2018-06-07 16:48:04: [    1.674211] AES CTR mode by8 optimization enabled
2018-06-07 16:48:04: [    1.678599] input: VirtualPS/2 VMware VMMouse as /devices/platform/i8042/serio1/input/input4
2018-06-07 16:48:04: [    1.686909] input: VirtualPS/2 VMware VMMouse as /devices/platform/i8042/serio1/input/input3
2018-06-07 16:48:04: [    1.687074] sched_clock: Marking stable (1687014587, 0)->(3558369982, -1871355395)
2018-06-07 16:48:04: [    1.700060] registered taskstats version 1
2018-06-07 16:48:04: [    1.704605] Loading compiled-in X.509 certificates
2018-06-07 16:48:04: [    1.741997] Loaded X.509 cert 'Fedora kernel signing key: 7bf71b7aa6845adff2b1cf1f1968839d5134fb7e'
2018-06-07 16:48:04: [    1.748988] zswap: loaded using pool lzo/zbud
2018-06-07 16:48:04: [    1.757788] usb 1-1: New USB device found, idVendor=0627, idProduct=0001
2018-06-07 16:48:04: [    1.761881] usb 1-1: New USB device strings: Mfr=1, Product=3, SerialNumber=5
2018-06-07 16:48:04: [    1.766045] usb 1-1: Product: QEMU USB Tablet
2018-06-07 16:48:04: [    1.767093] Key type big_key registered
2018-06-07 16:48:04: [    1.775763] Key type encrypted registered
2018-06-07 16:48:04: [    1.776706]   Magic number: 6:11:843
2018-06-07 16:48:04: [    1.777695] rtc_cmos 00:00: setting system clock to 2018-06-07 16:48:04 UTC (1528390084)
2018-06-07 16:48:04: [    1.801943] usb 1-1: Manufacturer: QEMU
2018-06-07 16:48:04: [    1.801944] usb 1-1: SerialNumber: 42
2018-06-07 16:48:04: [    1.803651] input: QEMU QEMU USB Tablet as /devices/pci0000:00/0000:00:1d.7/usb1/1-1/1-1:1.0/0003:0627:0001.0001/input/input5
2018-06-07 16:48:04: [    1.803739] hid-generic 0003:0627:0001.0001: input,hidraw0: USB HID v0.01 Mouse [QEMU QEMU USB Tablet] on usb-0000:00:1d.7-1/input0
2018-06-07 16:48:04: [    1.832360] Freeing unused kernel memory: 2224K
2018-06-07 16:48:04: [    1.838187] Write protecting the kernel read-only data: 14336k
2018-06-07 16:48:04: [    1.843995] Freeing unused kernel memory: 1392K
2018-06-07 16:48:04: [    1.850326] Freeing unused kernel memory: 336K
2018-06-07 16:48:04: [    1.857431] x86/mm: Checked W+X mappings: passed, no W+X pages found.
2018-06-07 16:48:04: [    1.862222] rodata_test: all tests were successful
2018-06-07 16:48:04: [    1.871842] systemd[1]: systemd 234 running in system mode. (+PAM +AUDIT +SELINUX +IMA -APPARMOR +SMACK +SYSVINIT +UTMP +LIBCRYPTSETUP +GCRYPT +GNUTLS +ACL +XZ +LZ4 +SECCOMP +BLKID +ELFUTILS +KMOD -IDN2 +IDN default-hierarchy=hybrid)
2018-06-07 16:48:04: [    1.885561] systemd[1]: Detected virtualization kvm.
2018-06-07 16:48:04: [    1.889251] systemd[1]: Detected architecture x86-64.
2018-06-07 16:48:04: [    1.893356] systemd[1]: Running in initial RAM disk.
2018-06-07 16:48:04: 
2018-06-07 16:48:04: Welcome to [0;34mFedora 27 (Twenty Seven) dracut-046-5.fc27 (Initramfs)[0m!
2018-06-07 16:48:04: 
2018-06-07 16:48:04: [    1.900232] systemd[1]: Set hostname to <atest-guest>.
2018-06-07 16:48:05: [    1.957843] systemd[1]: Started Dispatch Password Requests to Console Directory Watch.
2018-06-07 16:48:05: [[0;32m  OK  [0m] Started Dispatch Password Requests to Console Directory Watch.
2018-06-07 16:48:05: [    1.967047] systemd[1]: Listening on udev Kernel Socket.
2018-06-07 16:48:05: [[0;32m  OK  [0m] Listening on udev Kernel Socket.
2018-06-07 16:48:05: [    1.973217] systemd[1]: Listening on Journal Audit Socket.
2018-06-07 16:48:05: [[0;32m  OK  [0m] Listening on Journal Audit Socket.
2018-06-07 16:48:05: [    1.978284] systemd[1]: Reached target Paths.
2018-06-07 16:48:05: [[0;32m  OK  [0m] Reached target Paths.
2018-06-07 16:48:05: [    1.982917] systemd[1]: Reached target Local File Systems.
2018-06-07 16:48:05: [[0;32m  OK  [0m] Reached target Local File Systems.
2018-06-07 16:48:05: [[0;32m  OK  [0m] Listening on udev Control Socket.
2018-06-07 16:48:05: [[0;32m  OK  [0m] Reached target Swap.
2018-06-07 16:48:05: [[0;32m  OK  [0m] Created slice System Slice.
2018-06-07 16:48:05: [[0;32m  OK  [0m] Reached target Slices.
2018-06-07 16:48:05: [[0;32m  OK  [0m] Listening on Journal Socket.
2018-06-07 16:48:05:          Starting Create list of required stce nodes for the current kernel...
2018-06-07 16:48:05:          Starting Apply Kernel Variables...
2018-06-07 16:48:05: [[0;32m  OK  [0m] Listening on Journal Socket (/dev/log).
2018-06-07 16:48:05:          Starting Journal Service...
2018-06-07 16:48:05: [[0;32m  OK  [0m] Reached target Sockets.
2018-06-07 16:48:05:          Starting Create Volatile Files and Directories...
2018-06-07 16:48:05: [[0;32m  OK  [0m] Reached target Timers.
2018-06-07 16:48:05: [[0;32m  OK  [0m] Started Create list of required stavice nodes for the current kernel.
2018-06-07 16:48:05: [    2.047046] audit: type=1130 audit(1528390084.769:2): pid=1 uid=0 auid=4294967295 ses=4294967295 subj=kernel msg='unit=kmod-static-nodes comm="systemd" exe="/usr/lib/systemd/systemd" hostname=? addr=? terminal=? res=success'
2018-06-07 16:48:05: [[0;32m  OK  [0m] Started Apply Kernel Variables.
2018-06-07 16:48:05: [    2.061599] audit: type=1130 audit(1528390084.784:3): pid=1 uid=0 auid=4294967295 ses=4294967295 subj=kernel msg='unit=systemd-sysctl comm="systemd" exe="/usr/lib/systemd/systemd" hostname=? addr=? terminal=? res=success'
2018-06-07 16:48:05: [[0;32m  OK  [0m] Started Create Volatile Files and Directories.
2018-06-07 16:48:05: [    2.078716] audit: type=1130 audit(1528390084.801:4): pid=1 uid=0 auid=4294967295 ses=4294967295 subj=kernel msg='unit=systemd-tmpfiles-setup comm="systemd" exe="/usr/lib/systemd/systemd" hostname=? addr=? terminal=? res=success'
2018-06-07 16:48:05: [[0;32m  OK  [0m] Started Journal Service.
2018-06-07 16:48:05: [    2.094337] audit: type=1130 audit(1528390084.817:5): pid=1 uid=0 auid=4294967295 ses=4294967295 subj=kernel msg='unit=systemd-journald comm="systemd" exe="/usr/lib/systemd/systemd" hostname=? addr=? terminal=? res=success'
2018-06-07 16:48:05:          Starting Create Static Device Nodes in /dev...
2018-06-07 16:48:05: [[0;32m  OK  [0m] Started Create Static Device Nodes in /dev.
2018-06-07 16:48:05: [    2.114507] audit: type=1130 audit(1528390084.837:6): pid=1 uid=0 auid=4294967295 ses=4294967295 subj=kernel msg='unit=systemd-tmpfiles-setup-dev comm="systemd" exe="/usr/lib/systemd/systemd" hostname=? addr=? terminal=? res=success'
2018-06-07 16:48:05:          Starting udev Kernel Device Manager...
2018-06-07 16:48:05: [[0;32m  OK  [0m] Started udev Kernel Device Manager.
2018-06-07 16:48:05: [    2.135236] audit: type=1130 audit(1528390084.858:7): pid=1 uid=0 auid=4294967295 ses=4294967295 subj=kernel msg='unit=systemd-udevd comm="systemd" exe="/usr/lib/systemd/systemd" hostname=? addr=? terminal=? res=success'
2018-06-07 16:48:05:          Starting udev Coldplug all Devices...
2018-06-07 16:48:05:          Mounting Kernel Configuration File System...
2018-06-07 16:48:05: [[0;32m  OK  [0m] Mounted Kernel Configuration File System.
2018-06-07 16:48:05: [[0;32m  OK  [0m] Started udev Coldplug all Devices.
2018-06-07 16:48:05: [    2.187307] audit: type=1130 audit(1528390084.910:8): pid=1 uid=0 auid=4294967295 ses=4294967295 subj=kernel msg='unit=systemd-udev-trigger comm="systemd" exe="/usr/lib/systemd/systemd" hostname=? addr=? terminal=? res=success'
2018-06-07 16:48:05: [[0;32m  OK  [0m] Reached target Remote File Systems (Pre).
2018-06-07 16:48:05: [[0;32m  OK  [0m] Reached target Remote File Systems.
2018-06-07 16:48:05: [[0;32m  OK  [0m] Reached target System Initialization.
2018-06-07 16:48:05: [[0;32m  OK  [0m] Reached target Basic System.
2018-06-07 16:48:05: [    2.313229]  vda: vda1
2018-06-07 16:48:05: [[0;32m  OK  [0m] Found device /dev/disk/by-uuid/ba419b80-2653-4f9b-af33-4966d1045fe6.
2018-06-07 16:48:05: [[0;32m  OK  [0m] Reached target Initrd Root Device.
2018-06-07 16:48:05:          Starting File System Check on /dev/b80-2653-4f9b-af33-4966d1045fe6...
2018-06-07 16:48:05: [[0;32m  OK  [0m] Started File System Check on /dev/d19b80-2653-4f9b-af33-4966d1045fe6.
2018-06-07 16:48:05: [    2.353529] audit: type=1130 audit(1528390085.076:9): pid=1 uid=0 auid=4294967295 ses=4294967295 subj=kernel msg='unit=systemd-fsck-root comm="systemd" exe="/usr/lib/systemd/systemd" hostname=? addr=? terminal=? res=success'
2018-06-07 16:48:05:          Mounting /sysroot...
2018-06-07 16:48:05: [    2.372946] EXT4-fs (vda1): mounted filesystem with ordered data mode. Opts: (null)
2018-06-07 16:48:05: [[0;32m  OK  [0m] Mounted /sysroot.
2018-06-07 16:48:05: [[0;32m  OK  [0m] Reached target Initrd Root File System.
2018-06-07 16:48:05:          Starting Reload Configuration from the Real Root...
2018-06-07 16:48:05: [[0;32m  OK  [0m] Started Reload Configuration from the Real Root.
2018-06-07 16:48:05: [    2.796702] audit: type=1130 audit(1528390085.519:10): pid=1 uid=0 auid=4294967295 ses=4294967295 subj=kernel msg='unit=initrd-parse-etc comm="systemd" exe="/usr/lib/systemd/systemd" hostname=? addr=? terminal=? res=success'
2018-06-07 16:48:05: [[0;32m  OK  [0m] Reached target Initrd File Systems.
2018-06-07 16:48:05: [[0;32m  OK  [0m] Reached target Initrd Default Target.
2018-06-07 16:48:05:          Starting Cleaning Up and Shutting Down Daemons...
2018-06-07 16:48:05: [[0;32m  OK  [0m] Stopped target Remote File Systems.
2018-06-07 16:48:05: [[0;32m  OK  [0m] Stopped target Initrd Default Target.
2018-06-07 16:48:05: [[0;32m  OK  [0m] Stopped target Basic System.
2018-06-07 16:48:05: [[0;32m  OK  [0m] Stopped target Slices.
2018-06-07 16:48:05: [[0;32m  OK  [0m] Stopped target Paths.
2018-06-07 16:48:05: [[0;32m  OK  [0m] Stopped target Sockets.
2018-06-07 16:48:05: [[0;32m  OK  [0m] Stopped target Remote File Systems (Pre).
2018-06-07 16:48:05: [[0;32m  OK  [0m] Stopped target Initrd Root Device.
2018-06-07 16:48:05: [[0;32m  OK  [0m] Stopped Dispatch Password Requests to Console Directory Watch.
2018-06-07 16:48:05: [[0;32m  OK  [0m] Stopped target Timers.
2018-06-07 16:48:05: [[0;32m  OK  [0m] Stopped target System Initialization.
2018-06-07 16:48:05: [[0;32m  OK  [0m] Stopped Create Volatile Files and Directories.
2018-06-07 16:48:05: [[0;32m  OK  [0m] Stopped target Local File Systems.
2018-06-07 16:48:05: [[0;32m  OK  [0m] Stopped target Swap.
2018-06-07 16:48:05: [[0;32m  OK  [0m] Stopped udev Coldplug all Devices.
2018-06-07 16:48:05:          Stopping udev Kernel Device Manager...
2018-06-07 16:48:05: [[0;32m  OK  [0m] Stopped Apply Kernel Variables.
2018-06-07 16:48:05: [[0;32m  OK  [0m] Started Cleaning Up and Shutting Down Daemons.
2018-06-07 16:48:05: [[0;32m  OK  [0m] Stopped udev Kernel Device Manager.
2018-06-07 16:48:06: [[0;32m  OK  [0m] Stopped Create Static Device Nodes in /dev.
2018-06-07 16:48:06: [[0;32m  OK  [0m] Stopped Create list of required stavice nodes for the current kernel.
2018-06-07 16:48:06: [[0;32m  OK  [0m] Closed udev Kernel Socket.
2018-06-07 16:48:06: [[0;32m  OK  [0m] Closed udev Control Socket.
2018-06-07 16:48:06:          Starting Cleanup udevd DB...
2018-06-07 16:48:06: [[0;32m  OK  [0m] Started Cleanup udevd DB.
2018-06-07 16:48:06: [[0;32m  OK  [0m] Reached target Switch Root.
2018-06-07 16:48:06:          Starting Switch Root...
2018-06-07 16:48:06: [    2.944280] systemd-journald[184]: Received SIGTERM from PID 1 (systemd).
2018-06-07 16:48:06: [    2.964747] systemd: 16 output lines suppressed due to ratelimiting
2018-06-07 16:48:06: 
2018-06-07 16:48:06: Welcome to [0;34mFedora 27 (Twenty Seven)[0m!
2018-06-07 16:48:06: 
2018-06-07 16:48:06: [[0;32m  OK  [0m] Stopped Switch Root.
2018-06-07 16:48:06: [[0;32m  OK  [0m] Stopped Journal Service.
2018-06-07 16:48:06:          Starting Journal Service...
2018-06-07 16:48:06:          Mounting POSIX Message Queue File System...
2018-06-07 16:48:06: [[0;32m  OK  [0m] Stopped File System Check on Root Device.
2018-06-07 16:48:06: [[0;32m  OK  [0m] Set up automount Arbitrary Executabrmats File System Automount Point.
2018-06-07 16:48:06: [[0;32m  OK  [0m] Reached target Swap.
2018-06-07 16:48:06:          Mounting Kernel Debug File System...
2018-06-07 16:48:06: [[0;32m  OK  [0m] Listening on udev Kernel Socket.
2018-06-07 16:48:06: [[0;32m  OK  [0m] Listening on udev Control Socket.
2018-06-07 16:48:06: [[0;32m  OK  [0m] Stopped target Switch Root.
2018-06-07 16:48:06: [[0;32m  OK  [0m] Created slice system-getty.slice.
2018-06-07 16:48:06: [[0;32m  OK  [0m] Started Dispatch Password Requests to Console Directory Watch.
2018-06-07 16:48:06: [[0;32m  OK  [0m] Listening on /dev/initctl Compatibility Named Pipe.
2018-06-07 16:48:06: [[0;32m  OK  [0m] Created slice User and Session Slice.
2018-06-07 16:48:06:          Starting Remount Root and Kernel File Systems...
2018-06-07 16:48:06: [[0;32m  OK  [0m] Stopped target Initrd Root File System.
2018-06-07 16:48:06:          Starting Create list of required stce nodes for the current kernel...
2018-06-07 16:48:06: [[0;32m  OK  [0m] Reached target Slices.
2018-06-07 16:48:06: [[0;32m  OK  [0m] Created slice system-sshd\x2dkeygen.slice.
2018-06-07 16:48:06: [[0;32m  OK  [0m] Stopped target Initrd File Systems.
2018-06-07 16:48:06:          Mounting Huge Pages File System...
2018-06-07 16:48:06: [[0;32m  OK  [0m] Created slice system-serial\x2dgetty.slice.
2018-06-07 16:48:06: [[0;32m  OK  [0m] Started Forward Password Requests to Wall Directory Watch.
2018-06-07 16:48:06: [[0;32m  OK  [0m] Reached target Local Encrypted Volumes.
2018-06-07 16:48:06: [[0;32m  OK  [0m] Reached target Paths.
2018-06-07 16:48:06: [[0;32m  OK  [0m] Listening on Process Core Dump Socket.
2018-06-07 16:48:06:          Starting Apply Kernel Variables...
2018-06-07 16:48:06: [[0;32m  OK  [0m] Reached target Remote File Systems.
2018-06-07 16:48:06: [[0;32m  OK  [0m] Mounted Kernel Debug File System.
2018-06-07 16:48:06: [[0;32m  OK  [0m] Mounted POSIX Message Queue File System.
2018-06-07 16:48:06: [[0;32m  OK  [0m] Mounted Huge Pages File System.
2018-06-07 16:48:06: [[0;32m  OK  [0m] Started Journal Service.
2018-06-07 16:48:06: [[0;32m  OK  [0m] Started Create list of required stavice nodes for the current kernel.
2018-06-07 16:48:06: [[0;32m  OK  [0m] Started Apply Kernel Variables.
2018-06-07 16:48:06: [    3.256999] EXT4-fs (vda1): re-mounted. Opts: (null)
2018-06-07 16:48:06: [[0;32m  OK  [0m] Started Remount Root and Kernel File Systems.
2018-06-07 16:48:06:          Starting Configure read-only root support...
2018-06-07 16:48:06:          Starting Flush Journal to Persistent Storage...
2018-06-07 16:48:06:          Starting Rebuild Hardware Database...
2018-06-07 16:48:06:          Starting Create System Users...
2018-06-07 16:48:06: [    3.297278] systemd-journald[256]: Received request to flush runtime journal from PID 1
2018-06-07 16:48:11: [[0m[0;31m*     [0m] (1 of 5) A start job is running forreate System Users (5s / 1min 30s)
2018-06-07 16:48:11: [K[[0;32m  OK  [0m] Started Create System Users.
2018-06-07 16:48:11: [    8.652041] kauditd_printk_skb: 30 callbacks suppressed
2018-06-07 16:48:11: [    8.652042] audit: type=1130 audit(1528390091.374:41): pid=1 uid=0 auid=4294967295 ses=4294967295 subj=kernel msg='unit=systemd-sysusers comm="systemd" exe="/usr/lib/systemd/systemd" hostname=? addr=? terminal=? res=success'
2018-06-07 16:48:11:          Starting Create Static Device Nodes in /dev...
2018-06-07 16:48:11: [[0;32m  OK  [0m] Started Configure read-only root support.
2018-06-07 16:48:11: [    8.677103] audit: type=1130 audit(1528390091.400:42): pid=1 uid=0 auid=4294967295 ses=4294967295 subj=kernel msg='unit=fedora-readonly comm="systemd" exe="/usr/lib/systemd/systemd" hostname=? addr=? terminal=? res=success'
2018-06-07 16:48:11:          Starting Load/Save Random Seed...
2018-06-07 16:48:11: [[0;32m  OK  [0m] Started Load/Save Random Seed.
2018-06-07 16:48:11: [    8.693223] audit: type=1130 audit(1528390091.415:43): pid=1 uid=0 auid=4294967295 ses=4294967295 subj=kernel msg='unit=systemd-random-seed comm="systemd" exe="/usr/lib/systemd/systemd" hostname=? addr=? terminal=? res=success'
2018-06-07 16:48:11: [[0;32m  OK  [0m] Started Create Static Device Nodes in /dev.
2018-06-07 16:48:11:          Starting udev Kernel Device Manager...
2018-06-07 16:48:11: [[0;32m  OK  [[    8.716811] audit: type=1130 audit(1528390091.436:44): pid=1 uid=0 auid=4294967295 ses=4294967295 subj=kernel msg='unit=systemd-tmpfiles-setup-dev comm="systemd" exe="/usr/lib/systemd/systemd" hostname=? addr=? terminal=? res=success'
2018-06-07 16:48:11: 0m] Reached target Local File Systems (Pre).
2018-06-07 16:48:11: [[0;32m  OK  [0m] Reached target Local File Systems.
2018-06-07 16:48:11:          Starting Rebuild Journal Catalog...
2018-06-07 16:48:11:          Starting Restore /run/initramfs on shutdown...
2018-06-07 16:48:11:          Starting Rebuild Dynamic Linker Cache...
2018-06-07 16:48:11: [[0;32m  OK  [0m] Started Flush Journal to Persistent Storage.
2018-06-07 16:48:11: [    8.765956] audit: type=1130 audit(1528390091.488:45): pid=1 uid=0 auid=4294967295 ses=4294967295 subj=kernel msg='unit=systemd-journal-flush comm="systemd" exe="/usr/lib/systemd/systemd" hostname=? addr=? terminal=? res=success'
2018-06-07 16:48:11: [[0;32m  OK  [0m] Started Rebuild Journal Catalog.
2018-06-07 16:48:11: [[0;32m  OK  [[    8.794888] audit: type=1130 audit(1528390091.517:46): pid=1 uid=0 auid=4294967295 ses=4294967295 subj=kernel msg='unit=systemd-journal-catalog-update comm="systemd" exe="/usr/lib/systemd/systemd" hostname=? addr=? terminal=? res=success'
2018-06-07 16:48:11: 0m] Started Restore /run/initramfs on shutdown.
2018-06-07 16:48:11:          Startin[    8.814379] audit: type=1130 audit(1528390091.534:47): pid=1 uid=0 auid=4294967295 ses=4294967295 subj=kernel msg='unit=dracut-shutdown comm="systemd" exe="/usr/lib/systemd/systemd" hostname=? addr=? terminal=? res=success'
2018-06-07 16:48:11: g Create Volatile Files and Directories...
2018-06-07 16:48:11: [[0;32m  OK  [0m] Started udev Kernel Device Manager.
2018-06-07 16:48:11: [    8.834566] audit: type=1130 audit(1528390091.554:48): pid=1 uid=0 auid=4294967295 ses=4294967295 subj=kernel msg='unit=systemd-udevd comm="systemd" exe="/usr/lib/systemd/systemd" hostname=? addr=? terminal=? res=success'
2018-06-07 16:48:11: [[0;32m  OK  [0m] Started Create Volatile Files and Directories.
2018-06-07 16:48:11:          Startin[    8.845533] audit: type=1130 audit(1528390091.567:49): pid=1 uid=0 auid=4294967295 ses=4294967295 subj=kernel msg='unit=systemd-tmpfiles-setup comm="systemd" exe="/usr/lib/systemd/systemd" hostname=? addr=? terminal=? res=success'
2018-06-07 16:48:11: g Update UTMP about System Boot/Shutdown...
2018-06-07 16:48:11: [    8.858115] audit: type=1127 audit(1528390091.579:50): pid=281 uid=0 auid=4294967295 ses=4294967295 subj=kernel msg=' comm="systemd-update-utmp" exe="/usr/lib/systemd/systemd-update-utmp" hostname=? addr=? terminal=? res=success'
2018-06-07 16:48:11: [[0;32m  OK  [0m] Started Update UTMP about System Boot/Shutdown.
2018-06-07 16:48:11: [[0;32m  OK  [0m] Started Rebuild Dynamic Linker Cache.
2018-06-07 16:48:12: [[0;32m  OK  [0m] Started Rebuild Hardware Database.
2018-06-07 16:48:12:          Starting udev Coldplug all Devices...
2018-06-07 16:48:12:          Starting Update is Completed...
2018-06-07 16:48:12: [[0;32m  OK  [0m] Started Update is Completed.
2018-06-07 16:48:12: [[0;32m  OK  [0m] Started udev Coldplug all Devices.
2018-06-07 16:48:12: [[0;32m  OK  [0m] Reached target System Initialization.
2018-06-07 16:48:12: [[0;32m  OK  [0m] Listening on D-Bus System Message Bus Socket.
2018-06-07 16:48:12: [[0;32m  OK  [0m] Started Daily Cleanup of Temporary Directories.
2018-06-07 16:48:12: [[0;32m  OK  [0m] Listening on SSSD Kerberos Cache Manager responder socket.
2018-06-07 16:48:12: [[0;32m  OK  [0m] Listening on SSSD Secrets Service responder socket.
2018-06-07 16:48:12: [[0;32m  OK  [0m] Reached target Sockets.
2018-06-07 16:48:12: [[0;32m  OK  [0m] Started dnf makecache timer.
2018-06-07 16:48:12: [[0;32m  OK  [0m] Reached target Basic System.
2018-06-07 16:48:12:          Starting System Security Services Daemon...
2018-06-07 16:48:12:          Starting OpenSSH ecdsa Server Key Generation...
2018-06-07 16:48:12: [[0;32m  OK  [0m] Started D-Bus System Message Bus.
2018-06-07 16:48:12: [    9.060687] piix4_smbus 0000:00:01.3: SMBus Host Controller at 0x700, revision 0
2018-06-07 16:48:12:          Starting NTP client/server...
2018-06-07 16:48:12:          Starting OpenSSH rsa Server Key Generation...
2018-06-07 16:48:12:          Starting firewalld - dynamic firewall daemon...
2018-06-07 16:48:12: [[0;32m  OK  [0m] Reached target Timers.
2018-06-07 16:48:12:          Starting OpenSSH ed25519 Server Key Generation...
2018-06-07 16:48:12: [[0;32m  OK  [0m] Started OpenSSH ecdsa Server Key Generation.
2018-06-07 16:48:12: [[0;32m  OK  [0m] Started NTP client/server.
2018-06-07 16:48:12: [[0;32m  OK  [0m] Found device /dev/ttyS0.
2018-06-07 16:48:12: [    9.301230] ppdev: user-space parallel port driver
2018-06-07 16:48:12: [    9.316756] virtio_net virtio1 ens4: renamed from eth0
2018-06-07 16:48:12: [[0;32m  OK  [0m] Started OpenSSH ed25519 Server Key Generation.
2018-06-07 16:48:12: [[0;32m  OK  [0m] Started OpenSSH rsa Server Key Generation.
2018-06-07 16:48:12: [[0;32m  OK  [0m] Reached target sshd-keygen.target.
2018-06-07 16:48:12: [    9.405954] [drm] Found bochs VGA, ID 0xb0c0.
2018-06-07 16:48:12: [    9.405957] [drm] Framebuffer size 16384 kB @ 0xfd000000, mmio @ 0xfeb90000.
2018-06-07 16:48:12: [    9.412059] [TTM] Zone  kernel: Available graphics memory: 506690 kiB
2018-06-07 16:48:12: [    9.412061] [TTM] Initializing pool allocator
2018-06-07 16:48:12: [    9.412069] [TTM] Initializing DMA pool allocator
2018-06-07 16:48:12: [    9.467778] kvm: Nested Virtualization enabled
2018-06-07 16:48:12: [    9.500339] MCE: In-kernel MCE decoding enabled.
2018-06-07 16:48:12: [    9.530084] fbcon: bochsdrmfb (fb0) is primary device
2018-06-07 16:48:12: [    9.668233] Console: switching to colour frame buffer device 128x48
2018-06-07 16:48:12: [    9.779075] bochs-drm 0000:00:02.0: fb0: bochsdrmfb frame buffer device
2018-06-07 16:48:12: [    9.786039] [drm] Initialized bochs-drm 1.0.0 20130925 for 0000:00:02.0 on minor 0
2018-06-07 16:48:13: [[0;32m  OK  [0m] Started firewalld - dynamic firewall daemon.
2018-06-07 16:48:13: [[0;32m  OK  [0m] Reached target Network (Pre).
2018-06-07 16:48:13:          Starting Network Manager...
2018-06-07 16:48:13: [    9.957828] ip6_tables: (C) 2000-2006 Netfilter Core Team
2018-06-07 16:48:13: [[0;32m  OK  [0m] Started Network Manager.
2018-06-07 16:48:13: [[0;32m  OK  [0m] Reached target Network.
2018-06-07 16:48:13:          Starting OpenSSH server daemon...
2018-06-07 16:48:13:          Starting Network Manager Script Dispatcher Service...
2018-06-07 16:48:13: [[0;32m  OK  [0m] Started OpenSSH server daemon.
2018-06-07 16:48:13: [[0;32m  OK  [0m] Started Network Manager Script Dispatcher Service.
2018-06-07 16:48:13:          Starting Hostname Service...
2018-06-07 16:48:13: [   10.050790] Ebtables v2.0 registered
2018-06-07 16:48:13: [[0;32m  OK  [0m] Started Hostname Service.
2018-06-07 16:48:13: [   10.099235] IPv6: ADDRCONF(NETDEV_UP): ens4: link is not ready
2018-06-07 16:48:13:          Starting Authorization Manager...
2018-06-07 16:48:13: [   10.115889] nf_conntrack version 0.5.0 (8192 buckets, 32768 max)
2018-06-07 16:48:13: [[0;32m  OK  [0m] Started Authorization Manager.
2018-06-07 16:48:13: [   10.193796] bridge: filtering via arp/ip/ip6tables is no longer available by default. Update your scripts to load br_netfilter if you need this.
2018-06-07 16:48:13: [   10.218207] Netfilter messages via NETLINK v0.30.
2018-06-07 16:48:13: [   10.225585] ip_set: protocol 6
2018-06-07 16:48:13: [[0;32m  OK  [0m] Started System Security Services Daemon.
2018-06-07 16:48:13: [[0;32m  OK  [0m] Reached target User and Group Name Lookups.
2018-06-07 16:48:13:          Starting Login Service...
2018-06-07 16:48:13:          Starting Permit User Sessions...
2018-06-07 16:48:13: [[0;32m  OK  [0m] Started Permit User Sessions.
2018-06-07 16:48:13: [[0;32m  OK  [0m] Started Getty on tty1.
2018-06-07 16:48:13: [[0;32m  OK  [0m] Started Serial Getty on ttyS0.
2018-06-07 16:48:13: [[0;32m  OK  [0m] Reached target Login Prompts.
2018-06-07 16:48:13: [[0;32m  OK  [0m] Started Login Service.
2018-06-07 16:48:13: [[0;32m  OK  [0m] Reached target Multi-User System.
2018-06-07 16:48:13:          Starting Update UTMP about System Runlevel Changes...
2018-06-07 16:48:13: [[0;32m  OK  [0m] Started Update UTMP about System Runlevel Changes.
2018-06-07 16:48:14: 
2018-06-07 16:48:14: Fedora 27 (Twenty Seven)
2018-06-07 16:48:14: Kernel 4.13.9-300.fc27.x86_64 on an x86_64 (ttyS0)
2018-06-07 16:48:14: 
2018-06-07 16:48:15: atest-guest login:
2018-06-07 16:48:23: [   20.019237] kauditd_printk_skb: 177 callbacks suppressed
2018-06-07 16:48:23: [   20.019240] audit: type=1131 audit(1528390102.741:128): pid=1 uid=0 auid=4294967295 ses=4294967295 subj=kernel msg='unit=NetworkManager-dispatcher comm="systemd" exe="/usr/lib/systemd/systemd" hostname=? addr=? terminal=? res=success'
2018-06-07 16:48:43: [   40.132353] audit: type=1131 audit(1528390122.855:129): pid=1 uid=0 auid=4294967295 ses=4294967295 subj=kernel msg='unit=systemd-hostnamed comm="systemd" exe="/usr/lib/systemd/systemd" hostname=? addr=? terminal=? res=success'
2018-06-07 16:48:59: [   56.036152] audit: type=1325 audit(1528390138.759:130): table=filter family=2 entries=82
2018-06-07 16:48:59: [   56.053419] audit: type=1300 audit(1528390138.759:130): arch=c000003e syscall=54 success=yes exit=0 a0=3 a1=0 a2=40 a3=56197fc5d920 items=0 ppid=320 pid=520 auid=4294967295 uid=0 gid=0 euid=0 suid=0 fsuid=0 egid=0 sgid=0 fsgid=0 tty=(none) ses=4294967295 comm="iptables-restor" exe="/usr/sbin/xtables-multi" subj=kernel key=(null)
2018-06-07 16:48:59: [   56.076760] audit: type=1327 audit(1528390138.759:130): proctitle=2F7573722F7362696E2F69707461626C65732D726573746F7265002D2D776169743D32002D6E
2018-06-07 16:48:59: [   56.088489] audit: type=1325 audit(1528390138.775:131): table=nat family=2 entries=52
2018-06-07 16:48:59: [   56.103410] audit: type=1300 audit(1528390138.775:131): arch=c000003e syscall=54 success=yes exit=0 a0=3 a1=0 a2=40 a3=56197fc5d920 items=0 ppid=320 pid=520 auid=4294967295 uid=0 gid=0 euid=0 suid=0 fsuid=0 egid=0 sgid=0 fsgid=0 tty=(none) ses=4294967295 comm="iptables-restor" exe="/usr/sbin/xtables-multi" subj=kernel key=(null)
2018-06-07 16:48:59: [   56.119572] audit: type=1327 audit(1528390138.775:131): proctitle=2F7573722F7362696E2F69707461626C65732D726573746F7265002D2D776169743D32002D6E
2018-06-07 16:48:59: [   56.136913] audit: type=1325 audit(1528390138.775:132): table=mangle family=2 entries=40
2018-06-07 16:48:59: [   56.141141] audit: type=1300 audit(1528390138.775:132): arch=c000003e syscall=54 success=yes exit=0 a0=3 a1=0 a2=40 a3=56197fc57c30 items=0 ppid=320 pid=520 auid=4294967295 uid=0 gid=0 euid=0 suid=0 fsuid=0 egid=0 sgid=0 fsgid=0 tty=(none) ses=4294967295 comm="iptables-restor" exe="/usr/sbin/xtables-multi" subj=kernel key=(null)
2018-06-07 16:48:59: [   56.162788] audit: type=1327 audit(1528390138.775:132): proctitle=2F7573722F7362696E2F69707461626C65732D726573746F7265002D2D776169743D32002D6E
2018-06-07 16:48:59: [   56.180596] audit: type=1325 audit(1528390138.775:133): table=raw family=2 entries=28
2018-06-07 16:49:44: [  101.044485] kauditd_printk_skb: 38 callbacks suppressed
2018-06-07 16:49:44: [  101.044486] audit: type=1325 audit(1528390183.767:146): table=filter family=2 entries=82
2018-06-07 16:49:44: [  101.050024] audit: type=1300 audit(1528390183.767:146): arch=c000003e syscall=54 success=yes exit=0 a0=3 a1=0 a2=40 a3=5644e697f920 items=0 ppid=320 pid=531 auid=4294967295 uid=0 gid=0 euid=0 suid=0 fsuid=0 egid=0 sgid=0 fsgid=0 tty=(none) ses=4294967295 comm="iptables-restor" exe="/usr/sbin/xtables-multi" subj=kernel key=(null)
2018-06-07 16:49:44: [  101.063044] audit: type=1327 audit(1528390183.767:146): proctitle=2F7573722F7362696E2F69707461626C65732D726573746F7265002D2D776169743D32002D6E
2018-06-07 16:49:44: [  101.070292] audit: type=1325 audit(1528390183.769:147): table=nat family=2 entries=52
2018-06-07 16:49:44: [  101.074825] audit: type=1300 audit(1528390183.769:147): arch=c000003e syscall=54 success=yes exit=0 a0=3 a1=0 a2=40 a3=5644e697f920 items=0 ppid=320 pid=531 auid=4294967295 uid=0 gid=0 euid=0 suid=0 fsuid=0 egid=0 sgid=0 fsgid=0 tty=(none) ses=4294967295 comm="iptables-restor" exe="/usr/sbin/xtables-multi" subj=kernel key=(null)
2018-06-07 16:49:44: [  101.090185] audit: type=1327 audit(1528390183.769:147): proctitle=2F7573722F7362696E2F69707461626C65732D726573746F7265002D2D776169743D32002D6E
2018-06-07 16:49:44: [  101.098721] audit: type=1325 audit(1528390183.769:148): table=mangle family=2 entries=40
2018-06-07 16:49:44: [  101.104443] audit: type=1300 audit(1528390183.769:148): arch=c000003e syscall=54 success=yes exit=0 a0=3 a1=0 a2=40 a3=5644e6979c30 items=0 ppid=320 pid=531 auid=4294967295 uid=0 gid=0 euid=0 suid=0 fsuid=0 egid=0 sgid=0 fsgid=0 tty=(none) ses=4294967295 comm="iptables-restor" exe="/usr/sbin/xtables-multi" subj=kernel key=(null)
2018-06-07 16:49:44: [  101.125167] audit: type=1327 audit(1528390183.769:148): proctitle=2F7573722F7362696E2F69707461626C65732D726573746F7265002D2D776169743D32002D6E
2018-06-07 16:49:44: [  101.134767] audit: type=1325 audit(1528390183.769:149): table=raw family=2 entries=28
2018-06-07 16:50:29: [  146.036027] kauditd_printk_skb: 38 callbacks suppressed
2018-06-07 16:50:29: [  146.036028] audit: type=1325 audit(1528390228.758:162): table=filter family=2 entries=82
2018-06-07 16:50:29: [  146.152109] audit: type=1300 audit(1528390228.758:162): arch=c000003e syscall=54 success=yes exit=0 a0=3 a1=0 a2=40 a3=55ef61ea2920 items=0 ppid=320 pid=541 auid=4294967295 uid=0 gid=0 euid=0 suid=0 fsuid=0 egid=0 sgid=0 fsgid=0 tty=(none) ses=4294967295 comm="iptables-restor" exe="/usr/sbin/xtables-multi" subj=kernel key=(null)
2018-06-07 16:50:29: [  146.331323] audit: type=1327 audit(1528390228.758:162): proctitle=2F7573722F7362696E2F69707461626C65732D726573746F7265002D2D776169743D32002D6E
2018-06-07 16:50:29: [  146.500221] audit: type=1325 audit(1528390228.758:163): table=nat family=2 entries=52
2018-06-07 16:50:29: [  146.603064] audit: type=1300 audit(1528390228.758:163): arch=c000003e syscall=54 success=yes exit=0 a0=3 a1=0 a2=40 a3=55ef61ea2920 items=0 ppid=320 pid=541 auid=4294967295 uid=0 gid=0 euid=0 suid=0 fsuid=0 egid=0 sgid=0 fsgid=0 tty=(none) ses=4294967295 comm="iptables-restor" exe="/usr/sbin/xtables-multi" subj=kernel key=(null)
2018-06-07 16:50:30: [  146.920547] audit: type=1327 audit(1528390228.758:163): proctitle=2F7573722F7362696E2F69707461626C65732D726573746F7265002D2D776169743D32002D6E
2018-06-07 16:50:30: [  147.128615] audit: type=1325 audit(1528390228.758:164): table=mangle family=2 entries=40
2018-06-07 16:50:30: [  147.234119] audit: type=1300 audit(1528390228.758:164): arch=c000003e syscall=54 success=yes exit=0 a0=3 a1=0 a2=40 a3=55ef61e9cc30 items=0 ppid=320 pid=541 auid=4294967295 uid=0 gid=0 euid=0 suid=0 fsuid=0 egid=0 sgid=0 fsgid=0 tty=(none) ses=4294967295 comm="iptables-restor" exe="/usr/sbin/xtables-multi" subj=kernel key=(null)
2018-06-07 16:50:30: [  147.631818] audit: type=1327 audit(1528390228.758:164): proctitle=2F7573722F7362696E2F69707461626C65732D726573746F7265002D2D776169743D32002D6E
2018-06-07 16:50:31: [  147.997812] audit: type=1325 audit(1528390228.758:165): table=raw family=2 entries=28
2018-06-07 16:51:14: [  191.039414] kauditd_printk_skb: 38 callbacks suppressed
2018-06-07 16:51:14: [  191.039416] audit: type=1325 audit(1528390273.761:178): table=filter family=2 entries=82
2018-06-07 16:51:14: [  191.157487] audit: type=1300 audit(1528390273.761:178): arch=c000003e syscall=54 success=yes exit=0 a0=3 a1=0 a2=40 a3=5630f1bbe920 items=0 ppid=320 pid=551 auid=4294967295 uid=0 gid=0 euid=0 suid=0 fsuid=0 egid=0 sgid=0 fsgid=0 tty=(none) ses=4294967295 comm="iptables-restor" exe="/usr/sbin/xtables-multi" subj=kernel key=(null)
2018-06-07 16:51:14: [  191.339608] audit: type=1327 audit(1528390273.761:178): proctitle=2F7573722F7362696E2F69707461626C65732D726573746F7265002D2D776169743D32002D6E
2018-06-07 16:51:14: [  191.448506] audit: type=1325 audit(1528390273.761:179): table=nat family=2 entries=52
2018-06-07 16:51:14: [  191.509384] audit: type=1300 audit(1528390273.761:179): arch=c000003e syscall=54 success=yes exit=0 a0=3 a1=0 a2=40 a3=5630f1bbe920 items=0 ppid=320 pid=551 auid=4294967295 uid=0 gid=0 euid=0 suid=0 fsuid=0 egid=0 sgid=0 fsgid=0 tty=(none) ses=4294967295 comm="iptables-restor" exe="/usr/sbin/xtables-multi" subj=kernel key=(null)
2018-06-07 16:51:14: [  191.690667] audit: type=1327 audit(1528390273.761:179): proctitle=2F7573722F7362696E2F69707461626C65732D726573746F7265002D2D776169743D32002D6E
2018-06-07 16:51:14: [  191.801163] audit: type=1325 audit(1528390273.761:180): table=mangle family=2 entries=40
2018-06-07 16:51:14: [  191.856322] audit: type=1300 audit(1528390273.761:180): arch=c000003e syscall=54 success=yes exit=0 a0=3 a1=0 a2=40 a3=5630f1bb8c30 items=0 ppid=320 pid=551 auid=4294967295 uid=0 gid=0 euid=0 suid=0 fsuid=0 egid=0 sgid=0 fsgid=0 tty=(none) ses=4294967295 comm="iptables-restor" exe="/usr/sbin/xtables-multi" subj=kernel key=(null)
2018-06-07 16:51:15: [  192.033949] audit: type=1327 audit(1528390273.761:180): proctitle=2F7573722F7362696E2F69707461626C65732D726573746F7265002D2D776169743D32002D6E
2018-06-07 16:51:15: [  192.144534] audit: type=1325 audit(1528390273.761:181): table=raw family=2 entries=28
2018-06-07 16:54:08: 
2018-06-07 16:54:08: Fedora 27 (Twenty Seven)
2018-06-07 16:54:08: Kernel 4.13.9-300.fc27.x86_64 on an x86_64 (ttyS0)
2018-06-07 16:54:08: 
2018-06-07 16:54:08: atest-guest login:
2018-06-07 16:54:09: root
2018-06-07 16:54:09: Password:
2018-06-07 16:54:09: 
2018-06-07 16:54:09: [  366.671010] kauditd_printk_skb: 14 callbacks suppressed
2018-06-07 16:54:09: [  366.734057] audit: type=1100 audit(1528390449.393:186): pid=509 uid=0 auid=4294967295 ses=4294967295 subj=kernel msg='op=PAM:authentication grantors=pam_unix acct="root" exe="/usr/bin/login" hostname=atest-guest addr=? terminal=ttyS0 res=success'
2018-06-07 16:54:09: [  366.860357] audit: type=1101 audit(1528390449.394:187): pid=509 uid=0 auid=4294967295 ses=4294967295 subj=kernel msg='op=PAM:accounting grantors=pam_unix acct="root" exe="/usr/bin/login" hostname=atest-guest addr=? terminal=ttyS0 res=success'
2018-06-07 16:54:10: [  367.083401] audit: type=1103 audit(1528390449.394:188): pid=509 uid=0 auid=4294967295 ses=4294967295 subj=kernel msg='op=PAM:setcred grantors=pam_unix acct="root" exe="/usr/bin/login" hostname=atest-guest addr=? terminal=ttyS0 res=success'
2018-06-07 16:54:10: [  367.227239] audit: type=1006 audit(1528390449.395:189): pid=509 uid=0 subj=kernel old-auid=4294967295 auid=0 tty=ttyS0 old-ses=4294967295 ses=1 res=1
2018-06-07 16:54:10: [  367.495683] audit: type=1101 audit(1528390450.218:190): pid=555 uid=0 auid=4294967295 ses=4294967295 subj=kernel msg='op=PAM:accounting grantors=pam_unix acct="root" exe="/usr/lib/systemd/systemd" hostname=? addr=? terminal=? res=success'
2018-06-07 16:54:10: [  367.714723] audit: type=1006 audit(1528390450.218:191): pid=555 uid=0 subj=kernel old-auid=4294967295 auid=0 tty=(none) old-ses=4294967295 ses=2 res=1
2018-06-07 16:54:11: [  367.928206] audit: type=1105 audit(1528390450.438:192): pid=555 uid=0 auid=0 ses=2 subj=kernel msg='op=PAM:session_open grantors=pam_selinux,pam_selinux,pam_loginuid,pam_keyinit,pam_limits,pam_systemd,pam_unix acct="root" exe="/usr/lib/systemd/systemd" hostname=? addr=? terminal=? res=success'
2018-06-07 16:54:11: [  368.297203] audit: type=1130 audit(1528390451.019:193): pid=1 uid=0 auid=4294967295 ses=4294967295 subj=kernel msg='unit=user@0 comm="systemd" exe="/usr/lib/systemd/systemd" hostname=? addr=? terminal=? res=success'
2018-06-07 16:54:11: [  368.519361] audit: type=1105 audit(1528390451.242:194): pid=509 uid=0 auid=0 ses=1 subj=kernel msg='op=PAM:session_open grantors=pam_selinux,pam_loginuid,pam_console,pam_selinux,pam_namespace,pam_keyinit,pam_keyinit,pam_limits,pam_systemd,pam_unix,pam_lastlog acct="root" exe="/usr/bin/login" hostname=atest-guest addr=? terminal=ttyS0 res=success'
2018-06-07 16:54:11: [  368.864424] audit: type=1110 audit(1528390451.242:195): pid=509 uid=0 auid=0 ses=1 subj=kernel msg='op=PAM:setcred grantors=pam_unix acct="root" exe="/usr/bin/login" hostname=atest-guest addr=? terminal=ttyS0 res=success'
2018-06-07 16:54:12: [root@atest-guest ~]#
2018-06-07 16:54:12: echo %OS%
2018-06-07 16:54:12: %OS%
2018-06-07 16:54:12: [root@atest-guest ~]#
2018-06-07 16:54:12: ifconfig -a
2018-06-07 16:54:12: ens4: flags=4163<UP,BROADCAST,RUNNING,MULTICAST>  mtu 1500
2018-06-07 16:54:12:         ether 9a:8a:8b:8c:8d:8e  txqueuelen 1000  (Ethernet)
2018-06-07 16:54:12:         RX packets 0  bytes 0 (0.0 B)
2018-06-07 16:54:12:         RX errors 0  dropped 0  overruns 0  frame 0
2018-06-07 16:54:12:         TX packets 52  bytes 9408 (9.1 KiB)
2018-06-07 16:54:12:         TX errors 0  dropped 0 overruns 0  carrier 0  collisions 0
2018-06-07 16:54:12: 
2018-06-07 16:54:12: lo: flags=73<UP,LOOPBACK,RUNNING>  mtu 65536
2018-06-07 16:54:12:         inet 127.0.0.1  netmask 255.0.0.0
2018-06-07 16:54:12:         inet6 ::1  prefixlen 128  scopeid 0x10<host>
2018-06-07 16:54:12:         loop  txqueuelen 1000  (Local Loopback)
2018-06-07 16:54:12:         RX packets 0  bytes 0 (0.0 B)
2018-06-07 16:54:12:         RX errors 0  dropped 0  overruns 0  frame 0
2018-06-07 16:54:12:         TX packets 0  bytes 0 (0.0 B)
2018-06-07 16:54:12:         TX errors 0  dropped 0 overruns 0  carrier 0  collisions 0
2018-06-07 16:54:12: 
2018-06-07 16:54:12: [root@atest-guest ~]#
2018-06-07 16:54:12: ip link | grep -B1 '' -i
2018-06-07 16:54:12: 1: lo: <LOOPBACK,UP,LOWER_UP> mtu 65536 qdisc noqueue state UNKNOWN mode DEFAULT group default qlen 1000
2018-06-07 16:54:12:     link/loopback 00:00:00:00:00:00 brd 00:00:00:00:00:00
2018-06-07 16:54:12: 2: ens4: <BROADCAST,MULTICAST,UP,LOWER_UP> mtu 1500 qdisc fq_codel state UP mode DEFAULT group default qlen 1000
2018-06-07 16:54:12:     link/ether 9a:8a:8b:8c:8d:8e brd ff:ff:ff:ff:ff:ff
2018-06-07 16:54:13: [root@atest-guest ~]#
2018-06-07 16:54:13: test -d /sys/class/net/ens4
2018-06-07 16:54:13: [root@atest-guest ~]#
2018-06-07 16:54:13: echo $?
2018-06-07 16:54:13: 0
2018-06-07 16:54:13: [root@atest-guest ~]#
2018-06-07 16:54:13: cat /sys/class/net/ens4/address
2018-06-07 16:54:13: 9a:8a:8b:8c:8d:8e
2018-06-07 16:54:13: [root@atest-guest ~]#
2018-06-07 16:54:13: ifconfig ens4 || ip address show ens4
2018-06-07 16:54:13: ens4: flags=4163<UP,BROADCAST,RUNNING,MULTICAST>  mtu 1500
2018-06-07 16:54:13:         ether 9a:8a:8b:8c:8d:8e  txqueuelen 1000  (Ethernet)
2018-06-07 16:54:13:         RX packets 0  bytes 0 (0.0 B)
2018-06-07 16:54:13:         RX errors 0  dropped 0  overruns 0  frame 0
2018-06-07 16:54:13:         TX packets 52  bytes 9408 (9.1 KiB)
2018-06-07 16:54:13:         TX errors 0  dropped 0 overruns 0  carrier 0  collisions 0
2018-06-07 16:54:13: 
2018-06-07 16:54:13: [root@atest-guest ~]#
2018-06-07 16:54:13: (Process terminated with status 0)
2018-06-07 16:54:24: 
2018-06-07 16:54:24: [root@atest-guest ~]#
2018-06-07 16:54:24: ipconfig || ifconfig
2018-06-07 16:54:24: -bash: ipconfig: command not found
2018-06-07 16:54:24: ens4: flags=4163<UP,BROADCAST,RUNNING,MULTICAST>  mtu 1500
2018-06-07 16:54:24:         ether 9a:8a:8b:8c:8d:8e  txqueuelen 1000  (Ethernet)
2018-06-07 16:54:24:         RX packets 0  bytes 0 (0.0 B)
2018-06-07 16:54:24:         RX errors 0  dropped 0  overruns 0  frame 0
2018-06-07 16:54:24:         TX packets 52  bytes 9408 (9.1 KiB)
2018-06-07 16:54:24:         TX errors 0  dropped 0 overruns 0  carrier 0  collisions 0
2018-06-07 16:54:24: 
2018-06-07 16:54:24: lo: flags=73<UP,LOOPBACK,RUNNING>  mtu 65536
2018-06-07 16:54:24:         inet 127.0.0.1  netmask 255.0.0.0
2018-06-07 16:54:24:         inet6 ::1  prefixlen 128  scopeid 0x10<host>
2018-06-07 16:54:24:         loop  txqueuelen 1000  (Local Loopback)
2018-06-07 16:54:24:         RX packets 0  bytes 0 (0.0 B)
2018-06-07 16:54:24:         RX errors 0  dropped 0  overruns 0  frame 0
2018-06-07 16:54:24:         TX packets 0  bytes 0 (0.0 B)
2018-06-07 16:54:24:         TX errors 0  dropped 0 overruns 0  carrier 0  collisions 0
2018-06-07 16:54:24: 
2018-06-07 16:54:24: [root@atest-guest ~]#
2018-06-07 16:54:24: ip route || route print
2018-06-07 16:54:24: [root@atest-guest ~]#
2018-06-07 16:54:24: (Process terminated with status 0)
2018-06-07 16:58:32: [  629.072136] kauditd_printk_skb: 38 callbacks suppressed
2018-06-07 16:58:32: [  629.072139] audit: type=1325 audit(1528390711.794:237): table=filter family=2 entries=82
2018-06-07 16:58:32: [  629.284625] audit: type=1300 audit(1528390711.794:237): arch=c000003e syscall=54 success=yes exit=0 a0=3 a1=0 a2=40 a3=55b15b895920 items=0 ppid=320 pid=614 auid=4294967295 uid=0 gid=0 euid=0 suid=0 fsuid=0 egid=0 sgid=0 fsgid=0 tty=(none) ses=4294967295 comm="iptables-restor" exe="/usr/sbin/xtables-multi" subj=kernel key=(null)
2018-06-07 16:58:32: [  629.593651] audit: type=1327 audit(1528390711.794:237): proctitle=2F7573722F7362696E2F69707461626C65732D726573746F7265002D2D776169743D32002D6E
2018-06-07 16:58:32: [  629.793136] audit: type=1325 audit(1528390711.798:238): table=nat family=2 entries=52
2018-06-07 16:58:32: [  629.894223] audit: type=1300 audit(1528390711.798:238): arch=c000003e syscall=54 success=yes exit=0 a0=3 a1=0 a2=40 a3=55b15b895920 items=0 ppid=320 pid=614 auid=4294967295 uid=0 gid=0 euid=0 suid=0 fsuid=0 egid=0 sgid=0 fsgid=0 tty=(none) ses=4294967295 comm="iptables-restor" exe="/usr/sbin/xtables-multi" subj=kernel key=(null)
2018-06-07 16:58:33: [  630.201264] audit: type=1327 audit(1528390711.798:238): proctitle=2F7573722F7362696E2F69707461626C65732D726573746F7265002D2D776169743D32002D6E
2018-06-07 16:58:33: [  630.401973] audit: type=1325 audit(1528390711.799:239): table=mangle family=2 entries=40
2018-06-07 16:58:33: [  630.504413] audit: type=1300 audit(1528390711.799:239): arch=c000003e syscall=54 success=yes exit=0 a0=3 a1=0 a2=40 a3=55b15b88fc30 items=0 ppid=320 pid=614 auid=4294967295 uid=0 gid=0 euid=0 suid=0 fsuid=0 egid=0 sgid=0 fsgid=0 tty=(none) ses=4294967295 comm="iptables-restor" exe="/usr/sbin/xtables-multi" subj=kernel key=(null)
2018-06-07 16:58:33: [  630.817612] audit: type=1327 audit(1528390711.799:239): proctitle=2F7573722F7362696E2F69707461626C65732D726573746F7265002D2D776169743D32002D6E
2018-06-07 16:58:34: [  631.023563] audit: type=1325 audit(1528390711.800:240): table=raw family=2 entries=28
2018-06-07 16:58:35: 
2018-06-07 16:58:35: [root@atest-guest ~]#
2018-06-07 16:58:36: echo %OS%
2018-06-07 16:58:36: %OS%
2018-06-07 16:58:36: [root@atest-guest ~]#
2018-06-07 16:58:36: ifconfig -a
2018-06-07 16:58:36: ens4: flags=4163<UP,BROADCAST,RUNNING,MULTICAST>  mtu 1500
2018-06-07 16:58:36:         inet6 fe80::988a:8bff:fe8c:8d8e  prefixlen 64  scopeid 0x20<link>
2018-06-07 16:58:36:         ether 9a:8a:8b:8c:8d:8e  txqueuelen 1000  (Ethernet)
2018-06-07 16:58:36:         RX packets 0  bytes 0 (0.0 B)
2018-06-07 16:58:36:         RX errors 0  dropped 0  overruns 0  frame 0
2018-06-07 16:58:36:         TX packets 98  bytes 17570 (17.1 KiB)
2018-06-07 16:58:36:         TX errors 0  dropped 0 overruns 0  carrier 0  collisions 0
2018-06-07 16:58:36: 
2018-06-07 16:58:36: lo: flags=73<UP,LOOPBACK,RUNNING>  mtu 65536
2018-06-07 16:58:36:         inet 127.0.0.1  netmask 255.0.0.0
2018-06-07 16:58:36:         inet6 ::1  prefixlen 128  scopeid 0x10<host>
2018-06-07 16:58:36:         loop  txqueuelen 1000  (Local Loopback)
2018-06-07 16:58:36:         RX packets 0  bytes 0 (0.0 B)
2018-06-07 16:58:36:         RX errors 0  dropped 0  overruns 0  frame 0
2018-06-07 16:58:36:         TX packets 0  bytes 0 (0.0 B)
2018-06-07 16:58:36:         TX errors 0  dropped 0 overruns 0  carrier 0  collisions 0
2018-06-07 16:58:36: 
2018-06-07 16:58:36: [root@atest-guest ~]#
2018-06-07 16:58:36: ip link | grep -B1 '' -i
2018-06-07 16:58:36: 1: lo: <LOOPBACK,UP,LOWER_UP> mtu 65536 qdisc noqueue state UNKNOWN mode DEFAULT group default qlen 1000
2018-06-07 16:58:36:     link/loopback 00:00:00:00:00:00 brd 00:00:00:00:00:00
2018-06-07 16:58:36: 2: ens4: <BROADCAST,MULTICAST,UP,LOWER_UP> mtu 1500 qdisc fq_codel state UP mode DEFAULT group default qlen 1000
2018-06-07 16:58:36:     link/ether 9a:8a:8b:8c:8d:8e brd ff:ff:ff:ff:ff:ff
2018-06-07 16:58:36: [root@atest-guest ~]#
2018-06-07 16:58:36: test -d /sys/class/net/ens4
2018-06-07 16:58:36: [root@atest-guest ~]#
2018-06-07 16:58:36: echo $?
2018-06-07 16:58:36: 0
2018-06-07 16:58:36: [root@atest-guest ~]#
2018-06-07 16:58:36: cat /sys/class/net/ens4/address
2018-06-07 16:58:36: 9a:8a:8b:8c:8d:8e
2018-06-07 16:58:36: [root@atest-guest ~]#
2018-06-07 16:58:37: ifconfig ens4 || ip address show ens4
2018-06-07 16:58:37: ens4: flags=4163<UP,BROADCAST,RUNNING,MULTICAST>  mtu 1500
2018-06-07 16:58:37:         inet6 fe80::988a:8bff:fe8c:8d8e  prefixlen 64  scopeid 0x20<link>
2018-06-07 16:58:37:         ether 9a:8a:8b:8c:8d:8e  txqueuelen 1000  (Ethernet)
2018-06-07 16:58:37:         RX packets 0  bytes 0 (0.0 B)
2018-06-07 16:58:37:         RX errors 0  dropped 0  overruns 0  frame 0
2018-06-07 16:58:37:         TX packets 98  bytes 17570 (17.1 KiB)
2018-06-07 16:58:37:         TX errors 0  dropped 0 overruns 0  carrier 0  collisions 0
2018-06-07 16:58:37: 
2018-06-07 16:58:37: [root@atest-guest ~]#
2018-06-07 16:58:37: (Process terminated with status 0)
2018-06-07 16:58:43: [  640.053994] kauditd_printk_skb: 38 callbacks suppressed
2018-06-07 16:58:43: [  640.053996] audit: type=1130 audit(1528390722.776:253): pid=1 uid=0 auid=4294967295 ses=4294967295 subj=kernel msg='unit=dnf-makecache comm="systemd" exe="/usr/lib/systemd/systemd" hostname=? addr=? terminal=? res=failed'
2018-06-07 16:58:47: 
2018-06-07 16:58:47: [root@atest-guest ~]#
2018-06-07 16:58:48: ipconfig || ifconfig
2018-06-07 16:58:48: -bash: ipconfig: command not found
2018-06-07 16:58:48: ens4: flags=4163<UP,BROADCAST,RUNNING,MULTICAST>  mtu 1500
2018-06-07 16:58:48:         inet6 fe80::988a:8bff:fe8c:8d8e  prefixlen 64  scopeid 0x20<link>
2018-06-07 16:58:48:         ether 9a:8a:8b:8c:8d:8e  txqueuelen 1000  (Ethernet)
2018-06-07 16:58:48:         RX packets 0  bytes 0 (0.0 B)
2018-06-07 16:58:48:         RX errors 0  dropped 0  overruns 0  frame 0
2018-06-07 16:58:48:         TX packets 101  bytes 18066 (17.6 KiB)
2018-06-07 16:58:48:         TX errors 0  dropped 0 overruns 0  carrier 0  collisions 0
2018-06-07 16:58:48: 
2018-06-07 16:58:48: lo: flags=73<UP,LOOPBACK,RUNNING>  mtu 65536
2018-06-07 16:58:48:         inet 127.0.0.1  netmask 255.0.0.0
2018-06-07 16:58:48:         inet6 ::1  prefixlen 128  scopeid 0x10<host>
2018-06-07 16:58:48:         loop  txqueuelen 1000  (Local Loopback)
2018-06-07 16:58:48:         RX packets 0  bytes 0 (0.0 B)
2018-06-07 16:58:48:         RX errors 0  dropped 0  overruns 0  frame 0
2018-06-07 16:58:48:         TX packets 0  bytes 0 (0.0 B)
2018-06-07 16:58:48:         TX errors 0  dropped 0 overruns 0  carrier 0  collisions 0
2018-06-07 16:58:48: 
2018-06-07 16:58:48: [root@atest-guest ~]#
2018-06-07 16:58:48: ip route || route print
2018-06-07 16:58:48: [root@atest-guest ~]#
2018-06-07 16:58:48: (Process terminated with status 0)
