2018-06-22 11:35:45,243 extension        L0189 DEBUG| found extension EntryPoint.parse('journal = avocado.plugins.journal:JournalResult')
2018-06-22 11:35:45,243 extension        L0189 DEBUG| found extension EntryPoint.parse('tap = avocado.plugins.tap:TAPResult')
2018-06-22 11:35:45,244 extension        L0189 DEBUG| found extension EntryPoint.parse('human = avocado.plugins.human:Human')
2018-06-22 11:35:45,245 extension        L0189 DEBUG| found extension EntryPoint.parse('vt-joblock = avocado_vt.plugins.vt_joblock:VTJobLock')
2018-06-22 11:35:45,267 extension        L0189 DEBUG| found extension EntryPoint.parse('teststmpdir = avocado.plugins.teststmpdir:TestsTmpDir')
2018-06-22 11:35:45,268 extension        L0189 DEBUG| found extension EntryPoint.parse('jobscripts = avocado.plugins.jobscripts:JobScripts')
2018-06-22 11:35:45,269 extension        L0189 DEBUG| found extension EntryPoint.parse('human = avocado.plugins.human:HumanJob')
2018-06-22 11:35:45,360 extension        L0189 DEBUG| found extension EntryPoint.parse('yaml_to_mux = avocado_varianter_yaml_to_mux:YamlToMux')
2018-06-22 11:35:45,367 sysinfo          L0392 DEBUG| File /etc/avocado/sysinfo/commands does not exist.
2018-06-22 11:35:45,367 sysinfo          L0403 DEBUG| File /etc/avocado/sysinfo/files does not exist.
2018-06-22 11:35:45,367 sysinfo          L0430 DEBUG| File /etc/avocado/sysinfo/profilers does not exist.
2018-06-22 11:35:49,061 job              L0327 INFO | Command line: /usr/local/bin/avocado run ./avocado-misc-tests/generic/sysbench.py -m avocadosysbench.starship.yaml
2018-06-22 11:35:49,061 job              L0328 INFO | 
2018-06-22 11:35:49,062 job              L0362 INFO | Avocado version: 58.0
2018-06-22 11:35:49,062 job              L0363 INFO | 
2018-06-22 11:35:49,062 job              L0367 INFO | Config files read (in order):
2018-06-22 11:35:49,062 job              L0369 INFO | /usr/local/lib/python2.7/dist-packages/avocado_framework-58.0-py2.7.egg/avocado/etc/avocado/avocado.conf
2018-06-22 11:35:49,062 job              L0369 INFO | /usr/local/lib/python2.7/dist-packages/avocado_framework-58.0-py2.7.egg/avocado/etc/avocado/conf.d/jobscripts.conf
2018-06-22 11:35:49,062 job              L0369 INFO | /usr/local/lib/python2.7/dist-packages/avocado_framework-58.0-py2.7.egg/avocado/etc/avocado/conf.d/gdb.conf
2018-06-22 11:35:49,063 job              L0369 INFO | /usr/local/lib/python2.7/dist-packages/avocado_framework-58.0-py2.7.egg/avocado/etc/avocado/conf.d/resultsdb.conf
2018-06-22 11:35:49,063 job              L0369 INFO | /usr/local/lib/python2.7/dist-packages/avocado_framework-58.0-py2.7.egg/avocado/etc/avocado/conf.d/result_upload.conf
2018-06-22 11:35:49,063 job              L0369 INFO | /home/jenkins/.config/avocado/avocado.conf
2018-06-22 11:35:49,063 job              L0374 INFO | 
2018-06-22 11:35:49,063 job              L0376 INFO | Avocado config:
2018-06-22 11:35:49,065 job              L0385 INFO | Section.Key                              Value
2018-06-22 11:35:49,066 job              L0385 INFO | datadir.paths.base_dir                   /var/lib/avocado
2018-06-22 11:35:49,066 job              L0385 INFO | datadir.paths.test_dir                   /usr/share/avocado/tests
2018-06-22 11:35:49,066 job              L0385 INFO | datadir.paths.data_dir                   /var/lib/avocado/data
2018-06-22 11:35:49,066 job              L0385 INFO | datadir.paths.logs_dir                   ~/avocado/job-results
2018-06-22 11:35:49,066 job              L0385 INFO | sysinfo.collect.enabled                  True
2018-06-22 11:35:49,066 job              L0385 INFO | sysinfo.collect.commands_timeout         -1
2018-06-22 11:35:49,067 job              L0385 INFO | sysinfo.collect.installed_packages       False
2018-06-22 11:35:49,067 job              L0385 INFO | sysinfo.collect.profiler                 False
2018-06-22 11:35:49,067 job              L0385 INFO | sysinfo.collect.locale                   C
2018-06-22 11:35:49,067 job              L0385 INFO | sysinfo.collect.per_test                 False
2018-06-22 11:35:49,067 job              L0385 INFO | sysinfo.collectibles.commands            /etc/avocado/sysinfo/commands
2018-06-22 11:35:49,067 job              L0385 INFO | sysinfo.collectibles.files               /etc/avocado/sysinfo/files
2018-06-22 11:35:49,067 job              L0385 INFO | sysinfo.collectibles.profilers           /etc/avocado/sysinfo/profilers
2018-06-22 11:35:49,068 job              L0385 INFO | runner.output.colored                    True
2018-06-22 11:35:49,068 job              L0385 INFO | runner.output.utf8                       
2018-06-22 11:35:49,068 job              L0385 INFO | remoter.behavior.reject_unknown_hosts    False
2018-06-22 11:35:49,068 job              L0385 INFO | remoter.behavior.disable_known_hosts     False
2018-06-22 11:35:49,068 job              L0385 INFO | job.output.loglevel                      debug
2018-06-22 11:35:49,068 job              L0385 INFO | restclient.connection.hostname           localhost
2018-06-22 11:35:49,069 job              L0385 INFO | restclient.connection.port               9405
2018-06-22 11:35:49,069 job              L0385 INFO | restclient.connection.username           
2018-06-22 11:35:49,069 job              L0385 INFO | restclient.connection.password           
2018-06-22 11:35:49,069 job              L0385 INFO | plugins.disable                          []
2018-06-22 11:35:49,069 job              L0385 INFO | plugins.skip_broken_plugin_notification  []
2018-06-22 11:35:49,069 job              L0385 INFO | plugins.loaders                          ['file', '@DEFAULT']
2018-06-22 11:35:49,069 job              L0385 INFO | plugins.jobscripts.pre                   /etc/avocado/scripts/job/pre.d/
2018-06-22 11:35:49,070 job              L0385 INFO | plugins.jobscripts.post                  /etc/avocado/scripts/job/post.d/
2018-06-22 11:35:49,070 job              L0385 INFO | plugins.jobscripts.warn_non_existing_dir False
2018-06-22 11:35:49,070 job              L0385 INFO | plugins.jobscripts.warn_non_zero_status  True
2018-06-22 11:35:49,070 job              L0385 INFO | gdb.paths.gdb                            /usr/bin/gdb
2018-06-22 11:35:49,070 job              L0385 INFO | gdb.paths.gdbserver                      /usr/bin/gdbserver
2018-06-22 11:35:49,070 job              L0386 INFO | 
2018-06-22 11:35:49,070 job              L0389 INFO | Avocado Data Directories:
2018-06-22 11:35:49,071 job              L0390 INFO | 
2018-06-22 11:35:49,071 job              L0391 INFO | base     /var/lib/avocado
2018-06-22 11:35:49,090 job              L0392 INFO | tests    /usr/share/avocado/tests
2018-06-22 11:35:49,091 job              L0393 INFO | data     /var/lib/avocado/data
2018-06-22 11:35:49,091 job              L0394 INFO | logs     /home/jenkins/avocado/job-results/job-2018-06-22T11.35-dac3eaa
2018-06-22 11:35:49,091 job              L0395 INFO | 
2018-06-22 11:35:49,092 job              L0401 INFO | Multiplex tree representation:
2018-06-22 11:35:49,092 job              L0401 INFO |  \-- run
2018-06-22 11:35:49,093 job              L0401 INFO |       |-- max-time
2018-06-22 11:35:49,093 job              L0401 INFO |       |-- max-request
2018-06-22 11:35:49,093 job              L0401 INFO |       |-- tests
2018-06-22 11:35:49,093 job              L0401 INFO |       |-- types
2018-06-22 11:35:49,093 job              L0401 INFO |       |-- cpu
2018-06-22 11:35:49,093 job              L0401 INFO |       |-- threads
2018-06-22 11:35:49,093 job              L0401 INFO |       |-- additional_params
2018-06-22 11:35:49,093 job              L0401 INFO |       |-- min
2018-06-22 11:35:49,094 job              L0401 INFO |       \-- max
2018-06-22 11:35:49,094 job              L0401 INFO | 
2018-06-22 11:35:49,094 job              L0401 INFO | Multiplex variants (1):
2018-06-22 11:35:49,094 job              L0401 INFO | Variant additional_params-cpu-max-max-request-max-time-min-tests-threads-types-cbf1:    /run/max-time, /run/max-request, /run/tests, /run/types, /run/cpu, /run/threads, /run/additional_params, /run/min, /run/max
2018-06-22 11:35:49,094 job              L0405 INFO | Temporary dir: /var/tmp/avocado_2hyDbS
2018-06-22 11:35:49,094 job              L0406 INFO | 
2018-06-22 11:35:49,094 job              L0319 INFO | Job ID: dac3eaa7d8b529caa0466817e79df37c9903cc64
2018-06-22 11:35:49,095 job              L0322 INFO | 
2018-06-22 11:35:49,594 sysinfo          L0392 DEBUG| File /etc/avocado/sysinfo/commands does not exist.
2018-06-22 11:35:49,595 sysinfo          L0403 DEBUG| File /etc/avocado/sysinfo/files does not exist.
2018-06-22 11:35:49,595 sysinfo          L0430 DEBUG| File /etc/avocado/sysinfo/profilers does not exist.
2018-06-22 11:35:49,615 parameters       L0146 DEBUG| PARAMS (key=timeout, path=*, default=None) => None
2018-06-22 11:35:49,615 test             L0382 INFO | START 1-./avocado-misc-tests/generic/sysbench.py:Sysbench.test;additional_params-cpu-max-max-request-max-time-min-tests-threads-types-cbf1
2018-06-22 11:35:49,615 test             L0403 DEBUG| Test metadata:
2018-06-22 11:35:49,615 test             L0404 DEBUG|   filename: /home/jenkins/avocado-misc-tests/generic/sysbench.py
2018-06-22 11:35:50,141 test             L0286 DEBUG| DATA (filename=output.expected) => NOT FOUND (data sources: variant, test, file)
2018-06-22 11:35:50,143 process          L0523 INFO | Running 'which sysbench'
2018-06-22 11:35:50,153 process          L0367 DEBUG| [stdout] /usr/bin/sysbench
2018-06-22 11:35:50,154 process          L0605 INFO | Command 'which sysbench' finished with 0 after 0.00346899032593s
2018-06-22 11:35:50,215 parameters       L0146 DEBUG| PARAMS (key=max-time, path=*, default=None) => None
2018-06-22 11:35:50,215 parameters       L0146 DEBUG| PARAMS (key=max-request, path=*, default=None) => None
2018-06-22 11:35:50,216 parameters       L0146 DEBUG| PARAMS (key=num-threads, path=*, default=2) => 120
2018-06-22 11:35:50,216 parameters       L0146 DEBUG| PARAMS (key=type, path=*, default=cpu) => 'threads'
2018-06-22 11:35:50,217 parameters       L0146 DEBUG| PARAMS (key=cpu-max-prime, path=*, default=100) => 50000
2018-06-22 11:35:50,217 parameters       L0146 DEBUG| PARAMS (key=threads-locks, path=*, default=None) => 1
2018-06-22 11:35:50,217 process          L0523 INFO | Running 'dmesg -c '
2018-06-22 11:35:50,266 process          L0367 DEBUG| [stdout] [    0.000000] Linux version 4.16.0-amdsos-build4+ (jenkins@sos-jenkins-s0) (gcc version 7.3.0 (Ubuntu 7.3.0-16ubuntu3)) #1 SMP Tue Jun 12 18:32:16 UTC 2018
2018-06-22 11:35:50,266 process          L0605 INFO | Command 'dmesg -c ' finished with 0 after 0.0208158493042s
2018-06-22 11:35:50,266 process          L0367 DEBUG| [stdout] [    0.000000] Command line: BOOT_IMAGE=/boot/vmlinuz-4.16.0-amdsos-build4+ root=UUID=035107d6-6788-4514-b37b-b2e08d0eca90 ro console=tty0 console=ttyS0,115200n8 earlyprintk=serial,keep net.ifnames=0 biosdevname=0 quiet splash vt.handoff=1
2018-06-22 11:35:50,267 process          L0367 DEBUG| [stdout] [    0.000000] KERNEL supported cpus:
2018-06-22 11:35:50,267 process          L0367 DEBUG| [stdout] [    0.000000]   Intel GenuineIntel
2018-06-22 11:35:50,267 process          L0367 DEBUG| [stdout] [    0.000000]   AMD AuthenticAMD
2018-06-22 11:35:50,267 process          L0367 DEBUG| [stdout] [    0.000000]   Centaur CentaurHauls
2018-06-22 11:35:50,268 process          L0367 DEBUG| [stdout] [    0.000000] x86/fpu: Supporting XSAVE feature 0x001: 'x87 floating point registers'
2018-06-22 11:35:50,268 process          L0367 DEBUG| [stdout] [    0.000000] x86/fpu: Supporting XSAVE feature 0x002: 'SSE registers'
2018-06-22 11:35:50,268 process          L0367 DEBUG| [stdout] [    0.000000] x86/fpu: Supporting XSAVE feature 0x004: 'AVX registers'
2018-06-22 11:35:50,268 process          L0367 DEBUG| [stdout] [    0.000000] x86/fpu: xstate_offset[2]:  576, xstate_sizes[2]:  256
2018-06-22 11:35:50,268 process          L0367 DEBUG| [stdout] [    0.000000] x86/fpu: Enabled xstate features 0x7, context size is 832 bytes, using 'compacted' format.
2018-06-22 11:35:50,269 process          L0367 DEBUG| [stdout] [    0.000000] e820: BIOS-provided physical RAM map:
2018-06-22 11:35:50,269 process          L0367 DEBUG| [stdout] [    0.000000] BIOS-e820: [mem 0x0000000000000000-0x000000000009ffff] usable
2018-06-22 11:35:50,269 process          L0367 DEBUG| [stdout] [    0.000000] BIOS-e820: [mem 0x00000000000a0000-0x00000000000fffff] reserved
2018-06-22 11:35:50,269 process          L0367 DEBUG| [stdout] [    0.000000] BIOS-e820: [mem 0x0000000000100000-0x0000000076a81fff] usable
2018-06-22 11:35:50,269 process          L0367 DEBUG| [stdout] [    0.000000] BIOS-e820: [mem 0x0000000076a82000-0x000000007817efff] reserved
2018-06-22 11:35:50,270 process          L0367 DEBUG| [stdout] [    0.000000] BIOS-e820: [mem 0x000000007817f000-0x0000000078656fff] usable
2018-06-22 11:35:50,270 process          L0367 DEBUG| [stdout] [    0.000000] BIOS-e820: [mem 0x0000000078657000-0x0000000079a40fff] ACPI NVS
2018-06-22 11:35:50,270 process          L0367 DEBUG| [stdout] [    0.000000] BIOS-e820: [mem 0x0000000079a41000-0x000000007a607fff] reserved
2018-06-22 11:35:50,270 process          L0367 DEBUG| [stdout] [    0.000000] BIOS-e820: [mem 0x000000007a608000-0x000000007a6c0fff] type 20
2018-06-22 11:35:50,271 process          L0367 DEBUG| [stdout] [    0.000000] BIOS-e820: [mem 0x000000007a6c1000-0x000000007bffffff] usable
2018-06-22 11:35:50,271 process          L0367 DEBUG| [stdout] [    0.000000] BIOS-e820: [mem 0x000000007c000000-0x000000007fffffff] reserved
2018-06-22 11:35:50,271 process          L0367 DEBUG| [stdout] [    0.000000] BIOS-e820: [mem 0x000000008ca00000-0x000000008ca00fff] reserved
2018-06-22 11:35:50,271 process          L0367 DEBUG| [stdout] [    0.000000] BIOS-e820: [mem 0x000000008cb00000-0x000000008cb7ffff] reserved
2018-06-22 11:35:50,271 process          L0367 DEBUG| [stdout] [    0.000000] BIOS-e820: [mem 0x0000000099a00000-0x0000000099a00fff] reserved
2018-06-22 11:35:50,272 process          L0367 DEBUG| [stdout] [    0.000000] BIOS-e820: [mem 0x0000000099b00000-0x0000000099b7ffff] reserved
2018-06-22 11:35:50,272 process          L0367 DEBUG| [stdout] [    0.000000] BIOS-e820: [mem 0x00000000a6a00000-0x00000000a6a00fff] reserved
2018-06-22 11:35:50,272 process          L0367 DEBUG| [stdout] [    0.000000] BIOS-e820: [mem 0x00000000a6b00000-0x00000000a6b7ffff] reserved
2018-06-22 11:35:50,272 process          L0367 DEBUG| [stdout] [    0.000000] BIOS-e820: [mem 0x00000000b3a00000-0x00000000b3a00fff] reserved
2018-06-22 11:35:50,272 process          L0367 DEBUG| [stdout] [    0.000000] BIOS-e820: [mem 0x00000000b3b00000-0x00000000b3b7ffff] reserved
2018-06-22 11:35:50,273 process          L0367 DEBUG| [stdout] [    0.000000] BIOS-e820: [mem 0x00000000c0a00000-0x00000000c0a00fff] reserved
2018-06-22 11:35:50,273 process          L0367 DEBUG| [stdout] [    0.000000] BIOS-e820: [mem 0x00000000c0b00000-0x00000000c0b7ffff] reserved
2018-06-22 11:35:50,273 process          L0367 DEBUG| [stdout] [    0.000000] BIOS-e820: [mem 0x00000000cda00000-0x00000000cda00fff] reserved
2018-06-22 11:35:50,273 process          L0367 DEBUG| [stdout] [    0.000000] BIOS-e820: [mem 0x00000000cdb00000-0x00000000cdb7ffff] reserved
2018-06-22 11:35:50,273 process          L0367 DEBUG| [stdout] [    0.000000] BIOS-e820: [mem 0x00000000dfa00000-0x00000000dfa00fff] reserved
2018-06-22 11:35:50,274 process          L0367 DEBUG| [stdout] [    0.000000] BIOS-e820: [mem 0x00000000dfb00000-0x00000000dfb7ffff] reserved
2018-06-22 11:35:50,274 process          L0367 DEBUG| [stdout] [    0.000000] BIOS-e820: [mem 0x00000000fd900000-0x00000000fd900fff] reserved
2018-06-22 11:35:50,274 process          L0367 DEBUG| [stdout] [    0.000000] BIOS-e820: [mem 0x00000000fda00000-0x00000000fda7ffff] reserved
2018-06-22 11:35:50,274 process          L0367 DEBUG| [stdout] [    0.000000] BIOS-e820: [mem 0x00000000fea00000-0x00000000feafffff] reserved
2018-06-22 11:35:50,275 process          L0367 DEBUG| [stdout] [    0.000000] BIOS-e820: [mem 0x00000000fec00000-0x00000000fec00fff] reserved
2018-06-22 11:35:50,275 process          L0367 DEBUG| [stdout] [    0.000000] BIOS-e820: [mem 0x00000000fec10000-0x00000000fec10fff] reserved
2018-06-22 11:35:50,275 process          L0367 DEBUG| [stdout] [    0.000000] BIOS-e820: [mem 0x00000000fed00000-0x00000000fed00fff] reserved
2018-06-22 11:35:50,276 process          L0367 DEBUG| [stdout] [    0.000000] BIOS-e820: [mem 0x00000000fed80000-0x00000000fed8ffff] reserved
2018-06-22 11:35:50,276 process          L0367 DEBUG| [stdout] [    0.000000] BIOS-e820: [mem 0x00000000fedc0000-0x00000000fedc0fff] reserved
2018-06-22 11:35:50,276 process          L0367 DEBUG| [stdout] [    0.000000] BIOS-e820: [mem 0x00000000fedc2000-0x00000000fedc5fff] reserved
2018-06-22 11:35:50,277 process          L0367 DEBUG| [stdout] [    0.000000] BIOS-e820: [mem 0x00000000fedc7000-0x00000000fedc7fff] reserved
2018-06-22 11:35:50,277 process          L0367 DEBUG| [stdout] [    0.000000] BIOS-e820: [mem 0x00000000fedc9000-0x00000000fedcafff] reserved
2018-06-22 11:35:50,277 process          L0367 DEBUG| [stdout] [    0.000000] BIOS-e820: [mem 0x00000000fee00000-0x00000000feefffff] reserved
2018-06-22 11:35:50,278 process          L0367 DEBUG| [stdout] [    0.000000] BIOS-e820: [mem 0x00000000ff000000-0x00000000ffffffff] reserved
2018-06-22 11:35:50,278 process          L0367 DEBUG| [stdout] [    0.000000] BIOS-e820: [mem 0x0000000100000000-0x000000087f37ffff] usable
2018-06-22 11:35:50,278 process          L0367 DEBUG| [stdout] [    0.000000] BIOS-e820: [mem 0x000000087f380000-0x000000087fffffff] reserved
2018-06-22 11:35:50,278 process          L0367 DEBUG| [stdout] [    0.000000] BIOS-e820: [mem 0x0000000880000000-0x000000107ff7ffff] usable
2018-06-22 11:35:50,278 process          L0367 DEBUG| [stdout] [    0.000000] BIOS-e820: [mem 0x000000107ff80000-0x000000107fffffff] reserved
2018-06-22 11:35:50,278 process          L0367 DEBUG| [stdout] [    0.000000] BIOS-e820: [mem 0x0000001080000000-0x000000187ff7ffff] usable
2018-06-22 11:35:50,279 process          L0367 DEBUG| [stdout] [    0.000000] BIOS-e820: [mem 0x000000187ff80000-0x000000187fffffff] reserved
2018-06-22 11:35:50,279 process          L0367 DEBUG| [stdout] [    0.000000] BIOS-e820: [mem 0x0000001880000000-0x000000207ff7ffff] usable
2018-06-22 11:35:50,279 process          L0367 DEBUG| [stdout] [    0.000000] BIOS-e820: [mem 0x000000207ff80000-0x000000207fffffff] reserved
2018-06-22 11:35:50,279 process          L0367 DEBUG| [stdout] [    0.000000] BIOS-e820: [mem 0x0000002080000000-0x000000287ff7ffff] usable
2018-06-22 11:35:50,279 process          L0367 DEBUG| [stdout] [    0.000000] BIOS-e820: [mem 0x000000287ff80000-0x000000287fffffff] reserved
2018-06-22 11:35:50,279 process          L0367 DEBUG| [stdout] [    0.000000] BIOS-e820: [mem 0x0000002880000000-0x000000307ff7ffff] usable
2018-06-22 11:35:50,279 process          L0367 DEBUG| [stdout] [    0.000000] BIOS-e820: [mem 0x000000307ff80000-0x000000307fffffff] reserved
2018-06-22 11:35:50,279 process          L0367 DEBUG| [stdout] [    0.000000] BIOS-e820: [mem 0x0000003080000000-0x000000387ff7ffff] usable
2018-06-22 11:35:50,279 process          L0367 DEBUG| [stdout] [    0.000000] BIOS-e820: [mem 0x000000387ff80000-0x000000387fffffff] reserved
2018-06-22 11:35:50,279 process          L0367 DEBUG| [stdout] [    0.000000] BIOS-e820: [mem 0x0000003880000000-0x000000407ff7ffff] usable
2018-06-22 11:35:50,279 process          L0367 DEBUG| [stdout] [    0.000000] BIOS-e820: [mem 0x000000407ff80000-0x000000407fffffff] reserved
2018-06-22 11:35:50,280 process          L0367 DEBUG| [stdout] [    0.000000] BIOS-e820: [mem 0x000000fd00000000-0x000000ffffffffff] reserved
2018-06-22 11:35:50,280 process          L0367 DEBUG| [stdout] [    0.000000] console [earlyser0] enabled
2018-06-22 11:35:50,280 process          L0367 DEBUG| [stdout] [    0.000000] NX (Execute Disable) protection: active
2018-06-22 11:35:50,280 process          L0367 DEBUG| [stdout] [    0.000000] efi: EFI v2.50 by American Megatrends
2018-06-22 11:35:50,280 process          L0367 DEBUG| [stdout] [    0.000000] efi:  ACPI 2.0=0x78657000  ACPI=0x78657000  SMBIOS=0x7a598000  SMBIOS 3.0=0x7a597000  PROP=0x7a9fd7b8  MPS=0xfca90  ESRT=0x72ea8618 
2018-06-22 11:35:50,280 process          L0367 DEBUG| [stdout] [    0.000000] random: fast init done
2018-06-22 11:35:50,280 process          L0367 DEBUG| [stdout] [    0.000000] SMBIOS 3.1.1 present.
2018-06-22 11:35:50,280 process          L0367 DEBUG| [stdout] [    0.000000] DMI: AMD Corporation Diesel Debug/Diesel Debug, BIOS TDD1006D 03/01/2018
2018-06-22 11:35:50,280 process          L0367 DEBUG| [stdout] [    0.000000] e820: update [mem 0x00000000-0x00000fff] usable ==> reserved
2018-06-22 11:35:50,280 process          L0367 DEBUG| [stdout] [    0.000000] e820: remove [mem 0x000a0000-0x000fffff] usable
2018-06-22 11:35:50,280 process          L0367 DEBUG| [stdout] [    0.000000] e820: last_pfn = 0x407ff80 max_arch_pfn = 0x400000000
2018-06-22 11:35:50,281 process          L0367 DEBUG| [stdout] [    0.000000] MTRR default type: uncachable
2018-06-22 11:35:50,281 process          L0367 DEBUG| [stdout] [    0.000000] MTRR fixed ranges enabled:
2018-06-22 11:35:50,281 process          L0367 DEBUG| [stdout] [    0.000000]   00000-9FFFF write-back
2018-06-22 11:35:50,281 process          L0367 DEBUG| [stdout] [    0.000000]   A0000-BFFFF write-through
2018-06-22 11:35:50,281 process          L0367 DEBUG| [stdout] [    0.000000]   C0000-FFFFF write-protect
2018-06-22 11:35:50,281 process          L0367 DEBUG| [stdout] [    0.000000] MTRR variable ranges enabled:
2018-06-22 11:35:50,281 process          L0367 DEBUG| [stdout] [    0.000000]   0 base 000000000000 mask FFFF80000000 write-back
2018-06-22 11:35:50,281 process          L0367 DEBUG| [stdout] [    0.000000]   1 base 00007C000000 mask FFFFFC000000 uncachable
2018-06-22 11:35:50,281 process          L0367 DEBUG| [stdout] [    0.000000]   2 disabled
2018-06-22 11:35:50,281 process          L0367 DEBUG| [stdout] [    0.000000]   3 disabled
2018-06-22 11:35:50,282 process          L0367 DEBUG| [stdout] [    0.000000]   4 disabled
2018-06-22 11:35:50,282 process          L0367 DEBUG| [stdout] [    0.000000]   5 disabled
2018-06-22 11:35:50,282 process          L0367 DEBUG| [stdout] [    0.000000]   6 disabled
2018-06-22 11:35:50,282 process          L0367 DEBUG| [stdout] [    0.000000]   7 disabled
2018-06-22 11:35:50,282 process          L0367 DEBUG| [stdout] [    0.000000] TOM2: 0000004080000000 aka 264192M
2018-06-22 11:35:50,282 process          L0367 DEBUG| [stdout] [    0.000000] x86/PAT: Configuration [0-7]: WB  WC  UC- UC  WB  WP  UC- WT  
2018-06-22 11:35:50,282 process          L0367 DEBUG| [stdout] [    0.000000] total RAM covered: 1984M
2018-06-22 11:35:50,282 process          L0367 DEBUG| [stdout] [    0.000000] Found optimal setting for mtrr clean up
2018-06-22 11:35:50,282 process          L0367 DEBUG| [stdout] [    0.000000]  gran_size: 64K 	chunk_size: 128M 	num_reg: 2  	lose cover RAM: 0G
2018-06-22 11:35:50,282 process          L0367 DEBUG| [stdout] [    0.000000] e820: update [mem 0x7c000000-0xffffffff] usable ==> reserved
2018-06-22 11:35:50,283 process          L0367 DEBUG| [stdout] [    0.000000] e820: last_pfn = 0x7c000 max_arch_pfn = 0x400000000
2018-06-22 11:35:50,283 process          L0367 DEBUG| [stdout] [    0.000000] found SMP MP-table at [mem 0x000fd760-0x000fd76f] mapped at [        (ptrval)]
2018-06-22 11:35:50,283 process          L0367 DEBUG| [stdout] [    0.000000] esrt: Reserving ESRT space from 0x0000000072ea8618 to 0x0000000072ea8650.
2018-06-22 11:35:50,283 process          L0367 DEBUG| [stdout] [    0.000000] Scanning 1 areas for low memory corruption
2018-06-22 11:35:50,283 process          L0367 DEBUG| [stdout] [    0.000000] Base memory trampoline at [        (ptrval)] 96000 size 24576
2018-06-22 11:35:50,283 process          L0367 DEBUG| [stdout] [    0.000000] Using GB pages for direct mapping
2018-06-22 11:35:50,283 process          L0367 DEBUG| [stdout] [    0.000000] BRK [0x3738f42000, 0x3738f42fff] PGTABLE
2018-06-22 11:35:50,283 process          L0367 DEBUG| [stdout] [    0.000000] BRK [0x3738f43000, 0x3738f43fff] PGTABLE
2018-06-22 11:35:50,283 process          L0367 DEBUG| [stdout] [    0.000000] BRK [0x3738f44000, 0x3738f44fff] PGTABLE
2018-06-22 11:35:50,283 process          L0367 DEBUG| [stdout] [    0.000000] BRK [0x3738f45000, 0x3738f45fff] PGTABLE
2018-06-22 11:35:50,283 process          L0367 DEBUG| [stdout] [    0.000000] BRK [0x3738f46000, 0x3738f46fff] PGTABLE
2018-06-22 11:35:50,283 process          L0367 DEBUG| [stdout] [    0.000000] BRK [0x3738f47000, 0x3738f47fff] PGTABLE
2018-06-22 11:35:50,284 process          L0367 DEBUG| [stdout] [    0.000000] BRK [0x3738f48000, 0x3738f48fff] PGTABLE
2018-06-22 11:35:50,284 process          L0367 DEBUG| [stdout] [    0.000000] BRK [0x3738f49000, 0x3738f49fff] PGTABLE
2018-06-22 11:35:50,284 process          L0367 DEBUG| [stdout] [    0.000000] BRK [0x3738f4a000, 0x3738f4afff] PGTABLE
2018-06-22 11:35:50,284 process          L0367 DEBUG| [stdout] [    0.000000] BRK [0x3738f4b000, 0x3738f4bfff] PGTABLE
2018-06-22 11:35:50,284 process          L0367 DEBUG| [stdout] [    0.000000] BRK [0x3738f4c000, 0x3738f4cfff] PGTABLE
2018-06-22 11:35:50,284 process          L0367 DEBUG| [stdout] [    0.000000] BRK [0x3738f4d000, 0x3738f4dfff] PGTABLE
2018-06-22 11:35:50,284 process          L0367 DEBUG| [stdout] [    0.000000] Secure boot could not be determined
2018-06-22 11:35:50,284 process          L0367 DEBUG| [stdout] [    0.000000] RAMDISK: [mem 0x3165d000-0x34b25fff]
2018-06-22 11:35:50,284 process          L0367 DEBUG| [stdout] [    0.000000] ACPI: Early table checksum verification disabled
2018-06-22 11:35:50,284 process          L0367 DEBUG| [stdout] [    0.000000] ACPI: RSDP 0x0000000078657000 000024 (v02 AMD   )
2018-06-22 11:35:50,284 process          L0367 DEBUG| [stdout] [    0.000000] ACPI: XSDT 0x00000000786570A8 0000D4 (v01 AMD    DSL_DBG  03242016 AMI  00010013)
2018-06-22 11:35:50,285 process          L0367 DEBUG| [stdout] [    0.000000] ACPI: FACP 0x0000000078663FF8 000114 (v06 AMD    DSL_DBG  03242016 AMI  00010013)
2018-06-22 11:35:50,285 process          L0367 DEBUG| [stdout] [    0.000000] ACPI: DSDT 0x0000000078657218 00CDDF (v02 AMD    DSL_DBG  03242016 INTL 20120913)
2018-06-22 11:35:50,285 process          L0367 DEBUG| [stdout] [    0.000000] ACPI: FACS 0x0000000078A1AD80 000040
2018-06-22 11:35:50,285 process          L0367 DEBUG| [stdout] [    0.000000] ACPI: APIC 0x0000000078664110 0004B2 (v04 AMD    DSL_DBG  03242016 AMI  00010013)
2018-06-22 11:35:50,285 process          L0367 DEBUG| [stdout] [    0.000000] ACPI: FPDT 0x00000000786645C8 000044 (v01 AMD    DSL_DBG  03242016 AMI  00010013)
2018-06-22 11:35:50,285 process          L0367 DEBUG| [stdout] [    0.000000] ACPI: SPMI 0x0000000078664610 000041 (v05 AMD    DSL_DBG  00000000 AMI. 00000000)
2018-06-22 11:35:50,285 process          L0367 DEBUG| [stdout] [    0.000000] ACPI: SSDT 0x0000000078664658 0000D2 (v02 AMD    AMD ALIB 00000002 MSFT 04000000)
2018-06-22 11:35:50,285 process          L0367 DEBUG| [stdout] [    0.000000] ACPI: FIDT 0x0000000078664730 00009C (v01 AMD    DSL_DBG  03242016 AMI  00010013)
2018-06-22 11:35:50,285 process          L0367 DEBUG| [stdout] [    0.000000] ACPI: SSDT 0x00000000786647D0 000B0C (v02 AMD    CPUSSDT  03242016 AMI  03242016)
2018-06-22 11:35:50,285 process          L0367 DEBUG| [stdout] [    0.000000] ACPI: MCFG 0x00000000786652E0 00003C (v01 AMD    DSL_DBG  03242016 MSFT 00010013)
2018-06-22 11:35:50,285 process          L0367 DEBUG| [stdout] [    0.000000] ACPI: SSDT 0x0000000078665320 00D1C4 (v01 AMD    AMD CPU  00000001 AMD  00000001)
2018-06-22 11:35:50,286 process          L0367 DEBUG| [stdout] [    0.000000] ACPI: SRAT 0x00000000786724E8 0007C0 (v03 AMD    DSL_DBG  00000001 AMD  00000001)
2018-06-22 11:35:50,286 process          L0367 DEBUG| [stdout] [    0.000000] ACPI: MSCT 0x0000000078672CA8 00004E (v01 AMD    AMD MSCT 00000000 AMD  00000001)
2018-06-22 11:35:50,286 process          L0367 DEBUG| [stdout] [    0.000000] ACPI: SLIT 0x0000000078672CF8 00006C (v01 AMD    DSL_DBG  00000001 AMD  00000001)
2018-06-22 11:35:50,286 process          L0367 DEBUG| [stdout] [    0.000000] ACPI: CRAT 0x0000000078672D68 005B00 (v01 AMD    DSL_DBG  00000001 AMD  00000001)
2018-06-22 11:35:50,286 process          L0367 DEBUG| [stdout] [    0.000000] ACPI: CDIT 0x0000000078678868 000068 (v01 AMD    DSL_DBG  00000001 AMD  00000001)
2018-06-22 11:35:50,286 process          L0367 DEBUG| [stdout] [    0.000000] ACPI: BERT 0x00000000786788D0 000030 (v01 AMD    DSL_DBG  00000001 AMD  00000001)
2018-06-22 11:35:50,286 process          L0367 DEBUG| [stdout] [    0.000000] ACPI: EINJ 0x0000000078678900 000150 (v01 AMD    DSL_DBG  00000001 AMD  00000001)
2018-06-22 11:35:50,286 process          L0367 DEBUG| [stdout] [    0.000000] ACPI: HEST 0x0000000078678A50 000608 (v01 AMD    DSL_DBG  00000001 AMD  00000001)
2018-06-22 11:35:50,286 process          L0367 DEBUG| [stdout] [    0.000000] ACPI: HPET 0x0000000078679058 000038 (v01 AMD    DSL_DBG  03242016 AMI  00000005)
2018-06-22 11:35:50,286 process          L0367 DEBUG| [stdout] [    0.000000] ACPI: UEFI 0x0000000078679090 000042 (v01 AMD    DSL_DBG  03242016 AMI  00010013)
2018-06-22 11:35:50,286 process          L0367 DEBUG| [stdout] [    0.000000] ACPI: BGRT 0x00000000786790D8 000038 (v01 AMD    DSL_DBG  03242016 AMI  00010013)
2018-06-22 11:35:50,287 process          L0367 DEBUG| [stdout] [    0.000000] ACPI: IVRS 0x0000000078679110 000370 (v02 AMD    DSL_DBG  00000001 AMD  00000000)
2018-06-22 11:35:50,287 process          L0367 DEBUG| [stdout] [    0.000000] ACPI: SSDT 0x0000000078679480 001630 (v01 AMD    CPMCMN   00000001 INTL 20120913)
2018-06-22 11:35:50,287 process          L0367 DEBUG| [stdout] [    0.000000] ACPI: Local APIC address 0xfee00000
2018-06-22 11:35:50,287 process          L0367 DEBUG| [stdout] [    0.000000] system APIC only can use physical flat
2018-06-22 11:35:50,287 process          L0367 DEBUG| [stdout] [    0.000000] Setting APIC routing to physical flat.
2018-06-22 11:35:50,287 process          L0367 DEBUG| [stdout] [    0.000000] SRAT: PXM 0 -> APIC 0x00 -> Node 0
2018-06-22 11:35:50,287 process          L0367 DEBUG| [stdout] [    0.000000] SRAT: PXM 0 -> APIC 0x01 -> Node 0
2018-06-22 11:35:50,287 process          L0367 DEBUG| [stdout] [    0.000000] SRAT: PXM 0 -> APIC 0x02 -> Node 0
2018-06-22 11:35:50,287 process          L0367 DEBUG| [stdout] [    0.000000] SRAT: PXM 0 -> APIC 0x03 -> Node 0
2018-06-22 11:35:50,287 process          L0367 DEBUG| [stdout] [    0.000000] SRAT: PXM 0 -> APIC 0x04 -> Node 0
2018-06-22 11:35:50,287 process          L0367 DEBUG| [stdout] [    0.000000] SRAT: PXM 0 -> APIC 0x05 -> Node 0
2018-06-22 11:35:50,287 process          L0367 DEBUG| [stdout] [    0.000000] SRAT: PXM 0 -> APIC 0x08 -> Node 0
2018-06-22 11:35:50,288 process          L0367 DEBUG| [stdout] [    0.000000] SRAT: PXM 0 -> APIC 0x09 -> Node 0
2018-06-22 11:35:50,288 process          L0367 DEBUG| [stdout] [    0.000000] SRAT: PXM 0 -> APIC 0x0a -> Node 0
2018-06-22 11:35:50,288 process          L0367 DEBUG| [stdout] [    0.000000] SRAT: PXM 0 -> APIC 0x0b -> Node 0
2018-06-22 11:35:50,288 process          L0367 DEBUG| [stdout] [    0.000000] SRAT: PXM 0 -> APIC 0x0c -> Node 0
2018-06-22 11:35:50,288 process          L0367 DEBUG| [stdout] [    0.000000] SRAT: PXM 0 -> APIC 0x0d -> Node 0
2018-06-22 11:35:50,288 process          L0367 DEBUG| [stdout] [    0.000000] SRAT: PXM 1 -> APIC 0x10 -> Node 1
2018-06-22 11:35:50,288 process          L0367 DEBUG| [stdout] [    0.000000] SRAT: PXM 1 -> APIC 0x11 -> Node 1
2018-06-22 11:35:50,288 process          L0367 DEBUG| [stdout] [    0.000000] SRAT: PXM 1 -> APIC 0x12 -> Node 1
2018-06-22 11:35:50,288 process          L0367 DEBUG| [stdout] [    0.000000] SRAT: PXM 1 -> APIC 0x13 -> Node 1
2018-06-22 11:35:50,288 process          L0367 DEBUG| [stdout] [    0.000000] SRAT: PXM 1 -> APIC 0x14 -> Node 1
2018-06-22 11:35:50,288 process          L0367 DEBUG| [stdout] [    0.000000] SRAT: PXM 1 -> APIC 0x15 -> Node 1
2018-06-22 11:35:50,289 process          L0367 DEBUG| [stdout] [    0.000000] SRAT: PXM 1 -> APIC 0x18 -> Node 1
2018-06-22 11:35:50,289 process          L0367 DEBUG| [stdout] [    0.000000] SRAT: PXM 1 -> APIC 0x19 -> Node 1
2018-06-22 11:35:50,289 process          L0367 DEBUG| [stdout] [    0.000000] SRAT: PXM 1 -> APIC 0x1a -> Node 1
2018-06-22 11:35:50,289 process          L0367 DEBUG| [stdout] [    0.000000] SRAT: PXM 1 -> APIC 0x1b -> Node 1
2018-06-22 11:35:50,289 process          L0367 DEBUG| [stdout] [    0.000000] SRAT: PXM 1 -> APIC 0x1c -> Node 1
2018-06-22 11:35:50,289 process          L0367 DEBUG| [stdout] [    0.000000] SRAT: PXM 1 -> APIC 0x1d -> Node 1
2018-06-22 11:35:50,289 process          L0367 DEBUG| [stdout] [    0.000000] SRAT: PXM 2 -> APIC 0x20 -> Node 2
2018-06-22 11:35:50,289 process          L0367 DEBUG| [stdout] [    0.000000] SRAT: PXM 2 -> APIC 0x21 -> Node 2
2018-06-22 11:35:50,289 process          L0367 DEBUG| [stdout] [    0.000000] SRAT: PXM 2 -> APIC 0x22 -> Node 2
2018-06-22 11:35:50,289 process          L0367 DEBUG| [stdout] [    0.000000] SRAT: PXM 2 -> APIC 0x23 -> Node 2
2018-06-22 11:35:50,290 process          L0367 DEBUG| [stdout] [    0.000000] SRAT: PXM 2 -> APIC 0x24 -> Node 2
2018-06-22 11:35:50,290 process          L0367 DEBUG| [stdout] [    0.000000] SRAT: PXM 2 -> APIC 0x25 -> Node 2
2018-06-22 11:35:50,290 process          L0367 DEBUG| [stdout] [    0.000000] SRAT: PXM 2 -> APIC 0x28 -> Node 2
2018-06-22 11:35:50,290 process          L0367 DEBUG| [stdout] [    0.000000] SRAT: PXM 2 -> APIC 0x29 -> Node 2
2018-06-22 11:35:50,290 process          L0367 DEBUG| [stdout] [    0.000000] SRAT: PXM 2 -> APIC 0x2a -> Node 2
2018-06-22 11:35:50,290 process          L0367 DEBUG| [stdout] [    0.000000] SRAT: PXM 2 -> APIC 0x2b -> Node 2
2018-06-22 11:35:50,290 process          L0367 DEBUG| [stdout] [    0.000000] SRAT: PXM 2 -> APIC 0x2c -> Node 2
2018-06-22 11:35:50,290 process          L0367 DEBUG| [stdout] [    0.000000] SRAT: PXM 2 -> APIC 0x2d -> Node 2
2018-06-22 11:35:50,290 process          L0367 DEBUG| [stdout] [    0.000000] SRAT: PXM 3 -> APIC 0x30 -> Node 3
2018-06-22 11:35:50,290 process          L0367 DEBUG| [stdout] [    0.000000] SRAT: PXM 3 -> APIC 0x31 -> Node 3
2018-06-22 11:35:50,290 process          L0367 DEBUG| [stdout] [    0.000000] SRAT: PXM 3 -> APIC 0x32 -> Node 3
2018-06-22 11:35:50,291 process          L0367 DEBUG| [stdout] [    0.000000] SRAT: PXM 3 -> APIC 0x33 -> Node 3
2018-06-22 11:35:50,291 process          L0367 DEBUG| [stdout] [    0.000000] SRAT: PXM 3 -> APIC 0x34 -> Node 3
2018-06-22 11:35:50,291 process          L0367 DEBUG| [stdout] [    0.000000] SRAT: PXM 3 -> APIC 0x35 -> Node 3
2018-06-22 11:35:50,291 process          L0367 DEBUG| [stdout] [    0.000000] SRAT: PXM 3 -> APIC 0x38 -> Node 3
2018-06-22 11:35:50,291 process          L0367 DEBUG| [stdout] [    0.000000] SRAT: PXM 3 -> APIC 0x39 -> Node 3
2018-06-22 11:35:50,291 process          L0367 DEBUG| [stdout] [    0.000000] SRAT: PXM 3 -> APIC 0x3a -> Node 3
2018-06-22 11:35:50,291 process          L0367 DEBUG| [stdout] [    0.000000] SRAT: PXM 3 -> APIC 0x3b -> Node 3
2018-06-22 11:35:50,291 process          L0367 DEBUG| [stdout] [    0.000000] SRAT: PXM 3 -> APIC 0x3c -> Node 3
2018-06-22 11:35:50,291 process          L0367 DEBUG| [stdout] [    0.000000] SRAT: PXM 3 -> APIC 0x3d -> Node 3
2018-06-22 11:35:50,291 process          L0367 DEBUG| [stdout] [    0.000000] SRAT: PXM 4 -> APIC 0x40 -> Node 4
2018-06-22 11:35:50,291 process          L0367 DEBUG| [stdout] [    0.000000] SRAT: PXM 4 -> APIC 0x41 -> Node 4
2018-06-22 11:35:50,291 process          L0367 DEBUG| [stdout] [    0.000000] SRAT: PXM 4 -> APIC 0x42 -> Node 4
2018-06-22 11:35:50,292 process          L0367 DEBUG| [stdout] [    0.000000] SRAT: PXM 4 -> APIC 0x43 -> Node 4
2018-06-22 11:35:50,292 process          L0367 DEBUG| [stdout] [    0.000000] SRAT: PXM 4 -> APIC 0x44 -> Node 4
2018-06-22 11:35:50,292 process          L0367 DEBUG| [stdout] [    0.000000] SRAT: PXM 4 -> APIC 0x45 -> Node 4
2018-06-22 11:35:50,292 process          L0367 DEBUG| [stdout] [    0.000000] SRAT: PXM 4 -> APIC 0x48 -> Node 4
2018-06-22 11:35:50,292 process          L0367 DEBUG| [stdout] [    0.000000] SRAT: PXM 4 -> APIC 0x49 -> Node 4
2018-06-22 11:35:50,292 process          L0367 DEBUG| [stdout] [    0.000000] SRAT: PXM 4 -> APIC 0x4a -> Node 4
2018-06-22 11:35:50,292 process          L0367 DEBUG| [stdout] [    0.000000] SRAT: PXM 4 -> APIC 0x4b -> Node 4
2018-06-22 11:35:50,292 process          L0367 DEBUG| [stdout] [    0.000000] SRAT: PXM 4 -> APIC 0x4c -> Node 4
2018-06-22 11:35:50,292 process          L0367 DEBUG| [stdout] [    0.000000] SRAT: PXM 4 -> APIC 0x4d -> Node 4
2018-06-22 11:35:50,292 process          L0367 DEBUG| [stdout] [    0.000000] SRAT: PXM 5 -> APIC 0x50 -> Node 5
2018-06-22 11:35:50,292 process          L0367 DEBUG| [stdout] [    0.000000] SRAT: PXM 5 -> APIC 0x51 -> Node 5
2018-06-22 11:35:50,293 process          L0367 DEBUG| [stdout] [    0.000000] SRAT: PXM 5 -> APIC 0x52 -> Node 5
2018-06-22 11:35:50,293 process          L0367 DEBUG| [stdout] [    0.000000] SRAT: PXM 5 -> APIC 0x53 -> Node 5
2018-06-22 11:35:50,293 process          L0367 DEBUG| [stdout] [    0.000000] SRAT: PXM 5 -> APIC 0x54 -> Node 5
2018-06-22 11:35:50,293 process          L0367 DEBUG| [stdout] [    0.000000] SRAT: PXM 5 -> APIC 0x55 -> Node 5
2018-06-22 11:35:50,293 process          L0367 DEBUG| [stdout] [    0.000000] SRAT: PXM 5 -> APIC 0x58 -> Node 5
2018-06-22 11:35:50,293 process          L0367 DEBUG| [stdout] [    0.000000] SRAT: PXM 5 -> APIC 0x59 -> Node 5
2018-06-22 11:35:50,293 process          L0367 DEBUG| [stdout] [    0.000000] SRAT: PXM 5 -> APIC 0x5a -> Node 5
2018-06-22 11:35:50,293 process          L0367 DEBUG| [stdout] [    0.000000] SRAT: PXM 5 -> APIC 0x5b -> Node 5
2018-06-22 11:35:50,293 process          L0367 DEBUG| [stdout] [    0.000000] SRAT: PXM 5 -> APIC 0x5c -> Node 5
2018-06-22 11:35:50,293 process          L0367 DEBUG| [stdout] [    0.000000] SRAT: PXM 5 -> APIC 0x5d -> Node 5
2018-06-22 11:35:50,293 process          L0367 DEBUG| [stdout] [    0.000000] SRAT: PXM 6 -> APIC 0x60 -> Node 6
2018-06-22 11:35:50,294 process          L0367 DEBUG| [stdout] [    0.000000] SRAT: PXM 6 -> APIC 0x61 -> Node 6
2018-06-22 11:35:50,294 process          L0367 DEBUG| [stdout] [    0.000000] SRAT: PXM 6 -> APIC 0x62 -> Node 6
2018-06-22 11:35:50,294 process          L0367 DEBUG| [stdout] [    0.000000] SRAT: PXM 6 -> APIC 0x63 -> Node 6
2018-06-22 11:35:50,294 process          L0367 DEBUG| [stdout] [    0.000000] SRAT: PXM 6 -> APIC 0x64 -> Node 6
2018-06-22 11:35:50,294 process          L0367 DEBUG| [stdout] [    0.000000] SRAT: PXM 6 -> APIC 0x65 -> Node 6
2018-06-22 11:35:50,294 process          L0367 DEBUG| [stdout] [    0.000000] SRAT: PXM 6 -> APIC 0x68 -> Node 6
2018-06-22 11:35:50,294 process          L0367 DEBUG| [stdout] [    0.000000] SRAT: PXM 6 -> APIC 0x69 -> Node 6
2018-06-22 11:35:50,294 process          L0367 DEBUG| [stdout] [    0.000000] SRAT: PXM 6 -> APIC 0x6a -> Node 6
2018-06-22 11:35:50,294 process          L0367 DEBUG| [stdout] [    0.000000] SRAT: PXM 6 -> APIC 0x6b -> Node 6
2018-06-22 11:35:50,294 process          L0367 DEBUG| [stdout] [    0.000000] SRAT: PXM 6 -> APIC 0x6c -> Node 6
2018-06-22 11:35:50,294 process          L0367 DEBUG| [stdout] [    0.000000] SRAT: PXM 6 -> APIC 0x6d -> Node 6
2018-06-22 11:35:50,295 process          L0367 DEBUG| [stdout] [    0.000000] SRAT: PXM 7 -> APIC 0x70 -> Node 7
2018-06-22 11:35:50,295 process          L0367 DEBUG| [stdout] [    0.000000] SRAT: PXM 7 -> APIC 0x71 -> Node 7
2018-06-22 11:35:50,295 process          L0367 DEBUG| [stdout] [    0.000000] SRAT: PXM 7 -> APIC 0x72 -> Node 7
2018-06-22 11:35:50,295 process          L0367 DEBUG| [stdout] [    0.000000] SRAT: PXM 7 -> APIC 0x73 -> Node 7
2018-06-22 11:35:50,295 process          L0367 DEBUG| [stdout] [    0.000000] SRAT: PXM 7 -> APIC 0x74 -> Node 7
2018-06-22 11:35:50,295 process          L0367 DEBUG| [stdout] [    0.000000] SRAT: PXM 7 -> APIC 0x75 -> Node 7
2018-06-22 11:35:50,295 process          L0367 DEBUG| [stdout] [    0.000000] SRAT: PXM 7 -> APIC 0x78 -> Node 7
2018-06-22 11:35:50,295 process          L0367 DEBUG| [stdout] [    0.000000] SRAT: PXM 7 -> APIC 0x79 -> Node 7
2018-06-22 11:35:50,295 process          L0367 DEBUG| [stdout] [    0.000000] SRAT: PXM 7 -> APIC 0x7a -> Node 7
2018-06-22 11:35:50,295 process          L0367 DEBUG| [stdout] [    0.000000] SRAT: PXM 7 -> APIC 0x7b -> Node 7
2018-06-22 11:35:50,295 process          L0367 DEBUG| [stdout] [    0.000000] SRAT: PXM 7 -> APIC 0x7c -> Node 7
2018-06-22 11:35:50,296 process          L0367 DEBUG| [stdout] [    0.000000] SRAT: PXM 7 -> APIC 0x7d -> Node 7
2018-06-22 11:35:50,296 process          L0367 DEBUG| [stdout] [    0.000000] ACPI: SRAT: Node 0 PXM 0 [mem 0x00000000-0x0009ffff]
2018-06-22 11:35:50,296 process          L0367 DEBUG| [stdout] [    0.000000] ACPI: SRAT: Node 0 PXM 0 [mem 0x00100000-0x7fffffff]
2018-06-22 11:35:50,296 process          L0367 DEBUG| [stdout] [    0.000000] ACPI: SRAT: Node 0 PXM 0 [mem 0x100000000-0x87fffffff]
2018-06-22 11:35:50,296 process          L0367 DEBUG| [stdout] [    0.000000] ACPI: SRAT: Node 1 PXM 1 [mem 0x880000000-0x107fffffff]
2018-06-22 11:35:50,296 process          L0367 DEBUG| [stdout] [    0.000000] ACPI: SRAT: Node 2 PXM 2 [mem 0x1080000000-0x187fffffff]
2018-06-22 11:35:50,296 process          L0367 DEBUG| [stdout] [    0.000000] ACPI: SRAT: Node 3 PXM 3 [mem 0x1880000000-0x207fffffff]
2018-06-22 11:35:50,296 process          L0367 DEBUG| [stdout] [    0.000000] ACPI: SRAT: Node 4 PXM 4 [mem 0x2080000000-0x287fffffff]
2018-06-22 11:35:50,296 process          L0367 DEBUG| [stdout] [    0.000000] ACPI: SRAT: Node 5 PXM 5 [mem 0x2880000000-0x307fffffff]
2018-06-22 11:35:50,296 process          L0367 DEBUG| [stdout] [    0.000000] ACPI: SRAT: Node 6 PXM 6 [mem 0x3080000000-0x387fffffff]
2018-06-22 11:35:50,296 process          L0367 DEBUG| [stdout] [    0.000000] ACPI: SRAT: Node 7 PXM 7 [mem 0x3880000000-0x407fffffff]
2018-06-22 11:35:50,296 process          L0367 DEBUG| [stdout] [    0.000000] NUMA: Initialized distance table, cnt=8
2018-06-22 11:35:50,297 process          L0367 DEBUG| [stdout] [    0.000000] NUMA: Node 0 [mem 0x00000000-0x0009ffff] + [mem 0x00100000-0x7fffffff] -> [mem 0x00000000-0x7fffffff]
2018-06-22 11:35:50,297 process          L0367 DEBUG| [stdout] [    0.000000] NUMA: Node 0 [mem 0x00000000-0x7fffffff] + [mem 0x100000000-0x87fffffff] -> [mem 0x00000000-0x87fffffff]
2018-06-22 11:35:50,297 process          L0367 DEBUG| [stdout] [    0.000000] NODE_DATA(0) allocated [mem 0x87f355000-0x87f37ffff]
2018-06-22 11:35:50,297 process          L0367 DEBUG| [stdout] [    0.000000] NODE_DATA(1) allocated [mem 0x107ff55000-0x107ff7ffff]
2018-06-22 11:35:50,297 process          L0367 DEBUG| [stdout] [    0.000000] NODE_DATA(2) allocated [mem 0x187ff55000-0x187ff7ffff]
2018-06-22 11:35:50,297 process          L0367 DEBUG| [stdout] [    0.000000] NODE_DATA(3) allocated [mem 0x207ff55000-0x207ff7ffff]
2018-06-22 11:35:50,297 process          L0367 DEBUG| [stdout] [    0.000000] NODE_DATA(4) allocated [mem 0x287ff55000-0x287ff7ffff]
2018-06-22 11:35:50,297 process          L0367 DEBUG| [stdout] [    0.000000] NODE_DATA(5) allocated [mem 0x307ff55000-0x307ff7ffff]
2018-06-22 11:35:50,297 process          L0367 DEBUG| [stdout] [    0.000000] NODE_DATA(6) allocated [mem 0x387ff55000-0x387ff7ffff]
2018-06-22 11:35:50,297 process          L0367 DEBUG| [stdout] [    0.000000] NODE_DATA(7) allocated [mem 0x407ff54000-0x407ff7efff]
2018-06-22 11:35:50,297 process          L0367 DEBUG| [stdout] [    0.000000] tsc: Fast TSC calibration using PIT
2018-06-22 11:35:50,298 process          L0367 DEBUG| [stdout] [    0.000000] Zone ranges:
2018-06-22 11:35:50,298 process          L0367 DEBUG| [stdout] [    0.000000]   DMA      [mem 0x0000000000001000-0x0000000000ffffff]
2018-06-22 11:35:50,298 process          L0367 DEBUG| [stdout] [    0.000000]   DMA32    [mem 0x0000000001000000-0x00000000ffffffff]
2018-06-22 11:35:50,298 process          L0367 DEBUG| [stdout] [    0.000000]   Normal   [mem 0x0000000100000000-0x000000407ff7ffff]
2018-06-22 11:35:50,298 process          L0367 DEBUG| [stdout] [    0.000000]   Device   empty
2018-06-22 11:35:50,298 process          L0367 DEBUG| [stdout] [    0.000000] Movable zone start for each node
2018-06-22 11:35:50,298 process          L0367 DEBUG| [stdout] [    0.000000] Early memory node ranges
2018-06-22 11:35:50,298 process          L0367 DEBUG| [stdout] [    0.000000]   node   0: [mem 0x0000000000001000-0x000000000009ffff]
2018-06-22 11:35:50,298 process          L0367 DEBUG| [stdout] [    0.000000]   node   0: [mem 0x0000000000100000-0x0000000076a81fff]
2018-06-22 11:35:50,298 process          L0367 DEBUG| [stdout] [    0.000000]   node   0: [mem 0x000000007817f000-0x0000000078656fff]
2018-06-22 11:35:50,298 process          L0367 DEBUG| [stdout] [    0.000000]   node   0: [mem 0x000000007a6c1000-0x000000007bffffff]
2018-06-22 11:35:50,299 process          L0367 DEBUG| [stdout] [    0.000000]   node   0: [mem 0x0000000100000000-0x000000087f37ffff]
2018-06-22 11:35:50,299 process          L0367 DEBUG| [stdout] [    0.000000]   node   1: [mem 0x0000000880000000-0x000000107ff7ffff]
2018-06-22 11:35:50,299 process          L0367 DEBUG| [stdout] [    0.000000]   node   2: [mem 0x0000001080000000-0x000000187ff7ffff]
2018-06-22 11:35:50,299 process          L0367 DEBUG| [stdout] [    0.000000]   node   3: [mem 0x0000001880000000-0x000000207ff7ffff]
2018-06-22 11:35:50,299 process          L0367 DEBUG| [stdout] [    0.000000]   node   4: [mem 0x0000002080000000-0x000000287ff7ffff]
2018-06-22 11:35:50,299 process          L0367 DEBUG| [stdout] [    0.000000]   node   5: [mem 0x0000002880000000-0x000000307ff7ffff]
2018-06-22 11:35:50,299 process          L0367 DEBUG| [stdout] [    0.000000]   node   6: [mem 0x0000003080000000-0x000000387ff7ffff]
2018-06-22 11:35:50,299 process          L0367 DEBUG| [stdout] [    0.000000]   node   7: [mem 0x0000003880000000-0x000000407ff7ffff]
2018-06-22 11:35:50,299 process          L0367 DEBUG| [stdout] [    0.000000] Initmem setup node 0 [mem 0x0000000000001000-0x000000087f37ffff]
2018-06-22 11:35:50,299 process          L0367 DEBUG| [stdout] [    0.000000] On node 0 totalpages: 8354744
2018-06-22 11:35:50,299 process          L0367 DEBUG| [stdout] [    0.000000]   DMA zone: 64 pages used for memmap
2018-06-22 11:35:50,300 process          L0367 DEBUG| [stdout] [    0.000000]   DMA zone: 27 pages reserved
2018-06-22 11:35:50,300 process          L0367 DEBUG| [stdout] [    0.000000]   DMA zone: 3999 pages, LIFO batch:0
2018-06-22 11:35:50,300 process          L0367 DEBUG| [stdout] [    0.000000]   DMA32 zone: 7651 pages used for memmap
2018-06-22 11:35:50,300 process          L0367 DEBUG| [stdout] [    0.000000]   DMA32 zone: 489625 pages, LIFO batch:31
2018-06-22 11:35:50,300 process          L0367 DEBUG| [stdout] [    0.000000]   Normal zone: 122830 pages used for memmap
2018-06-22 11:35:50,300 process          L0367 DEBUG| [stdout] [    0.000000]   Normal zone: 7861120 pages, LIFO batch:31
2018-06-22 11:35:50,300 process          L0367 DEBUG| [stdout] [    0.000000] Initmem setup node 1 [mem 0x0000000880000000-0x000000107ff7ffff]
2018-06-22 11:35:50,300 process          L0367 DEBUG| [stdout] [    0.000000] On node 1 totalpages: 8388480
2018-06-22 11:35:50,300 process          L0367 DEBUG| [stdout] [    0.000000]   Normal zone: 131070 pages used for memmap
2018-06-22 11:35:50,300 process          L0367 DEBUG| [stdout] [    0.000000]   Normal zone: 8388480 pages, LIFO batch:31
2018-06-22 11:35:50,300 process          L0367 DEBUG| [stdout] [    0.000000] Initmem setup node 2 [mem 0x0000001080000000-0x000000187ff7ffff]
2018-06-22 11:35:50,300 process          L0367 DEBUG| [stdout] [    0.000000] On node 2 totalpages: 8388480
2018-06-22 11:35:50,301 process          L0367 DEBUG| [stdout] [    0.000000]   Normal zone: 131070 pages used for memmap
2018-06-22 11:35:50,301 process          L0367 DEBUG| [stdout] [    0.000000]   Normal zone: 8388480 pages, LIFO batch:31
2018-06-22 11:35:50,301 process          L0367 DEBUG| [stdout] [    0.000000] Initmem setup node 3 [mem 0x0000001880000000-0x000000207ff7ffff]
2018-06-22 11:35:50,301 process          L0367 DEBUG| [stdout] [    0.000000] On node 3 totalpages: 8388480
2018-06-22 11:35:50,301 process          L0367 DEBUG| [stdout] [    0.000000]   Normal zone: 131070 pages used for memmap
2018-06-22 11:35:50,301 process          L0367 DEBUG| [stdout] [    0.000000]   Normal zone: 8388480 pages, LIFO batch:31
2018-06-22 11:35:50,301 process          L0367 DEBUG| [stdout] [    0.000000] Initmem setup node 4 [mem 0x0000002080000000-0x000000287ff7ffff]
2018-06-22 11:35:50,301 process          L0367 DEBUG| [stdout] [    0.000000] On node 4 totalpages: 8388480
2018-06-22 11:35:50,301 process          L0367 DEBUG| [stdout] [    0.000000]   Normal zone: 131070 pages used for memmap
2018-06-22 11:35:50,301 process          L0367 DEBUG| [stdout] [    0.000000]   Normal zone: 8388480 pages, LIFO batch:31
2018-06-22 11:35:50,301 process          L0367 DEBUG| [stdout] [    0.000000] Initmem setup node 5 [mem 0x0000002880000000-0x000000307ff7ffff]
2018-06-22 11:35:50,302 process          L0367 DEBUG| [stdout] [    0.000000] On node 5 totalpages: 8388480
2018-06-22 11:35:50,302 process          L0367 DEBUG| [stdout] [    0.000000]   Normal zone: 131070 pages used for memmap
2018-06-22 11:35:50,302 process          L0367 DEBUG| [stdout] [    0.000000]   Normal zone: 8388480 pages, LIFO batch:31
2018-06-22 11:35:50,302 process          L0367 DEBUG| [stdout] [    0.000000] Initmem setup node 6 [mem 0x0000003080000000-0x000000387ff7ffff]
2018-06-22 11:35:50,302 process          L0367 DEBUG| [stdout] [    0.000000] On node 6 totalpages: 8388480
2018-06-22 11:35:50,302 process          L0367 DEBUG| [stdout] [    0.000000]   Normal zone: 131070 pages used for memmap
2018-06-22 11:35:50,302 process          L0367 DEBUG| [stdout] [    0.000000]   Normal zone: 8388480 pages, LIFO batch:31
2018-06-22 11:35:50,302 process          L0367 DEBUG| [stdout] [    0.000000] Initmem setup node 7 [mem 0x0000003880000000-0x000000407ff7ffff]
2018-06-22 11:35:50,302 process          L0367 DEBUG| [stdout] [    0.000000] On node 7 totalpages: 8388480
2018-06-22 11:35:50,302 process          L0367 DEBUG| [stdout] [    0.000000]   Normal zone: 131070 pages used for memmap
2018-06-22 11:35:50,302 process          L0367 DEBUG| [stdout] [    0.000000]   Normal zone: 8388480 pages, LIFO batch:31
2018-06-22 11:35:50,303 process          L0367 DEBUG| [stdout] [    0.000000] Reserved but unavailable: 97 pages
2018-06-22 11:35:50,303 process          L0367 DEBUG| [stdout] [    0.000000] ACPI: PM-Timer IO Port: 0x808
2018-06-22 11:35:50,303 process          L0367 DEBUG| [stdout] [    0.000000] ACPI: Local APIC address 0xfee00000
2018-06-22 11:35:50,303 process          L0367 DEBUG| [stdout] [    0.000000] system APIC only can use physical flat
2018-06-22 11:35:50,303 process          L0367 DEBUG| [stdout] [    0.000000] ACPI: LAPIC_NMI (acpi_id[0xff] high edge lint[0x1])
2018-06-22 11:35:50,303 process          L0367 DEBUG| [stdout] [    0.000000] IOAPIC[0]: apic_id 128, version 33, address 0xfec00000, GSI 0-23
2018-06-22 11:35:50,303 process          L0367 DEBUG| [stdout] [    0.000000] IOAPIC[1]: apic_id 129, version 33, address 0xfd900000, GSI 24-55
2018-06-22 11:35:50,303 process          L0367 DEBUG| [stdout] [    0.000000] IOAPIC[2]: apic_id 130, version 33, address 0xdfa00000, GSI 56-87
2018-06-22 11:35:50,303 process          L0367 DEBUG| [stdout] [    0.000000] IOAPIC[3]: apic_id 131, version 33, address 0xcda00000, GSI 88-119
2018-06-22 11:35:50,303 process          L0367 DEBUG| [stdout] [    0.000000] IOAPIC[4]: apic_id 132, version 33, address 0xc0a00000, GSI 120-151
2018-06-22 11:35:50,303 process          L0367 DEBUG| [stdout] [    0.000000] IOAPIC[5]: apic_id 133, version 33, address 0xb3a00000, GSI 152-183
2018-06-22 11:35:50,304 process          L0367 DEBUG| [stdout] [    0.000000] IOAPIC[6]: apic_id 134, version 33, address 0xa6a00000, GSI 184-215
2018-06-22 11:35:50,304 process          L0367 DEBUG| [stdout] [    0.000000] IOAPIC[7]: apic_id 135, version 33, address 0x99a00000, GSI 216-247
2018-06-22 11:35:50,304 process          L0367 DEBUG| [stdout] [    0.000000] IOAPIC[8]: apic_id 136, version 33, address 0x8ca00000, GSI 248-279
2018-06-22 11:35:50,304 process          L0367 DEBUG| [stdout] [    0.000000] ACPI: INT_SRC_OVR (bus 0 bus_irq 0 global_irq 2 dfl dfl)
2018-06-22 11:35:50,304 process          L0367 DEBUG| [stdout] [    0.000000] ACPI: INT_SRC_OVR (bus 0 bus_irq 9 global_irq 9 low level)
2018-06-22 11:35:50,304 process          L0367 DEBUG| [stdout] [    0.000000] ACPI: IRQ0 used by override.
2018-06-22 11:35:50,304 process          L0367 DEBUG| [stdout] [    0.000000] ACPI: IRQ9 used by override.
2018-06-22 11:35:50,304 process          L0367 DEBUG| [stdout] [    0.000000] Using ACPI (MADT) for SMP configuration information
2018-06-22 11:35:50,304 process          L0367 DEBUG| [stdout] [    0.000000] ACPI: HPET id: 0x10228201 base: 0xfed00000
2018-06-22 11:35:50,304 process          L0367 DEBUG| [stdout] [    0.000000] smpboot: Allowing 128 CPUs, 32 hotplug CPUs
2018-06-22 11:35:50,304 process          L0367 DEBUG| [stdout] [    0.000000] PM: Registered nosave memory: [mem 0x00000000-0x00000fff]
2018-06-22 11:35:50,305 process          L0367 DEBUG| [stdout] [    0.000000] PM: Registered nosave memory: [mem 0x000a0000-0x000fffff]
2018-06-22 11:35:50,305 process          L0367 DEBUG| [stdout] [    0.000000] PM: Registered nosave memory: [mem 0x76a82000-0x7817efff]
2018-06-22 11:35:50,305 process          L0367 DEBUG| [stdout] [    0.000000] PM: Registered nosave memory: [mem 0x78657000-0x79a40fff]
2018-06-22 11:35:50,305 process          L0367 DEBUG| [stdout] [    0.000000] PM: Registered nosave memory: [mem 0x79a41000-0x7a607fff]
2018-06-22 11:35:50,305 process          L0367 DEBUG| [stdout] [    0.000000] PM: Registered nosave memory: [mem 0x7a608000-0x7a6c0fff]
2018-06-22 11:35:50,305 process          L0367 DEBUG| [stdout] [    0.000000] PM: Registered nosave memory: [mem 0x7c000000-0x7fffffff]
2018-06-22 11:35:50,305 process          L0367 DEBUG| [stdout] [    0.000000] PM: Registered nosave memory: [mem 0x80000000-0x8c9fffff]
2018-06-22 11:35:50,305 process          L0367 DEBUG| [stdout] [    0.000000] PM: Registered nosave memory: [mem 0x8ca00000-0x8ca00fff]
2018-06-22 11:35:50,305 process          L0367 DEBUG| [stdout] [    0.000000] PM: Registered nosave memory: [mem 0x8ca01000-0x8cafffff]
2018-06-22 11:35:50,305 process          L0367 DEBUG| [stdout] [    0.000000] PM: Registered nosave memory: [mem 0x8cb00000-0x8cb7ffff]
2018-06-22 11:35:50,305 process          L0367 DEBUG| [stdout] [    0.000000] PM: Registered nosave memory: [mem 0x8cb80000-0x999fffff]
2018-06-22 11:35:50,306 process          L0367 DEBUG| [stdout] [    0.000000] PM: Registered nosave memory: [mem 0x99a00000-0x99a00fff]
2018-06-22 11:35:50,306 process          L0367 DEBUG| [stdout] [    0.000000] PM: Registered nosave memory: [mem 0x99a01000-0x99afffff]
2018-06-22 11:35:50,306 process          L0367 DEBUG| [stdout] [    0.000000] PM: Registered nosave memory: [mem 0x99b00000-0x99b7ffff]
2018-06-22 11:35:50,306 process          L0367 DEBUG| [stdout] [    0.000000] PM: Registered nosave memory: [mem 0x99b80000-0xa69fffff]
2018-06-22 11:35:50,306 process          L0367 DEBUG| [stdout] [    0.000000] PM: Registered nosave memory: [mem 0xa6a00000-0xa6a00fff]
2018-06-22 11:35:50,306 process          L0367 DEBUG| [stdout] [    0.000000] PM: Registered nosave memory: [mem 0xa6a01000-0xa6afffff]
2018-06-22 11:35:50,306 process          L0367 DEBUG| [stdout] [    0.000000] PM: Registered nosave memory: [mem 0xa6b00000-0xa6b7ffff]
2018-06-22 11:35:50,306 process          L0367 DEBUG| [stdout] [    0.000000] PM: Registered nosave memory: [mem 0xa6b80000-0xb39fffff]
2018-06-22 11:35:50,306 process          L0367 DEBUG| [stdout] [    0.000000] PM: Registered nosave memory: [mem 0xb3a00000-0xb3a00fff]
2018-06-22 11:35:50,306 process          L0367 DEBUG| [stdout] [    0.000000] PM: Registered nosave memory: [mem 0xb3a01000-0xb3afffff]
2018-06-22 11:35:50,306 process          L0367 DEBUG| [stdout] [    0.000000] PM: Registered nosave memory: [mem 0xb3b00000-0xb3b7ffff]
2018-06-22 11:35:50,306 process          L0367 DEBUG| [stdout] [    0.000000] PM: Registered nosave memory: [mem 0xb3b80000-0xc09fffff]
2018-06-22 11:35:50,307 process          L0367 DEBUG| [stdout] [    0.000000] PM: Registered nosave memory: [mem 0xc0a00000-0xc0a00fff]
2018-06-22 11:35:50,307 process          L0367 DEBUG| [stdout] [    0.000000] PM: Registered nosave memory: [mem 0xc0a01000-0xc0afffff]
2018-06-22 11:35:50,307 process          L0367 DEBUG| [stdout] [    0.000000] PM: Registered nosave memory: [mem 0xc0b00000-0xc0b7ffff]
2018-06-22 11:35:50,307 process          L0367 DEBUG| [stdout] [    0.000000] PM: Registered nosave memory: [mem 0xc0b80000-0xcd9fffff]
2018-06-22 11:35:50,307 process          L0367 DEBUG| [stdout] [    0.000000] PM: Registered nosave memory: [mem 0xcda00000-0xcda00fff]
2018-06-22 11:35:50,307 process          L0367 DEBUG| [stdout] [    0.000000] PM: Registered nosave memory: [mem 0xcda01000-0xcdafffff]
2018-06-22 11:35:50,307 process          L0367 DEBUG| [stdout] [    0.000000] PM: Registered nosave memory: [mem 0xcdb00000-0xcdb7ffff]
2018-06-22 11:35:50,307 process          L0367 DEBUG| [stdout] [    0.000000] PM: Registered nosave memory: [mem 0xcdb80000-0xdf9fffff]
2018-06-22 11:35:50,307 process          L0367 DEBUG| [stdout] [    0.000000] PM: Registered nosave memory: [mem 0xdfa00000-0xdfa00fff]
2018-06-22 11:35:50,307 process          L0367 DEBUG| [stdout] [    0.000000] PM: Registered nosave memory: [mem 0xdfa01000-0xdfafffff]
2018-06-22 11:35:50,307 process          L0367 DEBUG| [stdout] [    0.000000] PM: Registered nosave memory: [mem 0xdfb00000-0xdfb7ffff]
2018-06-22 11:35:50,308 process          L0367 DEBUG| [stdout] [    0.000000] PM: Registered nosave memory: [mem 0xdfb80000-0xfd8fffff]
2018-06-22 11:35:50,308 process          L0367 DEBUG| [stdout] [    0.000000] PM: Registered nosave memory: [mem 0xfd900000-0xfd900fff]
2018-06-22 11:35:50,308 process          L0367 DEBUG| [stdout] [    0.000000] PM: Registered nosave memory: [mem 0xfd901000-0xfd9fffff]
2018-06-22 11:35:50,308 process          L0367 DEBUG| [stdout] [    0.000000] PM: Registered nosave memory: [mem 0xfda00000-0xfda7ffff]
2018-06-22 11:35:50,308 process          L0367 DEBUG| [stdout] [    0.000000] PM: Registered nosave memory: [mem 0xfda80000-0xfe9fffff]
2018-06-22 11:35:50,308 process          L0367 DEBUG| [stdout] [    0.000000] PM: Registered nosave memory: [mem 0xfea00000-0xfeafffff]
2018-06-22 11:35:50,308 process          L0367 DEBUG| [stdout] [    0.000000] PM: Registered nosave memory: [mem 0xfeb00000-0xfebfffff]
2018-06-22 11:35:50,308 process          L0367 DEBUG| [stdout] [    0.000000] PM: Registered nosave memory: [mem 0xfec00000-0xfec00fff]
2018-06-22 11:35:50,308 process          L0367 DEBUG| [stdout] [    0.000000] PM: Registered nosave memory: [mem 0xfec01000-0xfec0ffff]
2018-06-22 11:35:50,308 process          L0367 DEBUG| [stdout] [    0.000000] PM: Registered nosave memory: [mem 0xfec10000-0xfec10fff]
2018-06-22 11:35:50,308 process          L0367 DEBUG| [stdout] [    0.000000] PM: Registered nosave memory: [mem 0xfec11000-0xfecfffff]
2018-06-22 11:35:50,309 process          L0367 DEBUG| [stdout] [    0.000000] PM: Registered nosave memory: [mem 0xfed00000-0xfed00fff]
2018-06-22 11:35:50,309 process          L0367 DEBUG| [stdout] [    0.000000] PM: Registered nosave memory: [mem 0xfed01000-0xfed7ffff]
2018-06-22 11:35:50,309 process          L0367 DEBUG| [stdout] [    0.000000] PM: Registered nosave memory: [mem 0xfed80000-0xfed8ffff]
2018-06-22 11:35:50,309 process          L0367 DEBUG| [stdout] [    0.000000] PM: Registered nosave memory: [mem 0xfed90000-0xfedbffff]
2018-06-22 11:35:50,309 process          L0367 DEBUG| [stdout] [    0.000000] PM: Registered nosave memory: [mem 0xfedc0000-0xfedc0fff]
2018-06-22 11:35:50,309 process          L0367 DEBUG| [stdout] [    0.000000] PM: Registered nosave memory: [mem 0xfedc1000-0xfedc1fff]
2018-06-22 11:35:50,309 process          L0367 DEBUG| [stdout] [    0.000000] PM: Registered nosave memory: [mem 0xfedc2000-0xfedc5fff]
2018-06-22 11:35:50,309 process          L0367 DEBUG| [stdout] [    0.000000] PM: Registered nosave memory: [mem 0xfedc6000-0xfedc6fff]
2018-06-22 11:35:50,309 process          L0367 DEBUG| [stdout] [    0.000000] PM: Registered nosave memory: [mem 0xfedc7000-0xfedc7fff]
2018-06-22 11:35:50,309 process          L0367 DEBUG| [stdout] [    0.000000] PM: Registered nosave memory: [mem 0xfedc8000-0xfedc8fff]
2018-06-22 11:35:50,309 process          L0367 DEBUG| [stdout] [    0.000000] PM: Registered nosave memory: [mem 0xfedc9000-0xfedcafff]
2018-06-22 11:35:50,310 process          L0367 DEBUG| [stdout] [    0.000000] PM: Registered nosave memory: [mem 0xfedcb000-0xfedfffff]
2018-06-22 11:35:50,310 process          L0367 DEBUG| [stdout] [    0.000000] PM: Registered nosave memory: [mem 0xfee00000-0xfeefffff]
2018-06-22 11:35:50,310 process          L0367 DEBUG| [stdout] [    0.000000] PM: Registered nosave memory: [mem 0xfef00000-0xfeffffff]
2018-06-22 11:35:50,310 process          L0367 DEBUG| [stdout] [    0.000000] PM: Registered nosave memory: [mem 0xff000000-0xffffffff]
2018-06-22 11:35:50,310 process          L0367 DEBUG| [stdout] [    0.000000] PM: Registered nosave memory: [mem 0x87f380000-0x87fffffff]
2018-06-22 11:35:50,310 process          L0367 DEBUG| [stdout] [    0.000000] PM: Registered nosave memory: [mem 0x107ff80000-0x107fffffff]
2018-06-22 11:35:50,310 process          L0367 DEBUG| [stdout] [    0.000000] PM: Registered nosave memory: [mem 0x187ff80000-0x187fffffff]
2018-06-22 11:35:50,310 process          L0367 DEBUG| [stdout] [    0.000000] PM: Registered nosave memory: [mem 0x207ff80000-0x207fffffff]
2018-06-22 11:35:50,310 process          L0367 DEBUG| [stdout] [    0.000000] PM: Registered nosave memory: [mem 0x287ff80000-0x287fffffff]
2018-06-22 11:35:50,310 process          L0367 DEBUG| [stdout] [    0.000000] PM: Registered nosave memory: [mem 0x307ff80000-0x307fffffff]
2018-06-22 11:35:50,310 process          L0367 DEBUG| [stdout] [    0.000000] PM: Registered nosave memory: [mem 0x387ff80000-0x387fffffff]
2018-06-22 11:35:50,310 process          L0367 DEBUG| [stdout] [    0.000000] e820: [mem 0xdfb80000-0xfd8fffff] available for PCI devices
2018-06-22 11:35:50,311 process          L0367 DEBUG| [stdout] [    0.000000] Booting paravirtualized kernel on bare hardware
2018-06-22 11:35:50,311 process          L0367 DEBUG| [stdout] [    0.000000] clocksource: refined-jiffies: mask: 0xffffffff max_cycles: 0xffffffff, max_idle_ns: 7645519600211568 ns
2018-06-22 11:35:50,311 process          L0367 DEBUG| [stdout] [    0.000000] setup_percpu: NR_CPUS:8192 nr_cpumask_bits:128 nr_cpu_ids:128 nr_node_ids:8
2018-06-22 11:35:50,311 process          L0367 DEBUG| [stdout] [    0.000000] percpu: Embedded 46 pages/cpu @        (ptrval) s151552 r8192 d28672 u262144
2018-06-22 11:35:50,311 process          L0367 DEBUG| [stdout] [    0.000000] pcpu-alloc: s151552 r8192 d28672 u262144 alloc=1*2097152
2018-06-22 11:35:50,311 process          L0367 DEBUG| [stdout] [    0.000000] pcpu-alloc: [0] 000 001 002 003 004 005 048 049 
2018-06-22 11:35:50,311 process          L0367 DEBUG| [stdout] [    0.000000] pcpu-alloc: [0] 050 051 052 053 096 104 112 120 
2018-06-22 11:35:50,311 process          L0367 DEBUG| [stdout] [    0.000000] pcpu-alloc: [1] 006 007 008 009 010 011 054 055 
2018-06-22 11:35:50,311 process          L0367 DEBUG| [stdout] [    0.000000] pcpu-alloc: [1] 056 057 058 059 097 105 113 121 
2018-06-22 11:35:50,311 process          L0367 DEBUG| [stdout] [    0.000000] pcpu-alloc: [2] 012 013 014 015 016 017 060 061 
2018-06-22 11:35:50,311 process          L0367 DEBUG| [stdout] [    0.000000] pcpu-alloc: [2] 062 063 064 065 098 106 114 122 
2018-06-22 11:35:50,312 process          L0367 DEBUG| [stdout] [    0.000000] pcpu-alloc: [3] 018 019 020 021 022 023 066 067 
2018-06-22 11:35:50,312 process          L0367 DEBUG| [stdout] [    0.000000] pcpu-alloc: [3] 068 069 070 071 099 107 115 123 
2018-06-22 11:35:50,312 process          L0367 DEBUG| [stdout] [    0.000000] pcpu-alloc: [4] 024 025 026 027 028 029 072 073 
2018-06-22 11:35:50,312 process          L0367 DEBUG| [stdout] [    0.000000] pcpu-alloc: [4] 074 075 076 077 100 108 116 124 
2018-06-22 11:35:50,312 process          L0367 DEBUG| [stdout] [    0.000000] pcpu-alloc: [5] 030 031 032 033 034 035 078 079 
2018-06-22 11:35:50,312 process          L0367 DEBUG| [stdout] [    0.000000] pcpu-alloc: [5] 080 081 082 083 101 109 117 125 
2018-06-22 11:35:50,312 process          L0367 DEBUG| [stdout] [    0.000000] pcpu-alloc: [6] 036 037 038 039 040 041 084 085 
2018-06-22 11:35:50,312 process          L0367 DEBUG| [stdout] [    0.000000] pcpu-alloc: [6] 086 087 088 089 102 110 118 126 
2018-06-22 11:35:50,312 process          L0367 DEBUG| [stdout] [    0.000000] pcpu-alloc: [7] 042 043 044 045 046 047 090 091 
2018-06-22 11:35:50,312 process          L0367 DEBUG| [stdout] [    0.000000] pcpu-alloc: [7] 092 093 094 095 103 111 119 127 
2018-06-22 11:35:50,312 process          L0367 DEBUG| [stdout] [    0.000000] Built 8 zonelists, mobility grouping on.  Total pages: 66026042
2018-06-22 11:35:50,313 process          L0367 DEBUG| [stdout] [    0.000000] Policy zone: Normal
2018-06-22 11:35:50,313 process          L0367 DEBUG| [stdout] [    0.000000] Kernel command line: BOOT_IMAGE=/boot/vmlinuz-4.16.0-amdsos-build4+ root=UUID=035107d6-6788-4514-b37b-b2e08d0eca90 ro console=tty0 console=ttyS0,115200n8 earlyprintk=serial,keep net.ifnames=0 biosdevname=0 quiet splash vt.handoff=1
2018-06-22 11:35:50,313 process          L0367 DEBUG| [stdout] [    0.000000] log_buf_len individual max cpu contribution: 4096 bytes
2018-06-22 11:35:50,313 process          L0367 DEBUG| [stdout] [    0.000000] log_buf_len total cpu_extra contributions: 520192 bytes
2018-06-22 11:35:50,313 process          L0367 DEBUG| [stdout] [    0.000000] log_buf_len min size: 262144 bytes
2018-06-22 11:35:50,313 process          L0367 DEBUG| [stdout] [    0.000000] log_buf_len: 1048576 bytes
2018-06-22 11:35:50,313 process          L0367 DEBUG| [stdout] [    0.000000] early log buf free: 232340(88%)
2018-06-22 11:35:50,313 process          L0367 DEBUG| [stdout] [    0.000000] Calgary: detecting Calgary via BIOS EBDA area
2018-06-22 11:35:50,313 process          L0367 DEBUG| [stdout] [    0.000000] Calgary: Unable to locate Rio Grande table in EBDA - bailing!
2018-06-22 11:35:50,313 process          L0367 DEBUG| [stdout] [    0.000000] Memory: 263795724K/268296416K available (12300K kernel code, 2485K rwdata, 4284K rodata, 2404K init, 2416K bss, 4500692K reserved, 0K cma-reserved)
2018-06-22 11:35:50,313 process          L0367 DEBUG| [stdout] [    0.000000] SLUB: HWalign=64, Order=0-3, MinObjects=0, CPUs=128, Nodes=8
2018-06-22 11:35:50,314 process          L0367 DEBUG| [stdout] [    0.000000] ftrace: allocating 39473 entries in 155 pages
2018-06-22 11:35:50,314 process          L0367 DEBUG| [stdout] [    0.000000] Hierarchical RCU implementation.
2018-06-22 11:35:50,314 process          L0367 DEBUG| [stdout] [    0.000000] 	RCU restricting CPUs from NR_CPUS=8192 to nr_cpu_ids=128.
2018-06-22 11:35:50,314 process          L0367 DEBUG| [stdout] [    0.000000] 	Tasks RCU enabled.
2018-06-22 11:35:50,314 process          L0367 DEBUG| [stdout] [    0.000000] RCU: Adjusting geometry for rcu_fanout_leaf=16, nr_cpu_ids=128
2018-06-22 11:35:50,314 process          L0367 DEBUG| [stdout] [    0.000000] NR_IRQS: 524544, nr_irqs: 5800, preallocated irqs: 16
2018-06-22 11:35:50,314 process          L0367 DEBUG| [stdout] [    0.000000] Console: colour dummy device 80x25
2018-06-22 11:35:50,314 process          L0367 DEBUG| [stdout] [    0.000000] console [tty0] enabled
2018-06-22 11:35:50,314 process          L0367 DEBUG| [stdout] [    0.000000] console [ttyS0] enabled
2018-06-22 11:35:50,314 process          L0367 DEBUG| [stdout] [    0.000000] mempolicy: Enabling automatic NUMA balancing. Configure with numa_balancing= or the kernel.numa_balancing sysctl
2018-06-22 11:35:50,314 process          L0367 DEBUG| [stdout] [    0.000000] ACPI: Core revision 20180105
2018-06-22 11:35:50,315 process          L0367 DEBUG| [stdout] [    0.000000] ACPI: 5 ACPI AML tables successfully acquired and loaded
2018-06-22 11:35:50,315 process          L0367 DEBUG| [stdout] [    0.000000] clocksource: hpet: mask: 0xffffffff max_cycles: 0xffffffff, max_idle_ns: 133484873504 ns
2018-06-22 11:35:50,315 process          L0367 DEBUG| [stdout] [    0.000000] hpet clockevent registered
2018-06-22 11:35:50,315 process          L0367 DEBUG| [stdout] [    0.000000] APIC: Switch to symmetric I/O mode setup
2018-06-22 11:35:50,315 process          L0367 DEBUG| [stdout] [    0.008000] ..TIMER: vector=0x30 apic1=0 pin1=2 apic2=-1 pin2=-1
2018-06-22 11:35:50,315 process          L0367 DEBUG| [stdout] [    0.028000] tsc: Fast TSC calibration using PIT
2018-06-22 11:35:50,315 process          L0367 DEBUG| [stdout] [    0.032000] tsc: Detected 1297.471 MHz processor
2018-06-22 11:35:50,315 process          L0367 DEBUG| [stdout] [    0.032000] clocksource: tsc-early: mask: 0xffffffffffffffff max_cycles: 0x12b3c8fb71a, max_idle_ns: 440795247674 ns
2018-06-22 11:35:50,315 process          L0367 DEBUG| [stdout] [    0.032000] Calibrating delay loop (skipped), value calculated using timer frequency.. 2594.94 BogoMIPS (lpj=5189884)
2018-06-22 11:35:50,315 process          L0367 DEBUG| [stdout] [    0.032000] pid_max: default: 131072 minimum: 1024
2018-06-22 11:35:50,315 process          L0367 DEBUG| [stdout] [    0.036328] Security Framework initialized
2018-06-22 11:35:50,315 process          L0367 DEBUG| [stdout] [    0.036330] Yama: becoming mindful.
2018-06-22 11:35:50,316 process          L0367 DEBUG| [stdout] [    0.036492] AppArmor: AppArmor initialized
2018-06-22 11:35:50,316 process          L0367 DEBUG| [stdout] [    0.061860] Dentry cache hash table entries: 16777216 (order: 15, 134217728 bytes)
2018-06-22 11:35:50,316 process          L0367 DEBUG| [stdout] [    0.073890] Inode-cache hash table entries: 8388608 (order: 14, 67108864 bytes)
2018-06-22 11:35:50,316 process          L0367 DEBUG| [stdout] [    0.074359] Mount-cache hash table entries: 262144 (order: 9, 2097152 bytes)
2018-06-22 11:35:50,316 process          L0367 DEBUG| [stdout] [    0.074736] Mountpoint-cache hash table entries: 262144 (order: 9, 2097152 bytes)
2018-06-22 11:35:50,316 process          L0367 DEBUG| [stdout] [    0.075651] CPU: Physical Processor ID: 0
2018-06-22 11:35:50,316 process          L0367 DEBUG| [stdout] [    0.075652] CPU: Processor Core ID: 0
2018-06-22 11:35:50,316 process          L0367 DEBUG| [stdout] [    0.075709] LVT offset 2 assigned for vector 0xf4
2018-06-22 11:35:50,316 process          L0367 DEBUG| [stdout] [    0.075720] Last level iTLB entries: 4KB 1024, 2MB 1024, 4MB 512
2018-06-22 11:35:50,316 process          L0367 DEBUG| [stdout] [    0.075720] Last level dTLB entries: 4KB 1536, 2MB 1536, 4MB 768, 1GB 0
2018-06-22 11:35:50,316 process          L0367 DEBUG| [stdout] [    0.075722] Spectre V2 : Mitigation: Full AMD retpoline
2018-06-22 11:35:50,317 process          L0367 DEBUG| [stdout] [    0.076924] Freeing SMP alternatives memory: 36K
2018-06-22 11:35:50,317 process          L0367 DEBUG| [stdout] [    0.084000] smpboot: CPU0: AMD Eng Sample: 2S1308A3VCCF4_28/13_N (family: 0x17, model: 0x1, stepping: 0x1)
2018-06-22 11:35:50,317 process          L0367 DEBUG| [stdout] [    0.084000] Performance Events: Fam17h core perfctr, AMD PMU driver.
2018-06-22 11:35:50,317 process          L0367 DEBUG| [stdout] [    0.084000] ... version:                0
2018-06-22 11:35:50,317 process          L0367 DEBUG| [stdout] [    0.084000] ... bit width:              48
2018-06-22 11:35:50,317 process          L0367 DEBUG| [stdout] [    0.084000] ... generic registers:      6
2018-06-22 11:35:50,317 process          L0367 DEBUG| [stdout] [    0.084000] ... value mask:             0000ffffffffffff
2018-06-22 11:35:50,317 process          L0367 DEBUG| [stdout] [    0.084000] ... max period:             00007fffffffffff
2018-06-22 11:35:50,317 process          L0367 DEBUG| [stdout] [    0.084000] ... fixed-purpose events:   0
2018-06-22 11:35:50,317 process          L0367 DEBUG| [stdout] [    0.084000] ... event mask:             000000000000003f
2018-06-22 11:35:50,317 process          L0367 DEBUG| [stdout] [    0.084000] Hierarchical SRCU implementation.
2018-06-22 11:35:50,318 process          L0367 DEBUG| [stdout] [    0.084000] MCE: In-kernel MCE decoding enabled.
2018-06-22 11:35:50,318 process          L0367 DEBUG| [stdout] [    0.084000] smp: Bringing up secondary CPUs ...
2018-06-22 11:35:50,318 process          L0367 DEBUG| [stdout] [    0.084000] x86: Booting SMP configuration:
2018-06-22 11:35:50,318 process          L0367 DEBUG| [stdout] [    0.084000] .... node  #0, CPUs:          #1
2018-06-22 11:35:50,318 process          L0367 DEBUG| [stdout] [    0.084033] NMI watchdog: Enabled. Permanently consumes one hw-PMU counter.
2018-06-22 11:35:50,318 process          L0367 DEBUG| [stdout] [    0.084138]    #2   #3   #4   #5
2018-06-22 11:35:50,318 process          L0367 DEBUG| [stdout] [    0.094248] .... node  #1, CPUs:     #6   #7   #8   #9  #10  #11
2018-06-22 11:35:50,318 process          L0367 DEBUG| [stdout] [    0.108135] .... node  #2, CPUs:    #12  #13  #14  #15  #16  #17
2018-06-22 11:35:50,318 process          L0367 DEBUG| [stdout] [    0.124139] .... node  #3, CPUs:    #18  #19  #20  #21  #22  #23
2018-06-22 11:35:50,318 process          L0367 DEBUG| [stdout] [    0.138262] .... node  #4, CPUs:    #24  #25  #26  #27  #28  #29
2018-06-22 11:35:50,318 process          L0367 DEBUG| [stdout] [    0.184173] .... node  #5, CPUs:    #30  #31  #32  #33  #34  #35
2018-06-22 11:35:50,319 process          L0367 DEBUG| [stdout] [    0.198277] .... node  #6, CPUs:    #36  #37  #38  #39  #40  #41
2018-06-22 11:35:50,319 process          L0367 DEBUG| [stdout] [    0.214265] .... node  #7, CPUs:    #42  #43  #44  #45  #46  #47
2018-06-22 11:35:50,319 process          L0367 DEBUG| [stdout] [    0.228215] .... node  #0, CPUs:    #48  #49  #50  #51  #52  #53
2018-06-22 11:35:50,319 process          L0367 DEBUG| [stdout] [    0.244204] .... node  #1, CPUs:    #54  #55  #56  #57  #58  #59
2018-06-22 11:35:50,319 process          L0367 DEBUG| [stdout] [    0.260221] .... node  #2, CPUs:    #60  #61  #62  #63  #64  #65
2018-06-22 11:35:50,319 process          L0367 DEBUG| [stdout] [    0.276213] .... node  #3, CPUs:    #66  #67  #68  #69  #70  #71
2018-06-22 11:35:50,319 process          L0367 DEBUG| [stdout] [    0.290282] .... node  #4, CPUs:    #72  #73  #74  #75  #76  #77
2018-06-22 11:35:50,319 process          L0367 DEBUG| [stdout] [    0.306296] .... node  #5, CPUs:    #78  #79  #80  #81  #82  #83
2018-06-22 11:35:50,319 process          L0367 DEBUG| [stdout] [    0.322313] .... node  #6, CPUs:    #84  #85  #86  #87  #88  #89
2018-06-22 11:35:50,319 process          L0367 DEBUG| [stdout] [    0.338141] .... node  #7, CPUs:    #90  #91  #92  #93  #94  #95
2018-06-22 11:35:50,319 process          L0367 DEBUG| [stdout] [    0.352284] smp: Brought up 8 nodes, 96 CPUs
2018-06-22 11:35:50,320 process          L0367 DEBUG| [stdout] [    0.352284] smpboot: Max logical packages: 3
2018-06-22 11:35:50,320 process          L0367 DEBUG| [stdout] [    0.352284] smpboot: Total of 96 processors activated (248911.77 BogoMIPS)
2018-06-22 11:35:50,320 process          L0367 DEBUG| [stdout] [    0.376004] devtmpfs: initialized
2018-06-22 11:35:50,320 process          L0367 DEBUG| [stdout] [    0.376079] x86/mm: Memory block size: 2048MB
2018-06-22 11:35:50,320 process          L0367 DEBUG| [stdout] [    0.377489] evm: security.selinux
2018-06-22 11:35:50,320 process          L0367 DEBUG| [stdout] [    0.377490] evm: security.SMACK64
2018-06-22 11:35:50,320 process          L0367 DEBUG| [stdout] [    0.377491] evm: security.SMACK64EXEC
2018-06-22 11:35:50,320 process          L0367 DEBUG| [stdout] [    0.377491] evm: security.SMACK64TRANSMUTE
2018-06-22 11:35:50,320 process          L0367 DEBUG| [stdout] [    0.377491] evm: security.SMACK64MMAP
2018-06-22 11:35:50,320 process          L0367 DEBUG| [stdout] [    0.377492] evm: security.apparmor
2018-06-22 11:35:50,320 process          L0367 DEBUG| [stdout] [    0.377492] evm: security.ima
2018-06-22 11:35:50,320 process          L0367 DEBUG| [stdout] [    0.377493] evm: security.capability
2018-06-22 11:35:50,321 process          L0367 DEBUG| [stdout] [    0.377598] PM: Registering ACPI NVS region [mem 0x78657000-0x79a40fff] (20881408 bytes)
2018-06-22 11:35:50,321 process          L0367 DEBUG| [stdout] [    0.377598] clocksource: jiffies: mask: 0xffffffff max_cycles: 0xffffffff, max_idle_ns: 7645041785100000 ns
2018-06-22 11:35:50,321 process          L0367 DEBUG| [stdout] [    0.377598] futex hash table entries: 32768 (order: 9, 2097152 bytes)
2018-06-22 11:35:50,321 process          L0367 DEBUG| [stdout] [    0.380351] pinctrl core: initialized pinctrl subsystem
2018-06-22 11:35:50,321 process          L0367 DEBUG| [stdout] [    0.380559] RTC time: 16:34:56, date: 06/22/18
2018-06-22 11:35:50,321 process          L0367 DEBUG| [stdout] [    0.381254] NET: Registered protocol family 16
2018-06-22 11:35:50,321 process          L0367 DEBUG| [stdout] [    0.381412] audit: initializing netlink subsys (disabled)
2018-06-22 11:35:50,321 process          L0367 DEBUG| [stdout] [    0.381421] audit: type=2000 audit(1529685295.380:1): state=initialized audit_enabled=0 res=1
2018-06-22 11:35:50,321 process          L0367 DEBUG| [stdout] [    0.381421] cpuidle: using governor ladder
2018-06-22 11:35:50,321 process          L0367 DEBUG| [stdout] [    0.381421] cpuidle: using governor menu
2018-06-22 11:35:50,321 process          L0367 DEBUG| [stdout] [    0.384085] ACPI: bus type PCI registered
2018-06-22 11:35:50,322 process          L0367 DEBUG| [stdout] [    0.384087] acpiphp: ACPI Hot Plug PCI Controller Driver version: 0.5
2018-06-22 11:35:50,322 process          L0367 DEBUG| [stdout] [    0.384396] PCI: MMCONFIG for domain 0000 [bus 00-7f] at [mem 0xe0000000-0xe7ffffff] (base 0xe0000000)
2018-06-22 11:35:50,322 process          L0367 DEBUG| [stdout] [    0.384402] PCI: not using MMCONFIG
2018-06-22 11:35:50,322 process          L0367 DEBUG| [stdout] [    0.384404] PCI: Using configuration type 1 for base access
2018-06-22 11:35:50,322 process          L0367 DEBUG| [stdout] [    0.384404] PCI: Using configuration type 1 for extended access
2018-06-22 11:35:50,322 process          L0367 DEBUG| [stdout] [    0.394726] HugeTLB registered 1.00 GiB page size, pre-allocated 0 pages
2018-06-22 11:35:50,322 process          L0367 DEBUG| [stdout] [    0.394726] HugeTLB registered 2.00 MiB page size, pre-allocated 0 pages
2018-06-22 11:35:50,322 process          L0367 DEBUG| [stdout] [    0.396519] ACPI: Added _OSI(Module Device)
2018-06-22 11:35:50,322 process          L0367 DEBUG| [stdout] [    0.396520] ACPI: Added _OSI(Processor Device)
2018-06-22 11:35:50,322 process          L0367 DEBUG| [stdout] [    0.396520] ACPI: Added _OSI(3.0 _SCP Extensions)
2018-06-22 11:35:50,322 process          L0367 DEBUG| [stdout] [    0.396521] ACPI: Added _OSI(Processor Aggregator Device)
2018-06-22 11:35:50,323 process          L0367 DEBUG| [stdout] [    0.425387] ACPI: Interpreter enabled
2018-06-22 11:35:50,323 process          L0367 DEBUG| [stdout] [    0.425404] ACPI: (supports S0 S5)
2018-06-22 11:35:50,323 process          L0367 DEBUG| [stdout] [    0.425406] ACPI: Using IOAPIC for interrupt routing
2018-06-22 11:35:50,323 process          L0367 DEBUG| [stdout] [    0.425841] PCI: MMCONFIG for domain 0000 [bus 00-7f] at [mem 0xe0000000-0xe7ffffff] (base 0xe0000000)
2018-06-22 11:35:50,323 process          L0367 DEBUG| [stdout] [    0.425905] PCI: MMCONFIG at [mem 0xe0000000-0xe7ffffff] reserved in ACPI motherboard resources
2018-06-22 11:35:50,323 process          L0367 DEBUG| [stdout] [    0.425951] HEST: Table parsing has been initialized.
2018-06-22 11:35:50,323 process          L0367 DEBUG| [stdout] [    0.425955] PCI: Using host bridge windows from ACPI; if necessary, use "pci=nocrs" and report a bug
2018-06-22 11:35:50,323 process          L0367 DEBUG| [stdout] [    0.426581] ACPI: Enabled 2 GPEs in block 00 to 1F
2018-06-22 11:35:50,323 process          L0367 DEBUG| [stdout] [    0.427884] ACPI: Power Resource [P0SA] (off)
2018-06-22 11:35:50,323 process          L0367 DEBUG| [stdout] [    0.427911] ACPI: Power Resource [P3SA] (off)
2018-06-22 11:35:50,323 process          L0367 DEBUG| [stdout] [    0.436435] ACPI: Power Resource [P0SA] (off)
2018-06-22 11:35:50,323 process          L0367 DEBUG| [stdout] [    0.436461] ACPI: Power Resource [P3SA] (off)
2018-06-22 11:35:50,324 process          L0367 DEBUG| [stdout] [    0.438203] ACPI: Power Resource [P0SA] (off)
2018-06-22 11:35:50,324 process          L0367 DEBUG| [stdout] [    0.438235] ACPI: Power Resource [P3SA] (off)
2018-06-22 11:35:50,324 process          L0367 DEBUG| [stdout] [    0.439897] ACPI: Power Resource [P0SA] (off)
2018-06-22 11:35:50,324 process          L0367 DEBUG| [stdout] [    0.439923] ACPI: Power Resource [P3SA] (off)
2018-06-22 11:35:50,324 process          L0367 DEBUG| [stdout] [    0.441494] ACPI: Power Resource [P0SA] (off)
2018-06-22 11:35:50,324 process          L0367 DEBUG| [stdout] [    0.441527] ACPI: Power Resource [P3SA] (off)
2018-06-22 11:35:50,324 process          L0367 DEBUG| [stdout] [    0.443189] ACPI: Power Resource [P0SA] (off)
2018-06-22 11:35:50,324 process          L0367 DEBUG| [stdout] [    0.443221] ACPI: Power Resource [P3SA] (off)
2018-06-22 11:35:50,324 process          L0367 DEBUG| [stdout] [    0.444853] ACPI: Power Resource [P0SA] (off)
2018-06-22 11:35:50,324 process          L0367 DEBUG| [stdout] [    0.444881] ACPI: Power Resource [P3SA] (off)
2018-06-22 11:35:50,324 process          L0367 DEBUG| [stdout] [    0.446605] ACPI: Power Resource [P0SA] (off)
2018-06-22 11:35:50,325 process          L0367 DEBUG| [stdout] [    0.446631] ACPI: Power Resource [P3SA] (off)
2018-06-22 11:35:50,325 process          L0367 DEBUG| [stdout] [    0.452875] ACPI: PCI Root Bridge [PCI0] (domain 0000 [bus 00-0f])
2018-06-22 11:35:50,325 process          L0367 DEBUG| [stdout] [    0.452881] acpi PNP0A08:00: _OSC: OS supports [ExtendedConfig ASPM ClockPM Segments MSI]
2018-06-22 11:35:50,325 process          L0367 DEBUG| [stdout] [    0.453237] acpi PNP0A08:00: _OSC: OS now controls [PCIeHotplug PME AER PCIeCapability]
2018-06-22 11:35:50,325 process          L0367 DEBUG| [stdout] [    0.453417] acpi PNP0A08:00: host bridge window expanded to [io  0x0400-0x1fff]; [io  0x0400-0x1fff window] ignored
2018-06-22 11:35:50,325 process          L0367 DEBUG| [stdout] [    0.453556] PCI host bridge to bus 0000:00
2018-06-22 11:35:50,325 process          L0367 DEBUG| [stdout] [    0.453558] pci_bus 0000:00: root bus resource [io  0x0400-0x1fff]
2018-06-22 11:35:50,325 process          L0367 DEBUG| [stdout] [    0.453559] pci_bus 0000:00: root bus resource [io  0x0000-0x02e7 window]
2018-06-22 11:35:50,325 process          L0367 DEBUG| [stdout] [    0.453561] pci_bus 0000:00: root bus resource [mem 0x000c0000-0x000dffff window]
2018-06-22 11:35:50,325 process          L0367 DEBUG| [stdout] [    0.453563] pci_bus 0000:00: root bus resource [mem 0xe8000000-0xea4fffff window]
2018-06-22 11:35:50,325 process          L0367 DEBUG| [stdout] [    0.453565] pci_bus 0000:00: root bus resource [mem 0x4080000000-0x580fffffff window]
2018-06-22 11:35:50,326 process          L0367 DEBUG| [stdout] [    0.453567] pci_bus 0000:00: root bus resource [bus 00-0f]
2018-06-22 11:35:50,326 process          L0367 DEBUG| [stdout] [    0.453577] pci 0000:00:00.0: [1022:1450] type 00 class 0x060000
2018-06-22 11:35:50,326 process          L0367 DEBUG| [stdout] [    0.453668] pci 0000:00:00.2: [1022:1451] type 00 class 0x080600
2018-06-22 11:35:50,326 process          L0367 DEBUG| [stdout] [    0.453772] pci 0000:00:01.0: [1022:1452] type 00 class 0x060000
2018-06-22 11:35:50,326 process          L0367 DEBUG| [stdout] [    0.453857] pci 0000:00:02.0: [1022:1452] type 00 class 0x060000
2018-06-22 11:35:50,326 process          L0367 DEBUG| [stdout] [    0.453950] pci 0000:00:03.0: [1022:1452] type 00 class 0x060000
2018-06-22 11:35:50,326 process          L0367 DEBUG| [stdout] [    0.454039] pci 0000:00:04.0: [1022:1452] type 00 class 0x060000
2018-06-22 11:35:50,326 process          L0367 DEBUG| [stdout] [    0.454129] pci 0000:00:07.0: [1022:1452] type 00 class 0x060000
2018-06-22 11:35:50,326 process          L0367 DEBUG| [stdout] [    0.454200] pci 0000:00:07.1: [1022:1454] type 01 class 0x060400
2018-06-22 11:35:50,326 process          L0367 DEBUG| [stdout] [    0.454424] pci 0000:00:07.1: enabling Extended Tags
2018-06-22 11:35:50,326 process          L0367 DEBUG| [stdout] [    0.454507] pci 0000:00:07.1: PME# supported from D0 D3hot D3cold
2018-06-22 11:35:50,327 process          L0367 DEBUG| [stdout] [    0.455355] pci 0000:00:08.0: [1022:1452] type 00 class 0x060000
2018-06-22 11:35:50,327 process          L0367 DEBUG| [stdout] [    0.455421] pci 0000:00:08.1: [1022:1454] type 01 class 0x060400
2018-06-22 11:35:50,327 process          L0367 DEBUG| [stdout] [    0.455453] pci 0000:00:08.1: enabling Extended Tags
2018-06-22 11:35:50,327 process          L0367 DEBUG| [stdout] [    0.456027] pci 0000:00:08.1: PME# supported from D0 D3hot D3cold
2018-06-22 11:35:50,327 process          L0367 DEBUG| [stdout] [    0.456153] pci 0000:00:14.0: [1022:790b] type 00 class 0x0c0500
2018-06-22 11:35:50,327 process          L0367 DEBUG| [stdout] [    0.456380] pci 0000:00:14.3: [1022:790e] type 00 class 0x060100
2018-06-22 11:35:50,327 process          L0367 DEBUG| [stdout] [    0.456605] pci 0000:00:18.0: [1022:1460] type 00 class 0x060000
2018-06-22 11:35:50,327 process          L0367 DEBUG| [stdout] [    0.456663] pci 0000:00:18.1: [1022:1461] type 00 class 0x060000
2018-06-22 11:35:50,327 process          L0367 DEBUG| [stdout] [    0.456718] pci 0000:00:18.2: [1022:1462] type 00 class 0x060000
2018-06-22 11:35:50,327 process          L0367 DEBUG| [stdout] [    0.456775] pci 0000:00:18.3: [1022:1463] type 00 class 0x060000
2018-06-22 11:35:50,327 process          L0367 DEBUG| [stdout] [    0.456839] pci 0000:00:18.4: [1022:1464] type 00 class 0x060000
2018-06-22 11:35:50,327 process          L0367 DEBUG| [stdout] [    0.456898] pci 0000:00:18.5: [1022:1465] type 00 class 0x060000
2018-06-22 11:35:50,328 process          L0367 DEBUG| [stdout] [    0.456962] pci 0000:00:18.6: [1022:1466] type 00 class 0x060000
2018-06-22 11:35:50,328 process          L0367 DEBUG| [stdout] [    0.457027] pci 0000:00:18.7: [1022:1467] type 00 class 0x060000
2018-06-22 11:35:50,328 process          L0367 DEBUG| [stdout] [    0.457087] pci 0000:00:19.0: [1022:1460] type 00 class 0x060000
2018-06-22 11:35:50,328 process          L0367 DEBUG| [stdout] [    0.457154] pci 0000:00:19.1: [1022:1461] type 00 class 0x060000
2018-06-22 11:35:50,328 process          L0367 DEBUG| [stdout] [    0.457217] pci 0000:00:19.2: [1022:1462] type 00 class 0x060000
2018-06-22 11:35:50,328 process          L0367 DEBUG| [stdout] [    0.457283] pci 0000:00:19.3: [1022:1463] type 00 class 0x060000
2018-06-22 11:35:50,328 process          L0367 DEBUG| [stdout] [    0.457349] pci 0000:00:19.4: [1022:1464] type 00 class 0x060000
2018-06-22 11:35:50,328 process          L0367 DEBUG| [stdout] [    0.457414] pci 0000:00:19.5: [1022:1465] type 00 class 0x060000
2018-06-22 11:35:50,328 process          L0367 DEBUG| [stdout] [    0.457480] pci 0000:00:19.6: [1022:1466] type 00 class 0x060000
2018-06-22 11:35:50,328 process          L0367 DEBUG| [stdout] [    0.457543] pci 0000:00:19.7: [1022:1467] type 00 class 0x060000
2018-06-22 11:35:50,328 process          L0367 DEBUG| [stdout] [    0.457612] pci 0000:00:1a.0: [1022:1460] type 00 class 0x060000
2018-06-22 11:35:50,329 process          L0367 DEBUG| [stdout] [    0.457678] pci 0000:00:1a.1: [1022:1461] type 00 class 0x060000
2018-06-22 11:35:50,329 process          L0367 DEBUG| [stdout] [    0.457742] pci 0000:00:1a.2: [1022:1462] type 00 class 0x060000
2018-06-22 11:35:50,329 process          L0367 DEBUG| [stdout] [    0.457809] pci 0000:00:1a.3: [1022:1463] type 00 class 0x060000
2018-06-22 11:35:50,329 process          L0367 DEBUG| [stdout] [    0.457873] pci 0000:00:1a.4: [1022:1464] type 00 class 0x060000
2018-06-22 11:35:50,329 process          L0367 DEBUG| [stdout] [    0.457939] pci 0000:00:1a.5: [1022:1465] type 00 class 0x060000
2018-06-22 11:35:50,329 process          L0367 DEBUG| [stdout] [    0.458006] pci 0000:00:1a.6: [1022:1466] type 00 class 0x060000
2018-06-22 11:35:50,329 process          L0367 DEBUG| [stdout] [    0.458063] pci 0000:00:1a.7: [1022:1467] type 00 class 0x060000
2018-06-22 11:35:50,329 process          L0367 DEBUG| [stdout] [    0.458122] pci 0000:00:1b.0: [1022:1460] type 00 class 0x060000
2018-06-22 11:35:50,329 process          L0367 DEBUG| [stdout] [    0.458177] pci 0000:00:1b.1: [1022:1461] type 00 class 0x060000
2018-06-22 11:35:50,329 process          L0367 DEBUG| [stdout] [    0.458236] pci 0000:00:1b.2: [1022:1462] type 00 class 0x060000
2018-06-22 11:35:50,329 process          L0367 DEBUG| [stdout] [    0.458294] pci 0000:00:1b.3: [1022:1463] type 00 class 0x060000
2018-06-22 11:35:50,330 process          L0367 DEBUG| [stdout] [    0.458351] pci 0000:00:1b.4: [1022:1464] type 00 class 0x060000
2018-06-22 11:35:50,330 process          L0367 DEBUG| [stdout] [    0.458411] pci 0000:00:1b.5: [1022:1465] type 00 class 0x060000
2018-06-22 11:35:50,330 process          L0367 DEBUG| [stdout] [    0.458478] pci 0000:00:1b.6: [1022:1466] type 00 class 0x060000
2018-06-22 11:35:50,330 process          L0367 DEBUG| [stdout] [    0.458536] pci 0000:00:1b.7: [1022:1467] type 00 class 0x060000
2018-06-22 11:35:50,330 process          L0367 DEBUG| [stdout] [    0.458596] pci 0000:00:1c.0: [1022:1460] type 00 class 0x060000
2018-06-22 11:35:50,330 process          L0367 DEBUG| [stdout] [    0.458659] pci 0000:00:1c.1: [1022:1461] type 00 class 0x060000
2018-06-22 11:35:50,330 process          L0367 DEBUG| [stdout] [    0.458727] pci 0000:00:1c.2: [1022:1462] type 00 class 0x060000
2018-06-22 11:35:50,330 process          L0367 DEBUG| [stdout] [    0.458790] pci 0000:00:1c.3: [1022:1463] type 00 class 0x060000
2018-06-22 11:35:50,330 process          L0367 DEBUG| [stdout] [    0.458856] pci 0000:00:1c.4: [1022:1464] type 00 class 0x060000
2018-06-22 11:35:50,330 process          L0367 DEBUG| [stdout] [    0.458922] pci 0000:00:1c.5: [1022:1465] type 00 class 0x060000
2018-06-22 11:35:50,330 process          L0367 DEBUG| [stdout] [    0.458985] pci 0000:00:1c.6: [1022:1466] type 00 class 0x060000
2018-06-22 11:35:50,331 process          L0367 DEBUG| [stdout] [    0.459052] pci 0000:00:1c.7: [1022:1467] type 00 class 0x060000
2018-06-22 11:35:50,331 process          L0367 DEBUG| [stdout] [    0.459116] pci 0000:00:1d.0: [1022:1460] type 00 class 0x060000
2018-06-22 11:35:50,331 process          L0367 DEBUG| [stdout] [    0.459181] pci 0000:00:1d.1: [1022:1461] type 00 class 0x060000
2018-06-22 11:35:50,331 process          L0367 DEBUG| [stdout] [    0.459246] pci 0000:00:1d.2: [1022:1462] type 00 class 0x060000
2018-06-22 11:35:50,331 process          L0367 DEBUG| [stdout] [    0.459311] pci 0000:00:1d.3: [1022:1463] type 00 class 0x060000
2018-06-22 11:35:50,331 process          L0367 DEBUG| [stdout] [    0.459379] pci 0000:00:1d.4: [1022:1464] type 00 class 0x060000
2018-06-22 11:35:50,331 process          L0367 DEBUG| [stdout] [    0.459442] pci 0000:00:1d.5: [1022:1465] type 00 class 0x060000
2018-06-22 11:35:50,331 process          L0367 DEBUG| [stdout] [    0.459508] pci 0000:00:1d.6: [1022:1466] type 00 class 0x060000
2018-06-22 11:35:50,331 process          L0367 DEBUG| [stdout] [    0.459573] pci 0000:00:1d.7: [1022:1467] type 00 class 0x060000
2018-06-22 11:35:50,331 process          L0367 DEBUG| [stdout] [    0.459636] pci 0000:00:1e.0: [1022:1460] type 00 class 0x060000
2018-06-22 11:35:50,331 process          L0367 DEBUG| [stdout] [    0.460013] pci 0000:00:1e.1: [1022:1461] type 00 class 0x060000
2018-06-22 11:35:50,331 process          L0367 DEBUG| [stdout] [    0.460074] pci 0000:00:1e.2: [1022:1462] type 00 class 0x060000
2018-06-22 11:35:50,332 process          L0367 DEBUG| [stdout] [    0.460135] pci 0000:00:1e.3: [1022:1463] type 00 class 0x060000
2018-06-22 11:35:50,332 process          L0367 DEBUG| [stdout] [    0.460199] pci 0000:00:1e.4: [1022:1464] type 00 class 0x060000
2018-06-22 11:35:50,332 process          L0367 DEBUG| [stdout] [    0.460259] pci 0000:00:1e.5: [1022:1465] type 00 class 0x060000
2018-06-22 11:35:50,332 process          L0367 DEBUG| [stdout] [    0.460323] pci 0000:00:1e.6: [1022:1466] type 00 class 0x060000
2018-06-22 11:35:50,332 process          L0367 DEBUG| [stdout] [    0.460383] pci 0000:00:1e.7: [1022:1467] type 00 class 0x060000
2018-06-22 11:35:50,332 process          L0367 DEBUG| [stdout] [    0.460445] pci 0000:00:1f.0: [1022:1460] type 00 class 0x060000
2018-06-22 11:35:50,332 process          L0367 DEBUG| [stdout] [    0.460511] pci 0000:00:1f.1: [1022:1461] type 00 class 0x060000
2018-06-22 11:35:50,332 process          L0367 DEBUG| [stdout] [    0.460575] pci 0000:00:1f.2: [1022:1462] type 00 class 0x060000
2018-06-22 11:35:50,332 process          L0367 DEBUG| [stdout] [    0.460641] pci 0000:00:1f.3: [1022:1463] type 00 class 0x060000
2018-06-22 11:35:50,332 process          L0367 DEBUG| [stdout] [    0.460707] pci 0000:00:1f.4: [1022:1464] type 00 class 0x060000
2018-06-22 11:35:50,332 process          L0367 DEBUG| [stdout] [    0.460772] pci 0000:00:1f.5: [1022:1465] type 00 class 0x060000
2018-06-22 11:35:50,333 process          L0367 DEBUG| [stdout] [    0.460837] pci 0000:00:1f.6: [1022:1466] type 00 class 0x060000
2018-06-22 11:35:50,333 process          L0367 DEBUG| [stdout] [    0.460901] pci 0000:00:1f.7: [1022:1467] type 00 class 0x060000
2018-06-22 11:35:50,333 process          L0367 DEBUG| [stdout] [    0.461533] pci 0000:01:00.0: [1022:145a] type 00 class 0x130000
2018-06-22 11:35:50,333 process          L0367 DEBUG| [stdout] [    0.461565] pci 0000:01:00.0: enabling Extended Tags
2018-06-22 11:35:50,333 process          L0367 DEBUG| [stdout] [    0.461643] pci 0000:01:00.2: [1022:1456] type 00 class 0x108000
2018-06-22 11:35:50,333 process          L0367 DEBUG| [stdout] [    0.461661] pci 0000:01:00.2: reg 0x18: [mem 0xea100000-0xea1fffff]
2018-06-22 11:35:50,333 process          L0367 DEBUG| [stdout] [    0.461671] pci 0000:01:00.2: reg 0x24: [mem 0xea200000-0xea201fff]
2018-06-22 11:35:50,333 process          L0367 DEBUG| [stdout] [    0.461678] pci 0000:01:00.2: enabling Extended Tags
2018-06-22 11:35:50,333 process          L0367 DEBUG| [stdout] [    0.461763] pci 0000:01:00.3: [1022:145c] type 00 class 0x0c0330
2018-06-22 11:35:50,333 process          L0367 DEBUG| [stdout] [    0.461778] pci 0000:01:00.3: reg 0x10: [mem 0xea000000-0xea0fffff 64bit]
2018-06-22 11:35:50,333 process          L0367 DEBUG| [stdout] [    0.461802] pci 0000:01:00.3: enabling Extended Tags
2018-06-22 11:35:50,334 process          L0367 DEBUG| [stdout] [    0.461833] pci 0000:01:00.3: PME# supported from D0 D3hot D3cold
2018-06-22 11:35:50,334 process          L0367 DEBUG| [stdout] [    0.461903] pci 0000:00:07.1: PCI bridge to [bus 01]
2018-06-22 11:35:50,334 process          L0367 DEBUG| [stdout] [    0.461909] pci 0000:00:07.1:   bridge window [mem 0xea000000-0xea2fffff]
2018-06-22 11:35:50,334 process          L0367 DEBUG| [stdout] [    0.462548] pci 0000:02:00.0: [1022:1455] type 00 class 0x130000
2018-06-22 11:35:50,334 process          L0367 DEBUG| [stdout] [    0.462580] pci 0000:02:00.0: enabling Extended Tags
2018-06-22 11:35:50,334 process          L0367 DEBUG| [stdout] [    0.462660] pci 0000:02:00.1: [1022:1468] type 00 class 0x108000
2018-06-22 11:35:50,334 process          L0367 DEBUG| [stdout] [    0.462677] pci 0000:02:00.1: reg 0x18: [mem 0xea300000-0xea3fffff]
2018-06-22 11:35:50,334 process          L0367 DEBUG| [stdout] [    0.462687] pci 0000:02:00.1: reg 0x24: [mem 0xea400000-0xea401fff]
2018-06-22 11:35:50,334 process          L0367 DEBUG| [stdout] [    0.462694] pci 0000:02:00.1: enabling Extended Tags
2018-06-22 11:35:50,334 process          L0367 DEBUG| [stdout] [    0.462795] pci 0000:00:08.1: PCI bridge to [bus 02]
2018-06-22 11:35:50,334 process          L0367 DEBUG| [stdout] [    0.462799] pci 0000:00:08.1:   bridge window [mem 0xea300000-0xea4fffff]
2018-06-22 11:35:50,335 process          L0367 DEBUG| [stdout] [    0.462812] pci_bus 0000:00: on NUMA node 0
2018-06-22 11:35:50,335 process          L0367 DEBUG| [stdout] [    0.463773] ACPI: PCI Root Bridge [S0D1] (domain 0000 [bus 10-1f])
2018-06-22 11:35:50,335 process          L0367 DEBUG| [stdout] [    0.463777] acpi PNP0A08:01: _OSC: OS supports [ExtendedConfig ASPM ClockPM Segments MSI]
2018-06-22 11:35:50,335 process          L0367 DEBUG| [stdout] [    0.464118] acpi PNP0A08:01: _OSC: OS now controls [PCIeHotplug PME AER PCIeCapability]
2018-06-22 11:35:50,335 process          L0367 DEBUG| [stdout] [    0.464432] PCI host bridge to bus 0000:10
2018-06-22 11:35:50,335 process          L0367 DEBUG| [stdout] [    0.464434] pci_bus 0000:10: root bus resource [io  0x03b0-0x03df window]
2018-06-22 11:35:50,335 process          L0367 DEBUG| [stdout] [    0.464435] pci_bus 0000:10: root bus resource [io  0x2000-0x3fff window]
2018-06-22 11:35:50,335 process          L0367 DEBUG| [stdout] [    0.464437] pci_bus 0000:10: root bus resource [mem 0x000a0000-0x000bffff window]
2018-06-22 11:35:50,335 process          L0367 DEBUG| [stdout] [    0.464441] pci_bus 0000:10: root bus resource [mem 0xce000000-0xd5afffff window]
2018-06-22 11:35:50,335 process          L0367 DEBUG| [stdout] [    0.464442] pci_bus 0000:10: root bus resource [mem 0x5810000000-0x6f9fffffff window]
2018-06-22 11:35:50,335 process          L0367 DEBUG| [stdout] [    0.464444] pci_bus 0000:10: root bus resource [bus 10-1f]
2018-06-22 11:35:50,336 process          L0367 DEBUG| [stdout] [    0.464449] pci 0000:10:00.0: [1022:1450] type 00 class 0x060000
2018-06-22 11:35:50,336 process          L0367 DEBUG| [stdout] [    0.464515] pci 0000:10:00.2: [1022:1451] type 00 class 0x080600
2018-06-22 11:35:50,336 process          L0367 DEBUG| [stdout] [    0.464608] pci 0000:10:01.0: [1022:1452] type 00 class 0x060000
2018-06-22 11:35:50,336 process          L0367 DEBUG| [stdout] [    0.464673] pci 0000:10:01.1: [1022:1453] type 01 class 0x060400
