2018-06-17 14:25:05,825 extension        L0189 DEBUG| found extension EntryPoint.parse('journal = avocado.plugins.journal:JournalResult')
2018-06-17 14:25:05,825 extension        L0189 DEBUG| found extension EntryPoint.parse('tap = avocado.plugins.tap:TAPResult')
2018-06-17 14:25:05,825 extension        L0189 DEBUG| found extension EntryPoint.parse('human = avocado.plugins.human:Human')
2018-06-17 14:25:05,826 extension        L0189 DEBUG| found extension EntryPoint.parse('vt-joblock = avocado_vt.plugins.vt_joblock:VTJobLock')
2018-06-17 14:25:05,827 extension        L0189 DEBUG| found extension EntryPoint.parse('teststmpdir = avocado.plugins.teststmpdir:TestsTmpDir')
2018-06-17 14:25:05,828 extension        L0189 DEBUG| found extension EntryPoint.parse('jobscripts = avocado.plugins.jobscripts:JobScripts')
2018-06-17 14:25:05,828 extension        L0189 DEBUG| found extension EntryPoint.parse('human = avocado.plugins.human:HumanJob')
2018-06-17 14:25:05,846 extension        L0189 DEBUG| found extension EntryPoint.parse('yaml_to_mux = avocado_varianter_yaml_to_mux:YamlToMux')
2018-06-17 14:25:05,853 sysinfo          L0392 DEBUG| File /etc/avocado/sysinfo/commands does not exist.
2018-06-17 14:25:05,853 sysinfo          L0403 DEBUG| File /etc/avocado/sysinfo/files does not exist.
2018-06-17 14:25:05,853 sysinfo          L0430 DEBUG| File /etc/avocado/sysinfo/profilers does not exist.
2018-06-17 14:25:05,863 job              L0327 INFO | Command line: /usr/local/bin/avocado run ./avocado-misc-tests/generic/sysbench.py -m avocadosysbench.upstream.recurrent.yaml
2018-06-17 14:25:05,863 job              L0328 INFO | 
2018-06-17 14:25:05,863 job              L0362 INFO | Avocado version: 58.0
2018-06-17 14:25:05,863 job              L0363 INFO | 
2018-06-17 14:25:05,863 job              L0367 INFO | Config files read (in order):
2018-06-17 14:25:05,863 job              L0369 INFO | /usr/local/lib/python2.7/dist-packages/avocado_framework-58.0-py2.7.egg/avocado/etc/avocado/avocado.conf
2018-06-17 14:25:05,863 job              L0369 INFO | /usr/local/lib/python2.7/dist-packages/avocado_framework-58.0-py2.7.egg/avocado/etc/avocado/conf.d/result_upload.conf
2018-06-17 14:25:05,863 job              L0369 INFO | /usr/local/lib/python2.7/dist-packages/avocado_framework-58.0-py2.7.egg/avocado/etc/avocado/conf.d/gdb.conf
2018-06-17 14:25:05,864 job              L0369 INFO | /usr/local/lib/python2.7/dist-packages/avocado_framework-58.0-py2.7.egg/avocado/etc/avocado/conf.d/jobscripts.conf
2018-06-17 14:25:05,864 job              L0369 INFO | /usr/local/lib/python2.7/dist-packages/avocado_framework-58.0-py2.7.egg/avocado/etc/avocado/conf.d/resultsdb.conf
2018-06-17 14:25:05,864 job              L0369 INFO | /home/jenkins/.config/avocado/avocado.conf
2018-06-17 14:25:05,864 job              L0374 INFO | 
2018-06-17 14:25:05,864 job              L0376 INFO | Avocado config:
2018-06-17 14:25:05,865 job              L0385 INFO | Section.Key                              Value
2018-06-17 14:25:05,865 job              L0385 INFO | datadir.paths.base_dir                   /var/lib/avocado
2018-06-17 14:25:05,865 job              L0385 INFO | datadir.paths.test_dir                   /usr/share/avocado/tests
2018-06-17 14:25:05,865 job              L0385 INFO | datadir.paths.data_dir                   /var/lib/avocado/data
2018-06-17 14:25:05,865 job              L0385 INFO | datadir.paths.logs_dir                   ~/avocado/job-results
2018-06-17 14:25:05,865 job              L0385 INFO | sysinfo.collect.enabled                  True
2018-06-17 14:25:05,865 job              L0385 INFO | sysinfo.collect.commands_timeout         -1
2018-06-17 14:25:05,865 job              L0385 INFO | sysinfo.collect.installed_packages       False
2018-06-17 14:25:05,866 job              L0385 INFO | sysinfo.collect.profiler                 False
2018-06-17 14:25:05,866 job              L0385 INFO | sysinfo.collect.locale                   C
2018-06-17 14:25:05,866 job              L0385 INFO | sysinfo.collect.per_test                 False
2018-06-17 14:25:05,866 job              L0385 INFO | sysinfo.collectibles.commands            /etc/avocado/sysinfo/commands
2018-06-17 14:25:05,866 job              L0385 INFO | sysinfo.collectibles.files               /etc/avocado/sysinfo/files
2018-06-17 14:25:05,866 job              L0385 INFO | sysinfo.collectibles.profilers           /etc/avocado/sysinfo/profilers
2018-06-17 14:25:05,866 job              L0385 INFO | runner.output.colored                    True
2018-06-17 14:25:05,866 job              L0385 INFO | runner.output.utf8                       
2018-06-17 14:25:05,866 job              L0385 INFO | remoter.behavior.reject_unknown_hosts    False
2018-06-17 14:25:05,866 job              L0385 INFO | remoter.behavior.disable_known_hosts     False
2018-06-17 14:25:05,866 job              L0385 INFO | job.output.loglevel                      debug
2018-06-17 14:25:05,866 job              L0385 INFO | restclient.connection.hostname           localhost
2018-06-17 14:25:05,866 job              L0385 INFO | restclient.connection.port               9405
2018-06-17 14:25:05,866 job              L0385 INFO | restclient.connection.username           
2018-06-17 14:25:05,867 job              L0385 INFO | restclient.connection.password           
2018-06-17 14:25:05,867 job              L0385 INFO | plugins.disable                          []
2018-06-17 14:25:05,867 job              L0385 INFO | plugins.skip_broken_plugin_notification  []
2018-06-17 14:25:05,867 job              L0385 INFO | plugins.loaders                          ['file', '@DEFAULT']
2018-06-17 14:25:05,867 job              L0385 INFO | gdb.paths.gdb                            /usr/bin/gdb
2018-06-17 14:25:05,867 job              L0385 INFO | gdb.paths.gdbserver                      /usr/bin/gdbserver
2018-06-17 14:25:05,867 job              L0385 INFO | plugins.jobscripts.pre                   /etc/avocado/scripts/job/pre.d/
2018-06-17 14:25:05,867 job              L0385 INFO | plugins.jobscripts.post                  /etc/avocado/scripts/job/post.d/
2018-06-17 14:25:05,867 job              L0385 INFO | plugins.jobscripts.warn_non_existing_dir False
2018-06-17 14:25:05,867 job              L0385 INFO | plugins.jobscripts.warn_non_zero_status  True
2018-06-17 14:25:05,867 job              L0386 INFO | 
2018-06-17 14:25:05,867 job              L0389 INFO | Avocado Data Directories:
2018-06-17 14:25:05,867 job              L0390 INFO | 
2018-06-17 14:25:05,868 job              L0391 INFO | base     /var/lib/avocado
2018-06-17 14:25:05,868 job              L0392 INFO | tests    /usr/share/avocado/tests
2018-06-17 14:25:05,868 job              L0393 INFO | data     /var/lib/avocado/data
2018-06-17 14:25:05,868 job              L0394 INFO | logs     /home/jenkins/avocado/job-results/job-2018-06-17T14.25-23b63ec
2018-06-17 14:25:05,868 job              L0395 INFO | 
2018-06-17 14:25:05,869 job              L0401 INFO | Multiplex tree representation:
2018-06-17 14:25:05,869 job              L0401 INFO |  \-- run
2018-06-17 14:25:05,869 job              L0401 INFO |       |-- max-time
2018-06-17 14:25:05,869 job              L0401 INFO |       |-- max-request
2018-06-17 14:25:05,869 job              L0401 INFO |       |-- tests
2018-06-17 14:25:05,869 job              L0401 INFO |       |-- types
2018-06-17 14:25:05,869 job              L0401 INFO |       |-- cpu
2018-06-17 14:25:05,869 job              L0401 INFO |       |-- threads
2018-06-17 14:25:05,869 job              L0401 INFO |       |-- additional_params
2018-06-17 14:25:05,869 job              L0401 INFO |       |-- min
2018-06-17 14:25:05,869 job              L0401 INFO |       \-- max
2018-06-17 14:25:05,870 job              L0401 INFO | 
2018-06-17 14:25:05,870 job              L0401 INFO | Multiplex variants (1):
2018-06-17 14:25:05,870 job              L0401 INFO | Variant additional_params-cpu-max-max-request-max-time-min-tests-threads-types-cbf1:    /run/max-time, /run/max-request, /run/tests, /run/types, /run/cpu, /run/threads, /run/additional_params, /run/min, /run/max
2018-06-17 14:25:05,870 job              L0405 INFO | Temporary dir: /var/tmp/avocado_tZeaIc
2018-06-17 14:25:05,870 job              L0406 INFO | 
2018-06-17 14:25:05,870 job              L0319 INFO | Job ID: 23b63ecfb87025decfab4d0187c4dbc496e291e8
2018-06-17 14:25:05,870 job              L0322 INFO | 
2018-06-17 14:25:06,427 sysinfo          L0392 DEBUG| File /etc/avocado/sysinfo/commands does not exist.
2018-06-17 14:25:06,428 sysinfo          L0403 DEBUG| File /etc/avocado/sysinfo/files does not exist.
2018-06-17 14:25:06,428 sysinfo          L0430 DEBUG| File /etc/avocado/sysinfo/profilers does not exist.
2018-06-17 14:25:06,440 parameters       L0146 DEBUG| PARAMS (key=timeout, path=*, default=None) => None
2018-06-17 14:25:06,440 test             L0382 INFO | START 1-./avocado-misc-tests/generic/sysbench.py:Sysbench.test;additional_params-cpu-max-max-request-max-time-min-tests-threads-types-cbf1
2018-06-17 14:25:06,441 test             L0403 DEBUG| Test metadata:
2018-06-17 14:25:06,441 test             L0404 DEBUG|   filename: /home/jenkins/avocado-misc-tests/generic/sysbench.py
2018-06-17 14:25:06,806 test             L0286 DEBUG| DATA (filename=output.expected) => NOT FOUND (data sources: variant, test, file)
2018-06-17 14:25:06,810 process          L0523 INFO | Running 'which sysbench'
2018-06-17 14:25:06,820 process          L0367 DEBUG| [stdout] /usr/bin/sysbench
2018-06-17 14:25:06,820 process          L0605 INFO | Command 'which sysbench' finished with 0 after 0.00275802612305s
2018-06-17 14:25:06,864 parameters       L0146 DEBUG| PARAMS (key=max-time, path=*, default=None) => None
2018-06-17 14:25:06,864 parameters       L0146 DEBUG| PARAMS (key=max-request, path=*, default=None) => None
2018-06-17 14:25:06,864 parameters       L0146 DEBUG| PARAMS (key=num-threads, path=*, default=2) => 120
2018-06-17 14:25:06,864 parameters       L0146 DEBUG| PARAMS (key=type, path=*, default=cpu) => 'threads'
2018-06-17 14:25:06,865 parameters       L0146 DEBUG| PARAMS (key=cpu-max-prime, path=*, default=100) => 50000
2018-06-17 14:25:06,865 parameters       L0146 DEBUG| PARAMS (key=threads-locks, path=*, default=None) => 1
2018-06-17 14:25:06,865 process          L0523 INFO | Running 'dmesg -c '
2018-06-17 14:25:06,897 process          L0367 DEBUG| [stdout] [    0.000000] Linux version 4.18.0-rc1-jenkins (jenkins@diesel8a87host) (gcc version 7.2.0 (Ubuntu 7.2.0-8ubuntu3.2)) #1 SMP Sat Jun 16 20:30:00 CDT 2018
2018-06-17 14:25:06,898 process          L0605 INFO | Command 'dmesg -c ' finished with 0 after 0.0122530460358s
2018-06-17 14:25:06,899 process          L0367 DEBUG| [stdout] [    0.000000] Command line: BOOT_IMAGE=/boot/vmlinuz-4.18.0-rc1-jenkins root=UUID=1da552ed-0b2b-4411-9a84-7db0d8c62e95 ro console=tty0 console=ttyS0,115200n8 net.ifnames=0 biosdevname=0 quiet splash vt.handoff=7
2018-06-17 14:25:06,899 process          L0367 DEBUG| [stdout] [    0.000000] KERNEL supported cpus:
2018-06-17 14:25:06,899 process          L0367 DEBUG| [stdout] [    0.000000]   Intel GenuineIntel
2018-06-17 14:25:06,899 process          L0367 DEBUG| [stdout] [    0.000000]   AMD AuthenticAMD
2018-06-17 14:25:06,899 process          L0367 DEBUG| [stdout] [    0.000000]   Centaur CentaurHauls
2018-06-17 14:25:06,900 process          L0367 DEBUG| [stdout] [    0.000000] x86/fpu: Supporting XSAVE feature 0x001: 'x87 floating point registers'
2018-06-17 14:25:06,900 process          L0367 DEBUG| [stdout] [    0.000000] x86/fpu: Supporting XSAVE feature 0x002: 'SSE registers'
2018-06-17 14:25:06,900 process          L0367 DEBUG| [stdout] [    0.000000] x86/fpu: Supporting XSAVE feature 0x004: 'AVX registers'
2018-06-17 14:25:06,900 process          L0367 DEBUG| [stdout] [    0.000000] x86/fpu: xstate_offset[2]:  576, xstate_sizes[2]:  256
2018-06-17 14:25:06,900 process          L0367 DEBUG| [stdout] [    0.000000] x86/fpu: Enabled xstate features 0x7, context size is 832 bytes, using 'compacted' format.
2018-06-17 14:25:06,900 process          L0367 DEBUG| [stdout] [    0.000000] BIOS-provided physical RAM map:
2018-06-17 14:25:06,901 process          L0367 DEBUG| [stdout] [    0.000000] BIOS-e820: [mem 0x0000000000000000-0x000000000009ffff] usable
2018-06-17 14:25:06,901 process          L0367 DEBUG| [stdout] [    0.000000] BIOS-e820: [mem 0x00000000000a0000-0x00000000000fffff] reserved
2018-06-17 14:25:06,901 process          L0367 DEBUG| [stdout] [    0.000000] BIOS-e820: [mem 0x0000000000100000-0x0000000078429fff] usable
2018-06-17 14:25:06,901 process          L0367 DEBUG| [stdout] [    0.000000] BIOS-e820: [mem 0x000000007842a000-0x0000000079b23fff] reserved
2018-06-17 14:25:06,901 process          L0367 DEBUG| [stdout] [    0.000000] BIOS-e820: [mem 0x0000000079b24000-0x0000000079bedfff] usable
2018-06-17 14:25:06,902 process          L0367 DEBUG| [stdout] [    0.000000] BIOS-e820: [mem 0x0000000079bee000-0x0000000079fe5fff] ACPI NVS
2018-06-17 14:25:06,902 process          L0367 DEBUG| [stdout] [    0.000000] BIOS-e820: [mem 0x0000000079fe6000-0x000000007a614fff] reserved
2018-06-17 14:25:06,902 process          L0367 DEBUG| [stdout] [    0.000000] BIOS-e820: [mem 0x000000007a615000-0x000000007a6cdfff] type 20
2018-06-17 14:25:06,902 process          L0367 DEBUG| [stdout] [    0.000000] BIOS-e820: [mem 0x000000007a6ce000-0x000000007bffffff] usable
2018-06-17 14:25:06,902 process          L0367 DEBUG| [stdout] [    0.000000] BIOS-e820: [mem 0x000000007c000000-0x000000007fffffff] reserved
2018-06-17 14:25:06,903 process          L0367 DEBUG| [stdout] [    0.000000] BIOS-e820: [mem 0x000000008ca00000-0x000000008ca00fff] reserved
2018-06-17 14:25:06,903 process          L0367 DEBUG| [stdout] [    0.000000] BIOS-e820: [mem 0x000000008cb00000-0x000000008cb7ffff] reserved
2018-06-17 14:25:06,903 process          L0367 DEBUG| [stdout] [    0.000000] BIOS-e820: [mem 0x0000000099a00000-0x0000000099a00fff] reserved
2018-06-17 14:25:06,903 process          L0367 DEBUG| [stdout] [    0.000000] BIOS-e820: [mem 0x0000000099b00000-0x0000000099b7ffff] reserved
2018-06-17 14:25:06,903 process          L0367 DEBUG| [stdout] [    0.000000] BIOS-e820: [mem 0x00000000a6a00000-0x00000000a6a00fff] reserved
2018-06-17 14:25:06,904 process          L0367 DEBUG| [stdout] [    0.000000] BIOS-e820: [mem 0x00000000a6b00000-0x00000000a6b7ffff] reserved
2018-06-17 14:25:06,904 process          L0367 DEBUG| [stdout] [    0.000000] BIOS-e820: [mem 0x00000000b3a00000-0x00000000b3a00fff] reserved
2018-06-17 14:25:06,904 process          L0367 DEBUG| [stdout] [    0.000000] BIOS-e820: [mem 0x00000000b3b00000-0x00000000b3b7ffff] reserved
2018-06-17 14:25:06,904 process          L0367 DEBUG| [stdout] [    0.000000] BIOS-e820: [mem 0x00000000c0a00000-0x00000000c0a00fff] reserved
2018-06-17 14:25:06,904 process          L0367 DEBUG| [stdout] [    0.000000] BIOS-e820: [mem 0x00000000c0b00000-0x00000000c0b7ffff] reserved
2018-06-17 14:25:06,904 process          L0367 DEBUG| [stdout] [    0.000000] BIOS-e820: [mem 0x00000000cda00000-0x00000000cda00fff] reserved
2018-06-17 14:25:06,905 process          L0367 DEBUG| [stdout] [    0.000000] BIOS-e820: [mem 0x00000000cdb00000-0x00000000cdb7ffff] reserved
2018-06-17 14:25:06,905 process          L0367 DEBUG| [stdout] [    0.000000] BIOS-e820: [mem 0x00000000dfa00000-0x00000000dfa00fff] reserved
2018-06-17 14:25:06,905 process          L0367 DEBUG| [stdout] [    0.000000] BIOS-e820: [mem 0x00000000dfb00000-0x00000000dfb7ffff] reserved
2018-06-17 14:25:06,905 process          L0367 DEBUG| [stdout] [    0.000000] BIOS-e820: [mem 0x00000000fd900000-0x00000000fd900fff] reserved
2018-06-17 14:25:06,905 process          L0367 DEBUG| [stdout] [    0.000000] BIOS-e820: [mem 0x00000000fda00000-0x00000000fda7ffff] reserved
2018-06-17 14:25:06,906 process          L0367 DEBUG| [stdout] [    0.000000] BIOS-e820: [mem 0x00000000fea00000-0x00000000feafffff] reserved
2018-06-17 14:25:06,906 process          L0367 DEBUG| [stdout] [    0.000000] BIOS-e820: [mem 0x00000000fec00000-0x00000000fec00fff] reserved
2018-06-17 14:25:06,906 process          L0367 DEBUG| [stdout] [    0.000000] BIOS-e820: [mem 0x00000000fec10000-0x00000000fec10fff] reserved
2018-06-17 14:25:06,906 process          L0367 DEBUG| [stdout] [    0.000000] BIOS-e820: [mem 0x00000000fed00000-0x00000000fed00fff] reserved
2018-06-17 14:25:06,907 process          L0367 DEBUG| [stdout] [    0.000000] BIOS-e820: [mem 0x00000000fed80000-0x00000000fed8ffff] reserved
2018-06-17 14:25:06,907 process          L0367 DEBUG| [stdout] [    0.000000] BIOS-e820: [mem 0x00000000fedc0000-0x00000000fedc0fff] reserved
2018-06-17 14:25:06,907 process          L0367 DEBUG| [stdout] [    0.000000] BIOS-e820: [mem 0x00000000fedc2000-0x00000000fedc5fff] reserved
2018-06-17 14:25:06,907 process          L0367 DEBUG| [stdout] [    0.000000] BIOS-e820: [mem 0x00000000fedc7000-0x00000000fedc7fff] reserved
2018-06-17 14:25:06,907 process          L0367 DEBUG| [stdout] [    0.000000] BIOS-e820: [mem 0x00000000fedc9000-0x00000000fedcafff] reserved
2018-06-17 14:25:06,907 process          L0367 DEBUG| [stdout] [    0.000000] BIOS-e820: [mem 0x00000000fee00000-0x00000000feefffff] reserved
2018-06-17 14:25:06,908 process          L0367 DEBUG| [stdout] [    0.000000] BIOS-e820: [mem 0x00000000ff000000-0x00000000ffffffff] reserved
2018-06-17 14:25:06,908 process          L0367 DEBUG| [stdout] [    0.000000] BIOS-e820: [mem 0x0000000100000000-0x000000107effffff] usable
2018-06-17 14:25:06,908 process          L0367 DEBUG| [stdout] [    0.000000] BIOS-e820: [mem 0x000000107f000000-0x000000107fffffff] reserved
2018-06-17 14:25:06,908 process          L0367 DEBUG| [stdout] [    0.000000] BIOS-e820: [mem 0x000000fd00000000-0x000000ffffffffff] reserved
2018-06-17 14:25:06,908 process          L0367 DEBUG| [stdout] [    0.000000] NX (Execute Disable) protection: active
2018-06-17 14:25:06,908 process          L0367 DEBUG| [stdout] [    0.000000] efi: EFI v2.50 by American Megatrends
2018-06-17 14:25:06,909 process          L0367 DEBUG| [stdout] [    0.000000] efi:  ACPI 2.0=0x79bee000  ACPI=0x79bee000  SMBIOS=0x7a5a5000  SMBIOS 3.0=0x7a5a4000  PROP=0x7aa0a798  MPS=0xfca90  ESRT=0x750dab18 
2018-06-17 14:25:06,909 process          L0367 DEBUG| [stdout] [    0.000000] SMBIOS 3.1.1 present.
2018-06-17 14:25:06,909 process          L0367 DEBUG| [stdout] [    0.000000] DMI: AMD Corporation Diesel/Diesel, BIOS WDL7B29N 11/27/2017
2018-06-17 14:25:06,909 process          L0367 DEBUG| [stdout] [    0.000000] e820: update [mem 0x00000000-0x00000fff] usable ==> reserved
2018-06-17 14:25:06,910 process          L0367 DEBUG| [stdout] [    0.000000] e820: remove [mem 0x000a0000-0x000fffff] usable
2018-06-17 14:25:06,910 process          L0367 DEBUG| [stdout] [    0.000000] last_pfn = 0x107f000 max_arch_pfn = 0x400000000
2018-06-17 14:25:06,910 process          L0367 DEBUG| [stdout] [    0.000000] MTRR default type: uncachable
2018-06-17 14:25:06,910 process          L0367 DEBUG| [stdout] [    0.000000] MTRR fixed ranges enabled:
2018-06-17 14:25:06,910 process          L0367 DEBUG| [stdout] [    0.000000]   00000-9FFFF write-back
2018-06-17 14:25:06,910 process          L0367 DEBUG| [stdout] [    0.000000]   A0000-BFFFF write-through
2018-06-17 14:25:06,910 process          L0367 DEBUG| [stdout] [    0.000000]   C0000-FFFFF write-protect
2018-06-17 14:25:06,911 process          L0367 DEBUG| [stdout] [    0.000000] MTRR variable ranges enabled:
2018-06-17 14:25:06,911 process          L0367 DEBUG| [stdout] [    0.000000]   0 base 000000000000 mask FFFF80000000 write-back
2018-06-17 14:25:06,911 process          L0367 DEBUG| [stdout] [    0.000000]   1 base 00007C000000 mask FFFFFC000000 uncachable
2018-06-17 14:25:06,911 process          L0367 DEBUG| [stdout] [    0.000000]   2 disabled
2018-06-17 14:25:06,911 process          L0367 DEBUG| [stdout] [    0.000000]   3 disabled
2018-06-17 14:25:06,911 process          L0367 DEBUG| [stdout] [    0.000000]   4 disabled
2018-06-17 14:25:06,911 process          L0367 DEBUG| [stdout] [    0.000000]   5 disabled
2018-06-17 14:25:06,911 process          L0367 DEBUG| [stdout] [    0.000000]   6 disabled
2018-06-17 14:25:06,911 process          L0367 DEBUG| [stdout] [    0.000000]   7 disabled
2018-06-17 14:25:06,911 process          L0367 DEBUG| [stdout] [    0.000000] TOM2: 0000001080000000 aka 67584M
2018-06-17 14:25:06,911 process          L0367 DEBUG| [stdout] [    0.000000] x86/PAT: Configuration [0-7]: WB  WC  UC- UC  WB  WP  UC- WT  
2018-06-17 14:25:06,911 process          L0367 DEBUG| [stdout] [    0.000000] total RAM covered: 1984M
2018-06-17 14:25:06,911 process          L0367 DEBUG| [stdout] [    0.000000] Found optimal setting for mtrr clean up
2018-06-17 14:25:06,912 process          L0367 DEBUG| [stdout] [    0.000000]  gran_size: 64K 	chunk_size: 128M 	num_reg: 2  	lose cover RAM: 0G
2018-06-17 14:25:06,912 process          L0367 DEBUG| [stdout] [    0.000000] e820: update [mem 0x7c000000-0xffffffff] usable ==> reserved
2018-06-17 14:25:06,912 process          L0367 DEBUG| [stdout] [    0.000000] last_pfn = 0x7c000 max_arch_pfn = 0x400000000
2018-06-17 14:25:06,912 process          L0367 DEBUG| [stdout] [    0.000000] found SMP MP-table at [mem 0x000fd9d0-0x000fd9df] mapped at [(____ptrval____)]
2018-06-17 14:25:06,912 process          L0367 DEBUG| [stdout] [    0.000000] esrt: Reserving ESRT space from 0x00000000750dab18 to 0x00000000750dab50.
2018-06-17 14:25:06,912 process          L0367 DEBUG| [stdout] [    0.000000] Scanning 1 areas for low memory corruption
2018-06-17 14:25:06,912 process          L0367 DEBUG| [stdout] [    0.000000] Base memory trampoline at [(____ptrval____)] 96000 size 24576
2018-06-17 14:25:06,912 process          L0367 DEBUG| [stdout] [    0.000000] Using GB pages for direct mapping
2018-06-17 14:25:06,912 process          L0367 DEBUG| [stdout] [    0.000000] BRK [0x49fd4e000, 0x49fd4efff] PGTABLE
2018-06-17 14:25:06,912 process          L0367 DEBUG| [stdout] [    0.000000] BRK [0x49fd4f000, 0x49fd4ffff] PGTABLE
2018-06-17 14:25:06,912 process          L0367 DEBUG| [stdout] [    0.000000] BRK [0x49fd50000, 0x49fd50fff] PGTABLE
2018-06-17 14:25:06,912 process          L0367 DEBUG| [stdout] [    0.000000] BRK [0x49fd51000, 0x49fd51fff] PGTABLE
2018-06-17 14:25:06,913 process          L0367 DEBUG| [stdout] [    0.000000] BRK [0x49fd52000, 0x49fd52fff] PGTABLE
2018-06-17 14:25:06,913 process          L0367 DEBUG| [stdout] [    0.000000] BRK [0x49fd53000, 0x49fd53fff] PGTABLE
2018-06-17 14:25:06,913 process          L0367 DEBUG| [stdout] [    0.000000] BRK [0x49fd54000, 0x49fd54fff] PGTABLE
2018-06-17 14:25:06,913 process          L0367 DEBUG| [stdout] [    0.000000] BRK [0x49fd55000, 0x49fd55fff] PGTABLE
2018-06-17 14:25:06,913 process          L0367 DEBUG| [stdout] [    0.000000] BRK [0x49fd56000, 0x49fd56fff] PGTABLE
2018-06-17 14:25:06,913 process          L0367 DEBUG| [stdout] [    0.000000] Secure boot could not be determined
2018-06-17 14:25:06,913 process          L0367 DEBUG| [stdout] [    0.000000] RAMDISK: [mem 0x31c97000-0x34e42fff]
2018-06-17 14:25:06,913 process          L0367 DEBUG| [stdout] [    0.000000] ACPI: Early table checksum verification disabled
2018-06-17 14:25:06,913 process          L0367 DEBUG| [stdout] [    0.000000] ACPI: RSDP 0x0000000079BEE000 000024 (v02 AMD   )
2018-06-17 14:25:06,913 process          L0367 DEBUG| [stdout] [    0.000000] ACPI: XSDT 0x0000000079BEE0A8 0000D4 (v01 AMD    DIESEL   03242016 AMI  00010013)
2018-06-17 14:25:06,913 process          L0367 DEBUG| [stdout] [    0.000000] ACPI: FACP 0x0000000079BFAA40 000114 (v06 AMD    DIESEL   03242016 AMI  00010013)
2018-06-17 14:25:06,914 process          L0367 DEBUG| [stdout] [    0.000000] ACPI: DSDT 0x0000000079BEE218 00C821 (v02 AMD    DIESEL   03242016 INTL 20120913)
2018-06-17 14:25:06,914 process          L0367 DEBUG| [stdout] [    0.000000] ACPI: FACS 0x0000000079FBFD80 000040
2018-06-17 14:25:06,914 process          L0367 DEBUG| [stdout] [    0.000000] ACPI: APIC 0x0000000079BFAB58 0004B2 (v04 AMD    DIESEL   03242016 AMI  00010013)
2018-06-17 14:25:06,914 process          L0367 DEBUG| [stdout] [    0.000000] ACPI: FPDT 0x0000000079BFB010 000044 (v01 AMD    DIESEL   03242016 AMI  00010013)
2018-06-17 14:25:06,914 process          L0367 DEBUG| [stdout] [    0.000000] ACPI: SPMI 0x0000000079BFB058 000041 (v05 AMD    DIESEL   00000000 AMI. 00000000)
2018-06-17 14:25:06,914 process          L0367 DEBUG| [stdout] [    0.000000] ACPI: SSDT 0x0000000079BFB0A0 0000D2 (v02 AMD    AMD ALIB 00000002 MSFT 04000000)
2018-06-17 14:25:06,914 process          L0367 DEBUG| [stdout] [    0.000000] ACPI: FIDT 0x0000000079BFB178 00009C (v01 AMD    DIESEL   03242016 AMI  00010013)
2018-06-17 14:25:06,914 process          L0367 DEBUG| [stdout] [    0.000000] ACPI: SSDT 0x0000000079BFB218 000EAC (v02 AMD    CPUSSDT  03242016 AMI  03242016)
2018-06-17 14:25:06,914 process          L0367 DEBUG| [stdout] [    0.000000] ACPI: MCFG 0x0000000079BFC0C8 00003C (v01 AMD    DIESEL   03242016 MSFT 00010013)
2018-06-17 14:25:06,914 process          L0367 DEBUG| [stdout] [    0.000000] ACPI: SSDT 0x0000000079BFC108 0117A4 (v01 AMD    AMD CPU  00000001 AMD  00000001)
2018-06-17 14:25:06,915 process          L0367 DEBUG| [stdout] [    0.000000] ACPI: SRAT 0x0000000079C0D8B0 000920 (v03 AMD    DIESEL   00000001 AMD  00000001)
2018-06-17 14:25:06,915 process          L0367 DEBUG| [stdout] [    0.000000] ACPI: MSCT 0x0000000079C0E1D0 00004E (v01 AMD    AMD MSCT 00000000 AMD  00000001)
2018-06-17 14:25:06,915 process          L0367 DEBUG| [stdout] [    0.000000] ACPI: SLIT 0x0000000079C0E220 00006C (v01 AMD    DIESEL   00000001 AMD  00000001)
2018-06-17 14:25:06,915 process          L0367 DEBUG| [stdout] [    0.000000] ACPI: CRAT 0x0000000079C0E290 007660 (v01 AMD    DIESEL   00000001 AMD  00000001)
2018-06-17 14:25:06,915 process          L0367 DEBUG| [stdout] [    0.000000] ACPI: CDIT 0x0000000079C158F0 000068 (v01 AMD    DIESEL   00000001 AMD  00000001)
2018-06-17 14:25:06,915 process          L0367 DEBUG| [stdout] [    0.000000] ACPI: EINJ 0x0000000079C15958 000150 (v01 AMD    DIESEL   00000001 AMD  00000001)
2018-06-17 14:25:06,915 process          L0367 DEBUG| [stdout] [    0.000000] ACPI: HEST 0x0000000079C15AA8 000608 (v01 AMD    DIESEL   00000001 AMD  00000001)
2018-06-17 14:25:06,915 process          L0367 DEBUG| [stdout] [    0.000000] ACPI: BERT 0x0000000079C160B0 000030 (v01 AMD    DIESEL   00000001 AMD  00000001)
2018-06-17 14:25:06,915 process          L0367 DEBUG| [stdout] [    0.000000] ACPI: HPET 0x0000000079C160E0 000038 (v01 AMD    DIESEL   03242016 AMI  00000005)
2018-06-17 14:25:06,915 process          L0367 DEBUG| [stdout] [    0.000000] ACPI: UEFI 0x0000000079C16118 000042 (v01 AMD    DIESEL   03242016 AMI  00010013)
2018-06-17 14:25:06,915 process          L0367 DEBUG| [stdout] [    0.000000] ACPI: BGRT 0x0000000079C16160 000038 (v01 AMD    DIESEL   03242016 AMI  00010013)
2018-06-17 14:25:06,915 process          L0367 DEBUG| [stdout] [    0.000000] ACPI: IVRS 0x0000000079C16198 000370 (v02 AMD    DIESEL   00000001 AMD  00000000)
2018-06-17 14:25:06,915 process          L0367 DEBUG| [stdout] [    0.000000] ACPI: SSDT 0x0000000079C16508 001630 (v01 AMD    CPMCMN   00000001 INTL 20120913)
2018-06-17 14:25:06,916 process          L0367 DEBUG| [stdout] [    0.000000] ACPI: Local APIC address 0xfee00000
2018-06-17 14:25:06,916 process          L0367 DEBUG| [stdout] [    0.000000] system APIC only can use physical flat
2018-06-17 14:25:06,916 process          L0367 DEBUG| [stdout] [    0.000000] Setting APIC routing to physical flat.
2018-06-17 14:25:06,916 process          L0367 DEBUG| [stdout] [    0.000000] SRAT: PXM 0 -> APIC 0x00 -> Node 0
2018-06-17 14:25:06,916 process          L0367 DEBUG| [stdout] [    0.000000] SRAT: PXM 0 -> APIC 0x01 -> Node 0
2018-06-17 14:25:06,916 process          L0367 DEBUG| [stdout] [    0.000000] SRAT: PXM 0 -> APIC 0x02 -> Node 0
2018-06-17 14:25:06,916 process          L0367 DEBUG| [stdout] [    0.000000] SRAT: PXM 0 -> APIC 0x03 -> Node 0
2018-06-17 14:25:06,916 process          L0367 DEBUG| [stdout] [    0.000000] SRAT: PXM 0 -> APIC 0x04 -> Node 0
2018-06-17 14:25:06,916 process          L0367 DEBUG| [stdout] [    0.000000] SRAT: PXM 0 -> APIC 0x05 -> Node 0
2018-06-17 14:25:06,916 process          L0367 DEBUG| [stdout] [    0.000000] SRAT: PXM 0 -> APIC 0x06 -> Node 0
2018-06-17 14:25:06,916 process          L0367 DEBUG| [stdout] [    0.000000] SRAT: PXM 0 -> APIC 0x07 -> Node 0
2018-06-17 14:25:06,916 process          L0367 DEBUG| [stdout] [    0.000000] SRAT: PXM 0 -> APIC 0x08 -> Node 0
2018-06-17 14:25:06,917 process          L0367 DEBUG| [stdout] [    0.000000] SRAT: PXM 0 -> APIC 0x09 -> Node 0
2018-06-17 14:25:06,917 process          L0367 DEBUG| [stdout] [    0.000000] SRAT: PXM 0 -> APIC 0x0a -> Node 0
2018-06-17 14:25:06,917 process          L0367 DEBUG| [stdout] [    0.000000] SRAT: PXM 0 -> APIC 0x0b -> Node 0
2018-06-17 14:25:06,917 process          L0367 DEBUG| [stdout] [    0.000000] SRAT: PXM 0 -> APIC 0x0c -> Node 0
2018-06-17 14:25:06,917 process          L0367 DEBUG| [stdout] [    0.000000] SRAT: PXM 0 -> APIC 0x0d -> Node 0
2018-06-17 14:25:06,917 process          L0367 DEBUG| [stdout] [    0.000000] SRAT: PXM 0 -> APIC 0x0e -> Node 0
2018-06-17 14:25:06,917 process          L0367 DEBUG| [stdout] [    0.000000] SRAT: PXM 0 -> APIC 0x0f -> Node 0
2018-06-17 14:25:06,917 process          L0367 DEBUG| [stdout] [    0.000000] SRAT: PXM 1 -> APIC 0x10 -> Node 1
2018-06-17 14:25:06,917 process          L0367 DEBUG| [stdout] [    0.000000] SRAT: PXM 1 -> APIC 0x11 -> Node 1
2018-06-17 14:25:06,917 process          L0367 DEBUG| [stdout] [    0.000000] SRAT: PXM 1 -> APIC 0x12 -> Node 1
2018-06-17 14:25:06,917 process          L0367 DEBUG| [stdout] [    0.000000] SRAT: PXM 1 -> APIC 0x13 -> Node 1
2018-06-17 14:25:06,918 process          L0367 DEBUG| [stdout] [    0.000000] SRAT: PXM 1 -> APIC 0x14 -> Node 1
2018-06-17 14:25:06,918 process          L0367 DEBUG| [stdout] [    0.000000] SRAT: PXM 1 -> APIC 0x15 -> Node 1
2018-06-17 14:25:06,918 process          L0367 DEBUG| [stdout] [    0.000000] SRAT: PXM 1 -> APIC 0x16 -> Node 1
2018-06-17 14:25:06,918 process          L0367 DEBUG| [stdout] [    0.000000] SRAT: PXM 1 -> APIC 0x17 -> Node 1
2018-06-17 14:25:06,918 process          L0367 DEBUG| [stdout] [    0.000000] SRAT: PXM 1 -> APIC 0x18 -> Node 1
2018-06-17 14:25:06,918 process          L0367 DEBUG| [stdout] [    0.000000] SRAT: PXM 1 -> APIC 0x19 -> Node 1
2018-06-17 14:25:06,918 process          L0367 DEBUG| [stdout] [    0.000000] SRAT: PXM 1 -> APIC 0x1a -> Node 1
2018-06-17 14:25:06,918 process          L0367 DEBUG| [stdout] [    0.000000] SRAT: PXM 1 -> APIC 0x1b -> Node 1
2018-06-17 14:25:06,918 process          L0367 DEBUG| [stdout] [    0.000000] SRAT: PXM 1 -> APIC 0x1c -> Node 1
2018-06-17 14:25:06,918 process          L0367 DEBUG| [stdout] [    0.000000] SRAT: PXM 1 -> APIC 0x1d -> Node 1
2018-06-17 14:25:06,918 process          L0367 DEBUG| [stdout] [    0.000000] SRAT: PXM 1 -> APIC 0x1e -> Node 1
2018-06-17 14:25:06,919 process          L0367 DEBUG| [stdout] [    0.000000] SRAT: PXM 1 -> APIC 0x1f -> Node 1
2018-06-17 14:25:06,919 process          L0367 DEBUG| [stdout] [    0.000000] SRAT: PXM 2 -> APIC 0x20 -> Node 2
2018-06-17 14:25:06,919 process          L0367 DEBUG| [stdout] [    0.000000] SRAT: PXM 2 -> APIC 0x21 -> Node 2
2018-06-17 14:25:06,919 process          L0367 DEBUG| [stdout] [    0.000000] SRAT: PXM 2 -> APIC 0x22 -> Node 2
2018-06-17 14:25:06,919 process          L0367 DEBUG| [stdout] [    0.000000] SRAT: PXM 2 -> APIC 0x23 -> Node 2
2018-06-17 14:25:06,919 process          L0367 DEBUG| [stdout] [    0.000000] SRAT: PXM 2 -> APIC 0x24 -> Node 2
2018-06-17 14:25:06,919 process          L0367 DEBUG| [stdout] [    0.000000] SRAT: PXM 2 -> APIC 0x25 -> Node 2
2018-06-17 14:25:06,919 process          L0367 DEBUG| [stdout] [    0.000000] SRAT: PXM 2 -> APIC 0x26 -> Node 2
2018-06-17 14:25:06,919 process          L0367 DEBUG| [stdout] [    0.000000] SRAT: PXM 2 -> APIC 0x27 -> Node 2
2018-06-17 14:25:06,919 process          L0367 DEBUG| [stdout] [    0.000000] SRAT: PXM 2 -> APIC 0x28 -> Node 2
2018-06-17 14:25:06,919 process          L0367 DEBUG| [stdout] [    0.000000] SRAT: PXM 2 -> APIC 0x29 -> Node 2
2018-06-17 14:25:06,919 process          L0367 DEBUG| [stdout] [    0.000000] SRAT: PXM 2 -> APIC 0x2a -> Node 2
2018-06-17 14:25:06,920 process          L0367 DEBUG| [stdout] [    0.000000] SRAT: PXM 2 -> APIC 0x2b -> Node 2
2018-06-17 14:25:06,920 process          L0367 DEBUG| [stdout] [    0.000000] SRAT: PXM 2 -> APIC 0x2c -> Node 2
2018-06-17 14:25:06,920 process          L0367 DEBUG| [stdout] [    0.000000] SRAT: PXM 2 -> APIC 0x2d -> Node 2
2018-06-17 14:25:06,920 process          L0367 DEBUG| [stdout] [    0.000000] SRAT: PXM 2 -> APIC 0x2e -> Node 2
2018-06-17 14:25:06,920 process          L0367 DEBUG| [stdout] [    0.000000] SRAT: PXM 2 -> APIC 0x2f -> Node 2
2018-06-17 14:25:06,920 process          L0367 DEBUG| [stdout] [    0.000000] SRAT: PXM 3 -> APIC 0x30 -> Node 3
2018-06-17 14:25:06,920 process          L0367 DEBUG| [stdout] [    0.000000] SRAT: PXM 3 -> APIC 0x31 -> Node 3
2018-06-17 14:25:06,920 process          L0367 DEBUG| [stdout] [    0.000000] SRAT: PXM 3 -> APIC 0x32 -> Node 3
2018-06-17 14:25:06,920 process          L0367 DEBUG| [stdout] [    0.000000] SRAT: PXM 3 -> APIC 0x33 -> Node 3
2018-06-17 14:25:06,920 process          L0367 DEBUG| [stdout] [    0.000000] SRAT: PXM 3 -> APIC 0x34 -> Node 3
2018-06-17 14:25:06,920 process          L0367 DEBUG| [stdout] [    0.000000] SRAT: PXM 3 -> APIC 0x35 -> Node 3
2018-06-17 14:25:06,920 process          L0367 DEBUG| [stdout] [    0.000000] SRAT: PXM 3 -> APIC 0x36 -> Node 3
2018-06-17 14:25:06,920 process          L0367 DEBUG| [stdout] [    0.000000] SRAT: PXM 3 -> APIC 0x37 -> Node 3
2018-06-17 14:25:06,921 process          L0367 DEBUG| [stdout] [    0.000000] SRAT: PXM 3 -> APIC 0x38 -> Node 3
2018-06-17 14:25:06,921 process          L0367 DEBUG| [stdout] [    0.000000] SRAT: PXM 3 -> APIC 0x39 -> Node 3
2018-06-17 14:25:06,921 process          L0367 DEBUG| [stdout] [    0.000000] SRAT: PXM 3 -> APIC 0x3a -> Node 3
2018-06-17 14:25:06,921 process          L0367 DEBUG| [stdout] [    0.000000] SRAT: PXM 3 -> APIC 0x3b -> Node 3
2018-06-17 14:25:06,921 process          L0367 DEBUG| [stdout] [    0.000000] SRAT: PXM 3 -> APIC 0x3c -> Node 3
2018-06-17 14:25:06,921 process          L0367 DEBUG| [stdout] [    0.000000] SRAT: PXM 3 -> APIC 0x3d -> Node 3
2018-06-17 14:25:06,921 process          L0367 DEBUG| [stdout] [    0.000000] SRAT: PXM 3 -> APIC 0x3e -> Node 3
2018-06-17 14:25:06,921 process          L0367 DEBUG| [stdout] [    0.000000] SRAT: PXM 3 -> APIC 0x3f -> Node 3
2018-06-17 14:25:06,921 process          L0367 DEBUG| [stdout] [    0.000000] SRAT: PXM 4 -> APIC 0x40 -> Node 4
2018-06-17 14:25:06,921 process          L0367 DEBUG| [stdout] [    0.000000] SRAT: PXM 4 -> APIC 0x41 -> Node 4
2018-06-17 14:25:06,922 process          L0367 DEBUG| [stdout] [    0.000000] SRAT: PXM 4 -> APIC 0x42 -> Node 4
2018-06-17 14:25:06,922 process          L0367 DEBUG| [stdout] [    0.000000] SRAT: PXM 4 -> APIC 0x43 -> Node 4
2018-06-17 14:25:06,922 process          L0367 DEBUG| [stdout] [    0.000000] SRAT: PXM 4 -> APIC 0x44 -> Node 4
2018-06-17 14:25:06,922 process          L0367 DEBUG| [stdout] [    0.000000] SRAT: PXM 4 -> APIC 0x45 -> Node 4
2018-06-17 14:25:06,922 process          L0367 DEBUG| [stdout] [    0.000000] SRAT: PXM 4 -> APIC 0x46 -> Node 4
2018-06-17 14:25:06,922 process          L0367 DEBUG| [stdout] [    0.000000] SRAT: PXM 4 -> APIC 0x47 -> Node 4
2018-06-17 14:25:06,922 process          L0367 DEBUG| [stdout] [    0.000000] SRAT: PXM 4 -> APIC 0x48 -> Node 4
2018-06-17 14:25:06,922 process          L0367 DEBUG| [stdout] [    0.000000] SRAT: PXM 4 -> APIC 0x49 -> Node 4
2018-06-17 14:25:06,922 process          L0367 DEBUG| [stdout] [    0.000000] SRAT: PXM 4 -> APIC 0x4a -> Node 4
2018-06-17 14:25:06,922 process          L0367 DEBUG| [stdout] [    0.000000] SRAT: PXM 4 -> APIC 0x4b -> Node 4
2018-06-17 14:25:06,922 process          L0367 DEBUG| [stdout] [    0.000000] SRAT: PXM 4 -> APIC 0x4c -> Node 4
2018-06-17 14:25:06,923 process          L0367 DEBUG| [stdout] [    0.000000] SRAT: PXM 4 -> APIC 0x4d -> Node 4
2018-06-17 14:25:06,923 process          L0367 DEBUG| [stdout] [    0.000000] SRAT: PXM 4 -> APIC 0x4e -> Node 4
2018-06-17 14:25:06,923 process          L0367 DEBUG| [stdout] [    0.000000] SRAT: PXM 4 -> APIC 0x4f -> Node 4
2018-06-17 14:25:06,923 process          L0367 DEBUG| [stdout] [    0.000000] SRAT: PXM 5 -> APIC 0x50 -> Node 5
2018-06-17 14:25:06,923 process          L0367 DEBUG| [stdout] [    0.000000] SRAT: PXM 5 -> APIC 0x51 -> Node 5
2018-06-17 14:25:06,923 process          L0367 DEBUG| [stdout] [    0.000000] SRAT: PXM 5 -> APIC 0x52 -> Node 5
2018-06-17 14:25:06,923 process          L0367 DEBUG| [stdout] [    0.000000] SRAT: PXM 5 -> APIC 0x53 -> Node 5
2018-06-17 14:25:06,923 process          L0367 DEBUG| [stdout] [    0.000000] SRAT: PXM 5 -> APIC 0x54 -> Node 5
2018-06-17 14:25:06,923 process          L0367 DEBUG| [stdout] [    0.000000] SRAT: PXM 5 -> APIC 0x55 -> Node 5
2018-06-17 14:25:06,923 process          L0367 DEBUG| [stdout] [    0.000000] SRAT: PXM 5 -> APIC 0x56 -> Node 5
2018-06-17 14:25:06,923 process          L0367 DEBUG| [stdout] [    0.000000] SRAT: PXM 5 -> APIC 0x57 -> Node 5
2018-06-17 14:25:06,923 process          L0367 DEBUG| [stdout] [    0.000000] SRAT: PXM 5 -> APIC 0x58 -> Node 5
2018-06-17 14:25:06,923 process          L0367 DEBUG| [stdout] [    0.000000] SRAT: PXM 5 -> APIC 0x59 -> Node 5
2018-06-17 14:25:06,924 process          L0367 DEBUG| [stdout] [    0.000000] SRAT: PXM 5 -> APIC 0x5a -> Node 5
2018-06-17 14:25:06,924 process          L0367 DEBUG| [stdout] [    0.000000] SRAT: PXM 5 -> APIC 0x5b -> Node 5
2018-06-17 14:25:06,924 process          L0367 DEBUG| [stdout] [    0.000000] SRAT: PXM 5 -> APIC 0x5c -> Node 5
2018-06-17 14:25:06,924 process          L0367 DEBUG| [stdout] [    0.000000] SRAT: PXM 5 -> APIC 0x5d -> Node 5
2018-06-17 14:25:06,924 process          L0367 DEBUG| [stdout] [    0.000000] SRAT: PXM 5 -> APIC 0x5e -> Node 5
2018-06-17 14:25:06,924 process          L0367 DEBUG| [stdout] [    0.000000] SRAT: PXM 5 -> APIC 0x5f -> Node 5
2018-06-17 14:25:06,924 process          L0367 DEBUG| [stdout] [    0.000000] SRAT: PXM 6 -> APIC 0x60 -> Node 6
2018-06-17 14:25:06,924 process          L0367 DEBUG| [stdout] [    0.000000] SRAT: PXM 6 -> APIC 0x61 -> Node 6
2018-06-17 14:25:06,924 process          L0367 DEBUG| [stdout] [    0.000000] SRAT: PXM 6 -> APIC 0x62 -> Node 6
2018-06-17 14:25:06,924 process          L0367 DEBUG| [stdout] [    0.000000] SRAT: PXM 6 -> APIC 0x63 -> Node 6
2018-06-17 14:25:06,924 process          L0367 DEBUG| [stdout] [    0.000000] SRAT: PXM 6 -> APIC 0x64 -> Node 6
2018-06-17 14:25:06,924 process          L0367 DEBUG| [stdout] [    0.000000] SRAT: PXM 6 -> APIC 0x65 -> Node 6
2018-06-17 14:25:06,924 process          L0367 DEBUG| [stdout] [    0.000000] SRAT: PXM 6 -> APIC 0x66 -> Node 6
2018-06-17 14:25:06,925 process          L0367 DEBUG| [stdout] [    0.000000] SRAT: PXM 6 -> APIC 0x67 -> Node 6
2018-06-17 14:25:06,925 process          L0367 DEBUG| [stdout] [    0.000000] SRAT: PXM 6 -> APIC 0x68 -> Node 6
2018-06-17 14:25:06,925 process          L0367 DEBUG| [stdout] [    0.000000] SRAT: PXM 6 -> APIC 0x69 -> Node 6
2018-06-17 14:25:06,925 process          L0367 DEBUG| [stdout] [    0.000000] SRAT: PXM 6 -> APIC 0x6a -> Node 6
2018-06-17 14:25:06,925 process          L0367 DEBUG| [stdout] [    0.000000] SRAT: PXM 6 -> APIC 0x6b -> Node 6
2018-06-17 14:25:06,925 process          L0367 DEBUG| [stdout] [    0.000000] SRAT: PXM 6 -> APIC 0x6c -> Node 6
2018-06-17 14:25:06,925 process          L0367 DEBUG| [stdout] [    0.000000] SRAT: PXM 6 -> APIC 0x6d -> Node 6
2018-06-17 14:25:06,925 process          L0367 DEBUG| [stdout] [    0.000000] SRAT: PXM 6 -> APIC 0x6e -> Node 6
2018-06-17 14:25:06,925 process          L0367 DEBUG| [stdout] [    0.000000] SRAT: PXM 6 -> APIC 0x6f -> Node 6
2018-06-17 14:25:06,925 process          L0367 DEBUG| [stdout] [    0.000000] SRAT: PXM 7 -> APIC 0x70 -> Node 7
2018-06-17 14:25:06,926 process          L0367 DEBUG| [stdout] [    0.000000] SRAT: PXM 7 -> APIC 0x71 -> Node 7
2018-06-17 14:25:06,926 process          L0367 DEBUG| [stdout] [    0.000000] SRAT: PXM 7 -> APIC 0x72 -> Node 7
2018-06-17 14:25:06,926 process          L0367 DEBUG| [stdout] [    0.000000] SRAT: PXM 7 -> APIC 0x73 -> Node 7
2018-06-17 14:25:06,926 process          L0367 DEBUG| [stdout] [    0.000000] SRAT: PXM 7 -> APIC 0x74 -> Node 7
2018-06-17 14:25:06,926 process          L0367 DEBUG| [stdout] [    0.000000] SRAT: PXM 7 -> APIC 0x75 -> Node 7
2018-06-17 14:25:06,926 process          L0367 DEBUG| [stdout] [    0.000000] SRAT: PXM 7 -> APIC 0x76 -> Node 7
2018-06-17 14:25:06,926 process          L0367 DEBUG| [stdout] [    0.000000] SRAT: PXM 7 -> APIC 0x77 -> Node 7
2018-06-17 14:25:06,926 process          L0367 DEBUG| [stdout] [    0.000000] SRAT: PXM 7 -> APIC 0x78 -> Node 7
2018-06-17 14:25:06,926 process          L0367 DEBUG| [stdout] [    0.000000] SRAT: PXM 7 -> APIC 0x79 -> Node 7
2018-06-17 14:25:06,926 process          L0367 DEBUG| [stdout] [    0.000000] SRAT: PXM 7 -> APIC 0x7a -> Node 7
2018-06-17 14:25:06,926 process          L0367 DEBUG| [stdout] [    0.000000] SRAT: PXM 7 -> APIC 0x7b -> Node 7
2018-06-17 14:25:06,927 process          L0367 DEBUG| [stdout] [    0.000000] SRAT: PXM 7 -> APIC 0x7c -> Node 7
2018-06-17 14:25:06,927 process          L0367 DEBUG| [stdout] [    0.000000] SRAT: PXM 7 -> APIC 0x7d -> Node 7
2018-06-17 14:25:06,927 process          L0367 DEBUG| [stdout] [    0.000000] SRAT: PXM 7 -> APIC 0x7e -> Node 7
2018-06-17 14:25:06,927 process          L0367 DEBUG| [stdout] [    0.000000] SRAT: PXM 7 -> APIC 0x7f -> Node 7
2018-06-17 14:25:06,927 process          L0367 DEBUG| [stdout] [    0.000000] ACPI: SRAT: Node 0 PXM 0 [mem 0x00000000-0x0009ffff]
2018-06-17 14:25:06,927 process          L0367 DEBUG| [stdout] [    0.000000] ACPI: SRAT: Node 0 PXM 0 [mem 0x00100000-0x7fffffff]
2018-06-17 14:25:06,927 process          L0367 DEBUG| [stdout] [    0.000000] ACPI: SRAT: Node 0 PXM 0 [mem 0x100000000-0x47fffffff]
2018-06-17 14:25:06,927 process          L0367 DEBUG| [stdout] [    0.000000] ACPI: SRAT: Node 3 PXM 3 [mem 0x480000000-0x87fffffff]
2018-06-17 14:25:06,927 process          L0367 DEBUG| [stdout] [    0.000000] ACPI: SRAT: Node 5 PXM 5 [mem 0x880000000-0xc7fffffff]
2018-06-17 14:25:06,927 process          L0367 DEBUG| [stdout] [    0.000000] ACPI: SRAT: Node 6 PXM 6 [mem 0xc80000000-0x107fffffff]
2018-06-17 14:25:06,927 process          L0367 DEBUG| [stdout] [    0.000000] NUMA: Initialized distance table, cnt=8
2018-06-17 14:25:06,927 process          L0367 DEBUG| [stdout] [    0.000000] NUMA: Node 0 [mem 0x00000000-0x0009ffff] + [mem 0x00100000-0x7fffffff] -> [mem 0x00000000-0x7fffffff]
2018-06-17 14:25:06,928 process          L0367 DEBUG| [stdout] [    0.000000] NUMA: Node 0 [mem 0x00000000-0x7fffffff] + [mem 0x100000000-0x47fffffff] -> [mem 0x00000000-0x47fffffff]
2018-06-17 14:25:06,928 process          L0367 DEBUG| [stdout] [    0.000000] NODE_DATA(0) allocated [mem 0x47ffd5000-0x47fffffff]
2018-06-17 14:25:06,928 process          L0367 DEBUG| [stdout] [    0.000000] NODE_DATA(3) allocated [mem 0x87ffd5000-0x87fffffff]
2018-06-17 14:25:06,928 process          L0367 DEBUG| [stdout] [    0.000000] NODE_DATA(5) allocated [mem 0xc7ffd5000-0xc7fffffff]
2018-06-17 14:25:06,928 process          L0367 DEBUG| [stdout] [    0.000000] NODE_DATA(6) allocated [mem 0x107efd4000-0x107effefff]
2018-06-17 14:25:06,928 process          L0367 DEBUG| [stdout] [    0.000000] tsc: Fast TSC calibration using PIT
2018-06-17 14:25:06,928 process          L0367 DEBUG| [stdout] [    0.000000] Zone ranges:
2018-06-17 14:25:06,928 process          L0367 DEBUG| [stdout] [    0.000000]   DMA      [mem 0x0000000000001000-0x0000000000ffffff]
2018-06-17 14:25:06,928 process          L0367 DEBUG| [stdout] [    0.000000]   DMA32    [mem 0x0000000001000000-0x00000000ffffffff]
2018-06-17 14:25:06,928 process          L0367 DEBUG| [stdout] [    0.000000]   Normal   [mem 0x0000000100000000-0x000000107effffff]
2018-06-17 14:25:06,928 process          L0367 DEBUG| [stdout] [    0.000000]   Device   empty
2018-06-17 14:25:06,928 process          L0367 DEBUG| [stdout] [    0.000000] Movable zone start for each node
2018-06-17 14:25:06,928 process          L0367 DEBUG| [stdout] [    0.000000] Early memory node ranges
2018-06-17 14:25:06,929 process          L0367 DEBUG| [stdout] [    0.000000]   node   0: [mem 0x0000000000001000-0x000000000009ffff]
2018-06-17 14:25:06,929 process          L0367 DEBUG| [stdout] [    0.000000]   node   0: [mem 0x0000000000100000-0x0000000078429fff]
2018-06-17 14:25:06,929 process          L0367 DEBUG| [stdout] [    0.000000]   node   0: [mem 0x0000000079b24000-0x0000000079bedfff]
2018-06-17 14:25:06,929 process          L0367 DEBUG| [stdout] [    0.000000]   node   0: [mem 0x000000007a6ce000-0x000000007bffffff]
2018-06-17 14:25:06,929 process          L0367 DEBUG| [stdout] [    0.000000]   node   0: [mem 0x0000000100000000-0x000000047fffffff]
2018-06-17 14:25:06,929 process          L0367 DEBUG| [stdout] [    0.000000]   node   3: [mem 0x0000000480000000-0x000000087fffffff]
2018-06-17 14:25:06,929 process          L0367 DEBUG| [stdout] [    0.000000]   node   5: [mem 0x0000000880000000-0x0000000c7fffffff]
2018-06-17 14:25:06,929 process          L0367 DEBUG| [stdout] [    0.000000]   node   6: [mem 0x0000000c80000000-0x000000107effffff]
2018-06-17 14:25:06,929 process          L0367 DEBUG| [stdout] [    0.000000] Initmem setup node 0 [mem 0x0000000000001000-0x000000047fffffff]
2018-06-17 14:25:06,929 process          L0367 DEBUG| [stdout] [    0.000000] On node 0 totalpages: 4169157
2018-06-17 14:25:06,930 process          L0367 DEBUG| [stdout] [    0.000000]   DMA zone: 64 pages used for memmap
2018-06-17 14:25:06,930 process          L0367 DEBUG| [stdout] [    0.000000]   DMA zone: 26 pages reserved
2018-06-17 14:25:06,930 process          L0367 DEBUG| [stdout] [    0.000000]   DMA zone: 3999 pages, LIFO batch:0
2018-06-17 14:25:06,930 process          L0367 DEBUG| [stdout] [    0.000000]   DMA32 zone: 7737 pages used for memmap
2018-06-17 14:25:06,930 process          L0367 DEBUG| [stdout] [    0.000000]   DMA32 zone: 495142 pages, LIFO batch:31
2018-06-17 14:25:06,930 process          L0367 DEBUG| [stdout] [    0.000000]   Normal zone: 57344 pages used for memmap
2018-06-17 14:25:06,930 process          L0367 DEBUG| [stdout] [    0.000000]   Normal zone: 3670016 pages, LIFO batch:31
2018-06-17 14:25:06,930 process          L0367 DEBUG| [stdout] [    0.000000] Initmem setup node 3 [mem 0x0000000480000000-0x000000087fffffff]
2018-06-17 14:25:06,930 process          L0367 DEBUG| [stdout] [    0.000000] On node 3 totalpages: 4194304
2018-06-17 14:25:06,930 process          L0367 DEBUG| [stdout] [    0.000000]   Normal zone: 65536 pages used for memmap
2018-06-17 14:25:06,930 process          L0367 DEBUG| [stdout] [    0.000000]   Normal zone: 4194304 pages, LIFO batch:31
2018-06-17 14:25:06,931 process          L0367 DEBUG| [stdout] [    0.000000] Initmem setup node 5 [mem 0x0000000880000000-0x0000000c7fffffff]
2018-06-17 14:25:06,931 process          L0367 DEBUG| [stdout] [    0.000000] On node 5 totalpages: 4194304
2018-06-17 14:25:06,931 process          L0367 DEBUG| [stdout] [    0.000000]   Normal zone: 65536 pages used for memmap
2018-06-17 14:25:06,931 process          L0367 DEBUG| [stdout] [    0.000000]   Normal zone: 4194304 pages, LIFO batch:31
2018-06-17 14:25:06,931 process          L0367 DEBUG| [stdout] [    0.000000] Initmem setup node 6 [mem 0x0000000c80000000-0x000000107effffff]
2018-06-17 14:25:06,931 process          L0367 DEBUG| [stdout] [    0.000000] On node 6 totalpages: 4190208
2018-06-17 14:25:06,931 process          L0367 DEBUG| [stdout] [    0.000000]   Normal zone: 65472 pages used for memmap
2018-06-17 14:25:06,931 process          L0367 DEBUG| [stdout] [    0.000000]   Normal zone: 4190208 pages, LIFO batch:31
2018-06-17 14:25:06,931 process          L0367 DEBUG| [stdout] [    0.000000] Reserved but unavailable: 97 pages
2018-06-17 14:25:06,931 process          L0367 DEBUG| [stdout] [    0.000000] ACPI: PM-Timer IO Port: 0x808
2018-06-17 14:25:06,931 process          L0367 DEBUG| [stdout] [    0.000000] ACPI: Local APIC address 0xfee00000
2018-06-17 14:25:06,931 process          L0367 DEBUG| [stdout] [    0.000000] system APIC only can use physical flat
2018-06-17 14:25:06,932 process          L0367 DEBUG| [stdout] [    0.000000] ACPI: LAPIC_NMI (acpi_id[0xff] high edge lint[0x1])
2018-06-17 14:25:06,932 process          L0367 DEBUG| [stdout] [    0.000000] IOAPIC[0]: apic_id 128, version 33, address 0xfec00000, GSI 0-23
2018-06-17 14:25:06,932 process          L0367 DEBUG| [stdout] [    0.000000] IOAPIC[1]: apic_id 129, version 33, address 0xfd900000, GSI 24-55
2018-06-17 14:25:06,932 process          L0367 DEBUG| [stdout] [    0.000000] IOAPIC[2]: apic_id 130, version 33, address 0xdfa00000, GSI 56-87
2018-06-17 14:25:06,932 process          L0367 DEBUG| [stdout] [    0.000000] IOAPIC[3]: apic_id 131, version 33, address 0xcda00000, GSI 88-119
2018-06-17 14:25:06,932 process          L0367 DEBUG| [stdout] [    0.000000] IOAPIC[4]: apic_id 132, version 33, address 0xc0a00000, GSI 120-151
2018-06-17 14:25:06,932 process          L0367 DEBUG| [stdout] [    0.000000] IOAPIC[5]: apic_id 133, version 33, address 0xb3a00000, GSI 152-183
2018-06-17 14:25:06,932 process          L0367 DEBUG| [stdout] [    0.000000] IOAPIC[6]: apic_id 134, version 33, address 0xa6a00000, GSI 184-215
2018-06-17 14:25:06,932 process          L0367 DEBUG| [stdout] [    0.000000] IOAPIC[7]: apic_id 135, version 33, address 0x99a00000, GSI 216-247
2018-06-17 14:25:06,932 process          L0367 DEBUG| [stdout] [    0.000000] IOAPIC[8]: apic_id 136, version 33, address 0x8ca00000, GSI 248-279
2018-06-17 14:25:06,932 process          L0367 DEBUG| [stdout] [    0.000000] ACPI: INT_SRC_OVR (bus 0 bus_irq 0 global_irq 2 dfl dfl)
2018-06-17 14:25:06,932 process          L0367 DEBUG| [stdout] [    0.000000] ACPI: INT_SRC_OVR (bus 0 bus_irq 9 global_irq 9 low level)
2018-06-17 14:25:06,932 process          L0367 DEBUG| [stdout] [    0.000000] ACPI: IRQ0 used by override.
2018-06-17 14:25:06,933 process          L0367 DEBUG| [stdout] [    0.000000] ACPI: IRQ9 used by override.
2018-06-17 14:25:06,933 process          L0367 DEBUG| [stdout] [    0.000000] Using ACPI (MADT) for SMP configuration information
2018-06-17 14:25:06,933 process          L0367 DEBUG| [stdout] [    0.000000] ACPI: HPET id: 0x10228201 base: 0xfed00000
2018-06-17 14:25:06,933 process          L0367 DEBUG| [stdout] [    0.000000] smpboot: Allowing 128 CPUs, 0 hotplug CPUs
2018-06-17 14:25:06,933 process          L0367 DEBUG| [stdout] [    0.000000] NODE_DATA(1) allocated [mem 0x107efa3000-0x107efcdfff]
2018-06-17 14:25:06,933 process          L0367 DEBUG| [stdout] [    0.000000]     NODE_DATA(1) on node 6
2018-06-17 14:25:06,933 process          L0367 DEBUG| [stdout] [    0.000000] Initmem setup node 1 [mem 0x0000000000000000-0x0000000000000000]
2018-06-17 14:25:06,933 process          L0367 DEBUG| [stdout] [    0.000000] On node 1 totalpages: 0
2018-06-17 14:25:06,933 process          L0367 DEBUG| [stdout] [    0.000000] NODE_DATA(2) allocated [mem 0x107ef78000-0x107efa2fff]
2018-06-17 14:25:06,933 process          L0367 DEBUG| [stdout] [    0.000000]     NODE_DATA(2) on node 6
2018-06-17 14:25:06,933 process          L0367 DEBUG| [stdout] [    0.000000] Initmem setup node 2 [mem 0x0000000000000000-0x0000000000000000]
2018-06-17 14:25:06,933 process          L0367 DEBUG| [stdout] [    0.000000] On node 2 totalpages: 0
2018-06-17 14:25:06,934 process          L0367 DEBUG| [stdout] [    0.000000] NODE_DATA(4) allocated [mem 0x107ef4d000-0x107ef77fff]
2018-06-17 14:25:06,934 process          L0367 DEBUG| [stdout] [    0.000000]     NODE_DATA(4) on node 6
2018-06-17 14:25:06,934 process          L0367 DEBUG| [stdout] [    0.000000] Initmem setup node 4 [mem 0x0000000000000000-0x0000000000000000]
2018-06-17 14:25:06,934 process          L0367 DEBUG| [stdout] [    0.000000] On node 4 totalpages: 0
2018-06-17 14:25:06,934 process          L0367 DEBUG| [stdout] [    0.000000] NODE_DATA(7) allocated [mem 0x107ef22000-0x107ef4cfff]
2018-06-17 14:25:06,934 process          L0367 DEBUG| [stdout] [    0.000000]     NODE_DATA(7) on node 6
2018-06-17 14:25:06,934 process          L0367 DEBUG| [stdout] [    0.000000] Initmem setup node 7 [mem 0x0000000000000000-0x0000000000000000]
2018-06-17 14:25:06,934 process          L0367 DEBUG| [stdout] [    0.000000] On node 7 totalpages: 0
2018-06-17 14:25:06,934 process          L0367 DEBUG| [stdout] [    0.000000] PM: Registered nosave memory: [mem 0x00000000-0x00000fff]
2018-06-17 14:25:06,934 process          L0367 DEBUG| [stdout] [    0.000000] PM: Registered nosave memory: [mem 0x000a0000-0x000fffff]
2018-06-17 14:25:06,934 process          L0367 DEBUG| [stdout] [    0.000000] PM: Registered nosave memory: [mem 0x7842a000-0x79b23fff]
2018-06-17 14:25:06,934 process          L0367 DEBUG| [stdout] [    0.000000] PM: Registered nosave memory: [mem 0x79bee000-0x79fe5fff]
2018-06-17 14:25:06,935 process          L0367 DEBUG| [stdout] [    0.000000] PM: Registered nosave memory: [mem 0x79fe6000-0x7a614fff]
2018-06-17 14:25:06,935 process          L0367 DEBUG| [stdout] [    0.000000] PM: Registered nosave memory: [mem 0x7a615000-0x7a6cdfff]
2018-06-17 14:25:06,935 process          L0367 DEBUG| [stdout] [    0.000000] PM: Registered nosave memory: [mem 0x7c000000-0x7fffffff]
2018-06-17 14:25:06,935 process          L0367 DEBUG| [stdout] [    0.000000] PM: Registered nosave memory: [mem 0x80000000-0x8c9fffff]
2018-06-17 14:25:06,935 process          L0367 DEBUG| [stdout] [    0.000000] PM: Registered nosave memory: [mem 0x8ca00000-0x8ca00fff]
2018-06-17 14:25:06,935 process          L0367 DEBUG| [stdout] [    0.000000] PM: Registered nosave memory: [mem 0x8ca01000-0x8cafffff]
2018-06-17 14:25:06,935 process          L0367 DEBUG| [stdout] [    0.000000] PM: Registered nosave memory: [mem 0x8cb00000-0x8cb7ffff]
2018-06-17 14:25:06,935 process          L0367 DEBUG| [stdout] [    0.000000] PM: Registered nosave memory: [mem 0x8cb80000-0x999fffff]
2018-06-17 14:25:06,935 process          L0367 DEBUG| [stdout] [    0.000000] PM: Registered nosave memory: [mem 0x99a00000-0x99a00fff]
2018-06-17 14:25:06,935 process          L0367 DEBUG| [stdout] [    0.000000] PM: Registered nosave memory: [mem 0x99a01000-0x99afffff]
2018-06-17 14:25:06,935 process          L0367 DEBUG| [stdout] [    0.000000] PM: Registered nosave memory: [mem 0x99b00000-0x99b7ffff]
2018-06-17 14:25:06,935 process          L0367 DEBUG| [stdout] [    0.000000] PM: Registered nosave memory: [mem 0x99b80000-0xa69fffff]
2018-06-17 14:25:06,935 process          L0367 DEBUG| [stdout] [    0.000000] PM: Registered nosave memory: [mem 0xa6a00000-0xa6a00fff]
2018-06-17 14:25:06,936 process          L0367 DEBUG| [stdout] [    0.000000] PM: Registered nosave memory: [mem 0xa6a01000-0xa6afffff]
2018-06-17 14:25:06,936 process          L0367 DEBUG| [stdout] [    0.000000] PM: Registered nosave memory: [mem 0xa6b00000-0xa6b7ffff]
2018-06-17 14:25:06,936 process          L0367 DEBUG| [stdout] [    0.000000] PM: Registered nosave memory: [mem 0xa6b80000-0xb39fffff]
2018-06-17 14:25:06,936 process          L0367 DEBUG| [stdout] [    0.000000] PM: Registered nosave memory: [mem 0xb3a00000-0xb3a00fff]
2018-06-17 14:25:06,936 process          L0367 DEBUG| [stdout] [    0.000000] PM: Registered nosave memory: [mem 0xb3a01000-0xb3afffff]
2018-06-17 14:25:06,936 process          L0367 DEBUG| [stdout] [    0.000000] PM: Registered nosave memory: [mem 0xb3b00000-0xb3b7ffff]
2018-06-17 14:25:06,936 process          L0367 DEBUG| [stdout] [    0.000000] PM: Registered nosave memory: [mem 0xb3b80000-0xc09fffff]
2018-06-17 14:25:06,936 process          L0367 DEBUG| [stdout] [    0.000000] PM: Registered nosave memory: [mem 0xc0a00000-0xc0a00fff]
2018-06-17 14:25:06,936 process          L0367 DEBUG| [stdout] [    0.000000] PM: Registered nosave memory: [mem 0xc0a01000-0xc0afffff]
2018-06-17 14:25:06,936 process          L0367 DEBUG| [stdout] [    0.000000] PM: Registered nosave memory: [mem 0xc0b00000-0xc0b7ffff]
2018-06-17 14:25:06,936 process          L0367 DEBUG| [stdout] [    0.000000] PM: Registered nosave memory: [mem 0xc0b80000-0xcd9fffff]
2018-06-17 14:25:06,936 process          L0367 DEBUG| [stdout] [    0.000000] PM: Registered nosave memory: [mem 0xcda00000-0xcda00fff]
2018-06-17 14:25:06,937 process          L0367 DEBUG| [stdout] [    0.000000] PM: Registered nosave memory: [mem 0xcda01000-0xcdafffff]
2018-06-17 14:25:06,937 process          L0367 DEBUG| [stdout] [    0.000000] PM: Registered nosave memory: [mem 0xcdb00000-0xcdb7ffff]
2018-06-17 14:25:06,937 process          L0367 DEBUG| [stdout] [    0.000000] PM: Registered nosave memory: [mem 0xcdb80000-0xdf9fffff]
2018-06-17 14:25:06,937 process          L0367 DEBUG| [stdout] [    0.000000] PM: Registered nosave memory: [mem 0xdfa00000-0xdfa00fff]
2018-06-17 14:25:06,937 process          L0367 DEBUG| [stdout] [    0.000000] PM: Registered nosave memory: [mem 0xdfa01000-0xdfafffff]
2018-06-17 14:25:06,937 process          L0367 DEBUG| [stdout] [    0.000000] PM: Registered nosave memory: [mem 0xdfb00000-0xdfb7ffff]
2018-06-17 14:25:06,937 process          L0367 DEBUG| [stdout] [    0.000000] PM: Registered nosave memory: [mem 0xdfb80000-0xfd8fffff]
2018-06-17 14:25:06,937 process          L0367 DEBUG| [stdout] [    0.000000] PM: Registered nosave memory: [mem 0xfd900000-0xfd900fff]
2018-06-17 14:25:06,937 process          L0367 DEBUG| [stdout] [    0.000000] PM: Registered nosave memory: [mem 0xfd901000-0xfd9fffff]
2018-06-17 14:25:06,937 process          L0367 DEBUG| [stdout] [    0.000000] PM: Registered nosave memory: [mem 0xfda00000-0xfda7ffff]
2018-06-17 14:25:06,937 process          L0367 DEBUG| [stdout] [    0.000000] PM: Registered nosave memory: [mem 0xfda80000-0xfe9fffff]
2018-06-17 14:25:06,937 process          L0367 DEBUG| [stdout] [    0.000000] PM: Registered nosave memory: [mem 0xfea00000-0xfeafffff]
2018-06-17 14:25:06,937 process          L0367 DEBUG| [stdout] [    0.000000] PM: Registered nosave memory: [mem 0xfeb00000-0xfebfffff]
2018-06-17 14:25:06,938 process          L0367 DEBUG| [stdout] [    0.000000] PM: Registered nosave memory: [mem 0xfec00000-0xfec00fff]
2018-06-17 14:25:06,938 process          L0367 DEBUG| [stdout] [    0.000000] PM: Registered nosave memory: [mem 0xfec01000-0xfec0ffff]
2018-06-17 14:25:06,938 process          L0367 DEBUG| [stdout] [    0.000000] PM: Registered nosave memory: [mem 0xfec10000-0xfec10fff]
2018-06-17 14:25:06,938 process          L0367 DEBUG| [stdout] [    0.000000] PM: Registered nosave memory: [mem 0xfec11000-0xfecfffff]
2018-06-17 14:25:06,938 process          L0367 DEBUG| [stdout] [    0.000000] PM: Registered nosave memory: [mem 0xfed00000-0xfed00fff]
2018-06-17 14:25:06,938 process          L0367 DEBUG| [stdout] [    0.000000] PM: Registered nosave memory: [mem 0xfed01000-0xfed7ffff]
2018-06-17 14:25:06,938 process          L0367 DEBUG| [stdout] [    0.000000] PM: Registered nosave memory: [mem 0xfed80000-0xfed8ffff]
2018-06-17 14:25:06,938 process          L0367 DEBUG| [stdout] [    0.000000] PM: Registered nosave memory: [mem 0xfed90000-0xfedbffff]
2018-06-17 14:25:06,938 process          L0367 DEBUG| [stdout] [    0.000000] PM: Registered nosave memory: [mem 0xfedc0000-0xfedc0fff]
2018-06-17 14:25:06,938 process          L0367 DEBUG| [stdout] [    0.000000] PM: Registered nosave memory: [mem 0xfedc1000-0xfedc1fff]
2018-06-17 14:25:06,938 process          L0367 DEBUG| [stdout] [    0.000000] PM: Registered nosave memory: [mem 0xfedc2000-0xfedc5fff]
2018-06-17 14:25:06,938 process          L0367 DEBUG| [stdout] [    0.000000] PM: Registered nosave memory: [mem 0xfedc6000-0xfedc6fff]
2018-06-17 14:25:06,939 process          L0367 DEBUG| [stdout] [    0.000000] PM: Registered nosave memory: [mem 0xfedc7000-0xfedc7fff]
2018-06-17 14:25:06,939 process          L0367 DEBUG| [stdout] [    0.000000] PM: Registered nosave memory: [mem 0xfedc8000-0xfedc8fff]
2018-06-17 14:25:06,939 process          L0367 DEBUG| [stdout] [    0.000000] PM: Registered nosave memory: [mem 0xfedc9000-0xfedcafff]
2018-06-17 14:25:06,939 process          L0367 DEBUG| [stdout] [    0.000000] PM: Registered nosave memory: [mem 0xfedcb000-0xfedfffff]
2018-06-17 14:25:06,939 process          L0367 DEBUG| [stdout] [    0.000000] PM: Registered nosave memory: [mem 0xfee00000-0xfeefffff]
2018-06-17 14:25:06,939 process          L0367 DEBUG| [stdout] [    0.000000] PM: Registered nosave memory: [mem 0xfef00000-0xfeffffff]
2018-06-17 14:25:06,939 process          L0367 DEBUG| [stdout] [    0.000000] PM: Registered nosave memory: [mem 0xff000000-0xffffffff]
2018-06-17 14:25:06,939 process          L0367 DEBUG| [stdout] [    0.000000] [mem 0xdfb80000-0xfd8fffff] available for PCI devices
2018-06-17 14:25:06,939 process          L0367 DEBUG| [stdout] [    0.000000] Booting paravirtualized kernel on bare hardware
2018-06-17 14:25:06,939 process          L0367 DEBUG| [stdout] [    0.000000] clocksource: refined-jiffies: mask: 0xffffffff max_cycles: 0xffffffff, max_idle_ns: 7645519600211568 ns
2018-06-17 14:25:06,939 process          L0367 DEBUG| [stdout] [    0.000000] random: get_random_bytes called from start_kernel+0x99/0x55a with crng_init=0
2018-06-17 14:25:06,939 process          L0367 DEBUG| [stdout] [    0.000000] setup_percpu: NR_CPUS:8192 nr_cpumask_bits:128 nr_cpu_ids:128 nr_node_ids:8
2018-06-17 14:25:06,939 process          L0367 DEBUG| [stdout] [    0.000000] percpu: Embedded 45 pages/cpu @(____ptrval____) s147160 r8192 d28968 u262144
2018-06-17 14:25:06,940 process          L0367 DEBUG| [stdout] [    0.000000] pcpu-alloc: s147160 r8192 d28968 u262144 alloc=1*2097152
2018-06-17 14:25:06,940 process          L0367 DEBUG| [stdout] [    0.000000] pcpu-alloc: [0] 000 001 002 003 004 005 006 007 
2018-06-17 14:25:06,940 process          L0367 DEBUG| [stdout] [    0.000000] pcpu-alloc: [0] 064 065 066 067 068 069 070 071 
2018-06-17 14:25:06,940 process          L0367 DEBUG| [stdout] [    0.000000] pcpu-alloc: [1] 008 009 010 011 012 013 014 015 
2018-06-17 14:25:06,940 process          L0367 DEBUG| [stdout] [    0.000000] pcpu-alloc: [1] 072 073 074 075 076 077 078 079 
2018-06-17 14:25:06,940 process          L0367 DEBUG| [stdout] [    0.000000] pcpu-alloc: [2] 016 017 018 019 020 021 022 023 
2018-06-17 14:25:06,940 process          L0367 DEBUG| [stdout] [    0.000000] pcpu-alloc: [2] 080 081 082 083 084 085 086 087 
2018-06-17 14:25:06,940 process          L0367 DEBUG| [stdout] [    0.000000] pcpu-alloc: [3] 024 025 026 027 028 029 030 031 
2018-06-17 14:25:06,940 process          L0367 DEBUG| [stdout] [    0.000000] pcpu-alloc: [3] 088 089 090 091 092 093 094 095 
2018-06-17 14:25:06,940 process          L0367 DEBUG| [stdout] [    0.000000] pcpu-alloc: [4] 032 033 034 035 036 037 038 039 
2018-06-17 14:25:06,940 process          L0367 DEBUG| [stdout] [    0.000000] pcpu-alloc: [4] 096 097 098 099 100 101 102 103 
2018-06-17 14:25:06,940 process          L0367 DEBUG| [stdout] [    0.000000] pcpu-alloc: [5] 040 041 042 043 044 045 046 047 
2018-06-17 14:25:06,940 process          L0367 DEBUG| [stdout] [    0.000000] pcpu-alloc: [5] 104 105 106 107 108 109 110 111 
2018-06-17 14:25:06,941 process          L0367 DEBUG| [stdout] [    0.000000] pcpu-alloc: [6] 048 049 050 051 052 053 054 055 
2018-06-17 14:25:06,941 process          L0367 DEBUG| [stdout] [    0.000000] pcpu-alloc: [6] 112 113 114 115 116 117 118 119 
2018-06-17 14:25:06,941 process          L0367 DEBUG| [stdout] [    0.000000] pcpu-alloc: [7] 056 057 058 059 060 061 062 063 
2018-06-17 14:25:06,941 process          L0367 DEBUG| [stdout] [    0.000000] pcpu-alloc: [7] 120 121 122 123 124 125 126 127 
2018-06-17 14:25:06,941 process          L0367 DEBUG| [stdout] [    0.000000] Built 8 zonelists, mobility grouping on.  Total pages: 16486258
2018-06-17 14:25:06,941 process          L0367 DEBUG| [stdout] [    0.000000] Policy zone: Normal
2018-06-17 14:25:06,941 process          L0367 DEBUG| [stdout] [    0.000000] Kernel command line: BOOT_IMAGE=/boot/vmlinuz-4.18.0-rc1-jenkins root=UUID=1da552ed-0b2b-4411-9a84-7db0d8c62e95 ro console=tty0 console=ttyS0,115200n8 net.ifnames=0 biosdevname=0 quiet splash vt.handoff=7
2018-06-17 14:25:06,941 process          L0367 DEBUG| [stdout] [    0.000000] log_buf_len individual max cpu contribution: 4096 bytes
2018-06-17 14:25:06,941 process          L0367 DEBUG| [stdout] [    0.000000] log_buf_len total cpu_extra contributions: 520192 bytes
2018-06-17 14:25:06,941 process          L0367 DEBUG| [stdout] [    0.000000] log_buf_len min size: 262144 bytes
2018-06-17 14:25:06,941 process          L0367 DEBUG| [stdout] [    0.000000] log_buf_len: 1048576 bytes
2018-06-17 14:25:06,941 process          L0367 DEBUG| [stdout] [    0.000000] early log buf free: 233520(89%)
2018-06-17 14:25:06,942 process          L0367 DEBUG| [stdout] [    0.000000] Calgary: detecting Calgary via BIOS EBDA area
2018-06-17 14:25:06,942 process          L0367 DEBUG| [stdout] [    0.000000] Calgary: Unable to locate Rio Grande table in EBDA - bailing!
2018-06-17 14:25:06,942 process          L0367 DEBUG| [stdout] [    0.000000] Memory: 65655164K/66991892K available (12300K kernel code, 2617K rwdata, 4220K rodata, 2420K init, 2316K bss, 1336728K reserved, 0K cma-reserved)
2018-06-17 14:25:06,942 process          L0367 DEBUG| [stdout] [    0.000000] SLUB: HWalign=64, Order=0-3, MinObjects=0, CPUs=128, Nodes=8
2018-06-17 14:25:06,942 process          L0367 DEBUG| [stdout] [    0.000000] ftrace: allocating 40132 entries in 157 pages
2018-06-17 14:25:06,942 process          L0367 DEBUG| [stdout] [    0.000000] Hierarchical RCU implementation.
2018-06-17 14:25:06,942 process          L0367 DEBUG| [stdout] [    0.000000] 	RCU restricting CPUs from NR_CPUS=8192 to nr_cpu_ids=128.
2018-06-17 14:25:06,942 process          L0367 DEBUG| [stdout] [    0.000000] 	Tasks RCU enabled.
2018-06-17 14:25:06,942 process          L0367 DEBUG| [stdout] [    0.000000] RCU: Adjusting geometry for rcu_fanout_leaf=16, nr_cpu_ids=128
2018-06-17 14:25:06,942 process          L0367 DEBUG| [stdout] [    0.000000] NR_IRQS: 524544, nr_irqs: 5800, preallocated irqs: 16
2018-06-17 14:25:06,942 process          L0367 DEBUG| [stdout] [    0.000000] Console: colour dummy device 80x25
2018-06-17 14:25:06,942 process          L0367 DEBUG| [stdout] [    0.000000] console [tty0] enabled
2018-06-17 14:25:06,943 process          L0367 DEBUG| [stdout] [    0.000000] console [ttyS0] enabled
2018-06-17 14:25:06,943 process          L0367 DEBUG| [stdout] [    0.000000] mempolicy: Enabling automatic NUMA balancing. Configure with numa_balancing= or the kernel.numa_balancing sysctl
2018-06-17 14:25:06,943 process          L0367 DEBUG| [stdout] [    0.000000] ACPI: Core revision 20180531
2018-06-17 14:25:06,943 process          L0367 DEBUG| [stdout] [    0.000000] clocksource: hpet: mask: 0xffffffff max_cycles: 0xffffffff, max_idle_ns: 133484873504 ns
2018-06-17 14:25:06,943 process          L0367 DEBUG| [stdout] [    0.000000] hpet clockevent registered
2018-06-17 14:25:06,943 process          L0367 DEBUG| [stdout] [    0.000000] APIC: Switch to symmetric I/O mode setup
2018-06-17 14:25:06,943 process          L0367 DEBUG| [stdout] [    0.008000] ..TIMER: vector=0x30 apic1=0 pin1=2 apic2=-1 pin2=-1
2018-06-17 14:25:06,943 process          L0367 DEBUG| [stdout] [    0.028000] tsc: Fast TSC calibration using PIT
2018-06-17 14:25:06,943 process          L0367 DEBUG| [stdout] [    0.032000] tsc: Detected 1896.398 MHz processor
2018-06-17 14:25:06,943 process          L0367 DEBUG| [stdout] [    0.032000] clocksource: tsc-early: mask: 0xffffffffffffffff max_cycles: 0x36abc29fb60, max_idle_ns: 881590698794 ns
2018-06-17 14:25:06,943 process          L0367 DEBUG| [stdout] [    0.032000] Calibrating delay loop (skipped), value calculated using timer frequency.. 3792.79 BogoMIPS (lpj=7585592)
2018-06-17 14:25:06,943 process          L0367 DEBUG| [stdout] [    0.032000] pid_max: default: 131072 minimum: 1024
2018-06-17 14:25:06,943 process          L0367 DEBUG| [stdout] [    0.036174] Security Framework initialized
2018-06-17 14:25:06,944 process          L0367 DEBUG| [stdout] [    0.036176] Yama: becoming mindful.
2018-06-17 14:25:06,944 process          L0367 DEBUG| [stdout] [    0.036180] SELinux:  Disabled at boot.
2018-06-17 14:25:06,944 process          L0367 DEBUG| [stdout] [    0.036182] AppArmor: AppArmor disabled by boot time parameter
2018-06-17 14:25:06,944 process          L0367 DEBUG| [stdout] [    0.046835] Dentry cache hash table entries: 8388608 (order: 14, 67108864 bytes)
2018-06-17 14:25:06,944 process          L0367 DEBUG| [stdout] [    0.051865] Inode-cache hash table entries: 4194304 (order: 13, 33554432 bytes)
2018-06-17 14:25:06,944 process          L0367 DEBUG| [stdout] [    0.052080] Mount-cache hash table entries: 131072 (order: 8, 1048576 bytes)
2018-06-17 14:25:06,944 process          L0367 DEBUG| [stdout] [    0.052235] Mountpoint-cache hash table entries: 131072 (order: 8, 1048576 bytes)
2018-06-17 14:25:06,944 process          L0367 DEBUG| [stdout] [    0.052904] CPU: Physical Processor ID: 0
2018-06-17 14:25:06,944 process          L0367 DEBUG| [stdout] [    0.052905] CPU: Processor Core ID: 0
2018-06-17 14:25:06,944 process          L0367 DEBUG| [stdout] [    0.052913] mce: CPU supports 23 MCE banks
2018-06-17 14:25:06,944 process          L0367 DEBUG| [stdout] [    0.052956] LVT offset 2 assigned for vector 0xf4
2018-06-17 14:25:06,944 process          L0367 DEBUG| [stdout] [    0.052965] Last level iTLB entries: 4KB 1024, 2MB 1024, 4MB 512
2018-06-17 14:25:06,944 process          L0367 DEBUG| [stdout] [    0.052965] Last level dTLB entries: 4KB 1536, 2MB 1536, 4MB 768, 1GB 0
2018-06-17 14:25:06,945 process          L0367 DEBUG| [stdout] [    0.052968] Spectre V2 : Mitigation: Full AMD retpoline
2018-06-17 14:25:06,945 process          L0367 DEBUG| [stdout] [    0.052969] Speculative Store Bypass: Mitigation: Speculative Store Bypass disabled via prctl and seccomp
2018-06-17 14:25:06,945 process          L0367 DEBUG| [stdout] [    0.061757] Freeing SMP alternatives memory: 36K
2018-06-17 14:25:06,945 process          L0367 DEBUG| [stdout] [    0.068000] smpboot: CPU0: AMD Eng Sample: 1S1901A4VIHF5_30/19_N (family: 0x17, model: 0x1, stepping: 0x2)
2018-06-17 14:25:06,945 process          L0367 DEBUG| [stdout] [    0.068000] Performance Events: Fam17h core perfctr, AMD PMU driver.
2018-06-17 14:25:06,945 process          L0367 DEBUG| [stdout] [    0.068000] ... version:                0
2018-06-17 14:25:06,945 process          L0367 DEBUG| [stdout] [    0.068000] ... bit width:              48
2018-06-17 14:25:06,945 process          L0367 DEBUG| [stdout] [    0.068000] ... generic registers:      6
2018-06-17 14:25:06,945 process          L0367 DEBUG| [stdout] [    0.068000] ... value mask:             0000ffffffffffff
2018-06-17 14:25:06,945 process          L0367 DEBUG| [stdout] [    0.068000] ... max period:             00007fffffffffff
2018-06-17 14:25:06,945 process          L0367 DEBUG| [stdout] [    0.068000] ... fixed-purpose events:   0
2018-06-17 14:25:06,945 process          L0367 DEBUG| [stdout] [    0.068000] ... event mask:             000000000000003f
2018-06-17 14:25:06,946 process          L0367 DEBUG| [stdout] [    0.068000] Hierarchical SRCU implementation.
2018-06-17 14:25:06,946 process          L0367 DEBUG| [stdout] [    0.068000] smp: Bringing up secondary CPUs ...
2018-06-17 14:25:06,946 process          L0367 DEBUG| [stdout] [    0.068000] NMI watchdog: Enabled. Permanently consumes one hw-PMU counter.
2018-06-17 14:25:06,946 process          L0367 DEBUG| [stdout] [    0.068000] x86: Booting SMP configuration:
2018-06-17 14:25:06,946 process          L0367 DEBUG| [stdout] [    0.068000] .... node  #0, CPUs:          #1   #2   #3   #4   #5   #6   #7
2018-06-17 14:25:06,946 process          L0367 DEBUG| [stdout] [    0.082223] .... node  #1, CPUs:     #8   #9  #10  #11  #12  #13  #14  #15
2018-06-17 14:25:06,946 process          L0367 DEBUG| [stdout] [    0.102339] .... node  #2, CPUs:    #16  #17  #18  #19  #20  #21  #22  #23
2018-06-17 14:25:06,946 process          L0367 DEBUG| [stdout] [    0.122342] .... node  #3, CPUs:    #24  #25  #26  #27  #28  #29  #30  #31
2018-06-17 14:25:06,946 process          L0367 DEBUG| [stdout] [    0.140258] .... node  #4, CPUs:    #32  #33  #34  #35  #36  #37  #38  #39
2018-06-17 14:25:06,946 process          L0367 DEBUG| [stdout] [    0.226088] .... node  #5, CPUs:    #40  #41  #42  #43  #44  #45  #46  #47
2018-06-17 14:25:06,946 process          L0367 DEBUG| [stdout] [    0.244142] .... node  #6, CPUs:    #48  #49  #50  #51  #52  #53  #54  #55
2018-06-17 14:25:06,946 process          L0367 DEBUG| [stdout] [    0.264259] .... node  #7, CPUs:    #56  #57  #58  #59  #60  #61  #62  #63
2018-06-17 14:25:06,947 process          L0367 DEBUG| [stdout] [    0.286268] .... node  #0, CPUs:    #64  #65  #66  #67  #68  #69  #70  #71
2018-06-17 14:25:06,947 process          L0367 DEBUG| [stdout] [    0.306244] .... node  #1, CPUs:    #72  #73  #74  #75  #76  #77  #78  #79
2018-06-17 14:25:06,947 process          L0367 DEBUG| [stdout] [    0.328244] .... node  #2, CPUs:    #80  #81  #82  #83  #84  #85  #86  #87
2018-06-17 14:25:06,947 process          L0367 DEBUG| [stdout] [    0.348193] .... node  #3, CPUs:    #88  #89  #90  #91  #92  #93  #94  #95
2018-06-17 14:25:06,947 process          L0367 DEBUG| [stdout] [    0.368253] .... node  #4, CPUs:    #96  #97  #98  #99 #100 #101 #102 #103
2018-06-17 14:25:06,947 process          L0367 DEBUG| [stdout] [    0.390180] .... node  #5, CPUs:   #104 #105 #106 #107 #108 #109 #110 #111
2018-06-17 14:25:06,947 process          L0367 DEBUG| [stdout] [    0.410279] .... node  #6, CPUs:   #112 #113 #114 #115 #116 #117 #118 #119
2018-06-17 14:25:06,947 process          L0367 DEBUG| [stdout] [    0.430296] .... node  #7, CPUs:   #120 #121 #122 #123 #124 #125 #126 #127
2018-06-17 14:25:06,947 process          L0367 DEBUG| [stdout] [    0.452213] smp: Brought up 8 nodes, 128 CPUs
2018-06-17 14:25:06,947 process          L0367 DEBUG| [stdout] [    0.452213] smpboot: Max logical packages: 2
2018-06-17 14:25:06,947 process          L0367 DEBUG| [stdout] [    0.452213] smpboot: Total of 128 processors activated (485222.14 BogoMIPS)
2018-06-17 14:25:06,947 process          L0367 DEBUG| [stdout] [    0.475083] devtmpfs: initialized
2018-06-17 14:25:06,947 process          L0367 DEBUG| [stdout] [    0.475083] x86/mm: Memory block size: 128MB
2018-06-17 14:25:06,948 process          L0367 DEBUG| [stdout] [    0.480040] PM: Registering ACPI NVS region [mem 0x79bee000-0x79fe5fff] (4161536 bytes)
2018-06-17 14:25:06,948 process          L0367 DEBUG| [stdout] [    0.480600] clocksource: jiffies: mask: 0xffffffff max_cycles: 0xffffffff, max_idle_ns: 7645041785100000 ns
2018-06-17 14:25:06,948 process          L0367 DEBUG| [stdout] [    0.480600] futex hash table entries: 32768 (order: 9, 2097152 bytes)
2018-06-17 14:25:06,948 process          L0367 DEBUG| [stdout] [    0.481506] pinctrl core: initialized pinctrl subsystem
2018-06-17 14:25:06,948 process          L0367 DEBUG| [stdout] [    0.481671] RTC time:  1:49:33, date: 06/17/18
2018-06-17 14:25:06,948 process          L0367 DEBUG| [stdout] [    0.484247] NET: Registered protocol family 16
2018-06-17 14:25:06,948 process          L0367 DEBUG| [stdout] [    0.484393] audit: initializing netlink subsys (disabled)
2018-06-17 14:25:06,948 process          L0367 DEBUG| [stdout] [    0.484400] audit: type=2000 audit(1529200171.484:1): state=initialized audit_enabled=0 res=1
2018-06-17 14:25:06,948 process          L0367 DEBUG| [stdout] [    0.484400] cpuidle: using governor ladder
2018-06-17 14:25:06,948 process          L0367 DEBUG| [stdout] [    0.484400] cpuidle: using governor menu
2018-06-17 14:25:06,948 process          L0367 DEBUG| [stdout] [    0.488070] ACPI: bus type PCI registered
2018-06-17 14:25:06,948 process          L0367 DEBUG| [stdout] [    0.488072] acpiphp: ACPI Hot Plug PCI Controller Driver version: 0.5
2018-06-17 14:25:06,949 process          L0367 DEBUG| [stdout] [    0.488259] PCI: MMCONFIG for domain 0000 [bus 00-7f] at [mem 0xe0000000-0xe7ffffff] (base 0xe0000000)
2018-06-17 14:25:06,949 process          L0367 DEBUG| [stdout] [    0.488263] PCI: not using MMCONFIG
2018-06-17 14:25:06,949 process          L0367 DEBUG| [stdout] [    0.488264] PCI: Using configuration type 1 for base access
2018-06-17 14:25:06,949 process          L0367 DEBUG| [stdout] [    0.488265] PCI: Using configuration type 1 for extended access
2018-06-17 14:25:06,949 process          L0367 DEBUG| [stdout] [    0.500347] HugeTLB registered 1.00 GiB page size, pre-allocated 0 pages
2018-06-17 14:25:06,949 process          L0367 DEBUG| [stdout] [    0.500347] HugeTLB registered 2.00 MiB page size, pre-allocated 0 pages
2018-06-17 14:25:06,949 process          L0367 DEBUG| [stdout] [    0.500749] ACPI: Added _OSI(Module Device)
2018-06-17 14:25:06,949 process          L0367 DEBUG| [stdout] [    0.500750] ACPI: Added _OSI(Processor Device)
2018-06-17 14:25:06,949 process          L0367 DEBUG| [stdout] [    0.500751] ACPI: Added _OSI(3.0 _SCP Extensions)
2018-06-17 14:25:06,949 process          L0367 DEBUG| [stdout] [    0.500751] ACPI: Added _OSI(Processor Aggregator Device)
2018-06-17 14:25:06,949 process          L0367 DEBUG| [stdout] [    0.500753] ACPI: Added _OSI(Linux-Dell-Video)
2018-06-17 14:25:06,949 process          L0367 DEBUG| [stdout] [    0.516942] ACPI: 5 ACPI AML tables successfully acquired and loaded
2018-06-17 14:25:06,949 process          L0367 DEBUG| [stdout] [    0.526627] ACPI: Interpreter enabled
2018-06-17 14:25:06,950 process          L0367 DEBUG| [stdout] [    0.526640] ACPI: (supports S0 S5)
2018-06-17 14:25:06,950 process          L0367 DEBUG| [stdout] [    0.526641] ACPI: Using IOAPIC for interrupt routing
2018-06-17 14:25:06,950 process          L0367 DEBUG| [stdout] [    0.526889] PCI: MMCONFIG for domain 0000 [bus 00-7f] at [mem 0xe0000000-0xe7ffffff] (base 0xe0000000)
2018-06-17 14:25:06,950 process          L0367 DEBUG| [stdout] [    0.526929] PCI: MMCONFIG at [mem 0xe0000000-0xe7ffffff] reserved in ACPI motherboard resources
2018-06-17 14:25:06,950 process          L0367 DEBUG| [stdout] [    0.528001] HEST: Table parsing has been initialized.
2018-06-17 14:25:06,950 process          L0367 DEBUG| [stdout] [    0.528004] PCI: Using host bridge windows from ACPI; if necessary, use "pci=nocrs" and report a bug
2018-06-17 14:25:06,950 process          L0367 DEBUG| [stdout] [    0.528454] ACPI: Enabled 2 GPEs in block 00 to 1F
2018-06-17 14:25:06,950 process          L0367 DEBUG| [stdout] [    0.529355] ACPI: Power Resource [P0SA] (off)
2018-06-17 14:25:06,950 process          L0367 DEBUG| [stdout] [    0.529378] ACPI: Power Resource [P3SA] (off)
2018-06-17 14:25:06,950 process          L0367 DEBUG| [stdout] [    0.534135] ACPI: Power Resource [P0SA] (off)
2018-06-17 14:25:06,950 process          L0367 DEBUG| [stdout] [    0.534154] ACPI: Power Resource [P3SA] (off)
2018-06-17 14:25:06,950 process          L0367 DEBUG| [stdout] [    0.535553] ACPI: Power Resource [P0SA] (off)
2018-06-17 14:25:06,951 process          L0367 DEBUG| [stdout] [    0.535574] ACPI: Power Resource [P3SA] (off)
2018-06-17 14:25:06,951 process          L0367 DEBUG| [stdout] [    0.536534] ACPI: Power Resource [P0SA] (off)
2018-06-17 14:25:06,951 process          L0367 DEBUG| [stdout] [    0.536557] ACPI: Power Resource [P3SA] (off)
2018-06-17 14:25:06,951 process          L0367 DEBUG| [stdout] [    0.537478] ACPI: Power Resource [P0SA] (off)
2018-06-17 14:25:06,951 process          L0367 DEBUG| [stdout] [    0.537500] ACPI: Power Resource [P3SA] (off)
2018-06-17 14:25:06,951 process          L0367 DEBUG| [stdout] [    0.538480] ACPI: Power Resource [P0SA] (off)
2018-06-17 14:25:06,951 process          L0367 DEBUG| [stdout] [    0.538502] ACPI: Power Resource [P3SA] (off)
2018-06-17 14:25:06,951 process          L0367 DEBUG| [stdout] [    0.539464] ACPI: Power Resource [P0SA] (off)
2018-06-17 14:25:06,951 process          L0367 DEBUG| [stdout] [    0.539486] ACPI: Power Resource [P3SA] (off)
2018-06-17 14:25:06,951 process          L0367 DEBUG| [stdout] [    0.540471] ACPI: Power Resource [P0SA] (off)
2018-06-17 14:25:06,951 process          L0367 DEBUG| [stdout] [    0.540493] ACPI: Power Resource [P3SA] (off)
2018-06-17 14:25:06,951 process          L0367 DEBUG| [stdout] [    0.545532] ACPI: PCI Root Bridge [PCI0] (domain 0000 [bus 00-0f])
2018-06-17 14:25:06,951 process          L0367 DEBUG| [stdout] [    0.545537] acpi PNP0A08:00: _OSC: OS supports [ExtendedConfig ASPM ClockPM Segments MSI]
2018-06-17 14:25:06,952 process          L0367 DEBUG| [stdout] [    0.545693] acpi PNP0A08:00: _OSC: platform does not support [LTR]
2018-06-17 14:25:06,952 process          L0367 DEBUG| [stdout] [    0.545839] acpi PNP0A08:00: _OSC: OS now controls [PCIeHotplug PME AER PCIeCapability]
2018-06-17 14:25:06,952 process          L0367 DEBUG| [stdout] [    0.545940] acpi PNP0A08:00: host bridge window expanded to [io  0x0400-0x1fff]; [io  0x0400-0x1fff window] ignored
2018-06-17 14:25:06,952 process          L0367 DEBUG| [stdout] [    0.546033] PCI host bridge to bus 0000:00
2018-06-17 14:25:06,952 process          L0367 DEBUG| [stdout] [    0.546035] pci_bus 0000:00: root bus resource [io  0x0400-0x1fff]
2018-06-17 14:25:06,952 process          L0367 DEBUG| [stdout] [    0.546037] pci_bus 0000:00: root bus resource [io  0x0000-0x02e7 window]
2018-06-17 14:25:06,952 process          L0367 DEBUG| [stdout] [    0.546038] pci_bus 0000:00: root bus resource [mem 0x000c0000-0x000dffff window]
2018-06-17 14:25:06,952 process          L0367 DEBUG| [stdout] [    0.546040] pci_bus 0000:00: root bus resource [mem 0xe8000000-0xea5fffff window]
2018-06-17 14:25:06,952 process          L0367 DEBUG| [stdout] [    0.546041] pci_bus 0000:00: root bus resource [mem 0x1080000000-0x2e6fffffff window]
2018-06-17 14:25:06,952 process          L0367 DEBUG| [stdout] [    0.546043] pci_bus 0000:00: root bus resource [bus 00-0f]
2018-06-17 14:25:06,952 process          L0367 DEBUG| [stdout] [    0.546052] pci 0000:00:00.0: [1022:1450] type 00 class 0x060000
2018-06-17 14:25:06,952 process          L0367 DEBUG| [stdout] [    0.546131] pci 0000:00:00.2: [1022:1451] type 00 class 0x080600
2018-06-17 14:25:06,952 process          L0367 DEBUG| [stdout] [    0.546221] pci 0000:00:01.0: [1022:1452] type 00 class 0x060000
2018-06-17 14:25:06,953 process          L0367 DEBUG| [stdout] [    0.546288] pci 0000:00:01.1: [1022:1453] type 01 class 0x060400
2018-06-17 14:25:06,953 process          L0367 DEBUG| [stdout] [    0.547425] pci 0000:00:01.1: PME# supported from D0 D3hot D3cold
2018-06-17 14:25:06,953 process          L0367 DEBUG| [stdout] [    0.547543] pci 0000:00:02.0: [1022:1452] type 00 class 0x060000
2018-06-17 14:25:06,953 process          L0367 DEBUG| [stdout] [    0.547619] pci 0000:00:03.0: [1022:1452] type 00 class 0x060000
2018-06-17 14:25:06,953 process          L0367 DEBUG| [stdout] [    0.547694] pci 0000:00:04.0: [1022:1452] type 00 class 0x060000
2018-06-17 14:25:06,953 process          L0367 DEBUG| [stdout] [    0.547776] pci 0000:00:07.0: [1022:1452] type 00 class 0x060000
2018-06-17 14:25:06,953 process          L0367 DEBUG| [stdout] [    0.547839] pci 0000:00:07.1: [1022:1454] type 01 class 0x060400
2018-06-17 14:25:06,953 process          L0367 DEBUG| [stdout] [    0.547871] pci 0000:00:07.1: enabling Extended Tags
2018-06-17 14:25:06,953 process          L0367 DEBUG| [stdout] [    0.547949] pci 0000:00:07.1: PME# supported from D0 D3hot D3cold
2018-06-17 14:25:06,953 process          L0367 DEBUG| [stdout] [    0.548047] pci 0000:00:08.0: [1022:1452] type 00 class 0x060000
2018-06-17 14:25:06,953 process          L0367 DEBUG| [stdout] [    0.548111] pci 0000:00:08.1: [1022:1454] type 01 class 0x060400
2018-06-17 14:25:06,953 process          L0367 DEBUG| [stdout] [    0.548143] pci 0000:00:08.1: enabling Extended Tags
2018-06-17 14:25:06,954 process          L0367 DEBUG| [stdout] [    0.548976] pci 0000:00:08.1: PME# supported from D0 D3hot D3cold
2018-06-17 14:25:06,954 process          L0367 DEBUG| [stdout] [    0.549107] pci 0000:00:14.0: [1022:790b] type 00 class 0x0c0500
2018-06-17 14:25:06,954 process          L0367 DEBUG| [stdout] [    0.549319] pci 0000:00:14.3: [1022:790e] type 00 class 0x060100
2018-06-17 14:25:06,954 process          L0367 DEBUG| [stdout] [    0.549542] pci 0000:00:18.0: [1022:1460] type 00 class 0x060000
2018-06-17 14:25:06,954 process          L0367 DEBUG| [stdout] [    0.549592] pci 0000:00:18.1: [1022:1461] type 00 class 0x060000
2018-06-17 14:25:06,954 process          L0367 DEBUG| [stdout] [    0.549639] pci 0000:00:18.2: [1022:1462] type 00 class 0x060000
2018-06-17 14:25:06,954 process          L0367 DEBUG| [stdout] [    0.549691] pci 0000:00:18.3: [1022:1463] type 00 class 0x060000
2018-06-17 14:25:06,954 process          L0367 DEBUG| [stdout] [    0.549739] pci 0000:00:18.4: [1022:1464] type 00 class 0x060000
2018-06-17 14:25:06,954 process          L0367 DEBUG| [stdout] [    0.549790] pci 0000:00:18.5: [1022:1465] type 00 class 0x060000
2018-06-17 14:25:06,954 process          L0367 DEBUG| [stdout] [    0.549839] pci 0000:00:18.6: [1022:1466] type 00 class 0x060000
2018-06-17 14:25:06,954 process          L0367 DEBUG| [stdout] [    0.549888] pci 0000:00:18.7: [1022:1467] type 00 class 0x060000
2018-06-17 14:25:06,954 process          L0367 DEBUG| [stdout] [    0.549938] pci 0000:00:19.0: [1022:1460] type 00 class 0x060000
2018-06-17 14:25:06,954 process          L0367 DEBUG| [stdout] [    0.549989] pci 0000:00:19.1: [1022:1461] type 00 class 0x060000
2018-06-17 14:25:06,955 process          L0367 DEBUG| [stdout] [    0.550036] pci 0000:00:19.2: [1022:1462] type 00 class 0x060000
2018-06-17 14:25:06,955 process          L0367 DEBUG| [stdout] [    0.550082] pci 0000:00:19.3: [1022:1463] type 00 class 0x060000
2018-06-17 14:25:06,955 process          L0367 DEBUG| [stdout] [    0.550133] pci 0000:00:19.4: [1022:1464] type 00 class 0x060000
2018-06-17 14:25:06,955 process          L0367 DEBUG| [stdout] [    0.550180] pci 0000:00:19.5: [1022:1465] type 00 class 0x060000
2018-06-17 14:25:06,955 process          L0367 DEBUG| [stdout] [    0.550224] pci 0000:00:19.6: [1022:1466] type 00 class 0x060000
2018-06-17 14:25:06,955 process          L0367 DEBUG| [stdout] [    0.550270] pci 0000:00:19.7: [1022:1467] type 00 class 0x060000
2018-06-17 14:25:06,955 process          L0367 DEBUG| [stdout] [    0.550316] pci 0000:00:1a.0: [1022:1460] type 00 class 0x060000
2018-06-17 14:25:06,955 process          L0367 DEBUG| [stdout] [    0.550360] pci 0000:00:1a.1: [1022:1461] type 00 class 0x060000
2018-06-17 14:25:06,955 process          L0367 DEBUG| [stdout] [    0.550407] pci 0000:00:1a.2: [1022:1462] type 00 class 0x060000
2018-06-17 14:25:06,955 process          L0367 DEBUG| [stdout] [    0.550459] pci 0000:00:1a.3: [1022:1463] type 00 class 0x060000
2018-06-17 14:25:06,955 process          L0367 DEBUG| [stdout] [    0.550512] pci 0000:00:1a.4: [1022:1464] type 00 class 0x060000
2018-06-17 14:25:06,955 process          L0367 DEBUG| [stdout] [    0.550566] pci 0000:00:1a.5: [1022:1465] type 00 class 0x060000
2018-06-17 14:25:06,956 process          L0367 DEBUG| [stdout] [    0.550616] pci 0000:00:1a.6: [1022:1466] type 00 class 0x060000
2018-06-17 14:25:06,956 process          L0367 DEBUG| [stdout] [    0.550669] pci 0000:00:1a.7: [1022:1467] type 00 class 0x060000
2018-06-17 14:25:06,956 process          L0367 DEBUG| [stdout] [    0.550722] pci 0000:00:1b.0: [1022:1460] type 00 class 0x060000
2018-06-17 14:25:06,956 process          L0367 DEBUG| [stdout] [    0.550778] pci 0000:00:1b.1: [1022:1461] type 00 class 0x060000
2018-06-17 14:25:06,956 process          L0367 DEBUG| [stdout] [    0.550832] pci 0000:00:1b.2: [1022:1462] type 00 class 0x060000
2018-06-17 14:25:06,956 process          L0367 DEBUG| [stdout] [    0.550884] pci 0000:00:1b.3: [1022:1463] type 00 class 0x060000
2018-06-17 14:25:06,956 process          L0367 DEBUG| [stdout] [    0.550937] pci 0000:00:1b.4: [1022:1464] type 00 class 0x060000
2018-06-17 14:25:06,956 process          L0367 DEBUG| [stdout] [    0.550987] pci 0000:00:1b.5: [1022:1465] type 00 class 0x060000
2018-06-17 14:25:06,956 process          L0367 DEBUG| [stdout] [    0.551041] pci 0000:00:1b.6: [1022:1466] type 00 class 0x060000
2018-06-17 14:25:06,956 process          L0367 DEBUG| [stdout] [    0.551093] pci 0000:00:1b.7: [1022:1467] type 00 class 0x060000
2018-06-17 14:25:06,956 process          L0367 DEBUG| [stdout] [    0.551145] pci 0000:00:1c.0: [1022:1460] type 00 class 0x060000
2018-06-17 14:25:06,956 process          L0367 DEBUG| [stdout] [    0.551206] pci 0000:00:1c.1: [1022:1461] type 00 class 0x060000
2018-06-17 14:25:06,956 process          L0367 DEBUG| [stdout] [    0.551263] pci 0000:00:1c.2: [1022:1462] type 00 class 0x060000
2018-06-17 14:25:06,957 process          L0367 DEBUG| [stdout] [    0.551325] pci 0000:00:1c.3: [1022:1463] type 00 class 0x060000
2018-06-17 14:25:06,957 process          L0367 DEBUG| [stdout] [    0.551384] pci 0000:00:1c.4: [1022:1464] type 00 class 0x060000
2018-06-17 14:25:06,957 process          L0367 DEBUG| [stdout] [    0.551442] pci 0000:00:1c.5: [1022:1465] type 00 class 0x060000
2018-06-17 14:25:06,957 process          L0367 DEBUG| [stdout] [    0.551503] pci 0000:00:1c.6: [1022:1466] type 00 class 0x060000
2018-06-17 14:25:06,957 process          L0367 DEBUG| [stdout] [    0.551561] pci 0000:00:1c.7: [1022:1467] type 00 class 0x060000
2018-06-17 14:25:06,957 process          L0367 DEBUG| [stdout] [    0.551622] pci 0000:00:1d.0: [1022:1460] type 00 class 0x060000
2018-06-17 14:25:06,957 process          L0367 DEBUG| [stdout] [    0.551682] pci 0000:00:1d.1: [1022:1461] type 00 class 0x060000
2018-06-17 14:25:06,957 process          L0367 DEBUG| [stdout] [    0.551739] pci 0000:00:1d.2: [1022:1462] type 00 class 0x060000
2018-06-17 14:25:06,957 process          L0367 DEBUG| [stdout] [    0.551800] pci 0000:00:1d.3: [1022:1463] type 00 class 0x060000
2018-06-17 14:25:06,957 process          L0367 DEBUG| [stdout] [    0.551857] pci 0000:00:1d.4: [1022:1464] type 00 class 0x060000
2018-06-17 14:25:06,957 process          L0367 DEBUG| [stdout] [    0.551917] pci 0000:00:1d.5: [1022:1465] type 00 class 0x060000
2018-06-17 14:25:06,957 process          L0367 DEBUG| [stdout] [    0.551977] pci 0000:00:1d.6: [1022:1466] type 00 class 0x060000
2018-06-17 14:25:06,958 process          L0367 DEBUG| [stdout] [    0.552033] pci 0000:00:1d.7: [1022:1467] type 00 class 0x060000
2018-06-17 14:25:06,958 process          L0367 DEBUG| [stdout] [    0.552086] pci 0000:00:1e.0: [1022:1460] type 00 class 0x060000
2018-06-17 14:25:06,958 process          L0367 DEBUG| [stdout] [    0.552133] pci 0000:00:1e.1: [1022:1461] type 00 class 0x060000
2018-06-17 14:25:06,958 process          L0367 DEBUG| [stdout] [    0.552182] pci 0000:00:1e.2: [1022:1462] type 00 class 0x060000
2018-06-17 14:25:06,958 process          L0367 DEBUG| [stdout] [    0.552232] pci 0000:00:1e.3: [1022:1463] type 00 class 0x060000
2018-06-17 14:25:06,958 process          L0367 DEBUG| [stdout] [    0.552279] pci 0000:00:1e.4: [1022:1464] type 00 class 0x060000
2018-06-17 14:25:06,958 process          L0367 DEBUG| [stdout] [    0.552333] pci 0000:00:1e.5: [1022:1465] type 00 class 0x060000
2018-06-17 14:25:06,958 process          L0367 DEBUG| [stdout] [    0.552388] pci 0000:00:1e.6: [1022:1466] type 00 class 0x060000
2018-06-17 14:25:06,958 process          L0367 DEBUG| [stdout] [    0.552448] pci 0000:00:1e.7: [1022:1467] type 00 class 0x060000
2018-06-17 14:25:06,958 process          L0367 DEBUG| [stdout] [    0.552505] pci 0000:00:1f.0: [1022:1460] type 00 class 0x060000
2018-06-17 14:25:06,958 process          L0367 DEBUG| [stdout] [    0.552562] pci 0000:00:1f.1: [1022:1461] type 00 class 0x060000
2018-06-17 14:25:06,958 process          L0367 DEBUG| [stdout] [    0.552625] pci 0000:00:1f.2: [1022:1462] type 00 class 0x060000
2018-06-17 14:25:06,958 process          L0367 DEBUG| [stdout] [    0.552684] pci 0000:00:1f.3: [1022:1463] type 00 class 0x060000
2018-06-17 14:25:06,959 process          L0367 DEBUG| [stdout] [    0.552745] pci 0000:00:1f.4: [1022:1464] type 00 class 0x060000
2018-06-17 14:25:06,959 process          L0367 DEBUG| [stdout] [    0.552804] pci 0000:00:1f.5: [1022:1465] type 00 class 0x060000
2018-06-17 14:25:06,959 process          L0367 DEBUG| [stdout] [    0.552861] pci 0000:00:1f.6: [1022:1466] type 00 class 0x060000
2018-06-17 14:25:06,959 process          L0367 DEBUG| [stdout] [    0.552922] pci 0000:00:1f.7: [1022:1467] type 00 class 0x060000
2018-06-17 14:25:06,959 process          L0367 DEBUG| [stdout] [    0.553764] pci 0000:01:00.0: [11ab:4370] type 00 class 0x020000
2018-06-17 14:25:06,959 process          L0367 DEBUG| [stdout] [    0.554089] pci 0000:01:00.0: reg 0x10: [mem 0xea520000-0xea523fff 64bit]
2018-06-17 14:25:06,959 process          L0367 DEBUG| [stdout] [    0.554184] pci 0000:01:00.0: reg 0x18: [io  0x1000-0x10ff]
2018-06-17 14:25:06,959 process          L0367 DEBUG| [stdout] [    0.554568] pci 0000:01:00.0: reg 0x30: [mem 0xea500000-0xea51ffff pref]
2018-06-17 14:25:06,959 process          L0367 DEBUG| [stdout] [    0.555419] pci 0000:01:00.0: supports D1 D2
2018-06-17 14:25:06,959 process          L0367 DEBUG| [stdout] [    0.555420] pci 0000:01:00.0: PME# supported from D0 D1 D2 D3hot D3cold
2018-06-17 14:25:06,959 process          L0367 DEBUG| [stdout] [    0.556305] pci 0000:00:01.1: PCI bridge to [bus 01]
2018-06-17 14:25:06,959 process          L0367 DEBUG| [stdout] [    0.556309] pci 0000:00:01.1:   bridge window [io  0x1000-0x1fff]
2018-06-17 14:25:06,960 process          L0367 DEBUG| [stdout] [    0.556312] pci 0000:00:01.1:   bridge window [mem 0xea500000-0xea5fffff]
2018-06-17 14:25:06,960 process          L0367 DEBUG| [stdout] [    0.557043] pci 0000:02:00.0: [1022:145a] type 00 class 0x130000
2018-06-17 14:25:06,960 process          L0367 DEBUG| [stdout] [    0.557073] pci 0000:02:00.0: enabling Extended Tags
2018-06-17 14:25:06,960 process          L0367 DEBUG| [stdout] [    0.557146] pci 0000:02:00.2: [1022:1456] type 00 class 0x108000
2018-06-17 14:25:06,960 process          L0367 DEBUG| [stdout] [    0.557162] pci 0000:02:00.2: reg 0x18: [mem 0xea100000-0xea1fffff]
2018-06-17 14:25:06,960 process          L0367 DEBUG| [stdout] [    0.557172] pci 0000:02:00.2: reg 0x24: [mem 0xea200000-0xea201fff]
2018-06-17 14:25:06,960 process          L0367 DEBUG| [stdout] [    0.557178] pci 0000:02:00.2: enabling Extended Tags
2018-06-17 14:25:06,960 process          L0367 DEBUG| [stdout] [    0.557263] pci 0000:02:00.3: [1022:145f] type 00 class 0x0c0330
2018-06-17 14:25:06,960 process          L0367 DEBUG| [stdout] [    0.557278] pci 0000:02:00.3: reg 0x10: [mem 0xea000000-0xea0fffff 64bit]
2018-06-17 14:25:06,960 process          L0367 DEBUG| [stdout] [    0.557300] pci 0000:02:00.3: enabling Extended Tags
2018-06-17 14:25:06,960 process          L0367 DEBUG| [stdout] [    0.557332] pci 0000:02:00.3: PME# supported from D0 D3hot D3cold
2018-06-17 14:25:06,960 process          L0367 DEBUG| [stdout] [    0.557404] pci 0000:00:07.1: PCI bridge to [bus 02]
2018-06-17 14:25:06,960 process          L0367 DEBUG| [stdout] [    0.557408] pci 0000:00:07.1:   bridge window [mem 0xea000000-0xea2fffff]
2018-06-17 14:25:06,961 process          L0367 DEBUG| [stdout] [    0.558187] pci 0000:03:00.0: [1022:1455] type 00 class 0x130000
2018-06-17 14:25:06,961 process          L0367 DEBUG| [stdout] [    0.558218] pci 0000:03:00.0: enabling Extended Tags
2018-06-17 14:25:06,961 process          L0367 DEBUG| [stdout] [    0.558291] pci 0000:03:00.1: [1022:1468] type 00 class 0x108000
2018-06-17 14:25:06,961 process          L0367 DEBUG| [stdout] [    0.558308] pci 0000:03:00.1: reg 0x18: [mem 0xea300000-0xea3fffff]
2018-06-17 14:25:06,961 process          L0367 DEBUG| [stdout] [    0.558317] pci 0000:03:00.1: reg 0x24: [mem 0xea400000-0xea401fff]
2018-06-17 14:25:06,961 process          L0367 DEBUG| [stdout] [    0.558324] pci 0000:03:00.1: enabling Extended Tags
2018-06-17 14:25:06,961 process          L0367 DEBUG| [stdout] [    0.558425] pci 0000:00:08.1: PCI bridge to [bus 03]
2018-06-17 14:25:06,961 process          L0367 DEBUG| [stdout] [    0.558430] pci 0000:00:08.1:   bridge window [mem 0xea300000-0xea4fffff]
2018-06-17 14:25:06,961 process          L0367 DEBUG| [stdout] [    0.558448] pci_bus 0000:00: on NUMA node 0
2018-06-17 14:25:06,961 process          L0367 DEBUG| [stdout] [    0.559127] ACPI: PCI Root Bridge [S0D1] (domain 0000 [bus 10-1f])
2018-06-17 14:25:06,961 process          L0367 DEBUG| [stdout] [    0.559131] acpi PNP0A08:01: _OSC: OS supports [ExtendedConfig ASPM ClockPM Segments MSI]
2018-06-17 14:25:06,961 process          L0367 DEBUG| [stdout] [    0.559282] acpi PNP0A08:01: _OSC: platform does not support [LTR]
2018-06-17 14:25:06,961 process          L0367 DEBUG| [stdout] [    0.559424] acpi PNP0A08:01: _OSC: OS now controls [PCIeHotplug PME AER PCIeCapability]
2018-06-17 14:25:06,962 process          L0367 DEBUG| [stdout] [    0.559639] PCI host bridge to bus 0000:10
2018-06-17 14:25:06,962 process          L0367 DEBUG| [stdout] [    0.559641] pci_bus 0000:10: root bus resource [io  0x03b0-0x03df window]
2018-06-17 14:25:06,962 process          L0367 DEBUG| [stdout] [    0.559643] pci_bus 0000:10: root bus resource [io  0x2000-0x3fff window]
2018-06-17 14:25:06,962 process          L0367 DEBUG| [stdout] [    0.559644] pci_bus 0000:10: root bus resource [mem 0x000a0000-0x000bffff window]
2018-06-17 14:25:06,962 process          L0367 DEBUG| [stdout] [    0.559646] pci_bus 0000:10: root bus resource [mem 0xce000000-0xd59fffff window]
2018-06-17 14:25:06,962 process          L0367 DEBUG| [stdout] [    0.559647] pci_bus 0000:10: root bus resource [mem 0x2e70000000-0x4c5fffffff window]
2018-06-17 14:25:06,962 process          L0367 DEBUG| [stdout] [    0.559649] pci_bus 0000:10: root bus resource [bus 10-1f]
2018-06-17 14:25:06,962 process          L0367 DEBUG| [stdout] [    0.559654] pci 0000:10:00.0: [1022:1450] type 00 class 0x060000
2018-06-17 14:25:06,962 process          L0367 DEBUG| [stdout] [    0.559723] pci 0000:10:00.2: [1022:1451] type 00 class 0x080600
2018-06-17 14:25:06,962 process          L0367 DEBUG| [stdout] [    0.559813] pci 0000:10:01.0: [1022:1452] type 00 class 0x060000
2018-06-17 14:25:06,962 process          L0367 DEBUG| [stdout] [    0.559881] pci 0000:10:01.1: [1022:1453] type 01 class 0x060400
2018-06-17 14:25:06,962 process          L0367 DEBUG| [stdout] [    0.560047] pci 0000:10:01.1: PME# supported from D0 D3hot D3cold
